Command line invocation:
    /Applications/Xcode.app/Contents/Developer/usr/bin/xcodebuild -project Forsetti.xcodeproj -scheme Forsetti -configuration Debug -destination platform=macOS,arch=arm64 -derivedDataPath /tmp/Forsetti-Jamf-Pro-DerivedData-324-build CODE_SIGNING_ALLOWED=NO build

Build settings from command line:
    CODE_SIGNING_ALLOWED = NO

Resolve Package Graph

Fetching from https://github.com/flynn33/Forsetti-Framework.git (cached)

Creating working copy of package ‘Forsetti-Framework’

Checking out main (47b7747) of package ‘Forsetti-Framework’


Resolved source packages:
  ForsettiFramework: https://github.com/flynn33/Forsetti-Framework.git @ main (47b7747)

ComputePackagePrebuildTargetDependencyGraph

Prepare packages

CreateBuildRequest

SendProjectDescription

CreateBuildOperation

ComputeTargetDependencyGraph
note: Building targets in dependency order
note: Target dependency graph (5 targets)
    Target 'Forsetti' in project 'Forsetti'
        ➜ Explicit dependency on target 'ForsettiCore' in project 'ForsettiFramework'
        ➜ Explicit dependency on target 'ForsettiPlatform' in project 'ForsettiFramework'
    Target 'ForsettiPlatform' in project 'ForsettiFramework'
        ➜ Explicit dependency on target 'ForsettiPlatform' in project 'ForsettiFramework'
        ➜ Explicit dependency on target 'ForsettiCore' in project 'ForsettiFramework'
    Target 'ForsettiPlatform' in project 'ForsettiFramework'
        ➜ Explicit dependency on target 'ForsettiCore' in project 'ForsettiFramework'
    Target 'ForsettiCore' in project 'ForsettiFramework'
        ➜ Explicit dependency on target 'ForsettiCore' in project 'ForsettiFramework'
    Target 'ForsettiCore' in project 'ForsettiFramework' (no dependencies)

GatherProvisioningInputs

CreateBuildDescription

ExecuteExternalTool /Applications/Xcode.app/Contents/Developer/Toolchains/XcodeDefault.xctoolchain/usr/bin/swiftc --version

ExecuteExternalTool /Applications/Xcode.app/Contents/Developer/Toolchains/XcodeDefault.xctoolchain/usr/bin/clang -v -E -dM -isysroot /Applications/Xcode.app/Contents/Developer/Platforms/MacOSX.platform/Developer/SDKs/MacOSX26.5.sdk -x c -c /dev/null

ExecuteExternalTool /Applications/Xcode.app/Contents/Developer/usr/bin/actool --version --output-format xml1

ExecuteExternalTool /Applications/Xcode.app/Contents/Developer/Toolchains/XcodeDefault.xctoolchain/usr/bin/ld -version_details

Build description signature: 0b9c752443d806abaf5d8ebeb1b442af
Build description path: /tmp/Forsetti-Jamf-Pro-DerivedData-324-build/Build/Intermediates.noindex/XCBuildData/0b9c752443d806abaf5d8ebeb1b442af.xcbuilddata
ClangStatCache /Applications/Xcode.app/Contents/Developer/Toolchains/XcodeDefault.xctoolchain/usr/bin/clang-stat-cache /Applications/Xcode.app/Contents/Developer/Platforms/MacOSX.platform/Developer/SDKs/MacOSX26.5.sdk /tmp/Forsetti-Jamf-Pro-DerivedData-324-build/SDKStatCaches.noindex/macosx26.5-25F70-e082c4a02f00227109f4ed75e425c832.sdkstatcache
    cd /Volumes/NVME/GitHub/Forsetti-Jamf-Pro/Forsetti.xcodeproj
    /Applications/Xcode.app/Contents/Developer/Toolchains/XcodeDefault.xctoolchain/usr/bin/clang-stat-cache /Applications/Xcode.app/Contents/Developer/Platforms/MacOSX.platform/Developer/SDKs/MacOSX26.5.sdk -o /tmp/Forsetti-Jamf-Pro-DerivedData-324-build/SDKStatCaches.noindex/macosx26.5-25F70-e082c4a02f00227109f4ed75e425c832.sdkstatcache

CreateBuildDirectory /tmp/Forsetti-Jamf-Pro-DerivedData-324-build/Build/Products
    cd /Volumes/NVME/GitHub/Forsetti-Jamf-Pro/Forsetti.xcodeproj
    builtin-create-build-directory /tmp/Forsetti-Jamf-Pro-DerivedData-324-build/Build/Products

CreateBuildDirectory /tmp/Forsetti-Jamf-Pro-DerivedData-324-build/Build/Intermediates.noindex
    cd /Volumes/NVME/GitHub/Forsetti-Jamf-Pro/Forsetti.xcodeproj
    builtin-create-build-directory /tmp/Forsetti-Jamf-Pro-DerivedData-324-build/Build/Intermediates.noindex

CreateBuildDirectory /tmp/Forsetti-Jamf-Pro-DerivedData-324-build/Build/Intermediates.noindex/SwiftExplicitPrecompiledModules
    cd /Volumes/NVME/GitHub/Forsetti-Jamf-Pro/Forsetti.xcodeproj
    builtin-create-build-directory /tmp/Forsetti-Jamf-Pro-DerivedData-324-build/Build/Intermediates.noindex/SwiftExplicitPrecompiledModules

CreateBuildDirectory /tmp/Forsetti-Jamf-Pro-DerivedData-324-build/Build/Products/Debug
    cd /Volumes/NVME/GitHub/Forsetti-Jamf-Pro/Forsetti.xcodeproj
    builtin-create-build-directory /tmp/Forsetti-Jamf-Pro-DerivedData-324-build/Build/Products/Debug

CreateBuildDirectory /tmp/Forsetti-Jamf-Pro-DerivedData-324-build/Build/Intermediates.noindex/ExplicitPrecompiledModules
    cd /Volumes/NVME/GitHub/Forsetti-Jamf-Pro/Forsetti.xcodeproj
    builtin-create-build-directory /tmp/Forsetti-Jamf-Pro-DerivedData-324-build/Build/Intermediates.noindex/ExplicitPrecompiledModules

WriteAuxiliaryFile /tmp/Forsetti-Jamf-Pro-DerivedData-324-build/Build/Intermediates.noindex/Forsetti.build/Debug/Forsetti-4fb3c4c4284d3dc37d66b05580302470-VFS/all-product-headers.yaml
    cd /Volumes/NVME/GitHub/Forsetti-Jamf-Pro/Forsetti.xcodeproj
    write-file /tmp/Forsetti-Jamf-Pro-DerivedData-324-build/Build/Intermediates.noindex/Forsetti.build/Debug/Forsetti-4fb3c4c4284d3dc37d66b05580302470-VFS/all-product-headers.yaml

CreateBuildDirectory /tmp/Forsetti-Jamf-Pro-DerivedData-324-build/Build/Intermediates.noindex/EagerLinkingTBDs/Debug
    cd /Volumes/NVME/GitHub/Forsetti-Jamf-Pro/Forsetti.xcodeproj
    builtin-create-build-directory /tmp/Forsetti-Jamf-Pro-DerivedData-324-build/Build/Intermediates.noindex/EagerLinkingTBDs/Debug

CreateBuildDirectory /tmp/Forsetti-Jamf-Pro-DerivedData-324-build/Build/Products/Debug/PackageFrameworks
    cd /Volumes/NVME/GitHub/Forsetti-Jamf-Pro/Forsetti.xcodeproj
    builtin-create-build-directory /tmp/Forsetti-Jamf-Pro-DerivedData-324-build/Build/Products/Debug/PackageFrameworks

WriteAuxiliaryFile /tmp/Forsetti-Jamf-Pro-DerivedData-324-build/Build/Intermediates.noindex/ForsettiFramework.build/Debug/ForsettiPlatform.build/ForsettiPlatform.modulemap (in target 'ForsettiPlatform' from project 'ForsettiFramework')
    cd /tmp/Forsetti-Jamf-Pro-DerivedData-324-build/SourcePackages/checkouts/Forsetti-Framework
    write-file /tmp/Forsetti-Jamf-Pro-DerivedData-324-build/Build/Intermediates.noindex/ForsettiFramework.build/Debug/ForsettiPlatform.build/ForsettiPlatform.modulemap

WriteAuxiliaryFile /tmp/Forsetti-Jamf-Pro-DerivedData-324-build/Build/Intermediates.noindex/ForsettiFramework.build/Debug/ForsettiPlatform.build/Objects-normal/arm64/ForsettiPlatform.SwiftFileList (in target 'ForsettiPlatform' from project 'ForsettiFramework')
    cd /tmp/Forsetti-Jamf-Pro-DerivedData-324-build/SourcePackages/checkouts/Forsetti-Framework
    write-file /tmp/Forsetti-Jamf-Pro-DerivedData-324-build/Build/Intermediates.noindex/ForsettiFramework.build/Debug/ForsettiPlatform.build/Objects-normal/arm64/ForsettiPlatform.SwiftFileList

WriteAuxiliaryFile /tmp/Forsetti-Jamf-Pro-DerivedData-324-build/Build/Intermediates.noindex/ForsettiFramework.build/Debug/ForsettiPlatform.build/Objects-normal/arm64/ForsettiPlatform.LinkFileList (in target 'ForsettiPlatform' from project 'ForsettiFramework')
    cd /tmp/Forsetti-Jamf-Pro-DerivedData-324-build/SourcePackages/checkouts/Forsetti-Framework
    write-file /tmp/Forsetti-Jamf-Pro-DerivedData-324-build/Build/Intermediates.noindex/ForsettiFramework.build/Debug/ForsettiPlatform.build/Objects-normal/arm64/ForsettiPlatform.LinkFileList

WriteAuxiliaryFile /tmp/Forsetti-Jamf-Pro-DerivedData-324-build/Build/Intermediates.noindex/ForsettiFramework.build/Debug/ForsettiPlatform.build/Objects-normal/arm64/ForsettiPlatform_const_extract_protocols.json (in target 'ForsettiPlatform' from project 'ForsettiFramework')
    cd /tmp/Forsetti-Jamf-Pro-DerivedData-324-build/SourcePackages/checkouts/Forsetti-Framework
    write-file /tmp/Forsetti-Jamf-Pro-DerivedData-324-build/Build/Intermediates.noindex/ForsettiFramework.build/Debug/ForsettiPlatform.build/Objects-normal/arm64/ForsettiPlatform_const_extract_protocols.json

WriteAuxiliaryFile /tmp/Forsetti-Jamf-Pro-DerivedData-324-build/Build/Intermediates.noindex/ForsettiFramework.build/Debug/ForsettiPlatform.build/Objects-normal/arm64/ForsettiPlatform-OutputFileMap.json (in target 'ForsettiPlatform' from project 'ForsettiFramework')
    cd /tmp/Forsetti-Jamf-Pro-DerivedData-324-build/SourcePackages/checkouts/Forsetti-Framework
    write-file /tmp/Forsetti-Jamf-Pro-DerivedData-324-build/Build/Intermediates.noindex/ForsettiFramework.build/Debug/ForsettiPlatform.build/Objects-normal/arm64/ForsettiPlatform-OutputFileMap.json

WriteAuxiliaryFile /tmp/Forsetti-Jamf-Pro-DerivedData-324-build/Build/Intermediates.noindex/ForsettiFramework.build/Debug/ForsettiPlatform.build/Objects-normal/arm64/ForsettiPlatform.SwiftConstValuesFileList (in target 'ForsettiPlatform' from project 'ForsettiFramework')
    cd /tmp/Forsetti-Jamf-Pro-DerivedData-324-build/SourcePackages/checkouts/Forsetti-Framework
    write-file /tmp/Forsetti-Jamf-Pro-DerivedData-324-build/Build/Intermediates.noindex/ForsettiFramework.build/Debug/ForsettiPlatform.build/Objects-normal/arm64/ForsettiPlatform.SwiftConstValuesFileList

WriteAuxiliaryFile /tmp/Forsetti-Jamf-Pro-DerivedData-324-build/Build/Intermediates.noindex/ForsettiFramework.build/Debug/ForsettiPlatform.build/ForsettiPlatform.DependencyStaticMetadataFileList (in target 'ForsettiPlatform' from project 'ForsettiFramework')
    cd /tmp/Forsetti-Jamf-Pro-DerivedData-324-build/SourcePackages/checkouts/Forsetti-Framework
    write-file /tmp/Forsetti-Jamf-Pro-DerivedData-324-build/Build/Intermediates.noindex/ForsettiFramework.build/Debug/ForsettiPlatform.build/ForsettiPlatform.DependencyStaticMetadataFileList

WriteAuxiliaryFile /tmp/Forsetti-Jamf-Pro-DerivedData-324-build/Build/Intermediates.noindex/ForsettiFramework.build/Debug/ForsettiPlatform.build/ForsettiPlatform.DependencyMetadataFileList (in target 'ForsettiPlatform' from project 'ForsettiFramework')
    cd /tmp/Forsetti-Jamf-Pro-DerivedData-324-build/SourcePackages/checkouts/Forsetti-Framework
    write-file /tmp/Forsetti-Jamf-Pro-DerivedData-324-build/Build/Intermediates.noindex/ForsettiFramework.build/Debug/ForsettiPlatform.build/ForsettiPlatform.DependencyMetadataFileList

WriteAuxiliaryFile /tmp/Forsetti-Jamf-Pro-DerivedData-324-build/Build/Intermediates.noindex/ForsettiFramework.build/Debug/ForsettiCore.build/Objects-normal/arm64/ForsettiCore_const_extract_protocols.json (in target 'ForsettiCore' from project 'ForsettiFramework')
    cd /tmp/Forsetti-Jamf-Pro-DerivedData-324-build/SourcePackages/checkouts/Forsetti-Framework
    write-file /tmp/Forsetti-Jamf-Pro-DerivedData-324-build/Build/Intermediates.noindex/ForsettiFramework.build/Debug/ForsettiCore.build/Objects-normal/arm64/ForsettiCore_const_extract_protocols.json

WriteAuxiliaryFile /tmp/Forsetti-Jamf-Pro-DerivedData-324-build/Build/Intermediates.noindex/ForsettiFramework.build/Debug/ForsettiCore.build/Objects-normal/arm64/ForsettiCore.SwiftFileList (in target 'ForsettiCore' from project 'ForsettiFramework')
    cd /tmp/Forsetti-Jamf-Pro-DerivedData-324-build/SourcePackages/checkouts/Forsetti-Framework
    write-file /tmp/Forsetti-Jamf-Pro-DerivedData-324-build/Build/Intermediates.noindex/ForsettiFramework.build/Debug/ForsettiCore.build/Objects-normal/arm64/ForsettiCore.SwiftFileList

Copy /tmp/Forsetti-Jamf-Pro-DerivedData-324-build/Build/Intermediates.noindex/GeneratedModuleMaps/ForsettiPlatform.modulemap /tmp/Forsetti-Jamf-Pro-DerivedData-324-build/Build/Intermediates.noindex/ForsettiFramework.build/Debug/ForsettiPlatform.build/ForsettiPlatform.modulemap (in target 'ForsettiPlatform' from project 'ForsettiFramework')
    cd /tmp/Forsetti-Jamf-Pro-DerivedData-324-build/SourcePackages/checkouts/Forsetti-Framework
    builtin-copy -exclude .DS_Store -exclude CVS -exclude .svn -exclude .git -exclude .hg -resolve-src-symlinks /tmp/Forsetti-Jamf-Pro-DerivedData-324-build/Build/Intermediates.noindex/ForsettiFramework.build/Debug/ForsettiPlatform.build/ForsettiPlatform.modulemap /tmp/Forsetti-Jamf-Pro-DerivedData-324-build/Build/Intermediates.noindex/GeneratedModuleMaps

WriteAuxiliaryFile /tmp/Forsetti-Jamf-Pro-DerivedData-324-build/Build/Intermediates.noindex/ForsettiFramework.build/Debug/ForsettiCore.build/Objects-normal/arm64/ForsettiCore.SwiftConstValuesFileList (in target 'ForsettiCore' from project 'ForsettiFramework')
    cd /tmp/Forsetti-Jamf-Pro-DerivedData-324-build/SourcePackages/checkouts/Forsetti-Framework
    write-file /tmp/Forsetti-Jamf-Pro-DerivedData-324-build/Build/Intermediates.noindex/ForsettiFramework.build/Debug/ForsettiCore.build/Objects-normal/arm64/ForsettiCore.SwiftConstValuesFileList

WriteAuxiliaryFile /tmp/Forsetti-Jamf-Pro-DerivedData-324-build/Build/Intermediates.noindex/ForsettiFramework.build/Debug/ForsettiCore.build/Objects-normal/arm64/ForsettiCore.LinkFileList (in target 'ForsettiCore' from project 'ForsettiFramework')
    cd /tmp/Forsetti-Jamf-Pro-DerivedData-324-build/SourcePackages/checkouts/Forsetti-Framework
    write-file /tmp/Forsetti-Jamf-Pro-DerivedData-324-build/Build/Intermediates.noindex/ForsettiFramework.build/Debug/ForsettiCore.build/Objects-normal/arm64/ForsettiCore.LinkFileList

WriteAuxiliaryFile /tmp/Forsetti-Jamf-Pro-DerivedData-324-build/Build/Intermediates.noindex/ForsettiFramework.build/Debug/ForsettiCore.build/Objects-normal/arm64/ForsettiCore-OutputFileMap.json (in target 'ForsettiCore' from project 'ForsettiFramework')
    cd /tmp/Forsetti-Jamf-Pro-DerivedData-324-build/SourcePackages/checkouts/Forsetti-Framework
    write-file /tmp/Forsetti-Jamf-Pro-DerivedData-324-build/Build/Intermediates.noindex/ForsettiFramework.build/Debug/ForsettiCore.build/Objects-normal/arm64/ForsettiCore-OutputFileMap.json

WriteAuxiliaryFile /tmp/Forsetti-Jamf-Pro-DerivedData-324-build/Build/Intermediates.noindex/ForsettiFramework.build/Debug/ForsettiCore.build/ForsettiCore.modulemap (in target 'ForsettiCore' from project 'ForsettiFramework')
    cd /tmp/Forsetti-Jamf-Pro-DerivedData-324-build/SourcePackages/checkouts/Forsetti-Framework
    write-file /tmp/Forsetti-Jamf-Pro-DerivedData-324-build/Build/Intermediates.noindex/ForsettiFramework.build/Debug/ForsettiCore.build/ForsettiCore.modulemap

WriteAuxiliaryFile /tmp/Forsetti-Jamf-Pro-DerivedData-324-build/Build/Intermediates.noindex/ForsettiFramework.build/Debug/ForsettiCore.build/ForsettiCore.DependencyStaticMetadataFileList (in target 'ForsettiCore' from project 'ForsettiFramework')
    cd /tmp/Forsetti-Jamf-Pro-DerivedData-324-build/SourcePackages/checkouts/Forsetti-Framework
    write-file /tmp/Forsetti-Jamf-Pro-DerivedData-324-build/Build/Intermediates.noindex/ForsettiFramework.build/Debug/ForsettiCore.build/ForsettiCore.DependencyStaticMetadataFileList

WriteAuxiliaryFile /tmp/Forsetti-Jamf-Pro-DerivedData-324-build/Build/Intermediates.noindex/ForsettiFramework.build/Debug/ForsettiCore.build/ForsettiCore.DependencyMetadataFileList (in target 'ForsettiCore' from project 'ForsettiFramework')
    cd /tmp/Forsetti-Jamf-Pro-DerivedData-324-build/SourcePackages/checkouts/Forsetti-Framework
    write-file /tmp/Forsetti-Jamf-Pro-DerivedData-324-build/Build/Intermediates.noindex/ForsettiFramework.build/Debug/ForsettiCore.build/ForsettiCore.DependencyMetadataFileList

WriteAuxiliaryFile /tmp/Forsetti-Jamf-Pro-DerivedData-324-build/Build/Intermediates.noindex/Forsetti.build/Debug/Forsetti.build/empty-Forsetti.plist (in target 'Forsetti' from project 'Forsetti')
    cd /Volumes/NVME/GitHub/Forsetti-Jamf-Pro
    write-file /tmp/Forsetti-Jamf-Pro-DerivedData-324-build/Build/Intermediates.noindex/Forsetti.build/Debug/Forsetti.build/empty-Forsetti.plist

WriteAuxiliaryFile /tmp/Forsetti-Jamf-Pro-DerivedData-324-build/Build/Intermediates.noindex/Forsetti.build/Debug/Forsetti.build/Objects-normal/arm64/Forsetti.SwiftFileList (in target 'Forsetti' from project 'Forsetti')
    cd /Volumes/NVME/GitHub/Forsetti-Jamf-Pro
    write-file /tmp/Forsetti-Jamf-Pro-DerivedData-324-build/Build/Intermediates.noindex/Forsetti.build/Debug/Forsetti.build/Objects-normal/arm64/Forsetti.SwiftFileList

WriteAuxiliaryFile /tmp/Forsetti-Jamf-Pro-DerivedData-324-build/Build/Intermediates.noindex/Forsetti.build/Debug/Forsetti.build/Objects-normal/arm64/Forsetti_const_extract_protocols.json (in target 'Forsetti' from project 'Forsetti')
    cd /Volumes/NVME/GitHub/Forsetti-Jamf-Pro
    write-file /tmp/Forsetti-Jamf-Pro-DerivedData-324-build/Build/Intermediates.noindex/Forsetti.build/Debug/Forsetti.build/Objects-normal/arm64/Forsetti_const_extract_protocols.json

WriteAuxiliaryFile /tmp/Forsetti-Jamf-Pro-DerivedData-324-build/Build/Intermediates.noindex/Forsetti.build/Debug/Forsetti.build/Objects-normal/arm64/Forsetti.SwiftConstValuesFileList (in target 'Forsetti' from project 'Forsetti')
    cd /Volumes/NVME/GitHub/Forsetti-Jamf-Pro
    write-file /tmp/Forsetti-Jamf-Pro-DerivedData-324-build/Build/Intermediates.noindex/Forsetti.build/Debug/Forsetti.build/Objects-normal/arm64/Forsetti.SwiftConstValuesFileList

WriteAuxiliaryFile /tmp/Forsetti-Jamf-Pro-DerivedData-324-build/Build/Intermediates.noindex/Forsetti.build/Debug/Forsetti.build/Objects-normal/arm64/Forsetti-OutputFileMap.json (in target 'Forsetti' from project 'Forsetti')
    cd /Volumes/NVME/GitHub/Forsetti-Jamf-Pro
    write-file /tmp/Forsetti-Jamf-Pro-DerivedData-324-build/Build/Intermediates.noindex/Forsetti.build/Debug/Forsetti.build/Objects-normal/arm64/Forsetti-OutputFileMap.json

WriteAuxiliaryFile /tmp/Forsetti-Jamf-Pro-DerivedData-324-build/Build/Intermediates.noindex/Forsetti.build/Debug/Forsetti.build/Objects-normal/arm64/Forsetti.LinkFileList (in target 'Forsetti' from project 'Forsetti')
    cd /Volumes/NVME/GitHub/Forsetti-Jamf-Pro
    write-file /tmp/Forsetti-Jamf-Pro-DerivedData-324-build/Build/Intermediates.noindex/Forsetti.build/Debug/Forsetti.build/Objects-normal/arm64/Forsetti.LinkFileList

WriteAuxiliaryFile /tmp/Forsetti-Jamf-Pro-DerivedData-324-build/Build/Intermediates.noindex/Forsetti.build/Debug/Forsetti.build/Forsetti.hmap (in target 'Forsetti' from project 'Forsetti')
    cd /Volumes/NVME/GitHub/Forsetti-Jamf-Pro
    write-file /tmp/Forsetti-Jamf-Pro-DerivedData-324-build/Build/Intermediates.noindex/Forsetti.build/Debug/Forsetti.build/Forsetti.hmap

Copy /tmp/Forsetti-Jamf-Pro-DerivedData-324-build/Build/Intermediates.noindex/GeneratedModuleMaps/ForsettiCore.modulemap /tmp/Forsetti-Jamf-Pro-DerivedData-324-build/Build/Intermediates.noindex/ForsettiFramework.build/Debug/ForsettiCore.build/ForsettiCore.modulemap (in target 'ForsettiCore' from project 'ForsettiFramework')
    cd /tmp/Forsetti-Jamf-Pro-DerivedData-324-build/SourcePackages/checkouts/Forsetti-Framework
    builtin-copy -exclude .DS_Store -exclude CVS -exclude .svn -exclude .git -exclude .hg -resolve-src-symlinks /tmp/Forsetti-Jamf-Pro-DerivedData-324-build/Build/Intermediates.noindex/ForsettiFramework.build/Debug/ForsettiCore.build/ForsettiCore.modulemap /tmp/Forsetti-Jamf-Pro-DerivedData-324-build/Build/Intermediates.noindex/GeneratedModuleMaps

WriteAuxiliaryFile /tmp/Forsetti-Jamf-Pro-DerivedData-324-build/Build/Intermediates.noindex/Forsetti.build/Debug/Forsetti.build/Forsetti.DependencyStaticMetadataFileList (in target 'Forsetti' from project 'Forsetti')
    cd /Volumes/NVME/GitHub/Forsetti-Jamf-Pro
    write-file /tmp/Forsetti-Jamf-Pro-DerivedData-324-build/Build/Intermediates.noindex/Forsetti.build/Debug/Forsetti.build/Forsetti.DependencyStaticMetadataFileList

WriteAuxiliaryFile /tmp/Forsetti-Jamf-Pro-DerivedData-324-build/Build/Intermediates.noindex/Forsetti.build/Debug/Forsetti.build/Forsetti.DependencyMetadataFileList (in target 'Forsetti' from project 'Forsetti')
    cd /Volumes/NVME/GitHub/Forsetti-Jamf-Pro
    write-file /tmp/Forsetti-Jamf-Pro-DerivedData-324-build/Build/Intermediates.noindex/Forsetti.build/Debug/Forsetti.build/Forsetti.DependencyMetadataFileList

WriteAuxiliaryFile /tmp/Forsetti-Jamf-Pro-DerivedData-324-build/Build/Intermediates.noindex/Forsetti.build/Debug/Forsetti.build/Forsetti-project-headers.hmap (in target 'Forsetti' from project 'Forsetti')
    cd /Volumes/NVME/GitHub/Forsetti-Jamf-Pro
    write-file /tmp/Forsetti-Jamf-Pro-DerivedData-324-build/Build/Intermediates.noindex/Forsetti.build/Debug/Forsetti.build/Forsetti-project-headers.hmap

WriteAuxiliaryFile /tmp/Forsetti-Jamf-Pro-DerivedData-324-build/Build/Intermediates.noindex/Forsetti.build/Debug/Forsetti.build/Forsetti-own-target-headers.hmap (in target 'Forsetti' from project 'Forsetti')
    cd /Volumes/NVME/GitHub/Forsetti-Jamf-Pro
    write-file /tmp/Forsetti-Jamf-Pro-DerivedData-324-build/Build/Intermediates.noindex/Forsetti.build/Debug/Forsetti.build/Forsetti-own-target-headers.hmap

WriteAuxiliaryFile /tmp/Forsetti-Jamf-Pro-DerivedData-324-build/Build/Intermediates.noindex/Forsetti.build/Debug/Forsetti.build/Forsetti-generated-files.hmap (in target 'Forsetti' from project 'Forsetti')
    cd /Volumes/NVME/GitHub/Forsetti-Jamf-Pro
    write-file /tmp/Forsetti-Jamf-Pro-DerivedData-324-build/Build/Intermediates.noindex/Forsetti.build/Debug/Forsetti.build/Forsetti-generated-files.hmap

WriteAuxiliaryFile /tmp/Forsetti-Jamf-Pro-DerivedData-324-build/Build/Intermediates.noindex/Forsetti.build/Debug/Forsetti.build/Forsetti-all-target-headers.hmap (in target 'Forsetti' from project 'Forsetti')
    cd /Volumes/NVME/GitHub/Forsetti-Jamf-Pro
    write-file /tmp/Forsetti-Jamf-Pro-DerivedData-324-build/Build/Intermediates.noindex/Forsetti.build/Debug/Forsetti.build/Forsetti-all-target-headers.hmap

WriteAuxiliaryFile /tmp/Forsetti-Jamf-Pro-DerivedData-324-build/Build/Intermediates.noindex/Forsetti.build/Debug/Forsetti.build/Forsetti-all-non-framework-target-headers.hmap (in target 'Forsetti' from project 'Forsetti')
    cd /Volumes/NVME/GitHub/Forsetti-Jamf-Pro
    write-file /tmp/Forsetti-Jamf-Pro-DerivedData-324-build/Build/Intermediates.noindex/Forsetti.build/Debug/Forsetti.build/Forsetti-all-non-framework-target-headers.hmap

WriteAuxiliaryFile /tmp/Forsetti-Jamf-Pro-DerivedData-324-build/Build/Intermediates.noindex/Forsetti.build/Debug/Forsetti.build/Forsetti-DebugDylibPath-normal-arm64.txt (in target 'Forsetti' from project 'Forsetti')
    cd /Volumes/NVME/GitHub/Forsetti-Jamf-Pro
    write-file /tmp/Forsetti-Jamf-Pro-DerivedData-324-build/Build/Intermediates.noindex/Forsetti.build/Debug/Forsetti.build/Forsetti-DebugDylibPath-normal-arm64.txt

WriteAuxiliaryFile /tmp/Forsetti-Jamf-Pro-DerivedData-324-build/Build/Intermediates.noindex/Forsetti.build/Debug/Forsetti.build/Forsetti-DebugDylibInstallName-normal-arm64.txt (in target 'Forsetti' from project 'Forsetti')
    cd /Volumes/NVME/GitHub/Forsetti-Jamf-Pro
    write-file /tmp/Forsetti-Jamf-Pro-DerivedData-324-build/Build/Intermediates.noindex/Forsetti.build/Debug/Forsetti.build/Forsetti-DebugDylibInstallName-normal-arm64.txt

MkDir /tmp/Forsetti-Jamf-Pro-DerivedData-324-build/Build/Products/Debug/Forsetti.app/Contents/Resources (in target 'Forsetti' from project 'Forsetti')
    cd /Volumes/NVME/GitHub/Forsetti-Jamf-Pro
    /bin/mkdir -p /tmp/Forsetti-Jamf-Pro-DerivedData-324-build/Build/Products/Debug/Forsetti.app/Contents/Resources

MkDir /tmp/Forsetti-Jamf-Pro-DerivedData-324-build/Build/Products/Debug/Forsetti.app/Contents/MacOS (in target 'Forsetti' from project 'Forsetti')
    cd /Volumes/NVME/GitHub/Forsetti-Jamf-Pro
    /bin/mkdir -p /tmp/Forsetti-Jamf-Pro-DerivedData-324-build/Build/Products/Debug/Forsetti.app/Contents/MacOS

MkDir /tmp/Forsetti-Jamf-Pro-DerivedData-324-build/Build/Products/Debug/Forsetti.app/Contents (in target 'Forsetti' from project 'Forsetti')
    cd /Volumes/NVME/GitHub/Forsetti-Jamf-Pro
    /bin/mkdir -p /tmp/Forsetti-Jamf-Pro-DerivedData-324-build/Build/Products/Debug/Forsetti.app/Contents

MkDir /tmp/Forsetti-Jamf-Pro-DerivedData-324-build/Build/Products/Debug/Forsetti.app (in target 'Forsetti' from project 'Forsetti')
    cd /Volumes/NVME/GitHub/Forsetti-Jamf-Pro
    /bin/mkdir -p /tmp/Forsetti-Jamf-Pro-DerivedData-324-build/Build/Products/Debug/Forsetti.app

SwiftDriver ForsettiCore normal arm64 com.apple.xcode.tools.swift.compiler (in target 'ForsettiCore' from project 'ForsettiFramework')
    cd /Volumes/NVME/GitHub/Forsetti-Jamf-Pro/Forsetti.xcodeproj
    builtin-SwiftDriver -- /Applications/Xcode.app/Contents/Developer/Toolchains/XcodeDefault.xctoolchain/usr/bin/swiftc -module-name ForsettiCore -Onone @/tmp/Forsetti-Jamf-Pro-DerivedData-324-build/Build/Intermediates.noindex/ForsettiFramework.build/Debug/ForsettiCore.build/Objects-normal/arm64/ForsettiCore.SwiftFileList -DSWIFT_PACKAGE -DDEBUG -DSWIFT_MODULE_RESOURCE_BUNDLE_UNAVAILABLE -DXcode -plugin-path /Applications/Xcode.app/Contents/Developer/Toolchains/XcodeDefault.xctoolchain/usr/lib/swift/host/plugins/testing -enable-experimental-feature DebugDescriptionMacro -sdk /Applications/Xcode.app/Contents/Developer/Platforms/MacOSX.platform/Developer/SDKs/MacOSX26.5.sdk -target arm64-apple-macos14.0 -g -module-cache-path /tmp/Forsetti-Jamf-Pro-DerivedData-324-build/ModuleCache.noindex -Xfrontend -serialize-debugging-options -profile-coverage-mapping -profile-generate -enable-testing -suppress-warnings -index-store-path /tmp/Forsetti-Jamf-Pro-DerivedData-324-build/Index.noindex/DataStore -Xcc -D_LIBCPP_HARDENING_MODE\=_LIBCPP_HARDENING_MODE_DEBUG -swift-version 5 -I /tmp/Forsetti-Jamf-Pro-DerivedData-324-build/Build/Products/Debug -Isystem /Applications/Xcode.app/Contents/Developer/Platforms/MacOSX.platform/Developer/usr/lib -F /tmp/Forsetti-Jamf-Pro-DerivedData-324-build/Build/Products/Debug -F /Applications/Xcode.app/Contents/Developer/Platforms/MacOSX.platform/Developer/Library/Frameworks -c -j8 -enable-batch-mode -incremental -Xcc -ivfsstatcache -Xcc /tmp/Forsetti-Jamf-Pro-DerivedData-324-build/SDKStatCaches.noindex/macosx26.5-25F70-e082c4a02f00227109f4ed75e425c832.sdkstatcache -output-file-map /tmp/Forsetti-Jamf-Pro-DerivedData-324-build/Build/Intermediates.noindex/ForsettiFramework.build/Debug/ForsettiCore.build/Objects-normal/arm64/ForsettiCore-OutputFileMap.json -use-frontend-parseable-output -save-temps -no-color-diagnostics -explicit-module-build -module-cache-path /tmp/Forsetti-Jamf-Pro-DerivedData-324-build/Build/Intermediates.noindex/SwiftExplicitPrecompiledModules -clang-scanner-module-cache-path /tmp/Forsetti-Jamf-Pro-DerivedData-324-build/ModuleCache.noindex -sdk-module-cache-path /tmp/Forsetti-Jamf-Pro-DerivedData-324-build/ModuleCache.noindex -serialize-diagnostics -emit-dependencies -emit-module -emit-module-path /tmp/Forsetti-Jamf-Pro-DerivedData-324-build/Build/Intermediates.noindex/ForsettiFramework.build/Debug/ForsettiCore.build/Objects-normal/arm64/ForsettiCore.swiftmodule -validate-clang-modules-once -clang-build-session-file /tmp/Forsetti-Jamf-Pro-DerivedData-324-build/ModuleCache.noindex/Session.modulevalidation -package-name forsetti_framework -Xcc -I/tmp/Forsetti-Jamf-Pro-DerivedData-324-build/Build/Intermediates.noindex/ForsettiFramework.build/Debug/ForsettiCore.build/swift-overrides.hmap -emit-const-values -Xfrontend -const-gather-protocols-file -Xfrontend /tmp/Forsetti-Jamf-Pro-DerivedData-324-build/Build/Intermediates.noindex/ForsettiFramework.build/Debug/ForsettiCore.build/Objects-normal/arm64/ForsettiCore_const_extract_protocols.json -Xcc -I/tmp/Forsetti-Jamf-Pro-DerivedData-324-build/Build/Products/Debug/include -Xcc -I/tmp/Forsetti-Jamf-Pro-DerivedData-324-build/Build/Intermediates.noindex/ForsettiFramework.build/Debug/ForsettiCore.build/DerivedSources-normal/arm64 -Xcc -I/tmp/Forsetti-Jamf-Pro-DerivedData-324-build/Build/Intermediates.noindex/ForsettiFramework.build/Debug/ForsettiCore.build/DerivedSources/arm64 -Xcc -I/tmp/Forsetti-Jamf-Pro-DerivedData-324-build/Build/Intermediates.noindex/ForsettiFramework.build/Debug/ForsettiCore.build/DerivedSources -Xcc -DSWIFT_PACKAGE -Xcc -DDEBUG\=1 -emit-objc-header -emit-objc-header-path /tmp/Forsetti-Jamf-Pro-DerivedData-324-build/Build/Intermediates.noindex/ForsettiFramework.build/Debug/ForsettiCore.build/Objects-normal/arm64/ForsettiCore-Swift.h -working-directory /Volumes/NVME/GitHub/Forsetti-Jamf-Pro/Forsetti.xcodeproj -experimental-emit-module-separately -disable-cmo

SwiftExplicitDependencyGeneratePcm arm64 /tmp/Forsetti-Jamf-Pro-DerivedData-324-build/ModuleCache.noindex/_Builtin_stdbool-6CYD87K11XJFGJ6KXFF4IN969.pcm

SwiftExplicitDependencyGeneratePcm arm64 /tmp/Forsetti-Jamf-Pro-DerivedData-324-build/ModuleCache.noindex/_AvailabilityInternal-7O30MBXJ1P95X6PMY0NJ6OJOA.pcm

SwiftExplicitDependencyGeneratePcm arm64 /tmp/Forsetti-Jamf-Pro-DerivedData-324-build/ModuleCache.noindex/ptrcheck-863Z2B5ZKXYE7UUXVOVW56EYX.pcm

SwiftExplicitDependencyGeneratePcm arm64 /tmp/Forsetti-Jamf-Pro-DerivedData-324-build/ModuleCache.noindex/_Builtin_stdarg-78ASWDW9PKC7ZEWXW46JRANJ5.pcm

SwiftExplicitDependencyGeneratePcm arm64 /tmp/Forsetti-Jamf-Pro-DerivedData-324-build/ModuleCache.noindex/_Builtin_stddef-17GAPBUTZTJT2XDHD2APCJ6I6.pcm

SwiftExplicitDependencyGeneratePcm arm64 /tmp/Forsetti-Jamf-Pro-DerivedData-324-build/ModuleCache.noindex/SwiftShims-OVD18P5HYHR6T88K1H0VQOBL.pcm

SwiftExplicitDependencyGeneratePcm arm64 /tmp/Forsetti-Jamf-Pro-DerivedData-324-build/ModuleCache.noindex/_Builtin_float-9P2RWTIPO975XE042XJFCS2EG.pcm

SwiftExplicitDependencyGeneratePcm arm64 /tmp/Forsetti-Jamf-Pro-DerivedData-324-build/ModuleCache.noindex/_SwiftConcurrencyShims-2NG9KFIH524QVWQ8ER58J4PUL.pcm

SwiftExplicitDependencyGeneratePcm arm64 /tmp/Forsetti-Jamf-Pro-DerivedData-324-build/ModuleCache.noindex/ptrauth-6RB8YCE93UMMPXEFGHY0ZP0KP.pcm

SwiftExplicitDependencyGeneratePcm arm64 /tmp/Forsetti-Jamf-Pro-DerivedData-324-build/ModuleCache.noindex/_DarwinFoundation1-A624JUM7CMEZC0A06YOTVL13P.pcm

SwiftExplicitDependencyGeneratePcm arm64 /tmp/Forsetti-Jamf-Pro-DerivedData-324-build/ModuleCache.noindex/_DarwinFoundation2-3LSID2C19FYRAC7B3LCB6LC5S.pcm

SwiftExplicitDependencyGeneratePcm arm64 /tmp/Forsetti-Jamf-Pro-DerivedData-324-build/ModuleCache.noindex/_Builtin_limits-S4XI7LTPQLU5NMKR2D51656.pcm

SwiftExplicitDependencyGeneratePcm arm64 /tmp/Forsetti-Jamf-Pro-DerivedData-324-build/ModuleCache.noindex/sys_types-6BCO425196KK4P4F0A085LV84.pcm

SwiftExplicitDependencyGeneratePcm arm64 /tmp/Forsetti-Jamf-Pro-DerivedData-324-build/ModuleCache.noindex/_Builtin_stdint-4YMFGOTWK5ZCA09D5LI9J5EJF.pcm

SwiftExplicitDependencyGeneratePcm arm64 /tmp/Forsetti-Jamf-Pro-DerivedData-324-build/ModuleCache.noindex/_DarwinFoundation3-3KY0FA8KL7UM219P9B8W8P2AO.pcm

SwiftExplicitDependencyGeneratePcm arm64 /tmp/Forsetti-Jamf-Pro-DerivedData-324-build/ModuleCache.noindex/libDER-7WAFO0AJ2SDVT3R645H2E5TXN.pcm

SwiftExplicitDependencyGeneratePcm arm64 /tmp/Forsetti-Jamf-Pro-DerivedData-324-build/ModuleCache.noindex/_Builtin_inttypes-61Q4E1G177ALXFZL8OIRPPZ3M.pcm

SwiftExplicitDependencyGeneratePcm arm64 /tmp/Forsetti-Jamf-Pro-DerivedData-324-build/ModuleCache.noindex/Darwin-D3MYHRHFXZK0Y03SIPX7URUIK.pcm

SwiftExplicitDependencyGeneratePcm arm64 /tmp/Forsetti-Jamf-Pro-DerivedData-324-build/ModuleCache.noindex/libkern-5AB29I7V01RBMVT3DKDKYLIY9.pcm

SwiftExplicitDependencyGeneratePcm arm64 /tmp/Forsetti-Jamf-Pro-DerivedData-324-build/ModuleCache.noindex/launch-CS51JB8DBLJMHLCZMI00W1WQR.pcm

SwiftExplicitDependencyGeneratePcm arm64 /tmp/Forsetti-Jamf-Pro-DerivedData-324-build/ModuleCache.noindex/MachO-77C67GXPVL4TU1QXQW8GTMOQQ.pcm

SwiftExplicitDependencyGeneratePcm arm64 /tmp/Forsetti-Jamf-Pro-DerivedData-324-build/ModuleCache.noindex/ObjectiveC-7X9NF9OKYMNYO7J5XWX3MUR9P.pcm

SwiftExplicitDependencyGeneratePcm arm64 /tmp/Forsetti-Jamf-Pro-DerivedData-324-build/ModuleCache.noindex/os_object-11TKEFNAAA3JSYRJEFNFKXIE2.pcm

SwiftExplicitDependencyGeneratePcm arm64 /tmp/Forsetti-Jamf-Pro-DerivedData-324-build/ModuleCache.noindex/os_workgroup-8BL7OPCTSSGPA1D8WCNFDJQPY.pcm

SwiftExplicitDependencyGeneratePcm arm64 /tmp/Forsetti-Jamf-Pro-DerivedData-324-build/ModuleCache.noindex/Dispatch-ECT0ZTFT1EO8E6603C793NL0Y.pcm

SwiftExplicitDependencyGeneratePcm arm64 /tmp/Forsetti-Jamf-Pro-DerivedData-324-build/ModuleCache.noindex/XPC-5CXKYUY4PV519DCRVOTIUPBSN.pcm

SwiftExplicitDependencyGeneratePcm arm64 /tmp/Forsetti-Jamf-Pro-DerivedData-324-build/ModuleCache.noindex/CoreFoundation-AT8II2AW9BVH9E9SXE2VDU58J.pcm

SwiftExplicitDependencyGeneratePcm arm64 /tmp/Forsetti-Jamf-Pro-DerivedData-324-build/ModuleCache.noindex/IOKit-CQ0XN8JM3RMFF77L2G3SA1DV.pcm

SwiftExplicitDependencyGeneratePcm arm64 /tmp/Forsetti-Jamf-Pro-DerivedData-324-build/ModuleCache.noindex/CFNetwork-6VA92OR5J6IS43AF7GNFYEGU4.pcm

SwiftExplicitDependencyGeneratePcm arm64 /tmp/Forsetti-Jamf-Pro-DerivedData-324-build/ModuleCache.noindex/Security-3MXDZV7OT7FAJWQQD7SFDR3YG.pcm

SwiftExplicitDependencyGeneratePcm arm64 /tmp/Forsetti-Jamf-Pro-DerivedData-324-build/ModuleCache.noindex/DiskArbitration-50D06LK3XALNOJW6IYELRDQHC.pcm

SwiftExplicitDependencyGeneratePcm arm64 /tmp/Forsetti-Jamf-Pro-DerivedData-324-build/ModuleCache.noindex/CoreServices-76HEGWLR9WKQJNYSGRZMNCL58.pcm

SwiftExplicitDependencyGeneratePcm arm64 /tmp/Forsetti-Jamf-Pro-DerivedData-324-build/ModuleCache.noindex/Foundation-9V3AK9D8WA3D5TGSBB09J5HV5.pcm

SwiftEmitModule normal arm64 Emitting\ module\ for\ ForsettiCore (in target 'ForsettiCore' from project 'ForsettiFramework')

EmitSwiftModule normal arm64 (in target 'ForsettiCore' from project 'ForsettiFramework')
    cd /Volumes/NVME/GitHub/Forsetti-Jamf-Pro/Forsetti.xcodeproj


SwiftCompile normal arm64 Compiling\ ForsettiContext.swift,\ ForsettiRuntime.swift /tmp/Forsetti-Jamf-Pro-DerivedData-324-build/SourcePackages/checkouts/Forsetti-Framework/Sources/ForsettiCore/Runtime/ForsettiContext.swift /tmp/Forsetti-Jamf-Pro-DerivedData-324-build/SourcePackages/checkouts/Forsetti-Framework/Sources/ForsettiCore/Runtime/ForsettiRuntime.swift (in target 'ForsettiCore' from project 'ForsettiFramework')
SwiftCompile normal arm64 /tmp/Forsetti-Jamf-Pro-DerivedData-324-build/SourcePackages/checkouts/Forsetti-Framework/Sources/ForsettiCore/Runtime/ForsettiContext.swift (in target 'ForsettiCore' from project 'ForsettiFramework')
    cd /Volumes/NVME/GitHub/Forsetti-Jamf-Pro/Forsetti.xcodeproj


SwiftCompile normal arm64 /tmp/Forsetti-Jamf-Pro-DerivedData-324-build/SourcePackages/checkouts/Forsetti-Framework/Sources/ForsettiCore/Runtime/ForsettiRuntime.swift (in target 'ForsettiCore' from project 'ForsettiFramework')
    cd /Volumes/NVME/GitHub/Forsetti-Jamf-Pro/Forsetti.xcodeproj


SwiftCompile normal arm64 Compiling\ ForsettiProtocols.swift,\ ActivationStore.swift,\ CapabilityPolicy.swift /tmp/Forsetti-Jamf-Pro-DerivedData-324-build/SourcePackages/checkouts/Forsetti-Framework/Sources/ForsettiCore/Protocols/ForsettiProtocols.swift /tmp/Forsetti-Jamf-Pro-DerivedData-324-build/SourcePackages/checkouts/Forsetti-Framework/Sources/ForsettiCore/Runtime/ActivationStore.swift /tmp/Forsetti-Jamf-Pro-DerivedData-324-build/SourcePackages/checkouts/Forsetti-Framework/Sources/ForsettiCore/Runtime/CapabilityPolicy.swift (in target 'ForsettiCore' from project 'ForsettiFramework')
SwiftCompile normal arm64 /tmp/Forsetti-Jamf-Pro-DerivedData-324-build/SourcePackages/checkouts/Forsetti-Framework/Sources/ForsettiCore/Protocols/ForsettiProtocols.swift (in target 'ForsettiCore' from project 'ForsettiFramework')
    cd /Volumes/NVME/GitHub/Forsetti-Jamf-Pro/Forsetti.xcodeproj


SwiftCompile normal arm64 /tmp/Forsetti-Jamf-Pro-DerivedData-324-build/SourcePackages/checkouts/Forsetti-Framework/Sources/ForsettiCore/Runtime/ActivationStore.swift (in target 'ForsettiCore' from project 'ForsettiFramework')
    cd /Volumes/NVME/GitHub/Forsetti-Jamf-Pro/Forsetti.xcodeproj


SwiftCompile normal arm64 /tmp/Forsetti-Jamf-Pro-DerivedData-324-build/SourcePackages/checkouts/Forsetti-Framework/Sources/ForsettiCore/Runtime/CapabilityPolicy.swift (in target 'ForsettiCore' from project 'ForsettiFramework')
    cd /Volumes/NVME/GitHub/Forsetti-Jamf-Pro/Forsetti.xcodeproj


SwiftCompile normal arm64 Compiling\ ModuleManager.swift,\ ModuleRegistry.swift /tmp/Forsetti-Jamf-Pro-DerivedData-324-build/SourcePackages/checkouts/Forsetti-Framework/Sources/ForsettiCore/Runtime/ModuleManager.swift /tmp/Forsetti-Jamf-Pro-DerivedData-324-build/SourcePackages/checkouts/Forsetti-Framework/Sources/ForsettiCore/Runtime/ModuleRegistry.swift (in target 'ForsettiCore' from project 'ForsettiFramework')
SwiftCompile normal arm64 /tmp/Forsetti-Jamf-Pro-DerivedData-324-build/SourcePackages/checkouts/Forsetti-Framework/Sources/ForsettiCore/Runtime/ModuleManager.swift (in target 'ForsettiCore' from project 'ForsettiFramework')
    cd /Volumes/NVME/GitHub/Forsetti-Jamf-Pro/Forsetti.xcodeproj


SwiftCompile normal arm64 /tmp/Forsetti-Jamf-Pro-DerivedData-324-build/SourcePackages/checkouts/Forsetti-Framework/Sources/ForsettiCore/Runtime/ModuleRegistry.swift (in target 'ForsettiCore' from project 'ForsettiFramework')
    cd /Volumes/NVME/GitHub/Forsetti-Jamf-Pro/Forsetti.xcodeproj


SwiftCompile normal arm64 Compiling\ ModuleModels.swift,\ SemVer.swift,\ UIModels.swift /tmp/Forsetti-Jamf-Pro-DerivedData-324-build/SourcePackages/checkouts/Forsetti-Framework/Sources/ForsettiCore/Model/ModuleModels.swift /tmp/Forsetti-Jamf-Pro-DerivedData-324-build/SourcePackages/checkouts/Forsetti-Framework/Sources/ForsettiCore/Model/SemVer.swift /tmp/Forsetti-Jamf-Pro-DerivedData-324-build/SourcePackages/checkouts/Forsetti-Framework/Sources/ForsettiCore/Model/UIModels.swift (in target 'ForsettiCore' from project 'ForsettiFramework')

SwiftCompile normal arm64 /tmp/Forsetti-Jamf-Pro-DerivedData-324-build/SourcePackages/checkouts/Forsetti-Framework/Sources/ForsettiCore/Model/ModuleModels.swift (in target 'ForsettiCore' from project 'ForsettiFramework')
    cd /Volumes/NVME/GitHub/Forsetti-Jamf-Pro/Forsetti.xcodeproj


SwiftCompile normal arm64 /tmp/Forsetti-Jamf-Pro-DerivedData-324-build/SourcePackages/checkouts/Forsetti-Framework/Sources/ForsettiCore/Model/SemVer.swift (in target 'ForsettiCore' from project 'ForsettiFramework')
    cd /Volumes/NVME/GitHub/Forsetti-Jamf-Pro/Forsetti.xcodeproj


SwiftCompile normal arm64 /tmp/Forsetti-Jamf-Pro-DerivedData-324-build/SourcePackages/checkouts/Forsetti-Framework/Sources/ForsettiCore/Model/UIModels.swift (in target 'ForsettiCore' from project 'ForsettiFramework')
    cd /Volumes/NVME/GitHub/Forsetti-Jamf-Pro/Forsetti.xcodeproj


SwiftCompile normal arm64 Compiling\ CompatibilityChecker.swift,\ EntitlementProviders.swift /tmp/Forsetti-Jamf-Pro-DerivedData-324-build/SourcePackages/checkouts/Forsetti-Framework/Sources/ForsettiCore/Runtime/CompatibilityChecker.swift /tmp/Forsetti-Jamf-Pro-DerivedData-324-build/SourcePackages/checkouts/Forsetti-Framework/Sources/ForsettiCore/Runtime/EntitlementProviders.swift (in target 'ForsettiCore' from project 'ForsettiFramework')

SwiftCompile normal arm64 /tmp/Forsetti-Jamf-Pro-DerivedData-324-build/SourcePackages/checkouts/Forsetti-Framework/Sources/ForsettiCore/Runtime/CompatibilityChecker.swift (in target 'ForsettiCore' from project 'ForsettiFramework')
    cd /Volumes/NVME/GitHub/Forsetti-Jamf-Pro/Forsetti.xcodeproj


SwiftCompile normal arm64 /tmp/Forsetti-Jamf-Pro-DerivedData-324-build/SourcePackages/checkouts/Forsetti-Framework/Sources/ForsettiCore/Runtime/EntitlementProviders.swift (in target 'ForsettiCore' from project 'ForsettiFramework')
    cd /Volumes/NVME/GitHub/Forsetti-Jamf-Pro/Forsetti.xcodeproj


SwiftCompile normal arm64 Compiling\ ForsettiStaticModuleRegistry.swift,\ ManifestLoader.swift /tmp/Forsetti-Jamf-Pro-DerivedData-324-build/SourcePackages/checkouts/Forsetti-Framework/Sources/ForsettiCore/Runtime/ForsettiStaticModuleRegistry.swift /tmp/Forsetti-Jamf-Pro-DerivedData-324-build/SourcePackages/checkouts/Forsetti-Framework/Sources/ForsettiCore/Runtime/ManifestLoader.swift (in target 'ForsettiCore' from project 'ForsettiFramework')
SwiftCompile normal arm64 /tmp/Forsetti-Jamf-Pro-DerivedData-324-build/SourcePackages/checkouts/Forsetti-Framework/Sources/ForsettiCore/Runtime/ForsettiStaticModuleRegistry.swift (in target 'ForsettiCore' from project 'ForsettiFramework')
    cd /Volumes/NVME/GitHub/Forsetti-Jamf-Pro/Forsetti.xcodeproj


SwiftCompile normal arm64 /tmp/Forsetti-Jamf-Pro-DerivedData-324-build/SourcePackages/checkouts/Forsetti-Framework/Sources/ForsettiCore/Runtime/ManifestLoader.swift (in target 'ForsettiCore' from project 'ForsettiFramework')
    cd /Volumes/NVME/GitHub/Forsetti-Jamf-Pro/Forsetti.xcodeproj


SwiftCompile normal arm64 Compiling\ ForsettiLogger.swift,\ ForsettiEventBus.swift,\ ForsettiVersion.swift /tmp/Forsetti-Jamf-Pro-DerivedData-324-build/SourcePackages/checkouts/Forsetti-Framework/Sources/ForsettiCore/Diagnostics/ForsettiLogger.swift /tmp/Forsetti-Jamf-Pro-DerivedData-324-build/SourcePackages/checkouts/Forsetti-Framework/Sources/ForsettiCore/Eventing/ForsettiEventBus.swift /tmp/Forsetti-Jamf-Pro-DerivedData-324-build/SourcePackages/checkouts/Forsetti-Framework/Sources/ForsettiCore/ForsettiVersion.swift (in target 'ForsettiCore' from project 'ForsettiFramework')

SwiftCompile normal arm64 /tmp/Forsetti-Jamf-Pro-DerivedData-324-build/SourcePackages/checkouts/Forsetti-Framework/Sources/ForsettiCore/Diagnostics/ForsettiLogger.swift (in target 'ForsettiCore' from project 'ForsettiFramework')
    cd /Volumes/NVME/GitHub/Forsetti-Jamf-Pro/Forsetti.xcodeproj


SwiftCompile normal arm64 /tmp/Forsetti-Jamf-Pro-DerivedData-324-build/SourcePackages/checkouts/Forsetti-Framework/Sources/ForsettiCore/Eventing/ForsettiEventBus.swift (in target 'ForsettiCore' from project 'ForsettiFramework')
    cd /Volumes/NVME/GitHub/Forsetti-Jamf-Pro/Forsetti.xcodeproj


SwiftCompile normal arm64 /tmp/Forsetti-Jamf-Pro-DerivedData-324-build/SourcePackages/checkouts/Forsetti-Framework/Sources/ForsettiCore/ForsettiVersion.swift (in target 'ForsettiCore' from project 'ForsettiFramework')
    cd /Volumes/NVME/GitHub/Forsetti-Jamf-Pro/Forsetti.xcodeproj


SwiftCompile normal arm64 Compiling\ ForsettiServices.swift,\ UISurfaceManager.swift /tmp/Forsetti-Jamf-Pro-DerivedData-324-build/SourcePackages/checkouts/Forsetti-Framework/Sources/ForsettiCore/Services/ForsettiServices.swift /tmp/Forsetti-Jamf-Pro-DerivedData-324-build/SourcePackages/checkouts/Forsetti-Framework/Sources/ForsettiCore/UI/UISurfaceManager.swift (in target 'ForsettiCore' from project 'ForsettiFramework')

SwiftCompile normal arm64 /tmp/Forsetti-Jamf-Pro-DerivedData-324-build/SourcePackages/checkouts/Forsetti-Framework/Sources/ForsettiCore/Services/ForsettiServices.swift (in target 'ForsettiCore' from project 'ForsettiFramework')
    cd /Volumes/NVME/GitHub/Forsetti-Jamf-Pro/Forsetti.xcodeproj


SwiftCompile normal arm64 /tmp/Forsetti-Jamf-Pro-DerivedData-324-build/SourcePackages/checkouts/Forsetti-Framework/Sources/ForsettiCore/UI/UISurfaceManager.swift (in target 'ForsettiCore' from project 'ForsettiFramework')
    cd /Volumes/NVME/GitHub/Forsetti-Jamf-Pro/Forsetti.xcodeproj


SwiftDriverJobDiscovery normal arm64 Emitting module for ForsettiCore (in target 'ForsettiCore' from project 'ForsettiFramework')

SwiftDriver\ Compilation\ Requirements ForsettiCore normal arm64 com.apple.xcode.tools.swift.compiler (in target 'ForsettiCore' from project 'ForsettiFramework')
    cd /Volumes/NVME/GitHub/Forsetti-Jamf-Pro/Forsetti.xcodeproj
    builtin-Swift-Compilation-Requirements -- /Applications/Xcode.app/Contents/Developer/Toolchains/XcodeDefault.xctoolchain/usr/bin/swiftc -module-name ForsettiCore -Onone @/tmp/Forsetti-Jamf-Pro-DerivedData-324-build/Build/Intermediates.noindex/ForsettiFramework.build/Debug/ForsettiCore.build/Objects-normal/arm64/ForsettiCore.SwiftFileList -DSWIFT_PACKAGE -DDEBUG -DSWIFT_MODULE_RESOURCE_BUNDLE_UNAVAILABLE -DXcode -plugin-path /Applications/Xcode.app/Contents/Developer/Toolchains/XcodeDefault.xctoolchain/usr/lib/swift/host/plugins/testing -enable-experimental-feature DebugDescriptionMacro -sdk /Applications/Xcode.app/Contents/Developer/Platforms/MacOSX.platform/Developer/SDKs/MacOSX26.5.sdk -target arm64-apple-macos14.0 -g -module-cache-path /tmp/Forsetti-Jamf-Pro-DerivedData-324-build/ModuleCache.noindex -Xfrontend -serialize-debugging-options -profile-coverage-mapping -profile-generate -enable-testing -suppress-warnings -index-store-path /tmp/Forsetti-Jamf-Pro-DerivedData-324-build/Index.noindex/DataStore -Xcc -D_LIBCPP_HARDENING_MODE\=_LIBCPP_HARDENING_MODE_DEBUG -swift-version 5 -I /tmp/Forsetti-Jamf-Pro-DerivedData-324-build/Build/Products/Debug -Isystem /Applications/Xcode.app/Contents/Developer/Platforms/MacOSX.platform/Developer/usr/lib -F /tmp/Forsetti-Jamf-Pro-DerivedData-324-build/Build/Products/Debug -F /Applications/Xcode.app/Contents/Developer/Platforms/MacOSX.platform/Developer/Library/Frameworks -c -j8 -enable-batch-mode -incremental -Xcc -ivfsstatcache -Xcc /tmp/Forsetti-Jamf-Pro-DerivedData-324-build/SDKStatCaches.noindex/macosx26.5-25F70-e082c4a02f00227109f4ed75e425c832.sdkstatcache -output-file-map /tmp/Forsetti-Jamf-Pro-DerivedData-324-build/Build/Intermediates.noindex/ForsettiFramework.build/Debug/ForsettiCore.build/Objects-normal/arm64/ForsettiCore-OutputFileMap.json -use-frontend-parseable-output -save-temps -no-color-diagnostics -explicit-module-build -module-cache-path /tmp/Forsetti-Jamf-Pro-DerivedData-324-build/Build/Intermediates.noindex/SwiftExplicitPrecompiledModules -clang-scanner-module-cache-path /tmp/Forsetti-Jamf-Pro-DerivedData-324-build/ModuleCache.noindex -sdk-module-cache-path /tmp/Forsetti-Jamf-Pro-DerivedData-324-build/ModuleCache.noindex -serialize-diagnostics -emit-dependencies -emit-module -emit-module-path /tmp/Forsetti-Jamf-Pro-DerivedData-324-build/Build/Intermediates.noindex/ForsettiFramework.build/Debug/ForsettiCore.build/Objects-normal/arm64/ForsettiCore.swiftmodule -validate-clang-modules-once -clang-build-session-file /tmp/Forsetti-Jamf-Pro-DerivedData-324-build/ModuleCache.noindex/Session.modulevalidation -package-name forsetti_framework -Xcc -I/tmp/Forsetti-Jamf-Pro-DerivedData-324-build/Build/Intermediates.noindex/ForsettiFramework.build/Debug/ForsettiCore.build/swift-overrides.hmap -emit-const-values -Xfrontend -const-gather-protocols-file -Xfrontend /tmp/Forsetti-Jamf-Pro-DerivedData-324-build/Build/Intermediates.noindex/ForsettiFramework.build/Debug/ForsettiCore.build/Objects-normal/arm64/ForsettiCore_const_extract_protocols.json -Xcc -I/tmp/Forsetti-Jamf-Pro-DerivedData-324-build/Build/Products/Debug/include -Xcc -I/tmp/Forsetti-Jamf-Pro-DerivedData-324-build/Build/Intermediates.noindex/ForsettiFramework.build/Debug/ForsettiCore.build/DerivedSources-normal/arm64 -Xcc -I/tmp/Forsetti-Jamf-Pro-DerivedData-324-build/Build/Intermediates.noindex/ForsettiFramework.build/Debug/ForsettiCore.build/DerivedSources/arm64 -Xcc -I/tmp/Forsetti-Jamf-Pro-DerivedData-324-build/Build/Intermediates.noindex/ForsettiFramework.build/Debug/ForsettiCore.build/DerivedSources -Xcc -DSWIFT_PACKAGE -Xcc -DDEBUG\=1 -emit-objc-header -emit-objc-header-path /tmp/Forsetti-Jamf-Pro-DerivedData-324-build/Build/Intermediates.noindex/ForsettiFramework.build/Debug/ForsettiCore.build/Objects-normal/arm64/ForsettiCore-Swift.h -working-directory /Volumes/NVME/GitHub/Forsetti-Jamf-Pro/Forsetti.xcodeproj -experimental-emit-module-separately -disable-cmo

SwiftDriverJobDiscovery normal arm64 Compiling ForsettiContext.swift, ForsettiRuntime.swift (in target 'ForsettiCore' from project 'ForsettiFramework')

SwiftDriverJobDiscovery normal arm64 Compiling CompatibilityChecker.swift, EntitlementProviders.swift (in target 'ForsettiCore' from project 'ForsettiFramework')

SwiftDriverJobDiscovery normal arm64 Compiling ForsettiServices.swift, UISurfaceManager.swift (in target 'ForsettiCore' from project 'ForsettiFramework')

SwiftDriverJobDiscovery normal arm64 Compiling ForsettiProtocols.swift, ActivationStore.swift, CapabilityPolicy.swift (in target 'ForsettiCore' from project 'ForsettiFramework')

SwiftDriverJobDiscovery normal arm64 Compiling ForsettiLogger.swift, ForsettiEventBus.swift, ForsettiVersion.swift (in target 'ForsettiCore' from project 'ForsettiFramework')

SwiftDriverJobDiscovery normal arm64 Compiling ModuleModels.swift, SemVer.swift, UIModels.swift (in target 'ForsettiCore' from project 'ForsettiFramework')

SwiftDriverJobDiscovery normal arm64 Compiling ModuleManager.swift, ModuleRegistry.swift (in target 'ForsettiCore' from project 'ForsettiFramework')

SwiftDriverJobDiscovery normal arm64 Compiling ForsettiStaticModuleRegistry.swift, ManifestLoader.swift (in target 'ForsettiCore' from project 'ForsettiFramework')

SwiftMergeGeneratedHeaders /tmp/Forsetti-Jamf-Pro-DerivedData-324-build/Build/Intermediates.noindex/GeneratedModuleMaps/ForsettiCore-Swift.h /tmp/Forsetti-Jamf-Pro-DerivedData-324-build/Build/Intermediates.noindex/ForsettiFramework.build/Debug/ForsettiCore.build/Objects-normal/arm64/ForsettiCore-Swift.h (in target 'ForsettiCore' from project 'ForsettiFramework')
    cd /tmp/Forsetti-Jamf-Pro-DerivedData-324-build/SourcePackages/checkouts/Forsetti-Framework
    builtin-swiftHeaderTool -arch arm64 /tmp/Forsetti-Jamf-Pro-DerivedData-324-build/Build/Intermediates.noindex/ForsettiFramework.build/Debug/ForsettiCore.build/Objects-normal/arm64/ForsettiCore-Swift.h -o /tmp/Forsetti-Jamf-Pro-DerivedData-324-build/Build/Intermediates.noindex/GeneratedModuleMaps/ForsettiCore-Swift.h

SwiftDriver\ Compilation ForsettiCore normal arm64 com.apple.xcode.tools.swift.compiler (in target 'ForsettiCore' from project 'ForsettiFramework')
    cd /Volumes/NVME/GitHub/Forsetti-Jamf-Pro/Forsetti.xcodeproj
    builtin-Swift-Compilation -- /Applications/Xcode.app/Contents/Developer/Toolchains/XcodeDefault.xctoolchain/usr/bin/swiftc -module-name ForsettiCore -Onone @/tmp/Forsetti-Jamf-Pro-DerivedData-324-build/Build/Intermediates.noindex/ForsettiFramework.build/Debug/ForsettiCore.build/Objects-normal/arm64/ForsettiCore.SwiftFileList -DSWIFT_PACKAGE -DDEBUG -DSWIFT_MODULE_RESOURCE_BUNDLE_UNAVAILABLE -DXcode -plugin-path /Applications/Xcode.app/Contents/Developer/Toolchains/XcodeDefault.xctoolchain/usr/lib/swift/host/plugins/testing -enable-experimental-feature DebugDescriptionMacro -sdk /Applications/Xcode.app/Contents/Developer/Platforms/MacOSX.platform/Developer/SDKs/MacOSX26.5.sdk -target arm64-apple-macos14.0 -g -module-cache-path /tmp/Forsetti-Jamf-Pro-DerivedData-324-build/ModuleCache.noindex -Xfrontend -serialize-debugging-options -profile-coverage-mapping -profile-generate -enable-testing -suppress-warnings -index-store-path /tmp/Forsetti-Jamf-Pro-DerivedData-324-build/Index.noindex/DataStore -Xcc -D_LIBCPP_HARDENING_MODE\=_LIBCPP_HARDENING_MODE_DEBUG -swift-version 5 -I /tmp/Forsetti-Jamf-Pro-DerivedData-324-build/Build/Products/Debug -Isystem /Applications/Xcode.app/Contents/Developer/Platforms/MacOSX.platform/Developer/usr/lib -F /tmp/Forsetti-Jamf-Pro-DerivedData-324-build/Build/Products/Debug -F /Applications/Xcode.app/Contents/Developer/Platforms/MacOSX.platform/Developer/Library/Frameworks -c -j8 -enable-batch-mode -incremental -Xcc -ivfsstatcache -Xcc /tmp/Forsetti-Jamf-Pro-DerivedData-324-build/SDKStatCaches.noindex/macosx26.5-25F70-e082c4a02f00227109f4ed75e425c832.sdkstatcache -output-file-map /tmp/Forsetti-Jamf-Pro-DerivedData-324-build/Build/Intermediates.noindex/ForsettiFramework.build/Debug/ForsettiCore.build/Objects-normal/arm64/ForsettiCore-OutputFileMap.json -use-frontend-parseable-output -save-temps -no-color-diagnostics -explicit-module-build -module-cache-path /tmp/Forsetti-Jamf-Pro-DerivedData-324-build/Build/Intermediates.noindex/SwiftExplicitPrecompiledModules -clang-scanner-module-cache-path /tmp/Forsetti-Jamf-Pro-DerivedData-324-build/ModuleCache.noindex -sdk-module-cache-path /tmp/Forsetti-Jamf-Pro-DerivedData-324-build/ModuleCache.noindex -serialize-diagnostics -emit-dependencies -emit-module -emit-module-path /tmp/Forsetti-Jamf-Pro-DerivedData-324-build/Build/Intermediates.noindex/ForsettiFramework.build/Debug/ForsettiCore.build/Objects-normal/arm64/ForsettiCore.swiftmodule -validate-clang-modules-once -clang-build-session-file /tmp/Forsetti-Jamf-Pro-DerivedData-324-build/ModuleCache.noindex/Session.modulevalidation -package-name forsetti_framework -Xcc -I/tmp/Forsetti-Jamf-Pro-DerivedData-324-build/Build/Intermediates.noindex/ForsettiFramework.build/Debug/ForsettiCore.build/swift-overrides.hmap -emit-const-values -Xfrontend -const-gather-protocols-file -Xfrontend /tmp/Forsetti-Jamf-Pro-DerivedData-324-build/Build/Intermediates.noindex/ForsettiFramework.build/Debug/ForsettiCore.build/Objects-normal/arm64/ForsettiCore_const_extract_protocols.json -Xcc -I/tmp/Forsetti-Jamf-Pro-DerivedData-324-build/Build/Products/Debug/include -Xcc -I/tmp/Forsetti-Jamf-Pro-DerivedData-324-build/Build/Intermediates.noindex/ForsettiFramework.build/Debug/ForsettiCore.build/DerivedSources-normal/arm64 -Xcc -I/tmp/Forsetti-Jamf-Pro-DerivedData-324-build/Build/Intermediates.noindex/ForsettiFramework.build/Debug/ForsettiCore.build/DerivedSources/arm64 -Xcc -I/tmp/Forsetti-Jamf-Pro-DerivedData-324-build/Build/Intermediates.noindex/ForsettiFramework.build/Debug/ForsettiCore.build/DerivedSources -Xcc -DSWIFT_PACKAGE -Xcc -DDEBUG\=1 -emit-objc-header -emit-objc-header-path /tmp/Forsetti-Jamf-Pro-DerivedData-324-build/Build/Intermediates.noindex/ForsettiFramework.build/Debug/ForsettiCore.build/Objects-normal/arm64/ForsettiCore-Swift.h -working-directory /Volumes/NVME/GitHub/Forsetti-Jamf-Pro/Forsetti.xcodeproj -experimental-emit-module-separately -disable-cmo

Copy /tmp/Forsetti-Jamf-Pro-DerivedData-324-build/Build/Products/Debug/ForsettiCore.swiftmodule/arm64-apple-macos.swiftmodule /tmp/Forsetti-Jamf-Pro-DerivedData-324-build/Build/Intermediates.noindex/ForsettiFramework.build/Debug/ForsettiCore.build/Objects-normal/arm64/ForsettiCore.swiftmodule (in target 'ForsettiCore' from project 'ForsettiFramework')
    cd /tmp/Forsetti-Jamf-Pro-DerivedData-324-build/SourcePackages/checkouts/Forsetti-Framework
    builtin-copy -exclude .DS_Store -exclude CVS -exclude .svn -exclude .git -exclude .hg -resolve-src-symlinks -rename /tmp/Forsetti-Jamf-Pro-DerivedData-324-build/Build/Intermediates.noindex/ForsettiFramework.build/Debug/ForsettiCore.build/Objects-normal/arm64/ForsettiCore.swiftmodule /tmp/Forsetti-Jamf-Pro-DerivedData-324-build/Build/Products/Debug/ForsettiCore.swiftmodule/arm64-apple-macos.swiftmodule

Copy /tmp/Forsetti-Jamf-Pro-DerivedData-324-build/Build/Products/Debug/ForsettiCore.swiftmodule/arm64-apple-macos.abi.json /tmp/Forsetti-Jamf-Pro-DerivedData-324-build/Build/Intermediates.noindex/ForsettiFramework.build/Debug/ForsettiCore.build/Objects-normal/arm64/ForsettiCore.abi.json (in target 'ForsettiCore' from project 'ForsettiFramework')
    cd /tmp/Forsetti-Jamf-Pro-DerivedData-324-build/SourcePackages/checkouts/Forsetti-Framework
    builtin-copy -exclude .DS_Store -exclude CVS -exclude .svn -exclude .git -exclude .hg -resolve-src-symlinks -rename /tmp/Forsetti-Jamf-Pro-DerivedData-324-build/Build/Intermediates.noindex/ForsettiFramework.build/Debug/ForsettiCore.build/Objects-normal/arm64/ForsettiCore.abi.json /tmp/Forsetti-Jamf-Pro-DerivedData-324-build/Build/Products/Debug/ForsettiCore.swiftmodule/arm64-apple-macos.abi.json

Copy /tmp/Forsetti-Jamf-Pro-DerivedData-324-build/Build/Products/Debug/ForsettiCore.swiftmodule/Project/arm64-apple-macos.swiftsourceinfo /tmp/Forsetti-Jamf-Pro-DerivedData-324-build/Build/Intermediates.noindex/ForsettiFramework.build/Debug/ForsettiCore.build/Objects-normal/arm64/ForsettiCore.swiftsourceinfo (in target 'ForsettiCore' from project 'ForsettiFramework')
    cd /tmp/Forsetti-Jamf-Pro-DerivedData-324-build/SourcePackages/checkouts/Forsetti-Framework
    builtin-copy -exclude .DS_Store -exclude CVS -exclude .svn -exclude .git -exclude .hg -resolve-src-symlinks -rename /tmp/Forsetti-Jamf-Pro-DerivedData-324-build/Build/Intermediates.noindex/ForsettiFramework.build/Debug/ForsettiCore.build/Objects-normal/arm64/ForsettiCore.swiftsourceinfo /tmp/Forsetti-Jamf-Pro-DerivedData-324-build/Build/Products/Debug/ForsettiCore.swiftmodule/Project/arm64-apple-macos.swiftsourceinfo

Copy /tmp/Forsetti-Jamf-Pro-DerivedData-324-build/Build/Products/Debug/ForsettiCore.swiftmodule/arm64-apple-macos.swiftdoc /tmp/Forsetti-Jamf-Pro-DerivedData-324-build/Build/Intermediates.noindex/ForsettiFramework.build/Debug/ForsettiCore.build/Objects-normal/arm64/ForsettiCore.swiftdoc (in target 'ForsettiCore' from project 'ForsettiFramework')
    cd /tmp/Forsetti-Jamf-Pro-DerivedData-324-build/SourcePackages/checkouts/Forsetti-Framework
    builtin-copy -exclude .DS_Store -exclude CVS -exclude .svn -exclude .git -exclude .hg -resolve-src-symlinks -rename /tmp/Forsetti-Jamf-Pro-DerivedData-324-build/Build/Intermediates.noindex/ForsettiFramework.build/Debug/ForsettiCore.build/Objects-normal/arm64/ForsettiCore.swiftdoc /tmp/Forsetti-Jamf-Pro-DerivedData-324-build/Build/Products/Debug/ForsettiCore.swiftmodule/arm64-apple-macos.swiftdoc

Ld /tmp/Forsetti-Jamf-Pro-DerivedData-324-build/Build/Products/Debug/ForsettiCore.o normal (in target 'ForsettiCore' from project 'ForsettiFramework')
    cd /tmp/Forsetti-Jamf-Pro-DerivedData-324-build/SourcePackages/checkouts/Forsetti-Framework
    /Applications/Xcode.app/Contents/Developer/Toolchains/XcodeDefault.xctoolchain/usr/bin/clang -Xlinker -reproducible -target arm64-apple-macos14.0 -r -isysroot /Applications/Xcode.app/Contents/Developer/Platforms/MacOSX.platform/Developer/SDKs/MacOSX26.5.sdk -O0 -w -F/tmp/Forsetti-Jamf-Pro-DerivedData-324-build/Build/Intermediates.noindex/EagerLinkingTBDs/Debug -F/tmp/Forsetti-Jamf-Pro-DerivedData-324-build/Build/Products/Debug -iframework /Applications/Xcode.app/Contents/Developer/Platforms/MacOSX.platform/Developer/Library/Frameworks -filelist /tmp/Forsetti-Jamf-Pro-DerivedData-324-build/Build/Intermediates.noindex/ForsettiFramework.build/Debug/ForsettiCore.build/Objects-normal/arm64/ForsettiCore.LinkFileList -nostdlib -Xlinker -object_path_lto -Xlinker /tmp/Forsetti-Jamf-Pro-DerivedData-324-build/Build/Intermediates.noindex/ForsettiFramework.build/Debug/ForsettiCore.build/Objects-normal/arm64/ForsettiCore_lto.o -Xlinker -no_deduplicate -Xlinker -debug_variant -Xlinker -dependency_info -Xlinker /tmp/Forsetti-Jamf-Pro-DerivedData-324-build/Build/Intermediates.noindex/ForsettiFramework.build/Debug/ForsettiCore.build/Objects-normal/arm64/ForsettiCore_dependency_info.dat -fobjc-link-runtime -L/Applications/Xcode.app/Contents/Developer/Toolchains/XcodeDefault.xctoolchain/usr/lib/swift/macosx -L/usr/lib/swift -Xlinker -add_ast_path -Xlinker /tmp/Forsetti-Jamf-Pro-DerivedData-324-build/Build/Intermediates.noindex/ForsettiFramework.build/Debug/ForsettiCore.build/Objects-normal/arm64/ForsettiCore.swiftmodule @/tmp/Forsetti-Jamf-Pro-DerivedData-324-build/Build/Intermediates.noindex/ForsettiFramework.build/Debug/ForsettiCore.build/Objects-normal/arm64/ForsettiCore-linker-args.resp -o /tmp/Forsetti-Jamf-Pro-DerivedData-324-build/Build/Products/Debug/ForsettiCore.o

SwiftDriver ForsettiPlatform normal arm64 com.apple.xcode.tools.swift.compiler (in target 'ForsettiPlatform' from project 'ForsettiFramework')
    cd /Volumes/NVME/GitHub/Forsetti-Jamf-Pro/Forsetti.xcodeproj
    builtin-SwiftDriver -- /Applications/Xcode.app/Contents/Developer/Toolchains/XcodeDefault.xctoolchain/usr/bin/swiftc -module-name ForsettiPlatform -Onone @/tmp/Forsetti-Jamf-Pro-DerivedData-324-build/Build/Intermediates.noindex/ForsettiFramework.build/Debug/ForsettiPlatform.build/Objects-normal/arm64/ForsettiPlatform.SwiftFileList -DSWIFT_PACKAGE -DDEBUG -DSWIFT_MODULE_RESOURCE_BUNDLE_UNAVAILABLE -DXcode -plugin-path /Applications/Xcode.app/Contents/Developer/Toolchains/XcodeDefault.xctoolchain/usr/lib/swift/host/plugins/testing -enable-experimental-feature DebugDescriptionMacro -sdk /Applications/Xcode.app/Contents/Developer/Platforms/MacOSX.platform/Developer/SDKs/MacOSX26.5.sdk -target arm64-apple-macos14.0 -g -module-cache-path /tmp/Forsetti-Jamf-Pro-DerivedData-324-build/ModuleCache.noindex -Xfrontend -serialize-debugging-options -profile-coverage-mapping -profile-generate -enable-testing -suppress-warnings -index-store-path /tmp/Forsetti-Jamf-Pro-DerivedData-324-build/Index.noindex/DataStore -Xcc -D_LIBCPP_HARDENING_MODE\=_LIBCPP_HARDENING_MODE_DEBUG -swift-version 5 -I /tmp/Forsetti-Jamf-Pro-DerivedData-324-build/Build/Products/Debug -Isystem /Applications/Xcode.app/Contents/Developer/Platforms/MacOSX.platform/Developer/usr/lib -F /tmp/Forsetti-Jamf-Pro-DerivedData-324-build/Build/Products/Debug/PackageFrameworks -F /tmp/Forsetti-Jamf-Pro-DerivedData-324-build/Build/Products/Debug -F /Applications/Xcode.app/Contents/Developer/Platforms/MacOSX.platform/Developer/Library/Frameworks -c -j8 -enable-batch-mode -incremental -Xcc -ivfsstatcache -Xcc /tmp/Forsetti-Jamf-Pro-DerivedData-324-build/SDKStatCaches.noindex/macosx26.5-25F70-e082c4a02f00227109f4ed75e425c832.sdkstatcache -output-file-map /tmp/Forsetti-Jamf-Pro-DerivedData-324-build/Build/Intermediates.noindex/ForsettiFramework.build/Debug/ForsettiPlatform.build/Objects-normal/arm64/ForsettiPlatform-OutputFileMap.json -use-frontend-parseable-output -save-temps -no-color-diagnostics -explicit-module-build -module-cache-path /tmp/Forsetti-Jamf-Pro-DerivedData-324-build/Build/Intermediates.noindex/SwiftExplicitPrecompiledModules -clang-scanner-module-cache-path /tmp/Forsetti-Jamf-Pro-DerivedData-324-build/ModuleCache.noindex -sdk-module-cache-path /tmp/Forsetti-Jamf-Pro-DerivedData-324-build/ModuleCache.noindex -serialize-diagnostics -emit-dependencies -emit-module -emit-module-path /tmp/Forsetti-Jamf-Pro-DerivedData-324-build/Build/Intermediates.noindex/ForsettiFramework.build/Debug/ForsettiPlatform.build/Objects-normal/arm64/ForsettiPlatform.swiftmodule -validate-clang-modules-once -clang-build-session-file /tmp/Forsetti-Jamf-Pro-DerivedData-324-build/ModuleCache.noindex/Session.modulevalidation -package-name forsetti_framework -Xcc -I/tmp/Forsetti-Jamf-Pro-DerivedData-324-build/Build/Intermediates.noindex/ForsettiFramework.build/Debug/ForsettiPlatform.build/swift-overrides.hmap -emit-const-values -Xfrontend -const-gather-protocols-file -Xfrontend /tmp/Forsetti-Jamf-Pro-DerivedData-324-build/Build/Intermediates.noindex/ForsettiFramework.build/Debug/ForsettiPlatform.build/Objects-normal/arm64/ForsettiPlatform_const_extract_protocols.json -Xcc -I/tmp/Forsetti-Jamf-Pro-DerivedData-324-build/Build/Products/Debug/include -Xcc -I/tmp/Forsetti-Jamf-Pro-DerivedData-324-build/Build/Intermediates.noindex/ForsettiFramework.build/Debug/ForsettiPlatform.build/DerivedSources-normal/arm64 -Xcc -I/tmp/Forsetti-Jamf-Pro-DerivedData-324-build/Build/Intermediates.noindex/ForsettiFramework.build/Debug/ForsettiPlatform.build/DerivedSources/arm64 -Xcc -I/tmp/Forsetti-Jamf-Pro-DerivedData-324-build/Build/Intermediates.noindex/ForsettiFramework.build/Debug/ForsettiPlatform.build/DerivedSources -Xcc -DSWIFT_PACKAGE -Xcc -DDEBUG\=1 -emit-objc-header -emit-objc-header-path /tmp/Forsetti-Jamf-Pro-DerivedData-324-build/Build/Intermediates.noindex/ForsettiFramework.build/Debug/ForsettiPlatform.build/Objects-normal/arm64/ForsettiPlatform-Swift.h -working-directory /Volumes/NVME/GitHub/Forsetti-Jamf-Pro/Forsetti.xcodeproj -experimental-emit-module-separately -disable-cmo

ExtractAppIntentsMetadata (in target 'ForsettiCore' from project 'ForsettiFramework')
    cd /tmp/Forsetti-Jamf-Pro-DerivedData-324-build/SourcePackages/checkouts/Forsetti-Framework
    /Applications/Xcode.app/Contents/Developer/Toolchains/XcodeDefault.xctoolchain/usr/bin/appintentsmetadataprocessor --toolchain-dir /Applications/Xcode.app/Contents/Developer/Toolchains/XcodeDefault.xctoolchain --module-name ForsettiCore --sdk-root /Applications/Xcode.app/Contents/Developer/Platforms/MacOSX.platform/Developer/SDKs/MacOSX26.5.sdk --xcode-version 17F42 --platform-family macOS --deployment-target 14.0 --bundle-identifier forsetti-framework.ForsettiCore --output /tmp/Forsetti-Jamf-Pro-DerivedData-324-build/Build/Products/Debug/ForsettiCore.appintents --target-triple arm64-apple-macos14.0 --binary-file /tmp/Forsetti-Jamf-Pro-DerivedData-324-build/Build/Products/Debug/ForsettiCore.o --dependency-file /tmp/Forsetti-Jamf-Pro-DerivedData-324-build/Build/Intermediates.noindex/ForsettiFramework.build/Debug/ForsettiCore.build/Objects-normal/arm64/ForsettiCore_dependency_info.dat --stringsdata-file /tmp/Forsetti-Jamf-Pro-DerivedData-324-build/Build/Intermediates.noindex/ForsettiFramework.build/Debug/ForsettiCore.build/Objects-normal/arm64/ExtractedAppShortcutsMetadata.stringsdata --source-file-list /tmp/Forsetti-Jamf-Pro-DerivedData-324-build/Build/Intermediates.noindex/ForsettiFramework.build/Debug/ForsettiCore.build/Objects-normal/arm64/ForsettiCore.SwiftFileList --metadata-file-list /tmp/Forsetti-Jamf-Pro-DerivedData-324-build/Build/Intermediates.noindex/ForsettiFramework.build/Debug/ForsettiCore.build/ForsettiCore.DependencyMetadataFileList --static-metadata-file-list /tmp/Forsetti-Jamf-Pro-DerivedData-324-build/Build/Intermediates.noindex/ForsettiFramework.build/Debug/ForsettiCore.build/ForsettiCore.DependencyStaticMetadataFileList --swift-const-vals-list /tmp/Forsetti-Jamf-Pro-DerivedData-324-build/Build/Intermediates.noindex/ForsettiFramework.build/Debug/ForsettiCore.build/Objects-normal/arm64/ForsettiCore.SwiftConstValuesFileList --force --compile-time-extraction --deployment-aware-processing --validate-system-intents --no-app-shortcuts-localization
2026-05-31 11:19:19.169 appintentsmetadataprocessor[16059:7309573] Starting appintentsmetadataprocessor export
2026-05-31 11:19:19.183 appintentsmetadataprocessor[16059:7309573] Extracted no relevant App Intents symbols, skipping writing output

RegisterExecutionPolicyException /tmp/Forsetti-Jamf-Pro-DerivedData-324-build/Build/Products/Debug/ForsettiCore.o (in target 'ForsettiCore' from project 'ForsettiFramework')
    cd /tmp/Forsetti-Jamf-Pro-DerivedData-324-build/SourcePackages/checkouts/Forsetti-Framework
    builtin-RegisterExecutionPolicyException /tmp/Forsetti-Jamf-Pro-DerivedData-324-build/Build/Products/Debug/ForsettiCore.o

SwiftExplicitDependencyGeneratePcm arm64 /tmp/Forsetti-Jamf-Pro-DerivedData-324-build/ModuleCache.noindex/CoreGraphics-CVKYK9Y01CZ3HSTRPGIP58MRT.pcm

SwiftExplicitDependencyGeneratePcm arm64 /tmp/Forsetti-Jamf-Pro-DerivedData-324-build/ModuleCache.noindex/CUPS-CPB5ZDF2JH0HI7A4FKDVFRKXU.pcm

SwiftExplicitDependencyGeneratePcm arm64 /tmp/Forsetti-Jamf-Pro-DerivedData-324-build/ModuleCache.noindex/Symbols-676BMOI64O40R7L2XJ59CO9N1.pcm

SwiftExplicitDependencyGeneratePcm arm64 /tmp/Forsetti-Jamf-Pro-DerivedData-324-build/ModuleCache.noindex/_Builtin_stdatomic-928XB4PSSKD77RKNH8HDF3JRL.pcm

SwiftExplicitDependencyGeneratePcm arm64 /tmp/Forsetti-Jamf-Pro-DerivedData-324-build/ModuleCache.noindex/LocalAuthentication-9MQ4QP7RBGR1SPXJWIMIW6YYY.pcm

SwiftExplicitDependencyGeneratePcm arm64 /tmp/Forsetti-Jamf-Pro-DerivedData-324-build/ModuleCache.noindex/DataDetection-CJ1UWCZZ0CU72JH4X9NYTXW0M.pcm

SwiftExplicitDependencyGeneratePcm arm64 /tmp/Forsetti-Jamf-Pro-DerivedData-324-build/ModuleCache.noindex/IOSurface-3XXVMCU0WE1WAH9V85Y7M7J21.pcm

SwiftExplicitDependencyGeneratePcm arm64 /tmp/Forsetti-Jamf-Pro-DerivedData-324-build/ModuleCache.noindex/UniformTypeIdentifiers-8Q0KW0C2IM3BJCGRR2219DN1X.pcm

SwiftExplicitDependencyGeneratePcm arm64 /tmp/Forsetti-Jamf-Pro-DerivedData-324-build/ModuleCache.noindex/_Builtin_tgmath-2YZVP876QTTB5MRWFYMS03D37.pcm

SwiftExplicitDependencyGeneratePcm arm64 /tmp/Forsetti-Jamf-Pro-DerivedData-324-build/ModuleCache.noindex/ColorSync-8UEB3ANRX5U5QEF6176V2R2TZ.pcm

SwiftExplicitDependencyGeneratePcm arm64 /tmp/Forsetti-Jamf-Pro-DerivedData-324-build/ModuleCache.noindex/dnssd-CW1FYCOA4JWQHO9G116QE10OF.pcm

SwiftExplicitDependencyGeneratePcm arm64 /tmp/Forsetti-Jamf-Pro-DerivedData-324-build/ModuleCache.noindex/BackgroundAssets-KDMF4IK83HSOPIKIQEQNUTF3.pcm

SwiftExplicitDependencyGeneratePcm arm64 /tmp/Forsetti-Jamf-Pro-DerivedData-324-build/ModuleCache.noindex/os-41A0K00Q220OFLAN4WP41MSS1.pcm

SwiftExplicitDependencyGeneratePcm arm64 /tmp/Forsetti-Jamf-Pro-DerivedData-324-build/ModuleCache.noindex/CoreTransferable-9UBRS1VBGKJ7AXBVTUTMMMMSB.pcm

SwiftExplicitDependencyGeneratePcm arm64 /tmp/Forsetti-Jamf-Pro-DerivedData-324-build/ModuleCache.noindex/DeveloperToolsSupport-7BN8I1AIE5CMPIXEGH8T5PMK6.pcm

SwiftExplicitDependencyGeneratePcm arm64 /tmp/Forsetti-Jamf-Pro-DerivedData-324-build/ModuleCache.noindex/ExtensionFoundation-DYWDOR362QR3EV0MFKYZN3Y5H.pcm

SwiftExplicitDependencyGeneratePcm arm64 /tmp/Forsetti-Jamf-Pro-DerivedData-324-build/ModuleCache.noindex/OpenGL-C1IOXVEDGBESEN0HXHCD8VO9R.pcm

SwiftExplicitDependencyGeneratePcm arm64 /tmp/Forsetti-Jamf-Pro-DerivedData-324-build/ModuleCache.noindex/CoreData-9FOVSARX3H75OTHAKOGUWXTLL.pcm

SwiftExplicitDependencyGeneratePcm arm64 /tmp/Forsetti-Jamf-Pro-DerivedData-324-build/ModuleCache.noindex/Network-2RHE4DU4BQG1MY5VYPA9IFKSO.pcm

SwiftExplicitDependencyGeneratePcm arm64 /tmp/Forsetti-Jamf-Pro-DerivedData-324-build/ModuleCache.noindex/Metal-1LP5HI1NSTDQ66H8MC0TA6AR3.pcm

SwiftExplicitDependencyGeneratePcm arm64 /tmp/Forsetti-Jamf-Pro-DerivedData-324-build/ModuleCache.noindex/_Builtin_intrinsics-E92GKT3VU3OWZEJF8IMPQ1XKX.pcm

SwiftExplicitDependencyGeneratePcm arm64 /tmp/Forsetti-Jamf-Pro-DerivedData-324-build/ModuleCache.noindex/OSLog-5TWM2W52DNY6J7ICFXBODK5XL.pcm

SwiftExplicitDependencyGeneratePcm arm64 /tmp/Forsetti-Jamf-Pro-DerivedData-324-build/ModuleCache.noindex/CoreText-9G4JEAJSB7KNTCAVA56Z69SAJ.pcm

SwiftExplicitDependencyGeneratePcm arm64 /tmp/Forsetti-Jamf-Pro-DerivedData-324-build/ModuleCache.noindex/Accessibility-6TJM36AGXQH9VVKR64NUEL090.pcm

SwiftExplicitDependencyGeneratePcm arm64 /tmp/Forsetti-Jamf-Pro-DerivedData-324-build/ModuleCache.noindex/ImageIO-DR2OT3HNCVU3PBNHQ8LDF3GL9.pcm

SwiftExplicitDependencyGeneratePcm arm64 /tmp/Forsetti-Jamf-Pro-DerivedData-324-build/ModuleCache.noindex/ApplicationServices-4DPDP7XJEN0KKESU0VFQ5CN81.pcm

SwiftExplicitDependencyGeneratePcm arm64 /tmp/Forsetti-Jamf-Pro-DerivedData-324-build/ModuleCache.noindex/simd-1N1GTYC6T0RRWIA4MW1RWKRIZ.pcm

SwiftExplicitDependencyGeneratePcm arm64 /tmp/Forsetti-Jamf-Pro-DerivedData-324-build/ModuleCache.noindex/CoreVideo-97K14USBFXSQ1NSPY3UTRN2EF.pcm

SwiftExplicitDependencyGeneratePcm arm64 /tmp/Forsetti-Jamf-Pro-DerivedData-324-build/ModuleCache.noindex/CoreImage-307W0ZO45I20LWFHUTSN4Y34B.pcm

SwiftExplicitDependencyGeneratePcm arm64 /tmp/Forsetti-Jamf-Pro-DerivedData-324-build/ModuleCache.noindex/QuartzCore-BNZYNIYIO5O4ZR0C41MN6HYZ1.pcm

SwiftExplicitDependencyGeneratePcm arm64 /tmp/Forsetti-Jamf-Pro-DerivedData-324-build/ModuleCache.noindex/SwiftUICore-EBN4YGLICWG0QZZAKD5PARYLC.pcm

SwiftExplicitDependencyGeneratePcm arm64 /tmp/Forsetti-Jamf-Pro-DerivedData-324-build/ModuleCache.noindex/AppKit-EBCQ17VHZKEHEM57V82I5ZMM8.pcm

SwiftExplicitDependencyGeneratePcm arm64 /tmp/Forsetti-Jamf-Pro-DerivedData-324-build/ModuleCache.noindex/Spatial-B3TNSQSUQ99OY3UB6ZGR4JE8O.pcm

SwiftExplicitDependencyGeneratePcm arm64 /tmp/Forsetti-Jamf-Pro-DerivedData-324-build/ModuleCache.noindex/StoreKit-6SAW5VAW9S53SUXJEJ1N4414H.pcm

SwiftCompile normal arm64 Compiling\ EntitlementProviders.swift /tmp/Forsetti-Jamf-Pro-DerivedData-324-build/SourcePackages/checkouts/Forsetti-Framework/Sources/ForsettiPlatform/EntitlementProviders.swift (in target 'ForsettiPlatform' from project 'ForsettiFramework')

SwiftCompile normal arm64 /tmp/Forsetti-Jamf-Pro-DerivedData-324-build/SourcePackages/checkouts/Forsetti-Framework/Sources/ForsettiPlatform/EntitlementProviders.swift (in target 'ForsettiPlatform' from project 'ForsettiFramework')
    cd /Volumes/NVME/GitHub/Forsetti-Jamf-Pro/Forsetti.xcodeproj


SwiftEmitModule normal arm64 Emitting\ module\ for\ ForsettiPlatform (in target 'ForsettiPlatform' from project 'ForsettiFramework')

EmitSwiftModule normal arm64 (in target 'ForsettiPlatform' from project 'ForsettiFramework')
    cd /Volumes/NVME/GitHub/Forsetti-Jamf-Pro/Forsetti.xcodeproj


SwiftCompile normal arm64 Compiling\ PlatformServices.swift /tmp/Forsetti-Jamf-Pro-DerivedData-324-build/SourcePackages/checkouts/Forsetti-Framework/Sources/ForsettiPlatform/PlatformServices.swift (in target 'ForsettiPlatform' from project 'ForsettiFramework')

SwiftCompile normal arm64 /tmp/Forsetti-Jamf-Pro-DerivedData-324-build/SourcePackages/checkouts/Forsetti-Framework/Sources/ForsettiPlatform/PlatformServices.swift (in target 'ForsettiPlatform' from project 'ForsettiFramework')
    cd /Volumes/NVME/GitHub/Forsetti-Jamf-Pro/Forsetti.xcodeproj


SwiftDriverJobDiscovery normal arm64 Emitting module for ForsettiPlatform (in target 'ForsettiPlatform' from project 'ForsettiFramework')

SwiftDriver\ Compilation\ Requirements ForsettiPlatform normal arm64 com.apple.xcode.tools.swift.compiler (in target 'ForsettiPlatform' from project 'ForsettiFramework')
    cd /Volumes/NVME/GitHub/Forsetti-Jamf-Pro/Forsetti.xcodeproj
    builtin-Swift-Compilation-Requirements -- /Applications/Xcode.app/Contents/Developer/Toolchains/XcodeDefault.xctoolchain/usr/bin/swiftc -module-name ForsettiPlatform -Onone @/tmp/Forsetti-Jamf-Pro-DerivedData-324-build/Build/Intermediates.noindex/ForsettiFramework.build/Debug/ForsettiPlatform.build/Objects-normal/arm64/ForsettiPlatform.SwiftFileList -DSWIFT_PACKAGE -DDEBUG -DSWIFT_MODULE_RESOURCE_BUNDLE_UNAVAILABLE -DXcode -plugin-path /Applications/Xcode.app/Contents/Developer/Toolchains/XcodeDefault.xctoolchain/usr/lib/swift/host/plugins/testing -enable-experimental-feature DebugDescriptionMacro -sdk /Applications/Xcode.app/Contents/Developer/Platforms/MacOSX.platform/Developer/SDKs/MacOSX26.5.sdk -target arm64-apple-macos14.0 -g -module-cache-path /tmp/Forsetti-Jamf-Pro-DerivedData-324-build/ModuleCache.noindex -Xfrontend -serialize-debugging-options -profile-coverage-mapping -profile-generate -enable-testing -suppress-warnings -index-store-path /tmp/Forsetti-Jamf-Pro-DerivedData-324-build/Index.noindex/DataStore -Xcc -D_LIBCPP_HARDENING_MODE\=_LIBCPP_HARDENING_MODE_DEBUG -swift-version 5 -I /tmp/Forsetti-Jamf-Pro-DerivedData-324-build/Build/Products/Debug -Isystem /Applications/Xcode.app/Contents/Developer/Platforms/MacOSX.platform/Developer/usr/lib -F /tmp/Forsetti-Jamf-Pro-DerivedData-324-build/Build/Products/Debug/PackageFrameworks -F /tmp/Forsetti-Jamf-Pro-DerivedData-324-build/Build/Products/Debug -F /Applications/Xcode.app/Contents/Developer/Platforms/MacOSX.platform/Developer/Library/Frameworks -c -j8 -enable-batch-mode -incremental -Xcc -ivfsstatcache -Xcc /tmp/Forsetti-Jamf-Pro-DerivedData-324-build/SDKStatCaches.noindex/macosx26.5-25F70-e082c4a02f00227109f4ed75e425c832.sdkstatcache -output-file-map /tmp/Forsetti-Jamf-Pro-DerivedData-324-build/Build/Intermediates.noindex/ForsettiFramework.build/Debug/ForsettiPlatform.build/Objects-normal/arm64/ForsettiPlatform-OutputFileMap.json -use-frontend-parseable-output -save-temps -no-color-diagnostics -explicit-module-build -module-cache-path /tmp/Forsetti-Jamf-Pro-DerivedData-324-build/Build/Intermediates.noindex/SwiftExplicitPrecompiledModules -clang-scanner-module-cache-path /tmp/Forsetti-Jamf-Pro-DerivedData-324-build/ModuleCache.noindex -sdk-module-cache-path /tmp/Forsetti-Jamf-Pro-DerivedData-324-build/ModuleCache.noindex -serialize-diagnostics -emit-dependencies -emit-module -emit-module-path /tmp/Forsetti-Jamf-Pro-DerivedData-324-build/Build/Intermediates.noindex/ForsettiFramework.build/Debug/ForsettiPlatform.build/Objects-normal/arm64/ForsettiPlatform.swiftmodule -validate-clang-modules-once -clang-build-session-file /tmp/Forsetti-Jamf-Pro-DerivedData-324-build/ModuleCache.noindex/Session.modulevalidation -package-name forsetti_framework -Xcc -I/tmp/Forsetti-Jamf-Pro-DerivedData-324-build/Build/Intermediates.noindex/ForsettiFramework.build/Debug/ForsettiPlatform.build/swift-overrides.hmap -emit-const-values -Xfrontend -const-gather-protocols-file -Xfrontend /tmp/Forsetti-Jamf-Pro-DerivedData-324-build/Build/Intermediates.noindex/ForsettiFramework.build/Debug/ForsettiPlatform.build/Objects-normal/arm64/ForsettiPlatform_const_extract_protocols.json -Xcc -I/tmp/Forsetti-Jamf-Pro-DerivedData-324-build/Build/Products/Debug/include -Xcc -I/tmp/Forsetti-Jamf-Pro-DerivedData-324-build/Build/Intermediates.noindex/ForsettiFramework.build/Debug/ForsettiPlatform.build/DerivedSources-normal/arm64 -Xcc -I/tmp/Forsetti-Jamf-Pro-DerivedData-324-build/Build/Intermediates.noindex/ForsettiFramework.build/Debug/ForsettiPlatform.build/DerivedSources/arm64 -Xcc -I/tmp/Forsetti-Jamf-Pro-DerivedData-324-build/Build/Intermediates.noindex/ForsettiFramework.build/Debug/ForsettiPlatform.build/DerivedSources -Xcc -DSWIFT_PACKAGE -Xcc -DDEBUG\=1 -emit-objc-header -emit-objc-header-path /tmp/Forsetti-Jamf-Pro-DerivedData-324-build/Build/Intermediates.noindex/ForsettiFramework.build/Debug/ForsettiPlatform.build/Objects-normal/arm64/ForsettiPlatform-Swift.h -working-directory /Volumes/NVME/GitHub/Forsetti-Jamf-Pro/Forsetti.xcodeproj -experimental-emit-module-separately -disable-cmo

SwiftMergeGeneratedHeaders /tmp/Forsetti-Jamf-Pro-DerivedData-324-build/Build/Intermediates.noindex/GeneratedModuleMaps/ForsettiPlatform-Swift.h /tmp/Forsetti-Jamf-Pro-DerivedData-324-build/Build/Intermediates.noindex/ForsettiFramework.build/Debug/ForsettiPlatform.build/Objects-normal/arm64/ForsettiPlatform-Swift.h (in target 'ForsettiPlatform' from project 'ForsettiFramework')
    cd /tmp/Forsetti-Jamf-Pro-DerivedData-324-build/SourcePackages/checkouts/Forsetti-Framework
    builtin-swiftHeaderTool -arch arm64 /tmp/Forsetti-Jamf-Pro-DerivedData-324-build/Build/Intermediates.noindex/ForsettiFramework.build/Debug/ForsettiPlatform.build/Objects-normal/arm64/ForsettiPlatform-Swift.h -o /tmp/Forsetti-Jamf-Pro-DerivedData-324-build/Build/Intermediates.noindex/GeneratedModuleMaps/ForsettiPlatform-Swift.h

Copy /tmp/Forsetti-Jamf-Pro-DerivedData-324-build/Build/Products/Debug/ForsettiPlatform.swiftmodule/arm64-apple-macos.swiftmodule /tmp/Forsetti-Jamf-Pro-DerivedData-324-build/Build/Intermediates.noindex/ForsettiFramework.build/Debug/ForsettiPlatform.build/Objects-normal/arm64/ForsettiPlatform.swiftmodule (in target 'ForsettiPlatform' from project 'ForsettiFramework')
    cd /tmp/Forsetti-Jamf-Pro-DerivedData-324-build/SourcePackages/checkouts/Forsetti-Framework
    builtin-copy -exclude .DS_Store -exclude CVS -exclude .svn -exclude .git -exclude .hg -resolve-src-symlinks -rename /tmp/Forsetti-Jamf-Pro-DerivedData-324-build/Build/Intermediates.noindex/ForsettiFramework.build/Debug/ForsettiPlatform.build/Objects-normal/arm64/ForsettiPlatform.swiftmodule /tmp/Forsetti-Jamf-Pro-DerivedData-324-build/Build/Products/Debug/ForsettiPlatform.swiftmodule/arm64-apple-macos.swiftmodule

Copy /tmp/Forsetti-Jamf-Pro-DerivedData-324-build/Build/Products/Debug/ForsettiPlatform.swiftmodule/arm64-apple-macos.abi.json /tmp/Forsetti-Jamf-Pro-DerivedData-324-build/Build/Intermediates.noindex/ForsettiFramework.build/Debug/ForsettiPlatform.build/Objects-normal/arm64/ForsettiPlatform.abi.json (in target 'ForsettiPlatform' from project 'ForsettiFramework')
    cd /tmp/Forsetti-Jamf-Pro-DerivedData-324-build/SourcePackages/checkouts/Forsetti-Framework
    builtin-copy -exclude .DS_Store -exclude CVS -exclude .svn -exclude .git -exclude .hg -resolve-src-symlinks -rename /tmp/Forsetti-Jamf-Pro-DerivedData-324-build/Build/Intermediates.noindex/ForsettiFramework.build/Debug/ForsettiPlatform.build/Objects-normal/arm64/ForsettiPlatform.abi.json /tmp/Forsetti-Jamf-Pro-DerivedData-324-build/Build/Products/Debug/ForsettiPlatform.swiftmodule/arm64-apple-macos.abi.json

Copy /tmp/Forsetti-Jamf-Pro-DerivedData-324-build/Build/Products/Debug/ForsettiPlatform.swiftmodule/arm64-apple-macos.swiftdoc /tmp/Forsetti-Jamf-Pro-DerivedData-324-build/Build/Intermediates.noindex/ForsettiFramework.build/Debug/ForsettiPlatform.build/Objects-normal/arm64/ForsettiPlatform.swiftdoc (in target 'ForsettiPlatform' from project 'ForsettiFramework')
    cd /tmp/Forsetti-Jamf-Pro-DerivedData-324-build/SourcePackages/checkouts/Forsetti-Framework
    builtin-copy -exclude .DS_Store -exclude CVS -exclude .svn -exclude .git -exclude .hg -resolve-src-symlinks -rename /tmp/Forsetti-Jamf-Pro-DerivedData-324-build/Build/Intermediates.noindex/ForsettiFramework.build/Debug/ForsettiPlatform.build/Objects-normal/arm64/ForsettiPlatform.swiftdoc /tmp/Forsetti-Jamf-Pro-DerivedData-324-build/Build/Products/Debug/ForsettiPlatform.swiftmodule/arm64-apple-macos.swiftdoc

Copy /tmp/Forsetti-Jamf-Pro-DerivedData-324-build/Build/Products/Debug/ForsettiPlatform.swiftmodule/Project/arm64-apple-macos.swiftsourceinfo /tmp/Forsetti-Jamf-Pro-DerivedData-324-build/Build/Intermediates.noindex/ForsettiFramework.build/Debug/ForsettiPlatform.build/Objects-normal/arm64/ForsettiPlatform.swiftsourceinfo (in target 'ForsettiPlatform' from project 'ForsettiFramework')
    cd /tmp/Forsetti-Jamf-Pro-DerivedData-324-build/SourcePackages/checkouts/Forsetti-Framework
    builtin-copy -exclude .DS_Store -exclude CVS -exclude .svn -exclude .git -exclude .hg -resolve-src-symlinks -rename /tmp/Forsetti-Jamf-Pro-DerivedData-324-build/Build/Intermediates.noindex/ForsettiFramework.build/Debug/ForsettiPlatform.build/Objects-normal/arm64/ForsettiPlatform.swiftsourceinfo /tmp/Forsetti-Jamf-Pro-DerivedData-324-build/Build/Products/Debug/ForsettiPlatform.swiftmodule/Project/arm64-apple-macos.swiftsourceinfo

MkDir /tmp/Forsetti-Jamf-Pro-DerivedData-324-build/Build/Intermediates.noindex/Forsetti.build/Debug/Forsetti.build/assetcatalog_output/unthinned (in target 'Forsetti' from project 'Forsetti')
    cd /Volumes/NVME/GitHub/Forsetti-Jamf-Pro
    /bin/mkdir -p /tmp/Forsetti-Jamf-Pro-DerivedData-324-build/Build/Intermediates.noindex/Forsetti.build/Debug/Forsetti.build/assetcatalog_output/unthinned

MkDir /tmp/Forsetti-Jamf-Pro-DerivedData-324-build/Build/Intermediates.noindex/Forsetti.build/Debug/Forsetti.build/assetcatalog_output/thinned (in target 'Forsetti' from project 'Forsetti')
    cd /Volumes/NVME/GitHub/Forsetti-Jamf-Pro
    /bin/mkdir -p /tmp/Forsetti-Jamf-Pro-DerivedData-324-build/Build/Intermediates.noindex/Forsetti.build/Debug/Forsetti.build/assetcatalog_output/thinned

GenerateAssetSymbols /Volumes/NVME/GitHub/Forsetti-Jamf-Pro/ForsettiApp/Assets.xcassets (in target 'Forsetti' from project 'Forsetti')
    cd /Volumes/NVME/GitHub/Forsetti-Jamf-Pro
    /Applications/Xcode.app/Contents/Developer/usr/bin/actool /Volumes/NVME/GitHub/Forsetti-Jamf-Pro/ForsettiApp/Assets.xcassets --compile /tmp/Forsetti-Jamf-Pro-DerivedData-324-build/Build/Products/Debug/Forsetti.app/Contents/Resources --output-format human-readable-text --notices --warnings --export-dependency-info /tmp/Forsetti-Jamf-Pro-DerivedData-324-build/Build/Intermediates.noindex/Forsetti.build/Debug/Forsetti.build/assetcatalog_dependencies --output-partial-info-plist /tmp/Forsetti-Jamf-Pro-DerivedData-324-build/Build/Intermediates.noindex/Forsetti.build/Debug/Forsetti.build/assetcatalog_generated_info.plist --app-icon AppIcon --accent-color AccentColor --enable-on-demand-resources NO --development-region en --target-device mac --minimum-deployment-target 14.0 --platform macosx --bundle-identifier com.ravenforge.forsetti --generate-swift-asset-symbols /tmp/Forsetti-Jamf-Pro-DerivedData-324-build/Build/Intermediates.noindex/Forsetti.build/Debug/Forsetti.build/DerivedSources/GeneratedAssetSymbols.swift --generate-objc-asset-symbols /tmp/Forsetti-Jamf-Pro-DerivedData-324-build/Build/Intermediates.noindex/Forsetti.build/Debug/Forsetti.build/DerivedSources/GeneratedAssetSymbols.h --generate-asset-symbol-index /tmp/Forsetti-Jamf-Pro-DerivedData-324-build/Build/Intermediates.noindex/Forsetti.build/Debug/Forsetti.build/DerivedSources/GeneratedAssetSymbols-Index.plist
/* com.apple.actool.compilation-results */
/tmp/Forsetti-Jamf-Pro-DerivedData-324-build/Build/Intermediates.noindex/Forsetti.build/Debug/Forsetti.build/DerivedSources/GeneratedAssetSymbols-Index.plist
/tmp/Forsetti-Jamf-Pro-DerivedData-324-build/Build/Intermediates.noindex/Forsetti.build/Debug/Forsetti.build/DerivedSources/GeneratedAssetSymbols.h
/tmp/Forsetti-Jamf-Pro-DerivedData-324-build/Build/Intermediates.noindex/Forsetti.build/Debug/Forsetti.build/DerivedSources/GeneratedAssetSymbols.swift


CompileAssetCatalogVariant thinned /tmp/Forsetti-Jamf-Pro-DerivedData-324-build/Build/Products/Debug/Forsetti.app/Contents/Resources /Volumes/NVME/GitHub/Forsetti-Jamf-Pro/ForsettiApp/Assets.xcassets (in target 'Forsetti' from project 'Forsetti')
    cd /Volumes/NVME/GitHub/Forsetti-Jamf-Pro
    /Applications/Xcode.app/Contents/Developer/usr/bin/actool /Volumes/NVME/GitHub/Forsetti-Jamf-Pro/ForsettiApp/Assets.xcassets --compile /tmp/Forsetti-Jamf-Pro-DerivedData-324-build/Build/Intermediates.noindex/Forsetti.build/Debug/Forsetti.build/assetcatalog_output/thinned --output-format human-readable-text --notices --warnings --export-dependency-info /tmp/Forsetti-Jamf-Pro-DerivedData-324-build/Build/Intermediates.noindex/Forsetti.build/Debug/Forsetti.build/assetcatalog_dependencies_thinned --output-partial-info-plist /tmp/Forsetti-Jamf-Pro-DerivedData-324-build/Build/Intermediates.noindex/Forsetti.build/Debug/Forsetti.build/assetcatalog_generated_info.plist_thinned --app-icon AppIcon --accent-color AccentColor --enable-on-demand-resources NO --development-region en --target-device mac --minimum-deployment-target 14.0 --platform macosx
/* com.apple.actool.compilation-results */
/tmp/Forsetti-Jamf-Pro-DerivedData-324-build/Build/Intermediates.noindex/Forsetti.build/Debug/Forsetti.build/assetcatalog_generated_info.plist_thinned
/tmp/Forsetti-Jamf-Pro-DerivedData-324-build/Build/Intermediates.noindex/Forsetti.build/Debug/Forsetti.build/assetcatalog_output/thinned/AppIcon.icns
/tmp/Forsetti-Jamf-Pro-DerivedData-324-build/Build/Intermediates.noindex/Forsetti.build/Debug/Forsetti.build/assetcatalog_output/thinned/Assets.car


SwiftDriver Forsetti normal arm64 com.apple.xcode.tools.swift.compiler (in target 'Forsetti' from project 'Forsetti')
    cd /Volumes/NVME/GitHub/Forsetti-Jamf-Pro
    builtin-SwiftDriver -- /Applications/Xcode.app/Contents/Developer/Toolchains/XcodeDefault.xctoolchain/usr/bin/swiftc -module-name Forsetti -Onone @/tmp/Forsetti-Jamf-Pro-DerivedData-324-build/Build/Intermediates.noindex/Forsetti.build/Debug/Forsetti.build/Objects-normal/arm64/Forsetti.SwiftFileList -DDEBUG -default-isolation\=MainActor -enable-bare-slash-regex -enable-upcoming-feature DisableOutwardActorInference -enable-upcoming-feature InferSendableFromCaptures -enable-upcoming-feature GlobalActorIsolatedTypesUsability -enable-upcoming-feature MemberImportVisibility -enable-upcoming-feature InferIsolatedConformances -enable-upcoming-feature NonisolatedNonsendingByDefault -enable-experimental-feature DebugDescriptionMacro -sdk /Applications/Xcode.app/Contents/Developer/Platforms/MacOSX.platform/Developer/SDKs/MacOSX26.5.sdk -target arm64-apple-macos14.0 -g -module-cache-path /tmp/Forsetti-Jamf-Pro-DerivedData-324-build/ModuleCache.noindex -Xfrontend -serialize-debugging-options -profile-coverage-mapping -profile-generate -enable-testing -index-store-path /tmp/Forsetti-Jamf-Pro-DerivedData-324-build/Index.noindex/DataStore -Xcc -D_LIBCPP_HARDENING_MODE\=_LIBCPP_HARDENING_MODE_DEBUG -swift-version 5 -I /tmp/Forsetti-Jamf-Pro-DerivedData-324-build/Build/Products/Debug -F /tmp/Forsetti-Jamf-Pro-DerivedData-324-build/Build/Products/Debug/PackageFrameworks -F /tmp/Forsetti-Jamf-Pro-DerivedData-324-build/Build/Products/Debug/PackageFrameworks -F /tmp/Forsetti-Jamf-Pro-DerivedData-324-build/Build/Products/Debug -emit-localized-strings -emit-localized-strings-path /tmp/Forsetti-Jamf-Pro-DerivedData-324-build/Build/Intermediates.noindex/Forsetti.build/Debug/Forsetti.build/Objects-normal/arm64 -c -j8 -enable-batch-mode -incremental -Xcc -ivfsstatcache -Xcc /tmp/Forsetti-Jamf-Pro-DerivedData-324-build/SDKStatCaches.noindex/macosx26.5-25F70-e082c4a02f00227109f4ed75e425c832.sdkstatcache -output-file-map /tmp/Forsetti-Jamf-Pro-DerivedData-324-build/Build/Intermediates.noindex/Forsetti.build/Debug/Forsetti.build/Objects-normal/arm64/Forsetti-OutputFileMap.json -use-frontend-parseable-output -save-temps -no-color-diagnostics -explicit-module-build -module-cache-path /tmp/Forsetti-Jamf-Pro-DerivedData-324-build/Build/Intermediates.noindex/SwiftExplicitPrecompiledModules -clang-scanner-module-cache-path /tmp/Forsetti-Jamf-Pro-DerivedData-324-build/ModuleCache.noindex -sdk-module-cache-path /tmp/Forsetti-Jamf-Pro-DerivedData-324-build/ModuleCache.noindex -serialize-diagnostics -emit-dependencies -emit-module -emit-module-path /tmp/Forsetti-Jamf-Pro-DerivedData-324-build/Build/Intermediates.noindex/Forsetti.build/Debug/Forsetti.build/Objects-normal/arm64/Forsetti.swiftmodule -validate-clang-modules-once -clang-build-session-file /tmp/Forsetti-Jamf-Pro-DerivedData-324-build/ModuleCache.noindex/Session.modulevalidation -Xcc -I/tmp/Forsetti-Jamf-Pro-DerivedData-324-build/Build/Intermediates.noindex/Forsetti.build/Debug/Forsetti.build/swift-overrides.hmap -emit-const-values -Xfrontend -const-gather-protocols-file -Xfrontend /tmp/Forsetti-Jamf-Pro-DerivedData-324-build/Build/Intermediates.noindex/Forsetti.build/Debug/Forsetti.build/Objects-normal/arm64/Forsetti_const_extract_protocols.json -Xcc -iquote -Xcc /tmp/Forsetti-Jamf-Pro-DerivedData-324-build/Build/Intermediates.noindex/Forsetti.build/Debug/Forsetti.build/Forsetti-generated-files.hmap -Xcc -I/tmp/Forsetti-Jamf-Pro-DerivedData-324-build/Build/Intermediates.noindex/Forsetti.build/Debug/Forsetti.build/Forsetti-own-target-headers.hmap -Xcc -I/tmp/Forsetti-Jamf-Pro-DerivedData-324-build/Build/Intermediates.noindex/Forsetti.build/Debug/Forsetti.build/Forsetti-all-non-framework-target-headers.hmap -Xcc -ivfsoverlay -Xcc /tmp/Forsetti-Jamf-Pro-DerivedData-324-build/Build/Intermediates.noindex/Forsetti.build/Debug/Forsetti-4fb3c4c4284d3dc37d66b05580302470-VFS/all-product-headers.yaml -Xcc -iquote -Xcc /tmp/Forsetti-Jamf-Pro-DerivedData-324-build/Build/Intermediates.noindex/Forsetti.build/Debug/Forsetti.build/Forsetti-project-headers.hmap -Xcc -I/tmp/Forsetti-Jamf-Pro-DerivedData-324-build/Build/Products/Debug/include -Xcc -I/tmp/Forsetti-Jamf-Pro-DerivedData-324-build/Build/Intermediates.noindex/Forsetti.build/Debug/Forsetti.build/DerivedSources-normal/arm64 -Xcc -I/tmp/Forsetti-Jamf-Pro-DerivedData-324-build/Build/Intermediates.noindex/Forsetti.build/Debug/Forsetti.build/DerivedSources/arm64 -Xcc -I/tmp/Forsetti-Jamf-Pro-DerivedData-324-build/Build/Intermediates.noindex/Forsetti.build/Debug/Forsetti.build/DerivedSources -Xcc -DDEBUG\=1 -emit-objc-header -emit-objc-header-path /tmp/Forsetti-Jamf-Pro-DerivedData-324-build/Build/Intermediates.noindex/Forsetti.build/Debug/Forsetti.build/Objects-normal/arm64/Forsetti-Swift.h -working-directory /Volumes/NVME/GitHub/Forsetti-Jamf-Pro -experimental-emit-module-separately -disable-cmo

SwiftDriverJobDiscovery normal arm64 Compiling PlatformServices.swift (in target 'ForsettiPlatform' from project 'ForsettiFramework')

LinkAssetCatalog /Volumes/NVME/GitHub/Forsetti-Jamf-Pro/ForsettiApp/Assets.xcassets (in target 'Forsetti' from project 'Forsetti')
    cd /Volumes/NVME/GitHub/Forsetti-Jamf-Pro
    builtin-linkAssetCatalog --thinned /tmp/Forsetti-Jamf-Pro-DerivedData-324-build/Build/Intermediates.noindex/Forsetti.build/Debug/Forsetti.build/assetcatalog_output/thinned --thinned-dependencies /tmp/Forsetti-Jamf-Pro-DerivedData-324-build/Build/Intermediates.noindex/Forsetti.build/Debug/Forsetti.build/assetcatalog_dependencies_thinned --thinned-info-plist-content /tmp/Forsetti-Jamf-Pro-DerivedData-324-build/Build/Intermediates.noindex/Forsetti.build/Debug/Forsetti.build/assetcatalog_generated_info.plist_thinned --unthinned /tmp/Forsetti-Jamf-Pro-DerivedData-324-build/Build/Intermediates.noindex/Forsetti.build/Debug/Forsetti.build/assetcatalog_output/unthinned --unthinned-dependencies /tmp/Forsetti-Jamf-Pro-DerivedData-324-build/Build/Intermediates.noindex/Forsetti.build/Debug/Forsetti.build/assetcatalog_dependencies_unthinned --unthinned-info-plist-content /tmp/Forsetti-Jamf-Pro-DerivedData-324-build/Build/Intermediates.noindex/Forsetti.build/Debug/Forsetti.build/assetcatalog_generated_info.plist_unthinned --output /tmp/Forsetti-Jamf-Pro-DerivedData-324-build/Build/Products/Debug/Forsetti.app/Contents/Resources --plist-output /tmp/Forsetti-Jamf-Pro-DerivedData-324-build/Build/Intermediates.noindex/Forsetti.build/Debug/Forsetti.build/assetcatalog_generated_info.plist
note: Emplaced /tmp/Forsetti-Jamf-Pro-DerivedData-324-build/Build/Products/Debug/Forsetti.app/Contents/Resources/Assets.car (in target 'Forsetti' from project 'Forsetti')
note: Emplaced /tmp/Forsetti-Jamf-Pro-DerivedData-324-build/Build/Products/Debug/Forsetti.app/Contents/Resources/AppIcon.icns (in target 'Forsetti' from project 'Forsetti')

SwiftExplicitDependencyGeneratePcm arm64 /tmp/Forsetti-Jamf-Pro-DerivedData-324-build/ModuleCache.noindex/_Builtin_float-FJP0AGL8LIMOPUPRC62GV6PI.pcm

SwiftExplicitDependencyGeneratePcm arm64 /tmp/Forsetti-Jamf-Pro-DerivedData-324-build/ModuleCache.noindex/_Builtin_stddef-6C3WG4KDTKZ6O5LOFMXBDYHF2.pcm

SwiftExplicitDependencyGeneratePcm arm64 /tmp/Forsetti-Jamf-Pro-DerivedData-324-build/ModuleCache.noindex/_SwiftConcurrencyShims-E2A0H5GJ92L3IZRDWGHZOS7TA.pcm

SwiftExplicitDependencyGeneratePcm arm64 /tmp/Forsetti-Jamf-Pro-DerivedData-324-build/ModuleCache.noindex/ptrcheck-2393LCXF1NIDJKQ8SPHD2FAQY.pcm

SwiftExplicitDependencyGeneratePcm arm64 /tmp/Forsetti-Jamf-Pro-DerivedData-324-build/ModuleCache.noindex/SwiftShims-58I4ALRFK0T2WK6RMRXG9R6VP.pcm

SwiftExplicitDependencyGeneratePcm arm64 /tmp/Forsetti-Jamf-Pro-DerivedData-324-build/ModuleCache.noindex/ptrauth-5XOHNJX0NHZ6OUBT6JV3LSCZ.pcm

SwiftExplicitDependencyGeneratePcm arm64 /tmp/Forsetti-Jamf-Pro-DerivedData-324-build/ModuleCache.noindex/DeveloperToolsSupport-DFHQ30TCWIPMKX2X5WA9F484E.pcm

SwiftExplicitDependencyGeneratePcm arm64 /tmp/Forsetti-Jamf-Pro-DerivedData-324-build/ModuleCache.noindex/_Builtin_stdbool-EKDES9DO5MATONPTN4ZIBVHDO.pcm

SwiftExplicitDependencyGeneratePcm arm64 /tmp/Forsetti-Jamf-Pro-DerivedData-324-build/ModuleCache.noindex/_AvailabilityInternal-1V2WVE5OSCCBCX85ZYQTTRFTQ.pcm

SwiftExplicitDependencyGeneratePcm arm64 /tmp/Forsetti-Jamf-Pro-DerivedData-324-build/ModuleCache.noindex/_Builtin_stdarg-5S9IGE5Y5B9P6XE1WUFJU3HR9.pcm

SwiftExplicitDependencyGeneratePcm arm64 /tmp/Forsetti-Jamf-Pro-DerivedData-324-build/ModuleCache.noindex/_DarwinFoundation1-1QYO0J8EMOCDY2SNZSBPJLSL3.pcm

SwiftExplicitDependencyGeneratePcm arm64 /tmp/Forsetti-Jamf-Pro-DerivedData-324-build/ModuleCache.noindex/ExtensionFoundation-7CW4J4UFP62KCW8XBR5XK5K03.pcm

SwiftExplicitDependencyGeneratePcm arm64 /tmp/Forsetti-Jamf-Pro-DerivedData-324-build/ModuleCache.noindex/_Builtin_limits-DON3DEBCLY33WFP0B8C9R3H0N.pcm

SwiftExplicitDependencyGeneratePcm arm64 /tmp/Forsetti-Jamf-Pro-DerivedData-324-build/ModuleCache.noindex/_DarwinFoundation2-9YUU8DCM2XQMQA02NG6Y02TWR.pcm

SwiftExplicitDependencyGeneratePcm arm64 /tmp/Forsetti-Jamf-Pro-DerivedData-324-build/ModuleCache.noindex/_Builtin_tgmath-CMMBYTB56VEA6DT0CFKO72M1T.pcm

SwiftExplicitDependencyGeneratePcm arm64 /tmp/Forsetti-Jamf-Pro-DerivedData-324-build/ModuleCache.noindex/sys_types-3DEMJ87FCCZAHKJOU7WHRVH93.pcm

SwiftExplicitDependencyGeneratePcm arm64 /tmp/Forsetti-Jamf-Pro-DerivedData-324-build/ModuleCache.noindex/_Builtin_stdint-1VUFDNIH20W7JIQAIXFDNX8IF.pcm

SwiftExplicitDependencyGeneratePcm arm64 /tmp/Forsetti-Jamf-Pro-DerivedData-324-build/ModuleCache.noindex/_DarwinFoundation3-8Y8TZ442WXWV2FRNET03UKEZV.pcm

SwiftExplicitDependencyGeneratePcm arm64 /tmp/Forsetti-Jamf-Pro-DerivedData-324-build/ModuleCache.noindex/OpenGL-2D0VPFAEMI2VPFBSGW0KJ5BUL.pcm

SwiftExplicitDependencyGeneratePcm arm64 /tmp/Forsetti-Jamf-Pro-DerivedData-324-build/ModuleCache.noindex/libDER-EJ1KMX9MXYPDY5ZH7N9WF605B.pcm

SwiftExplicitDependencyGeneratePcm arm64 /tmp/Forsetti-Jamf-Pro-DerivedData-324-build/ModuleCache.noindex/_Builtin_intrinsics-DPMLRXVE2QK2DB287I99HZXFA.pcm

SwiftExplicitDependencyGeneratePcm arm64 /tmp/Forsetti-Jamf-Pro-DerivedData-324-build/ModuleCache.noindex/_Builtin_stdatomic-ACMCVWFPKCJSPPWLYW0ASJRZV.pcm

SwiftExplicitDependencyGeneratePcm arm64 /tmp/Forsetti-Jamf-Pro-DerivedData-324-build/ModuleCache.noindex/_Builtin_inttypes-BSZ2TCE8ZWD6T5PXRTF0M947J.pcm

SwiftExplicitDependencyGeneratePcm arm64 /tmp/Forsetti-Jamf-Pro-DerivedData-324-build/ModuleCache.noindex/Darwin-BYTHEFNWLN8FKGINJMNQCVG26.pcm

SwiftExplicitDependencyGeneratePcm arm64 /tmp/Forsetti-Jamf-Pro-DerivedData-324-build/ModuleCache.noindex/simd-547L48ZRIUIBA4B0CU225VTUG.pcm

SwiftDriverJobDiscovery normal arm64 Compiling EntitlementProviders.swift (in target 'ForsettiPlatform' from project 'ForsettiFramework')

SwiftDriver\ Compilation ForsettiPlatform normal arm64 com.apple.xcode.tools.swift.compiler (in target 'ForsettiPlatform' from project 'ForsettiFramework')
    cd /Volumes/NVME/GitHub/Forsetti-Jamf-Pro/Forsetti.xcodeproj
    builtin-Swift-Compilation -- /Applications/Xcode.app/Contents/Developer/Toolchains/XcodeDefault.xctoolchain/usr/bin/swiftc -module-name ForsettiPlatform -Onone @/tmp/Forsetti-Jamf-Pro-DerivedData-324-build/Build/Intermediates.noindex/ForsettiFramework.build/Debug/ForsettiPlatform.build/Objects-normal/arm64/ForsettiPlatform.SwiftFileList -DSWIFT_PACKAGE -DDEBUG -DSWIFT_MODULE_RESOURCE_BUNDLE_UNAVAILABLE -DXcode -plugin-path /Applications/Xcode.app/Contents/Developer/Toolchains/XcodeDefault.xctoolchain/usr/lib/swift/host/plugins/testing -enable-experimental-feature DebugDescriptionMacro -sdk /Applications/Xcode.app/Contents/Developer/Platforms/MacOSX.platform/Developer/SDKs/MacOSX26.5.sdk -target arm64-apple-macos14.0 -g -module-cache-path /tmp/Forsetti-Jamf-Pro-DerivedData-324-build/ModuleCache.noindex -Xfrontend -serialize-debugging-options -profile-coverage-mapping -profile-generate -enable-testing -suppress-warnings -index-store-path /tmp/Forsetti-Jamf-Pro-DerivedData-324-build/Index.noindex/DataStore -Xcc -D_LIBCPP_HARDENING_MODE\=_LIBCPP_HARDENING_MODE_DEBUG -swift-version 5 -I /tmp/Forsetti-Jamf-Pro-DerivedData-324-build/Build/Products/Debug -Isystem /Applications/Xcode.app/Contents/Developer/Platforms/MacOSX.platform/Developer/usr/lib -F /tmp/Forsetti-Jamf-Pro-DerivedData-324-build/Build/Products/Debug/PackageFrameworks -F /tmp/Forsetti-Jamf-Pro-DerivedData-324-build/Build/Products/Debug -F /Applications/Xcode.app/Contents/Developer/Platforms/MacOSX.platform/Developer/Library/Frameworks -c -j8 -enable-batch-mode -incremental -Xcc -ivfsstatcache -Xcc /tmp/Forsetti-Jamf-Pro-DerivedData-324-build/SDKStatCaches.noindex/macosx26.5-25F70-e082c4a02f00227109f4ed75e425c832.sdkstatcache -output-file-map /tmp/Forsetti-Jamf-Pro-DerivedData-324-build/Build/Intermediates.noindex/ForsettiFramework.build/Debug/ForsettiPlatform.build/Objects-normal/arm64/ForsettiPlatform-OutputFileMap.json -use-frontend-parseable-output -save-temps -no-color-diagnostics -explicit-module-build -module-cache-path /tmp/Forsetti-Jamf-Pro-DerivedData-324-build/Build/Intermediates.noindex/SwiftExplicitPrecompiledModules -clang-scanner-module-cache-path /tmp/Forsetti-Jamf-Pro-DerivedData-324-build/ModuleCache.noindex -sdk-module-cache-path /tmp/Forsetti-Jamf-Pro-DerivedData-324-build/ModuleCache.noindex -serialize-diagnostics -emit-dependencies -emit-module -emit-module-path /tmp/Forsetti-Jamf-Pro-DerivedData-324-build/Build/Intermediates.noindex/ForsettiFramework.build/Debug/ForsettiPlatform.build/Objects-normal/arm64/ForsettiPlatform.swiftmodule -validate-clang-modules-once -clang-build-session-file /tmp/Forsetti-Jamf-Pro-DerivedData-324-build/ModuleCache.noindex/Session.modulevalidation -package-name forsetti_framework -Xcc -I/tmp/Forsetti-Jamf-Pro-DerivedData-324-build/Build/Intermediates.noindex/ForsettiFramework.build/Debug/ForsettiPlatform.build/swift-overrides.hmap -emit-const-values -Xfrontend -const-gather-protocols-file -Xfrontend /tmp/Forsetti-Jamf-Pro-DerivedData-324-build/Build/Intermediates.noindex/ForsettiFramework.build/Debug/ForsettiPlatform.build/Objects-normal/arm64/ForsettiPlatform_const_extract_protocols.json -Xcc -I/tmp/Forsetti-Jamf-Pro-DerivedData-324-build/Build/Products/Debug/include -Xcc -I/tmp/Forsetti-Jamf-Pro-DerivedData-324-build/Build/Intermediates.noindex/ForsettiFramework.build/Debug/ForsettiPlatform.build/DerivedSources-normal/arm64 -Xcc -I/tmp/Forsetti-Jamf-Pro-DerivedData-324-build/Build/Intermediates.noindex/ForsettiFramework.build/Debug/ForsettiPlatform.build/DerivedSources/arm64 -Xcc -I/tmp/Forsetti-Jamf-Pro-DerivedData-324-build/Build/Intermediates.noindex/ForsettiFramework.build/Debug/ForsettiPlatform.build/DerivedSources -Xcc -DSWIFT_PACKAGE -Xcc -DDEBUG\=1 -emit-objc-header -emit-objc-header-path /tmp/Forsetti-Jamf-Pro-DerivedData-324-build/Build/Intermediates.noindex/ForsettiFramework.build/Debug/ForsettiPlatform.build/Objects-normal/arm64/ForsettiPlatform-Swift.h -working-directory /Volumes/NVME/GitHub/Forsetti-Jamf-Pro/Forsetti.xcodeproj -experimental-emit-module-separately -disable-cmo

Ld /tmp/Forsetti-Jamf-Pro-DerivedData-324-build/Build/Products/Debug/ForsettiPlatform.o normal (in target 'ForsettiPlatform' from project 'ForsettiFramework')
    cd /tmp/Forsetti-Jamf-Pro-DerivedData-324-build/SourcePackages/checkouts/Forsetti-Framework
    /Applications/Xcode.app/Contents/Developer/Toolchains/XcodeDefault.xctoolchain/usr/bin/clang -Xlinker -reproducible -target arm64-apple-macos14.0 -r -isysroot /Applications/Xcode.app/Contents/Developer/Platforms/MacOSX.platform/Developer/SDKs/MacOSX26.5.sdk -O0 -w -F/tmp/Forsetti-Jamf-Pro-DerivedData-324-build/Build/Intermediates.noindex/EagerLinkingTBDs/Debug -F/tmp/Forsetti-Jamf-Pro-DerivedData-324-build/Build/Products/Debug/PackageFrameworks -F/tmp/Forsetti-Jamf-Pro-DerivedData-324-build/Build/Products/Debug -iframework /Applications/Xcode.app/Contents/Developer/Platforms/MacOSX.platform/Developer/Library/Frameworks -filelist /tmp/Forsetti-Jamf-Pro-DerivedData-324-build/Build/Intermediates.noindex/ForsettiFramework.build/Debug/ForsettiPlatform.build/Objects-normal/arm64/ForsettiPlatform.LinkFileList -nostdlib -Xlinker -object_path_lto -Xlinker /tmp/Forsetti-Jamf-Pro-DerivedData-324-build/Build/Intermediates.noindex/ForsettiFramework.build/Debug/ForsettiPlatform.build/Objects-normal/arm64/ForsettiPlatform_lto.o -Xlinker -no_deduplicate -Xlinker -debug_variant -Xlinker -dependency_info -Xlinker /tmp/Forsetti-Jamf-Pro-DerivedData-324-build/Build/Intermediates.noindex/ForsettiFramework.build/Debug/ForsettiPlatform.build/Objects-normal/arm64/ForsettiPlatform_dependency_info.dat -fobjc-link-runtime -L/Applications/Xcode.app/Contents/Developer/Toolchains/XcodeDefault.xctoolchain/usr/lib/swift/macosx -L/usr/lib/swift -Xlinker -add_ast_path -Xlinker /tmp/Forsetti-Jamf-Pro-DerivedData-324-build/Build/Intermediates.noindex/ForsettiFramework.build/Debug/ForsettiPlatform.build/Objects-normal/arm64/ForsettiPlatform.swiftmodule @/tmp/Forsetti-Jamf-Pro-DerivedData-324-build/Build/Intermediates.noindex/ForsettiFramework.build/Debug/ForsettiPlatform.build/Objects-normal/arm64/ForsettiPlatform-linker-args.resp -o /tmp/Forsetti-Jamf-Pro-DerivedData-324-build/Build/Products/Debug/ForsettiPlatform.o

ExtractAppIntentsMetadata (in target 'ForsettiPlatform' from project 'ForsettiFramework')
    cd /tmp/Forsetti-Jamf-Pro-DerivedData-324-build/SourcePackages/checkouts/Forsetti-Framework
    /Applications/Xcode.app/Contents/Developer/Toolchains/XcodeDefault.xctoolchain/usr/bin/appintentsmetadataprocessor --toolchain-dir /Applications/Xcode.app/Contents/Developer/Toolchains/XcodeDefault.xctoolchain --module-name ForsettiPlatform --sdk-root /Applications/Xcode.app/Contents/Developer/Platforms/MacOSX.platform/Developer/SDKs/MacOSX26.5.sdk --xcode-version 17F42 --platform-family macOS --deployment-target 14.0 --bundle-identifier forsetti-framework.ForsettiPlatform --output /tmp/Forsetti-Jamf-Pro-DerivedData-324-build/Build/Products/Debug/ForsettiPlatform.appintents --target-triple arm64-apple-macos14.0 --binary-file /tmp/Forsetti-Jamf-Pro-DerivedData-324-build/Build/Products/Debug/ForsettiPlatform.o --dependency-file /tmp/Forsetti-Jamf-Pro-DerivedData-324-build/Build/Intermediates.noindex/ForsettiFramework.build/Debug/ForsettiPlatform.build/Objects-normal/arm64/ForsettiPlatform_dependency_info.dat --stringsdata-file /tmp/Forsetti-Jamf-Pro-DerivedData-324-build/Build/Intermediates.noindex/ForsettiFramework.build/Debug/ForsettiPlatform.build/Objects-normal/arm64/ExtractedAppShortcutsMetadata.stringsdata --source-file-list /tmp/Forsetti-Jamf-Pro-DerivedData-324-build/Build/Intermediates.noindex/ForsettiFramework.build/Debug/ForsettiPlatform.build/Objects-normal/arm64/ForsettiPlatform.SwiftFileList --metadata-file-list /tmp/Forsetti-Jamf-Pro-DerivedData-324-build/Build/Intermediates.noindex/ForsettiFramework.build/Debug/ForsettiPlatform.build/ForsettiPlatform.DependencyMetadataFileList --static-metadata-file-list /tmp/Forsetti-Jamf-Pro-DerivedData-324-build/Build/Intermediates.noindex/ForsettiFramework.build/Debug/ForsettiPlatform.build/ForsettiPlatform.DependencyStaticMetadataFileList --swift-const-vals-list /tmp/Forsetti-Jamf-Pro-DerivedData-324-build/Build/Intermediates.noindex/ForsettiFramework.build/Debug/ForsettiPlatform.build/Objects-normal/arm64/ForsettiPlatform.SwiftConstValuesFileList --force --compile-time-extraction --deployment-aware-processing --validate-system-intents --no-app-shortcuts-localization
2026-05-31 11:19:21.787 appintentsmetadataprocessor[16131:7309908] Starting appintentsmetadataprocessor export
2026-05-31 11:19:21.793 appintentsmetadataprocessor[16131:7309908] Extracted no relevant App Intents symbols, skipping writing output

RegisterExecutionPolicyException /tmp/Forsetti-Jamf-Pro-DerivedData-324-build/Build/Products/Debug/ForsettiPlatform.o (in target 'ForsettiPlatform' from project 'ForsettiFramework')
    cd /tmp/Forsetti-Jamf-Pro-DerivedData-324-build/SourcePackages/checkouts/Forsetti-Framework
    builtin-RegisterExecutionPolicyException /tmp/Forsetti-Jamf-Pro-DerivedData-324-build/Build/Products/Debug/ForsettiPlatform.o

CpResource /tmp/Forsetti-Jamf-Pro-DerivedData-324-build/Build/Products/Debug/Forsetti.app/Contents/Resources/SupportTechnicianFeatureModule.json /Volumes/NVME/GitHub/Forsetti-Jamf-Pro/ForsettiApp/Resources/ForsettiManifests/SupportTechnicianFeatureModule.json (in target 'Forsetti' from project 'Forsetti')
    cd /Volumes/NVME/GitHub/Forsetti-Jamf-Pro
    builtin-copy -exclude .DS_Store -exclude CVS -exclude .svn -exclude .git -exclude .hg -resolve-src-symlinks /Volumes/NVME/GitHub/Forsetti-Jamf-Pro/ForsettiApp/Resources/ForsettiManifests/SupportTechnicianFeatureModule.json /tmp/Forsetti-Jamf-Pro-DerivedData-324-build/Build/Products/Debug/Forsetti.app/Contents/Resources

Ld /tmp/Forsetti-Jamf-Pro-DerivedData-324-build/Build/Products/Debug/Forsetti.app/Contents/MacOS/__preview.dylib normal (in target 'Forsetti' from project 'Forsetti')
    cd /Volumes/NVME/GitHub/Forsetti-Jamf-Pro
    /Applications/Xcode.app/Contents/Developer/Toolchains/XcodeDefault.xctoolchain/usr/bin/clang -Xlinker -reproducible -target arm64-apple-macos14.0 -dynamiclib -isysroot /Applications/Xcode.app/Contents/Developer/Platforms/MacOSX.platform/Developer/SDKs/MacOSX26.5.sdk -O0 -L/tmp/Forsetti-Jamf-Pro-DerivedData-324-build/Build/Products/Debug -F/tmp/Forsetti-Jamf-Pro-DerivedData-324-build/Build/Products/Debug/PackageFrameworks -F/tmp/Forsetti-Jamf-Pro-DerivedData-324-build/Build/Products/Debug/PackageFrameworks -F/tmp/Forsetti-Jamf-Pro-DerivedData-324-build/Build/Products/Debug -install_name @rpath/Forsetti.debug.dylib -Xlinker -dead_strip -rdynamic -Xlinker -no_deduplicate -Xlinker -debug_variant -Xlinker -dependency_info -Xlinker /tmp/Forsetti-Jamf-Pro-DerivedData-324-build/Build/Intermediates.noindex/Forsetti.build/Debug/Forsetti.build/Objects-normal/arm64/Forsetti_dependency_info.dat -o /tmp/Forsetti-Jamf-Pro-DerivedData-324-build/Build/Products/Debug/Forsetti.app/Contents/MacOS/__preview.dylib

CpResource /tmp/Forsetti-Jamf-Pro-DerivedData-324-build/Build/Products/Debug/Forsetti.app/Contents/Resources/SupportTechnicianModernAPIResearch.md /Volumes/NVME/GitHub/Forsetti-Jamf-Pro/ForsettiApp/Modules/SupportTechnician/SupportTechnicianModernAPIResearch.md (in target 'Forsetti' from project 'Forsetti')
    cd /Volumes/NVME/GitHub/Forsetti-Jamf-Pro
    builtin-copy -exclude .DS_Store -exclude CVS -exclude .svn -exclude .git -exclude .hg -resolve-src-symlinks /Volumes/NVME/GitHub/Forsetti-Jamf-Pro/ForsettiApp/Modules/SupportTechnician/SupportTechnicianModernAPIResearch.md /tmp/Forsetti-Jamf-Pro-DerivedData-324-build/Build/Products/Debug/Forsetti.app/Contents/Resources

ProcessInfoPlistFile /tmp/Forsetti-Jamf-Pro-DerivedData-324-build/Build/Products/Debug/Forsetti.app/Contents/Info.plist /tmp/Forsetti-Jamf-Pro-DerivedData-324-build/Build/Intermediates.noindex/Forsetti.build/Debug/Forsetti.build/empty-Forsetti.plist (in target 'Forsetti' from project 'Forsetti')
    cd /Volumes/NVME/GitHub/Forsetti-Jamf-Pro
    builtin-infoPlistUtility /tmp/Forsetti-Jamf-Pro-DerivedData-324-build/Build/Intermediates.noindex/Forsetti.build/Debug/Forsetti.build/empty-Forsetti.plist -producttype com.apple.product-type.application -genpkginfo /tmp/Forsetti-Jamf-Pro-DerivedData-324-build/Build/Products/Debug/Forsetti.app/Contents/PkgInfo -expandbuildsettings -platform macosx -additionalcontentfile /tmp/Forsetti-Jamf-Pro-DerivedData-324-build/Build/Intermediates.noindex/Forsetti.build/Debug/Forsetti.build/assetcatalog_generated_info.plist -o /tmp/Forsetti-Jamf-Pro-DerivedData-324-build/Build/Products/Debug/Forsetti.app/Contents/Info.plist

CpResource /tmp/Forsetti-Jamf-Pro-DerivedData-324-build/Build/Products/Debug/Forsetti.app/Contents/Resources/RetailUIModule.json /Volumes/NVME/GitHub/Forsetti-Jamf-Pro/ForsettiApp/Resources/ForsettiManifests/RetailUIModule.json (in target 'Forsetti' from project 'Forsetti')
    cd /Volumes/NVME/GitHub/Forsetti-Jamf-Pro
    builtin-copy -exclude .DS_Store -exclude CVS -exclude .svn -exclude .git -exclude .hg -resolve-src-symlinks /Volumes/NVME/GitHub/Forsetti-Jamf-Pro/ForsettiApp/Resources/ForsettiManifests/RetailUIModule.json /tmp/Forsetti-Jamf-Pro-DerivedData-324-build/Build/Products/Debug/Forsetti.app/Contents/Resources

CpResource /tmp/Forsetti-Jamf-Pro-DerivedData-324-build/Build/Products/Debug/Forsetti.app/Contents/Resources/ScannerServiceModule.json /Volumes/NVME/GitHub/Forsetti-Jamf-Pro/ForsettiApp/Resources/ForsettiManifests/ScannerServiceModule.json (in target 'Forsetti' from project 'Forsetti')
    cd /Volumes/NVME/GitHub/Forsetti-Jamf-Pro
    builtin-copy -exclude .DS_Store -exclude CVS -exclude .svn -exclude .git -exclude .hg -resolve-src-symlinks /Volumes/NVME/GitHub/Forsetti-Jamf-Pro/ForsettiApp/Resources/ForsettiManifests/ScannerServiceModule.json /tmp/Forsetti-Jamf-Pro-DerivedData-324-build/Build/Products/Debug/Forsetti.app/Contents/Resources

CpResource /tmp/Forsetti-Jamf-Pro-DerivedData-324-build/Build/Products/Debug/Forsetti.app/Contents/Resources/ReportsFeatureModule.json /Volumes/NVME/GitHub/Forsetti-Jamf-Pro/ForsettiApp/Resources/ForsettiManifests/ReportsFeatureModule.json (in target 'Forsetti' from project 'Forsetti')
    cd /Volumes/NVME/GitHub/Forsetti-Jamf-Pro
    builtin-copy -exclude .DS_Store -exclude CVS -exclude .svn -exclude .git -exclude .hg -resolve-src-symlinks /Volumes/NVME/GitHub/Forsetti-Jamf-Pro/ForsettiApp/Resources/ForsettiManifests/ReportsFeatureModule.json /tmp/Forsetti-Jamf-Pro-DerivedData-324-build/Build/Products/Debug/Forsetti.app/Contents/Resources

CpResource /tmp/Forsetti-Jamf-Pro-DerivedData-324-build/Build/Products/Debug/Forsetti.app/Contents/Resources/ReportsDiscoveryNotes.md /Volumes/NVME/GitHub/Forsetti-Jamf-Pro/ForsettiApp/Modules/Reports/ReportsDiscoveryNotes.md (in target 'Forsetti' from project 'Forsetti')
    cd /Volumes/NVME/GitHub/Forsetti-Jamf-Pro
    builtin-copy -exclude .DS_Store -exclude CVS -exclude .svn -exclude .git -exclude .hg -resolve-src-symlinks /Volumes/NVME/GitHub/Forsetti-Jamf-Pro/ForsettiApp/Modules/Reports/ReportsDiscoveryNotes.md /tmp/Forsetti-Jamf-Pro-DerivedData-324-build/Build/Products/Debug/Forsetti.app/Contents/Resources

CpResource /tmp/Forsetti-Jamf-Pro-DerivedData-324-build/Build/Products/Debug/Forsetti.app/Contents/Resources/PrestageDirectorFeatureModule.json /Volumes/NVME/GitHub/Forsetti-Jamf-Pro/ForsettiApp/Resources/ForsettiManifests/PrestageDirectorFeatureModule.json (in target 'Forsetti' from project 'Forsetti')
    cd /Volumes/NVME/GitHub/Forsetti-Jamf-Pro
    builtin-copy -exclude .DS_Store -exclude CVS -exclude .svn -exclude .git -exclude .hg -resolve-src-symlinks /Volumes/NVME/GitHub/Forsetti-Jamf-Pro/ForsettiApp/Resources/ForsettiManifests/PrestageDirectorFeatureModule.json /tmp/Forsetti-Jamf-Pro-DerivedData-324-build/Build/Products/Debug/Forsetti.app/Contents/Resources

CpResource /tmp/Forsetti-Jamf-Pro-DerivedData-324-build/Build/Products/Debug/Forsetti.app/Contents/Resources/MobileDeviceSearchFeatureModule.json /Volumes/NVME/GitHub/Forsetti-Jamf-Pro/ForsettiApp/Resources/ForsettiManifests/MobileDeviceSearchFeatureModule.json (in target 'Forsetti' from project 'Forsetti')
    cd /Volumes/NVME/GitHub/Forsetti-Jamf-Pro
    builtin-copy -exclude .DS_Store -exclude CVS -exclude .svn -exclude .git -exclude .hg -resolve-src-symlinks /Volumes/NVME/GitHub/Forsetti-Jamf-Pro/ForsettiApp/Resources/ForsettiManifests/MobileDeviceSearchFeatureModule.json /tmp/Forsetti-Jamf-Pro-DerivedData-324-build/Build/Products/Debug/Forsetti.app/Contents/Resources

CpResource /tmp/Forsetti-Jamf-Pro-DerivedData-324-build/Build/Products/Debug/Forsetti.app/Contents/Resources/JamfServiceModule.json /Volumes/NVME/GitHub/Forsetti-Jamf-Pro/ForsettiApp/Resources/ForsettiManifests/JamfServiceModule.json (in target 'Forsetti' from project 'Forsetti')
    cd /Volumes/NVME/GitHub/Forsetti-Jamf-Pro
    builtin-copy -exclude .DS_Store -exclude CVS -exclude .svn -exclude .git -exclude .hg -resolve-src-symlinks /Volumes/NVME/GitHub/Forsetti-Jamf-Pro/ForsettiApp/Resources/ForsettiManifests/JamfServiceModule.json /tmp/Forsetti-Jamf-Pro-DerivedData-324-build/Build/Products/Debug/Forsetti.app/Contents/Resources

CpResource /tmp/Forsetti-Jamf-Pro-DerivedData-324-build/Build/Products/Debug/Forsetti.app/Contents/Resources/DiagnosticsServiceModule.json /Volumes/NVME/GitHub/Forsetti-Jamf-Pro/ForsettiApp/Resources/ForsettiManifests/DiagnosticsServiceModule.json (in target 'Forsetti' from project 'Forsetti')
    cd /Volumes/NVME/GitHub/Forsetti-Jamf-Pro
    builtin-copy -exclude .DS_Store -exclude CVS -exclude .svn -exclude .git -exclude .hg -resolve-src-symlinks /Volumes/NVME/GitHub/Forsetti-Jamf-Pro/ForsettiApp/Resources/ForsettiManifests/DiagnosticsServiceModule.json /tmp/Forsetti-Jamf-Pro-DerivedData-324-build/Build/Products/Debug/Forsetti.app/Contents/Resources

CpResource /tmp/Forsetti-Jamf-Pro-DerivedData-324-build/Build/Products/Debug/Forsetti.app/Contents/Resources/DeploymentTrackerFeatureModule.json /Volumes/NVME/GitHub/Forsetti-Jamf-Pro/ForsettiApp/Resources/ForsettiManifests/DeploymentTrackerFeatureModule.json (in target 'Forsetti' from project 'Forsetti')
    cd /Volumes/NVME/GitHub/Forsetti-Jamf-Pro
    builtin-copy -exclude .DS_Store -exclude CVS -exclude .svn -exclude .git -exclude .hg -resolve-src-symlinks /Volumes/NVME/GitHub/Forsetti-Jamf-Pro/ForsettiApp/Resources/ForsettiManifests/DeploymentTrackerFeatureModule.json /tmp/Forsetti-Jamf-Pro-DerivedData-324-build/Build/Products/Debug/Forsetti.app/Contents/Resources

CpResource /tmp/Forsetti-Jamf-Pro-DerivedData-324-build/Build/Products/Debug/Forsetti.app/Contents/Resources/ComputerSearchFeatureModule.json /Volumes/NVME/GitHub/Forsetti-Jamf-Pro/ForsettiApp/Resources/ForsettiManifests/ComputerSearchFeatureModule.json (in target 'Forsetti' from project 'Forsetti')
    cd /Volumes/NVME/GitHub/Forsetti-Jamf-Pro
    builtin-copy -exclude .DS_Store -exclude CVS -exclude .svn -exclude .git -exclude .hg -resolve-src-symlinks /Volumes/NVME/GitHub/Forsetti-Jamf-Pro/ForsettiApp/Resources/ForsettiManifests/ComputerSearchFeatureModule.json /tmp/Forsetti-Jamf-Pro-DerivedData-324-build/Build/Products/Debug/Forsetti.app/Contents/Resources

SwiftExplicitDependencyGeneratePcm arm64 /tmp/Forsetti-Jamf-Pro-DerivedData-324-build/ModuleCache.noindex/CUPS-7ETYZ8A3VW2RJN3P7VAV8S6XR.pcm

SwiftExplicitDependencyGeneratePcm arm64 /tmp/Forsetti-Jamf-Pro-DerivedData-324-build/ModuleCache.noindex/MachO-DIMIXWFU56EQVRYLPR0Q9VJ3A.pcm

SwiftExplicitDependencyGeneratePcm arm64 /tmp/Forsetti-Jamf-Pro-DerivedData-324-build/ModuleCache.noindex/libkern-5ATDQG5K1ZLCCIDGE9WPB5EC6.pcm

SwiftExplicitDependencyGeneratePcm arm64 /tmp/Forsetti-Jamf-Pro-DerivedData-324-build/ModuleCache.noindex/launch-8RSKB0TSCCOG4K3B2AHGGREHT.pcm

SwiftExplicitDependencyGeneratePcm arm64 /tmp/Forsetti-Jamf-Pro-DerivedData-324-build/ModuleCache.noindex/Spatial-7F0N7H54LO3HRXV5OVBIHH9Z8.pcm

SwiftExplicitDependencyGeneratePcm arm64 /tmp/Forsetti-Jamf-Pro-DerivedData-324-build/ModuleCache.noindex/ObjectiveC-ERYT4GNARTT84Y9TC7SKB3TWK.pcm

SwiftExplicitDependencyGeneratePcm arm64 /tmp/Forsetti-Jamf-Pro-DerivedData-324-build/ModuleCache.noindex/os_object-DN8MNBQJ4J1LNS7OE15XQGOFW.pcm

SwiftExplicitDependencyGeneratePcm arm64 /tmp/Forsetti-Jamf-Pro-DerivedData-324-build/ModuleCache.noindex/os_workgroup-9H2CFRC4WF9Y7BNOCJLYTLT57.pcm

SwiftExplicitDependencyGeneratePcm arm64 /tmp/Forsetti-Jamf-Pro-DerivedData-324-build/ModuleCache.noindex/Dispatch-9H0WOVY3KN3NO76VPAG4X069L.pcm

SwiftExplicitDependencyGeneratePcm arm64 /tmp/Forsetti-Jamf-Pro-DerivedData-324-build/ModuleCache.noindex/CoreFoundation-9RAU63EGXGT7Q3L3SJ115IZP7.pcm

SwiftExplicitDependencyGeneratePcm arm64 /tmp/Forsetti-Jamf-Pro-DerivedData-324-build/ModuleCache.noindex/XPC-C326XMIZVXM7XAV3LZ2MFZG3P.pcm

SwiftExplicitDependencyGeneratePcm arm64 /tmp/Forsetti-Jamf-Pro-DerivedData-324-build/ModuleCache.noindex/dnssd-BPYVKDILB9HB5CST2B4KICJ72.pcm

SwiftExplicitDependencyGeneratePcm arm64 /tmp/Forsetti-Jamf-Pro-DerivedData-324-build/ModuleCache.noindex/os-EYXOMJ70TNJIWJ1HBYQW27TF9.pcm

SwiftExplicitDependencyGeneratePcm arm64 /tmp/Forsetti-Jamf-Pro-DerivedData-324-build/ModuleCache.noindex/ColorSync-5SGJT3N8C3EFYZP35E73QISP7.pcm

SwiftExplicitDependencyGeneratePcm arm64 /tmp/Forsetti-Jamf-Pro-DerivedData-324-build/ModuleCache.noindex/Security-65987DDJPKG83KRJCSXL2VSR5.pcm

SwiftExplicitDependencyGeneratePcm arm64 /tmp/Forsetti-Jamf-Pro-DerivedData-324-build/ModuleCache.noindex/IOKit-2D1Q888SS10OG6BYIS7CBO78N.pcm

SwiftExplicitDependencyGeneratePcm arm64 /tmp/Forsetti-Jamf-Pro-DerivedData-324-build/ModuleCache.noindex/CFNetwork-9U1X31HQPFTPKPZ7MMC9J3QV9.pcm

SwiftExplicitDependencyGeneratePcm arm64 /tmp/Forsetti-Jamf-Pro-DerivedData-324-build/ModuleCache.noindex/CoreGraphics-3HW0V6YE6OP3MGE6AA8WTC6GF.pcm

SwiftExplicitDependencyGeneratePcm arm64 /tmp/Forsetti-Jamf-Pro-DerivedData-324-build/ModuleCache.noindex/DiskArbitration-5JMEYQISXT4N8K4K82M3O4RD4.pcm

SwiftExplicitDependencyGeneratePcm arm64 /tmp/Forsetti-Jamf-Pro-DerivedData-324-build/ModuleCache.noindex/CoreServices-3CAIQKHT8XDY3K8P8E2HFVYL2.pcm

SwiftExplicitDependencyGeneratePcm arm64 /tmp/Forsetti-Jamf-Pro-DerivedData-324-build/ModuleCache.noindex/ImageIO-DYZW2RURV7OTMMJ3WTNGYS6NJ.pcm

SwiftExplicitDependencyGeneratePcm arm64 /tmp/Forsetti-Jamf-Pro-DerivedData-324-build/ModuleCache.noindex/CoreText-C640C6X8CBF6VSTWBECM331RJ.pcm

SwiftExplicitDependencyGeneratePcm arm64 /tmp/Forsetti-Jamf-Pro-DerivedData-324-build/ModuleCache.noindex/Foundation-BMLFDF60X2HQHKRTF0WXJ947Q.pcm

SwiftExplicitDependencyGeneratePcm arm64 /tmp/Forsetti-Jamf-Pro-DerivedData-324-build/ModuleCache.noindex/Network-CON4R1SI26CVYNZ0M827TUZE7.pcm

SwiftExplicitDependencyGeneratePcm arm64 /tmp/Forsetti-Jamf-Pro-DerivedData-324-build/ModuleCache.noindex/BackgroundAssets-8HISQR800HLVV4ERZ7MOJ8U1E.pcm

SwiftExplicitDependencyGeneratePcm arm64 /tmp/Forsetti-Jamf-Pro-DerivedData-324-build/ModuleCache.noindex/OSLog-82GKUNHCRZR74H8DAU2LI02XH.pcm

SwiftExplicitDependencyGeneratePcm arm64 /tmp/Forsetti-Jamf-Pro-DerivedData-324-build/ModuleCache.noindex/CoreTransferable-CHB69UCZ1I54DS2AXVG546JAJ.pcm

SwiftExplicitDependencyGeneratePcm arm64 /tmp/Forsetti-Jamf-Pro-DerivedData-324-build/ModuleCache.noindex/UniformTypeIdentifiers-6RLKYI8FMO2B2JNM91G0EWUQM.pcm

SwiftExplicitDependencyGeneratePcm arm64 /tmp/Forsetti-Jamf-Pro-DerivedData-324-build/ModuleCache.noindex/ModelIO-9MUOKFY92Y661XJ7DYOU3UYLH.pcm

SwiftExplicitDependencyGeneratePcm arm64 /tmp/Forsetti-Jamf-Pro-DerivedData-324-build/ModuleCache.noindex/LocalAuthentication-1X7CF0960MQ59NZHE4DTBRDIA.pcm

SwiftExplicitDependencyGeneratePcm arm64 /tmp/Forsetti-Jamf-Pro-DerivedData-324-build/ModuleCache.noindex/CoreData-3SCQ7X6H5AEYIBDWWLBL4TPBN.pcm

SwiftExplicitDependencyGeneratePcm arm64 /tmp/Forsetti-Jamf-Pro-DerivedData-324-build/ModuleCache.noindex/DataDetection-BACNYYLXQQB5UQG8FH8GFEPU1.pcm

SwiftExplicitDependencyGeneratePcm arm64 /tmp/Forsetti-Jamf-Pro-DerivedData-324-build/ModuleCache.noindex/IOSurface-35R6AWLSLX35O9GNEUFJHZ1XC.pcm

SwiftExplicitDependencyGeneratePcm arm64 /tmp/Forsetti-Jamf-Pro-DerivedData-324-build/ModuleCache.noindex/Accessibility-DL5SZJZGE8PJRFY5P190JXRA.pcm

SwiftExplicitDependencyGeneratePcm arm64 /tmp/Forsetti-Jamf-Pro-DerivedData-324-build/ModuleCache.noindex/Symbols-3Q0A5WLFHE89ML66JOMQ96U2M.pcm

SwiftExplicitDependencyGeneratePcm arm64 /tmp/Forsetti-Jamf-Pro-DerivedData-324-build/ModuleCache.noindex/ApplicationServices-2PVHJXVYJJCR3OM747PK0WFIK.pcm

SwiftExplicitDependencyGeneratePcm arm64 /tmp/Forsetti-Jamf-Pro-DerivedData-324-build/ModuleCache.noindex/Metal-B7CVN73I4RMBBCDTT3SVV7SX1.pcm

SwiftExplicitDependencyGeneratePcm arm64 /tmp/Forsetti-Jamf-Pro-DerivedData-324-build/ModuleCache.noindex/CoreVideo-2063Q90UPDRUYWTTGNZO620K9.pcm

SwiftExplicitDependencyGeneratePcm arm64 /tmp/Forsetti-Jamf-Pro-DerivedData-324-build/ModuleCache.noindex/CoreImage-AGLQMWZ3YA7N0MGJJJ4VDVRZ.pcm

SwiftExplicitDependencyGeneratePcm arm64 /tmp/Forsetti-Jamf-Pro-DerivedData-324-build/ModuleCache.noindex/QuartzCore-D9ORTKM6COH2U96PWTP0X9QMV.pcm

SwiftExplicitDependencyGeneratePcm arm64 /tmp/Forsetti-Jamf-Pro-DerivedData-324-build/ModuleCache.noindex/SwiftUICore-1T6VCMTJJKH3L1W4VKA25ECCW.pcm

SwiftExplicitDependencyGeneratePcm arm64 /tmp/Forsetti-Jamf-Pro-DerivedData-324-build/ModuleCache.noindex/AppKit-10M50U51Z5J0PLH1VVLSGH54B.pcm

SwiftExplicitDependencyGeneratePcm arm64 /tmp/Forsetti-Jamf-Pro-DerivedData-324-build/ModuleCache.noindex/SwiftUI-5NB8NJSMTIBNJMYGIC2DRNGQY.pcm

SwiftExplicitDependencyGeneratePcm arm64 /tmp/Forsetti-Jamf-Pro-DerivedData-324-build/ModuleCache.noindex/StoreKit-8XM8VZCW6JBVV4UK7IK9EV0PG.pcm

SwiftExplicitDependencyGeneratePcm arm64 /tmp/Forsetti-Jamf-Pro-DerivedData-324-build/ModuleCache.noindex/MetalKit-1OCA2NWQVQDZI97YH6O6J63ZT.pcm

SwiftEmitModule normal arm64 Emitting\ module\ for\ Forsetti (in target 'Forsetti' from project 'Forsetti')

EmitSwiftModule normal arm64 (in target 'Forsetti' from project 'Forsetti')
    cd /Volumes/NVME/GitHub/Forsetti-Jamf-Pro


SwiftCompile normal arm64 Compiling\ PrestageDirectorModule.swift,\ ReportCSVRenderer.swift,\ ReportDocRenderer.swift,\ ReportExportCoordinator.swift,\ ReportExportDocument.swift,\ ReportExportFilenameBuilder.swift,\ ReportExportFormat.swift,\ ReportMarkdownRenderer.swift,\ ReportPDFRenderer.swift,\ ReportTextRenderer.swift,\ ReportAggregate.swift,\ ReportCoreModels.swift,\ ReportCriteriaModels.swift,\ ReportsFieldCatalog.swift,\ ReportsLocationDirectory.swift,\ ReportsChartPalette.swift,\ ReportsDeviceTypeGaugeFallbackView.swift,\ ReportsDeviceTypeGaugeRenderer.swift,\ ReportsDeviceTypeGaugeView.swift,\ ReportsVisualizationSnapshotRenderer.swift,\ ReportDeviceIdentityResolver.swift /Volumes/NVME/GitHub/Forsetti-Jamf-Pro/ForsettiApp/Modules/PrestageDirector/PrestageDirectorModule.swift /Volumes/NVME/GitHub/Forsetti-Jamf-Pro/ForsettiApp/Modules/Reports/Export/ReportCSVRenderer.swift /Volumes/NVME/GitHub/Forsetti-Jamf-Pro/ForsettiApp/Modules/Reports/Export/ReportDocRenderer.swift /Volumes/NVME/GitHub/Forsetti-Jamf-Pro/ForsettiApp/Modules/Reports/Export/ReportExportCoordinator.swift /Volumes/NVME/GitHub/Forsetti-Jamf-Pro/ForsettiApp/Modules/Reports/Export/ReportExportDocument.swift /Volumes/NVME/GitHub/Forsetti-Jamf-Pro/ForsettiApp/Modules/Reports/Export/ReportExportFilenameBuilder.swift /Volumes/NVME/GitHub/Forsetti-Jamf-Pro/ForsettiApp/Modules/Reports/Export/ReportExportFormat.swift /Volumes/NVME/GitHub/Forsetti-Jamf-Pro/ForsettiApp/Modules/Reports/Export/ReportMarkdownRenderer.swift /Volumes/NVME/GitHub/Forsetti-Jamf-Pro/ForsettiApp/Modules/Reports/Export/ReportPDFRenderer.swift /Volumes/NVME/GitHub/Forsetti-Jamf-Pro/ForsettiApp/Modules/Reports/Export/ReportTextRenderer.swift /Volumes/NVME/GitHub/Forsetti-Jamf-Pro/ForsettiApp/Modules/Reports/Models/ReportAggregate.swift /Volumes/NVME/GitHub/Forsetti-Jamf-Pro/ForsettiApp/Modules/Reports/Models/ReportCoreModels.swift /Volumes/NVME/GitHub/Forsetti-Jamf-Pro/ForsettiApp/Modules/Reports/Models/ReportCriteriaModels.swift /Volumes/NVME/GitHub/Forsetti-Jamf-Pro/ForsettiApp/Modules/Reports/Models/ReportsFieldCatalog.swift /Volumes/NVME/GitHub/Forsetti-Jamf-Pro/ForsettiApp/Modules/Reports/Models/ReportsLocationDirectory.swift /Volumes/NVME/GitHub/Forsetti-Jamf-Pro/ForsettiApp/Modules/Reports/Rendering/ReportsChartPalette.swift /Volumes/NVME/GitHub/Forsetti-Jamf-Pro/ForsettiApp/Modules/Reports/Rendering/ReportsDeviceTypeGaugeFallbackView.swift /Volumes/NVME/GitHub/Forsetti-Jamf-Pro/ForsettiApp/Modules/Reports/Rendering/ReportsDeviceTypeGaugeRenderer.swift /Volumes/NVME/GitHub/Forsetti-Jamf-Pro/ForsettiApp/Modules/Reports/Rendering/ReportsDeviceTypeGaugeView.swift /Volumes/NVME/GitHub/Forsetti-Jamf-Pro/ForsettiApp/Modules/Reports/Rendering/ReportsVisualizationSnapshotRenderer.swift /Volumes/NVME/GitHub/Forsetti-Jamf-Pro/ForsettiApp/Modules/Reports/Services/ReportDeviceIdentityResolver.swift (in target 'Forsetti' from project 'Forsetti')
SwiftCompile normal arm64 /Volumes/NVME/GitHub/Forsetti-Jamf-Pro/ForsettiApp/Modules/PrestageDirector/PrestageDirectorModule.swift (in target 'Forsetti' from project 'Forsetti')
    cd /Volumes/NVME/GitHub/Forsetti-Jamf-Pro


SwiftCompile normal arm64 /Volumes/NVME/GitHub/Forsetti-Jamf-Pro/ForsettiApp/Modules/Reports/Export/ReportCSVRenderer.swift (in target 'Forsetti' from project 'Forsetti')
    cd /Volumes/NVME/GitHub/Forsetti-Jamf-Pro


SwiftCompile normal arm64 /Volumes/NVME/GitHub/Forsetti-Jamf-Pro/ForsettiApp/Modules/Reports/Export/ReportDocRenderer.swift (in target 'Forsetti' from project 'Forsetti')
    cd /Volumes/NVME/GitHub/Forsetti-Jamf-Pro


SwiftCompile normal arm64 /Volumes/NVME/GitHub/Forsetti-Jamf-Pro/ForsettiApp/Modules/Reports/Export/ReportExportCoordinator.swift (in target 'Forsetti' from project 'Forsetti')
    cd /Volumes/NVME/GitHub/Forsetti-Jamf-Pro


SwiftCompile normal arm64 /Volumes/NVME/GitHub/Forsetti-Jamf-Pro/ForsettiApp/Modules/Reports/Export/ReportExportDocument.swift (in target 'Forsetti' from project 'Forsetti')
    cd /Volumes/NVME/GitHub/Forsetti-Jamf-Pro


SwiftCompile normal arm64 /Volumes/NVME/GitHub/Forsetti-Jamf-Pro/ForsettiApp/Modules/Reports/Export/ReportExportFilenameBuilder.swift (in target 'Forsetti' from project 'Forsetti')
    cd /Volumes/NVME/GitHub/Forsetti-Jamf-Pro


SwiftCompile normal arm64 /Volumes/NVME/GitHub/Forsetti-Jamf-Pro/ForsettiApp/Modules/Reports/Export/ReportExportFormat.swift (in target 'Forsetti' from project 'Forsetti')
    cd /Volumes/NVME/GitHub/Forsetti-Jamf-Pro


SwiftCompile normal arm64 /Volumes/NVME/GitHub/Forsetti-Jamf-Pro/ForsettiApp/Modules/Reports/Export/ReportMarkdownRenderer.swift (in target 'Forsetti' from project 'Forsetti')
    cd /Volumes/NVME/GitHub/Forsetti-Jamf-Pro


SwiftCompile normal arm64 /Volumes/NVME/GitHub/Forsetti-Jamf-Pro/ForsettiApp/Modules/Reports/Export/ReportPDFRenderer.swift (in target 'Forsetti' from project 'Forsetti')
    cd /Volumes/NVME/GitHub/Forsetti-Jamf-Pro


SwiftCompile normal arm64 /Volumes/NVME/GitHub/Forsetti-Jamf-Pro/ForsettiApp/Modules/Reports/Export/ReportTextRenderer.swift (in target 'Forsetti' from project 'Forsetti')
    cd /Volumes/NVME/GitHub/Forsetti-Jamf-Pro


SwiftCompile normal arm64 /Volumes/NVME/GitHub/Forsetti-Jamf-Pro/ForsettiApp/Modules/Reports/Models/ReportAggregate.swift (in target 'Forsetti' from project 'Forsetti')
    cd /Volumes/NVME/GitHub/Forsetti-Jamf-Pro


SwiftCompile normal arm64 /Volumes/NVME/GitHub/Forsetti-Jamf-Pro/ForsettiApp/Modules/Reports/Models/ReportCoreModels.swift (in target 'Forsetti' from project 'Forsetti')
    cd /Volumes/NVME/GitHub/Forsetti-Jamf-Pro


SwiftCompile normal arm64 /Volumes/NVME/GitHub/Forsetti-Jamf-Pro/ForsettiApp/Modules/Reports/Models/ReportCriteriaModels.swift (in target 'Forsetti' from project 'Forsetti')
    cd /Volumes/NVME/GitHub/Forsetti-Jamf-Pro


SwiftCompile normal arm64 /Volumes/NVME/GitHub/Forsetti-Jamf-Pro/ForsettiApp/Modules/Reports/Models/ReportsFieldCatalog.swift (in target 'Forsetti' from project 'Forsetti')
    cd /Volumes/NVME/GitHub/Forsetti-Jamf-Pro


SwiftCompile normal arm64 /Volumes/NVME/GitHub/Forsetti-Jamf-Pro/ForsettiApp/Modules/Reports/Models/ReportsLocationDirectory.swift (in target 'Forsetti' from project 'Forsetti')
    cd /Volumes/NVME/GitHub/Forsetti-Jamf-Pro


SwiftCompile normal arm64 /Volumes/NVME/GitHub/Forsetti-Jamf-Pro/ForsettiApp/Modules/Reports/Rendering/ReportsChartPalette.swift (in target 'Forsetti' from project 'Forsetti')
    cd /Volumes/NVME/GitHub/Forsetti-Jamf-Pro


SwiftCompile normal arm64 /Volumes/NVME/GitHub/Forsetti-Jamf-Pro/ForsettiApp/Modules/Reports/Rendering/ReportsDeviceTypeGaugeFallbackView.swift (in target 'Forsetti' from project 'Forsetti')
    cd /Volumes/NVME/GitHub/Forsetti-Jamf-Pro


SwiftCompile normal arm64 /Volumes/NVME/GitHub/Forsetti-Jamf-Pro/ForsettiApp/Modules/Reports/Rendering/ReportsDeviceTypeGaugeRenderer.swift (in target 'Forsetti' from project 'Forsetti')
    cd /Volumes/NVME/GitHub/Forsetti-Jamf-Pro


SwiftCompile normal arm64 /Volumes/NVME/GitHub/Forsetti-Jamf-Pro/ForsettiApp/Modules/Reports/Rendering/ReportsDeviceTypeGaugeView.swift (in target 'Forsetti' from project 'Forsetti')
    cd /Volumes/NVME/GitHub/Forsetti-Jamf-Pro


SwiftCompile normal arm64 /Volumes/NVME/GitHub/Forsetti-Jamf-Pro/ForsettiApp/Modules/Reports/Rendering/ReportsVisualizationSnapshotRenderer.swift (in target 'Forsetti' from project 'Forsetti')
    cd /Volumes/NVME/GitHub/Forsetti-Jamf-Pro


SwiftCompile normal arm64 /Volumes/NVME/GitHub/Forsetti-Jamf-Pro/ForsettiApp/Modules/Reports/Services/ReportDeviceIdentityResolver.swift (in target 'Forsetti' from project 'Forsetti')
    cd /Volumes/NVME/GitHub/Forsetti-Jamf-Pro


SwiftCompile normal arm64 Compiling\ DeploymentTrackerDemoDataFactory.swift,\ DeploymentTrackerDemoIntegrationSimulator.swift,\ DeploymentTrackerDemoMode.swift,\ DeploymentTrackerRuntimeMode.swift,\ DeploymentVendorImportModels.swift,\ DeploymentVendorImportParser.swift,\ AppleBusinessReadOnlyModels.swift,\ AppleBusinessVerificationService.swift,\ JamfInventoryPreloadCSVRenderer.swift,\ JamfInventoryPreloadModels.swift,\ JamfInventoryPreloadReconciliationService.swift,\ JamfInventoryPreloadService.swift,\ JamfInventoryPreloadValidator.swift,\ SDPlusCSVRenderer.swift,\ SDPlusExportModels.swift,\ SDPlusExportService.swift,\ DeploymentTrackerCoreModels.swift,\ DeploymentTrackerFieldModels.swift,\ CoreDataDeploymentTrackerStore.swift,\ DeploymentTrackerStore.swift,\ RecordsManagementExportService.swift,\ RecordsManagementModels.swift /Volumes/NVME/GitHub/Forsetti-Jamf-Pro/ForsettiApp/Modules/DeploymentTracker/Demo/DeploymentTrackerDemoDataFactory.swift /Volumes/NVME/GitHub/Forsetti-Jamf-Pro/ForsettiApp/Modules/DeploymentTracker/Demo/DeploymentTrackerDemoIntegrationSimulator.swift /Volumes/NVME/GitHub/Forsetti-Jamf-Pro/ForsettiApp/Modules/DeploymentTracker/Demo/DeploymentTrackerDemoMode.swift /Volumes/NVME/GitHub/Forsetti-Jamf-Pro/ForsettiApp/Modules/DeploymentTracker/Demo/DeploymentTrackerRuntimeMode.swift /Volumes/NVME/GitHub/Forsetti-Jamf-Pro/ForsettiApp/Modules/DeploymentTracker/Imports/DeploymentVendorImportModels.swift /Volumes/NVME/GitHub/Forsetti-Jamf-Pro/ForsettiApp/Modules/DeploymentTracker/Imports/DeploymentVendorImportParser.swift /Volumes/NVME/GitHub/Forsetti-Jamf-Pro/ForsettiApp/Modules/DeploymentTracker/Integrations/AppleBusiness/AppleBusinessReadOnlyModels.swift /Volumes/NVME/GitHub/Forsetti-Jamf-Pro/ForsettiApp/Modules/DeploymentTracker/Integrations/AppleBusiness/AppleBusinessVerificationService.swift /Volumes/NVME/GitHub/Forsetti-Jamf-Pro/ForsettiApp/Modules/DeploymentTracker/Integrations/Jamf/JamfInventoryPreloadCSVRenderer.swift /Volumes/NVME/GitHub/Forsetti-Jamf-Pro/ForsettiApp/Modules/DeploymentTracker/Integrations/Jamf/JamfInventoryPreloadModels.swift /Volumes/NVME/GitHub/Forsetti-Jamf-Pro/ForsettiApp/Modules/DeploymentTracker/Integrations/Jamf/JamfInventoryPreloadReconciliationService.swift /Volumes/NVME/GitHub/Forsetti-Jamf-Pro/ForsettiApp/Modules/DeploymentTracker/Integrations/Jamf/JamfInventoryPreloadService.swift /Volumes/NVME/GitHub/Forsetti-Jamf-Pro/ForsettiApp/Modules/DeploymentTracker/Integrations/Jamf/JamfInventoryPreloadValidator.swift /Volumes/NVME/GitHub/Forsetti-Jamf-Pro/ForsettiApp/Modules/DeploymentTracker/Integrations/SDPlus/SDPlusCSVRenderer.swift /Volumes/NVME/GitHub/Forsetti-Jamf-Pro/ForsettiApp/Modules/DeploymentTracker/Integrations/SDPlus/SDPlusExportModels.swift /Volumes/NVME/GitHub/Forsetti-Jamf-Pro/ForsettiApp/Modules/DeploymentTracker/Integrations/SDPlus/SDPlusExportService.swift /Volumes/NVME/GitHub/Forsetti-Jamf-Pro/ForsettiApp/Modules/DeploymentTracker/Models/DeploymentTrackerCoreModels.swift /Volumes/NVME/GitHub/Forsetti-Jamf-Pro/ForsettiApp/Modules/DeploymentTracker/Models/DeploymentTrackerFieldModels.swift /Volumes/NVME/GitHub/Forsetti-Jamf-Pro/ForsettiApp/Modules/DeploymentTracker/Persistence/CoreDataDeploymentTrackerStore.swift /Volumes/NVME/GitHub/Forsetti-Jamf-Pro/ForsettiApp/Modules/DeploymentTracker/Persistence/DeploymentTrackerStore.swift /Volumes/NVME/GitHub/Forsetti-Jamf-Pro/ForsettiApp/Modules/DeploymentTracker/Records/RecordsManagementExportService.swift /Volumes/NVME/GitHub/Forsetti-Jamf-Pro/ForsettiApp/Modules/DeploymentTracker/Records/RecordsManagementModels.swift (in target 'Forsetti' from project 'Forsetti')
SwiftCompile normal arm64 /Volumes/NVME/GitHub/Forsetti-Jamf-Pro/ForsettiApp/Modules/DeploymentTracker/Demo/DeploymentTrackerDemoDataFactory.swift (in target 'Forsetti' from project 'Forsetti')
    cd /Volumes/NVME/GitHub/Forsetti-Jamf-Pro


SwiftCompile normal arm64 /Volumes/NVME/GitHub/Forsetti-Jamf-Pro/ForsettiApp/Modules/DeploymentTracker/Demo/DeploymentTrackerDemoIntegrationSimulator.swift (in target 'Forsetti' from project 'Forsetti')
    cd /Volumes/NVME/GitHub/Forsetti-Jamf-Pro


SwiftCompile normal arm64 /Volumes/NVME/GitHub/Forsetti-Jamf-Pro/ForsettiApp/Modules/DeploymentTracker/Demo/DeploymentTrackerDemoMode.swift (in target 'Forsetti' from project 'Forsetti')
    cd /Volumes/NVME/GitHub/Forsetti-Jamf-Pro


SwiftCompile normal arm64 /Volumes/NVME/GitHub/Forsetti-Jamf-Pro/ForsettiApp/Modules/DeploymentTracker/Demo/DeploymentTrackerRuntimeMode.swift (in target 'Forsetti' from project 'Forsetti')
    cd /Volumes/NVME/GitHub/Forsetti-Jamf-Pro


SwiftCompile normal arm64 /Volumes/NVME/GitHub/Forsetti-Jamf-Pro/ForsettiApp/Modules/DeploymentTracker/Imports/DeploymentVendorImportModels.swift (in target 'Forsetti' from project 'Forsetti')
    cd /Volumes/NVME/GitHub/Forsetti-Jamf-Pro


SwiftCompile normal arm64 /Volumes/NVME/GitHub/Forsetti-Jamf-Pro/ForsettiApp/Modules/DeploymentTracker/Imports/DeploymentVendorImportParser.swift (in target 'Forsetti' from project 'Forsetti')
    cd /Volumes/NVME/GitHub/Forsetti-Jamf-Pro


SwiftCompile normal arm64 /Volumes/NVME/GitHub/Forsetti-Jamf-Pro/ForsettiApp/Modules/DeploymentTracker/Integrations/AppleBusiness/AppleBusinessReadOnlyModels.swift (in target 'Forsetti' from project 'Forsetti')
    cd /Volumes/NVME/GitHub/Forsetti-Jamf-Pro


SwiftCompile normal arm64 /Volumes/NVME/GitHub/Forsetti-Jamf-Pro/ForsettiApp/Modules/DeploymentTracker/Integrations/AppleBusiness/AppleBusinessVerificationService.swift (in target 'Forsetti' from project 'Forsetti')
    cd /Volumes/NVME/GitHub/Forsetti-Jamf-Pro


SwiftCompile normal arm64 /Volumes/NVME/GitHub/Forsetti-Jamf-Pro/ForsettiApp/Modules/DeploymentTracker/Integrations/Jamf/JamfInventoryPreloadCSVRenderer.swift (in target 'Forsetti' from project 'Forsetti')
    cd /Volumes/NVME/GitHub/Forsetti-Jamf-Pro


SwiftCompile normal arm64 /Volumes/NVME/GitHub/Forsetti-Jamf-Pro/ForsettiApp/Modules/DeploymentTracker/Integrations/Jamf/JamfInventoryPreloadModels.swift (in target 'Forsetti' from project 'Forsetti')
    cd /Volumes/NVME/GitHub/Forsetti-Jamf-Pro


SwiftCompile normal arm64 /Volumes/NVME/GitHub/Forsetti-Jamf-Pro/ForsettiApp/Modules/DeploymentTracker/Integrations/Jamf/JamfInventoryPreloadReconciliationService.swift (in target 'Forsetti' from project 'Forsetti')
    cd /Volumes/NVME/GitHub/Forsetti-Jamf-Pro


SwiftCompile normal arm64 /Volumes/NVME/GitHub/Forsetti-Jamf-Pro/ForsettiApp/Modules/DeploymentTracker/Integrations/Jamf/JamfInventoryPreloadService.swift (in target 'Forsetti' from project 'Forsetti')
    cd /Volumes/NVME/GitHub/Forsetti-Jamf-Pro


SwiftCompile normal arm64 /Volumes/NVME/GitHub/Forsetti-Jamf-Pro/ForsettiApp/Modules/DeploymentTracker/Integrations/Jamf/JamfInventoryPreloadValidator.swift (in target 'Forsetti' from project 'Forsetti')
    cd /Volumes/NVME/GitHub/Forsetti-Jamf-Pro


SwiftCompile normal arm64 /Volumes/NVME/GitHub/Forsetti-Jamf-Pro/ForsettiApp/Modules/DeploymentTracker/Integrations/SDPlus/SDPlusCSVRenderer.swift (in target 'Forsetti' from project 'Forsetti')
    cd /Volumes/NVME/GitHub/Forsetti-Jamf-Pro


SwiftCompile normal arm64 /Volumes/NVME/GitHub/Forsetti-Jamf-Pro/ForsettiApp/Modules/DeploymentTracker/Integrations/SDPlus/SDPlusExportModels.swift (in target 'Forsetti' from project 'Forsetti')
    cd /Volumes/NVME/GitHub/Forsetti-Jamf-Pro


SwiftCompile normal arm64 /Volumes/NVME/GitHub/Forsetti-Jamf-Pro/ForsettiApp/Modules/DeploymentTracker/Integrations/SDPlus/SDPlusExportService.swift (in target 'Forsetti' from project 'Forsetti')
    cd /Volumes/NVME/GitHub/Forsetti-Jamf-Pro


SwiftCompile normal arm64 /Volumes/NVME/GitHub/Forsetti-Jamf-Pro/ForsettiApp/Modules/DeploymentTracker/Models/DeploymentTrackerCoreModels.swift (in target 'Forsetti' from project 'Forsetti')
    cd /Volumes/NVME/GitHub/Forsetti-Jamf-Pro


SwiftCompile normal arm64 /Volumes/NVME/GitHub/Forsetti-Jamf-Pro/ForsettiApp/Modules/DeploymentTracker/Models/DeploymentTrackerFieldModels.swift (in target 'Forsetti' from project 'Forsetti')
    cd /Volumes/NVME/GitHub/Forsetti-Jamf-Pro


SwiftCompile normal arm64 /Volumes/NVME/GitHub/Forsetti-Jamf-Pro/ForsettiApp/Modules/DeploymentTracker/Persistence/CoreDataDeploymentTrackerStore.swift (in target 'Forsetti' from project 'Forsetti')
    cd /Volumes/NVME/GitHub/Forsetti-Jamf-Pro


SwiftCompile normal arm64 /Volumes/NVME/GitHub/Forsetti-Jamf-Pro/ForsettiApp/Modules/DeploymentTracker/Persistence/DeploymentTrackerStore.swift (in target 'Forsetti' from project 'Forsetti')
    cd /Volumes/NVME/GitHub/Forsetti-Jamf-Pro


SwiftCompile normal arm64 /Volumes/NVME/GitHub/Forsetti-Jamf-Pro/ForsettiApp/Modules/DeploymentTracker/Records/RecordsManagementExportService.swift (in target 'Forsetti' from project 'Forsetti')
    cd /Volumes/NVME/GitHub/Forsetti-Jamf-Pro


SwiftCompile normal arm64 /Volumes/NVME/GitHub/Forsetti-Jamf-Pro/ForsettiApp/Modules/DeploymentTracker/Records/RecordsManagementModels.swift (in target 'Forsetti' from project 'Forsetti')
    cd /Volumes/NVME/GitHub/Forsetti-Jamf-Pro


SwiftCompile normal arm64 Compiling\ ReportsAggregator.swift,\ ReportsInventoryService.swift,\ ReportsPaginationPolicy.swift,\ ReportsQueryPlanner.swift,\ ReportsViewModel.swift,\ GeneratedReportView.swift,\ ReportBuilderView.swift,\ ReportsView.swift,\ ReportVisualizationViews.swift,\ ReportsModule.swift,\ SupportTechnicianDeviceSpecCatalog.swift,\ SupportTechnicianModels.swift,\ SupportTechnicianAPIService.swift,\ SupportTechnicianCache.swift,\ SupportTechnicianViewModel.swift,\ CategoryFrame.swift,\ SupportFrames.swift,\ SupportTechnicianView.swift,\ SupportTypedConfirmationSheet.swift,\ SupportTechnicianModule.swift,\ GeneratedAssetSymbols.swift /Volumes/NVME/GitHub/Forsetti-Jamf-Pro/ForsettiApp/Modules/Reports/Services/ReportsAggregator.swift /Volumes/NVME/GitHub/Forsetti-Jamf-Pro/ForsettiApp/Modules/Reports/Services/ReportsInventoryService.swift /Volumes/NVME/GitHub/Forsetti-Jamf-Pro/ForsettiApp/Modules/Reports/Services/ReportsPaginationPolicy.swift /Volumes/NVME/GitHub/Forsetti-Jamf-Pro/ForsettiApp/Modules/Reports/Services/ReportsQueryPlanner.swift /Volumes/NVME/GitHub/Forsetti-Jamf-Pro/ForsettiApp/Modules/Reports/ViewModels/ReportsViewModel.swift /Volumes/NVME/GitHub/Forsetti-Jamf-Pro/ForsettiApp/Modules/Reports/Views/GeneratedReportView.swift /Volumes/NVME/GitHub/Forsetti-Jamf-Pro/ForsettiApp/Modules/Reports/Views/ReportBuilderView.swift /Volumes/NVME/GitHub/Forsetti-Jamf-Pro/ForsettiApp/Modules/Reports/Views/ReportsView.swift /Volumes/NVME/GitHub/Forsetti-Jamf-Pro/ForsettiApp/Modules/Reports/Views/ReportVisualizationViews.swift /Volumes/NVME/GitHub/Forsetti-Jamf-Pro/ForsettiApp/Modules/Reports/ReportsModule.swift /Volumes/NVME/GitHub/Forsetti-Jamf-Pro/ForsettiApp/Modules/SupportTechnician/Models/SupportTechnicianDeviceSpecCatalog.swift /Volumes/NVME/GitHub/Forsetti-Jamf-Pro/ForsettiApp/Modules/SupportTechnician/Models/SupportTechnicianModels.swift /Volumes/NVME/GitHub/Forsetti-Jamf-Pro/ForsettiApp/Modules/SupportTechnician/Services/SupportTechnicianAPIService.swift /Volumes/NVME/GitHub/Forsetti-Jamf-Pro/ForsettiApp/Modules/SupportTechnician/Services/SupportTechnicianCache.swift /Volumes/NVME/GitHub/Forsetti-Jamf-Pro/ForsettiApp/Modules/SupportTechnician/ViewModels/SupportTechnicianViewModel.swift /Volumes/NVME/GitHub/Forsetti-Jamf-Pro/ForsettiApp/Modules/SupportTechnician/Views/Frames/CategoryFrame.swift /Volumes/NVME/GitHub/Forsetti-Jamf-Pro/ForsettiApp/Modules/SupportTechnician/Views/Frames/SupportFrames.swift /Volumes/NVME/GitHub/Forsetti-Jamf-Pro/ForsettiApp/Modules/SupportTechnician/Views/SupportTechnicianView.swift /Volumes/NVME/GitHub/Forsetti-Jamf-Pro/ForsettiApp/Modules/SupportTechnician/Views/SupportTypedConfirmationSheet.swift /Volumes/NVME/GitHub/Forsetti-Jamf-Pro/ForsettiApp/Modules/SupportTechnician/SupportTechnicianModule.swift /tmp/Forsetti-Jamf-Pro-DerivedData-324-build/Build/Intermediates.noindex/Forsetti.build/Debug/Forsetti.build/DerivedSources/GeneratedAssetSymbols.swift (in target 'Forsetti' from project 'Forsetti')
SwiftCompile normal arm64 /Volumes/NVME/GitHub/Forsetti-Jamf-Pro/ForsettiApp/Modules/Reports/Services/ReportsAggregator.swift (in target 'Forsetti' from project 'Forsetti')
    cd /Volumes/NVME/GitHub/Forsetti-Jamf-Pro


SwiftCompile normal arm64 /Volumes/NVME/GitHub/Forsetti-Jamf-Pro/ForsettiApp/Modules/Reports/Services/ReportsInventoryService.swift (in target 'Forsetti' from project 'Forsetti')
    cd /Volumes/NVME/GitHub/Forsetti-Jamf-Pro


SwiftCompile normal arm64 /Volumes/NVME/GitHub/Forsetti-Jamf-Pro/ForsettiApp/Modules/Reports/Services/ReportsPaginationPolicy.swift (in target 'Forsetti' from project 'Forsetti')
    cd /Volumes/NVME/GitHub/Forsetti-Jamf-Pro


SwiftCompile normal arm64 /Volumes/NVME/GitHub/Forsetti-Jamf-Pro/ForsettiApp/Modules/Reports/Services/ReportsQueryPlanner.swift (in target 'Forsetti' from project 'Forsetti')
    cd /Volumes/NVME/GitHub/Forsetti-Jamf-Pro


SwiftCompile normal arm64 /Volumes/NVME/GitHub/Forsetti-Jamf-Pro/ForsettiApp/Modules/Reports/ViewModels/ReportsViewModel.swift (in target 'Forsetti' from project 'Forsetti')
    cd /Volumes/NVME/GitHub/Forsetti-Jamf-Pro


SwiftCompile normal arm64 /Volumes/NVME/GitHub/Forsetti-Jamf-Pro/ForsettiApp/Modules/Reports/Views/GeneratedReportView.swift (in target 'Forsetti' from project 'Forsetti')
    cd /Volumes/NVME/GitHub/Forsetti-Jamf-Pro


SwiftCompile normal arm64 /Volumes/NVME/GitHub/Forsetti-Jamf-Pro/ForsettiApp/Modules/Reports/Views/ReportBuilderView.swift (in target 'Forsetti' from project 'Forsetti')
    cd /Volumes/NVME/GitHub/Forsetti-Jamf-Pro


SwiftCompile normal arm64 /Volumes/NVME/GitHub/Forsetti-Jamf-Pro/ForsettiApp/Modules/Reports/Views/ReportsView.swift (in target 'Forsetti' from project 'Forsetti')
    cd /Volumes/NVME/GitHub/Forsetti-Jamf-Pro


SwiftCompile normal arm64 /Volumes/NVME/GitHub/Forsetti-Jamf-Pro/ForsettiApp/Modules/Reports/Views/ReportVisualizationViews.swift (in target 'Forsetti' from project 'Forsetti')
    cd /Volumes/NVME/GitHub/Forsetti-Jamf-Pro


SwiftCompile normal arm64 /Volumes/NVME/GitHub/Forsetti-Jamf-Pro/ForsettiApp/Modules/Reports/ReportsModule.swift (in target 'Forsetti' from project 'Forsetti')
    cd /Volumes/NVME/GitHub/Forsetti-Jamf-Pro


SwiftCompile normal arm64 /Volumes/NVME/GitHub/Forsetti-Jamf-Pro/ForsettiApp/Modules/SupportTechnician/Models/SupportTechnicianDeviceSpecCatalog.swift (in target 'Forsetti' from project 'Forsetti')
    cd /Volumes/NVME/GitHub/Forsetti-Jamf-Pro


SwiftCompile normal arm64 /Volumes/NVME/GitHub/Forsetti-Jamf-Pro/ForsettiApp/Modules/SupportTechnician/Models/SupportTechnicianModels.swift (in target 'Forsetti' from project 'Forsetti')
    cd /Volumes/NVME/GitHub/Forsetti-Jamf-Pro


SwiftCompile normal arm64 /Volumes/NVME/GitHub/Forsetti-Jamf-Pro/ForsettiApp/Modules/SupportTechnician/Services/SupportTechnicianAPIService.swift (in target 'Forsetti' from project 'Forsetti')
    cd /Volumes/NVME/GitHub/Forsetti-Jamf-Pro


SwiftCompile normal arm64 /Volumes/NVME/GitHub/Forsetti-Jamf-Pro/ForsettiApp/Modules/SupportTechnician/Services/SupportTechnicianCache.swift (in target 'Forsetti' from project 'Forsetti')
    cd /Volumes/NVME/GitHub/Forsetti-Jamf-Pro


SwiftCompile normal arm64 /Volumes/NVME/GitHub/Forsetti-Jamf-Pro/ForsettiApp/Modules/SupportTechnician/ViewModels/SupportTechnicianViewModel.swift (in target 'Forsetti' from project 'Forsetti')
    cd /Volumes/NVME/GitHub/Forsetti-Jamf-Pro


SwiftCompile normal arm64 /Volumes/NVME/GitHub/Forsetti-Jamf-Pro/ForsettiApp/Modules/SupportTechnician/Views/Frames/CategoryFrame.swift (in target 'Forsetti' from project 'Forsetti')
    cd /Volumes/NVME/GitHub/Forsetti-Jamf-Pro


SwiftCompile normal arm64 /Volumes/NVME/GitHub/Forsetti-Jamf-Pro/ForsettiApp/Modules/SupportTechnician/Views/Frames/SupportFrames.swift (in target 'Forsetti' from project 'Forsetti')
    cd /Volumes/NVME/GitHub/Forsetti-Jamf-Pro


SwiftCompile normal arm64 /Volumes/NVME/GitHub/Forsetti-Jamf-Pro/ForsettiApp/Modules/SupportTechnician/Views/SupportTechnicianView.swift (in target 'Forsetti' from project 'Forsetti')
    cd /Volumes/NVME/GitHub/Forsetti-Jamf-Pro


SwiftCompile normal arm64 /Volumes/NVME/GitHub/Forsetti-Jamf-Pro/ForsettiApp/Modules/SupportTechnician/Views/SupportTypedConfirmationSheet.swift (in target 'Forsetti' from project 'Forsetti')
    cd /Volumes/NVME/GitHub/Forsetti-Jamf-Pro


SwiftCompile normal arm64 /Volumes/NVME/GitHub/Forsetti-Jamf-Pro/ForsettiApp/Modules/SupportTechnician/SupportTechnicianModule.swift (in target 'Forsetti' from project 'Forsetti')
    cd /Volumes/NVME/GitHub/Forsetti-Jamf-Pro


SwiftCompile normal arm64 /tmp/Forsetti-Jamf-Pro-DerivedData-324-build/Build/Intermediates.noindex/Forsetti.build/Debug/Forsetti.build/DerivedSources/GeneratedAssetSymbols.swift (in target 'Forsetti' from project 'Forsetti')
    cd /Volumes/NVME/GitHub/Forsetti-Jamf-Pro


SwiftCompile normal arm64 Compiling\ DeploymentKPIRingFallbackView.swift,\ DeploymentKPIRingRenderer.swift,\ DeploymentKPIRingView.swift,\ DeploymentFieldCatalogService.swift,\ DeploymentKPIProjectionService.swift,\ DeploymentTrackerSeedData.swift,\ DeploymentWorkbenchProjectionService.swift,\ DeploymentDashboardViews.swift,\ DeploymentDemoRibbonView.swift,\ DeploymentDemoViews.swift,\ DeploymentDemoVisualFlareViews.swift,\ DeploymentTrackerGuideView.swift,\ DeploymentWorkbenchViews.swift,\ DeploymentWorkspaceViews.swift,\ DeploymentWorkbenchModels.swift,\ DeploymentWorkflowEngine.swift,\ DeploymentTrackerModule.swift,\ AdvancedQuery.swift,\ MobileDeviceExtensionAttribute.swift,\ MobileDeviceField.swift,\ MobileDeviceFieldCatalog+Generated.swift,\ MobileDeviceFieldDataType.swift /Volumes/NVME/GitHub/Forsetti-Jamf-Pro/ForsettiApp/Modules/DeploymentTracker/Rendering/DeploymentKPIRingFallbackView.swift /Volumes/NVME/GitHub/Forsetti-Jamf-Pro/ForsettiApp/Modules/DeploymentTracker/Rendering/DeploymentKPIRingRenderer.swift /Volumes/NVME/GitHub/Forsetti-Jamf-Pro/ForsettiApp/Modules/DeploymentTracker/Rendering/DeploymentKPIRingView.swift /Volumes/NVME/GitHub/Forsetti-Jamf-Pro/ForsettiApp/Modules/DeploymentTracker/Services/DeploymentFieldCatalogService.swift /Volumes/NVME/GitHub/Forsetti-Jamf-Pro/ForsettiApp/Modules/DeploymentTracker/Services/DeploymentKPIProjectionService.swift /Volumes/NVME/GitHub/Forsetti-Jamf-Pro/ForsettiApp/Modules/DeploymentTracker/Services/DeploymentTrackerSeedData.swift /Volumes/NVME/GitHub/Forsetti-Jamf-Pro/ForsettiApp/Modules/DeploymentTracker/Services/DeploymentWorkbenchProjectionService.swift /Volumes/NVME/GitHub/Forsetti-Jamf-Pro/ForsettiApp/Modules/DeploymentTracker/Views/DeploymentDashboardViews.swift /Volumes/NVME/GitHub/Forsetti-Jamf-Pro/ForsettiApp/Modules/DeploymentTracker/Views/DeploymentDemoRibbonView.swift /Volumes/NVME/GitHub/Forsetti-Jamf-Pro/ForsettiApp/Modules/DeploymentTracker/Views/DeploymentDemoViews.swift /Volumes/NVME/GitHub/Forsetti-Jamf-Pro/ForsettiApp/Modules/DeploymentTracker/Views/DeploymentDemoVisualFlareViews.swift /Volumes/NVME/GitHub/Forsetti-Jamf-Pro/ForsettiApp/Modules/DeploymentTracker/Views/DeploymentTrackerGuideView.swift /Volumes/NVME/GitHub/Forsetti-Jamf-Pro/ForsettiApp/Modules/DeploymentTracker/Views/DeploymentWorkbenchViews.swift /Volumes/NVME/GitHub/Forsetti-Jamf-Pro/ForsettiApp/Modules/DeploymentTracker/Views/DeploymentWorkspaceViews.swift /Volumes/NVME/GitHub/Forsetti-Jamf-Pro/ForsettiApp/Modules/DeploymentTracker/Workbench/DeploymentWorkbenchModels.swift /Volumes/NVME/GitHub/Forsetti-Jamf-Pro/ForsettiApp/Modules/DeploymentTracker/Workflow/DeploymentWorkflowEngine.swift /Volumes/NVME/GitHub/Forsetti-Jamf-Pro/ForsettiApp/Modules/DeploymentTracker/DeploymentTrackerModule.swift /Volumes/NVME/GitHub/Forsetti-Jamf-Pro/ForsettiApp/Modules/MobileDeviceSearch/Models/AdvancedQuery.swift /Volumes/NVME/GitHub/Forsetti-Jamf-Pro/ForsettiApp/Modules/MobileDeviceSearch/Models/MobileDeviceExtensionAttribute.swift /Volumes/NVME/GitHub/Forsetti-Jamf-Pro/ForsettiApp/Modules/MobileDeviceSearch/Models/MobileDeviceField.swift /Volumes/NVME/GitHub/Forsetti-Jamf-Pro/ForsettiApp/Modules/MobileDeviceSearch/Models/MobileDeviceFieldCatalog+Generated.swift /Volumes/NVME/GitHub/Forsetti-Jamf-Pro/ForsettiApp/Modules/MobileDeviceSearch/Models/MobileDeviceFieldDataType.swift (in target 'Forsetti' from project 'Forsetti')

SwiftCompile normal arm64 /Volumes/NVME/GitHub/Forsetti-Jamf-Pro/ForsettiApp/Modules/DeploymentTracker/Rendering/DeploymentKPIRingFallbackView.swift (in target 'Forsetti' from project 'Forsetti')
    cd /Volumes/NVME/GitHub/Forsetti-Jamf-Pro


SwiftCompile normal arm64 /Volumes/NVME/GitHub/Forsetti-Jamf-Pro/ForsettiApp/Modules/DeploymentTracker/Rendering/DeploymentKPIRingRenderer.swift (in target 'Forsetti' from project 'Forsetti')
    cd /Volumes/NVME/GitHub/Forsetti-Jamf-Pro


SwiftCompile normal arm64 /Volumes/NVME/GitHub/Forsetti-Jamf-Pro/ForsettiApp/Modules/DeploymentTracker/Rendering/DeploymentKPIRingView.swift (in target 'Forsetti' from project 'Forsetti')
    cd /Volumes/NVME/GitHub/Forsetti-Jamf-Pro


SwiftCompile normal arm64 /Volumes/NVME/GitHub/Forsetti-Jamf-Pro/ForsettiApp/Modules/DeploymentTracker/Services/DeploymentFieldCatalogService.swift (in target 'Forsetti' from project 'Forsetti')
    cd /Volumes/NVME/GitHub/Forsetti-Jamf-Pro


SwiftCompile normal arm64 /Volumes/NVME/GitHub/Forsetti-Jamf-Pro/ForsettiApp/Modules/DeploymentTracker/Services/DeploymentKPIProjectionService.swift (in target 'Forsetti' from project 'Forsetti')
    cd /Volumes/NVME/GitHub/Forsetti-Jamf-Pro


SwiftCompile normal arm64 /Volumes/NVME/GitHub/Forsetti-Jamf-Pro/ForsettiApp/Modules/DeploymentTracker/Services/DeploymentTrackerSeedData.swift (in target 'Forsetti' from project 'Forsetti')
    cd /Volumes/NVME/GitHub/Forsetti-Jamf-Pro


SwiftCompile normal arm64 /Volumes/NVME/GitHub/Forsetti-Jamf-Pro/ForsettiApp/Modules/DeploymentTracker/Services/DeploymentWorkbenchProjectionService.swift (in target 'Forsetti' from project 'Forsetti')
    cd /Volumes/NVME/GitHub/Forsetti-Jamf-Pro


SwiftCompile normal arm64 /Volumes/NVME/GitHub/Forsetti-Jamf-Pro/ForsettiApp/Modules/DeploymentTracker/Views/DeploymentDashboardViews.swift (in target 'Forsetti' from project 'Forsetti')
    cd /Volumes/NVME/GitHub/Forsetti-Jamf-Pro


SwiftCompile normal arm64 /Volumes/NVME/GitHub/Forsetti-Jamf-Pro/ForsettiApp/Modules/DeploymentTracker/Views/DeploymentDemoRibbonView.swift (in target 'Forsetti' from project 'Forsetti')
    cd /Volumes/NVME/GitHub/Forsetti-Jamf-Pro


SwiftCompile normal arm64 /Volumes/NVME/GitHub/Forsetti-Jamf-Pro/ForsettiApp/Modules/DeploymentTracker/Views/DeploymentDemoViews.swift (in target 'Forsetti' from project 'Forsetti')
    cd /Volumes/NVME/GitHub/Forsetti-Jamf-Pro


SwiftCompile normal arm64 /Volumes/NVME/GitHub/Forsetti-Jamf-Pro/ForsettiApp/Modules/DeploymentTracker/Views/DeploymentDemoVisualFlareViews.swift (in target 'Forsetti' from project 'Forsetti')
    cd /Volumes/NVME/GitHub/Forsetti-Jamf-Pro


SwiftCompile normal arm64 /Volumes/NVME/GitHub/Forsetti-Jamf-Pro/ForsettiApp/Modules/DeploymentTracker/Views/DeploymentTrackerGuideView.swift (in target 'Forsetti' from project 'Forsetti')
    cd /Volumes/NVME/GitHub/Forsetti-Jamf-Pro


SwiftCompile normal arm64 /Volumes/NVME/GitHub/Forsetti-Jamf-Pro/ForsettiApp/Modules/DeploymentTracker/Views/DeploymentWorkbenchViews.swift (in target 'Forsetti' from project 'Forsetti')
    cd /Volumes/NVME/GitHub/Forsetti-Jamf-Pro


SwiftCompile normal arm64 /Volumes/NVME/GitHub/Forsetti-Jamf-Pro/ForsettiApp/Modules/DeploymentTracker/Views/DeploymentWorkspaceViews.swift (in target 'Forsetti' from project 'Forsetti')
    cd /Volumes/NVME/GitHub/Forsetti-Jamf-Pro


SwiftCompile normal arm64 /Volumes/NVME/GitHub/Forsetti-Jamf-Pro/ForsettiApp/Modules/DeploymentTracker/Workbench/DeploymentWorkbenchModels.swift (in target 'Forsetti' from project 'Forsetti')
    cd /Volumes/NVME/GitHub/Forsetti-Jamf-Pro


SwiftCompile normal arm64 /Volumes/NVME/GitHub/Forsetti-Jamf-Pro/ForsettiApp/Modules/DeploymentTracker/Workflow/DeploymentWorkflowEngine.swift (in target 'Forsetti' from project 'Forsetti')
    cd /Volumes/NVME/GitHub/Forsetti-Jamf-Pro


SwiftCompile normal arm64 /Volumes/NVME/GitHub/Forsetti-Jamf-Pro/ForsettiApp/Modules/DeploymentTracker/DeploymentTrackerModule.swift (in target 'Forsetti' from project 'Forsetti')
    cd /Volumes/NVME/GitHub/Forsetti-Jamf-Pro


SwiftCompile normal arm64 /Volumes/NVME/GitHub/Forsetti-Jamf-Pro/ForsettiApp/Modules/MobileDeviceSearch/Models/AdvancedQuery.swift (in target 'Forsetti' from project 'Forsetti')
    cd /Volumes/NVME/GitHub/Forsetti-Jamf-Pro


SwiftCompile normal arm64 /Volumes/NVME/GitHub/Forsetti-Jamf-Pro/ForsettiApp/Modules/MobileDeviceSearch/Models/MobileDeviceExtensionAttribute.swift (in target 'Forsetti' from project 'Forsetti')
    cd /Volumes/NVME/GitHub/Forsetti-Jamf-Pro


SwiftCompile normal arm64 /Volumes/NVME/GitHub/Forsetti-Jamf-Pro/ForsettiApp/Modules/MobileDeviceSearch/Models/MobileDeviceField.swift (in target 'Forsetti' from project 'Forsetti')
    cd /Volumes/NVME/GitHub/Forsetti-Jamf-Pro


SwiftCompile normal arm64 /Volumes/NVME/GitHub/Forsetti-Jamf-Pro/ForsettiApp/Modules/MobileDeviceSearch/Models/MobileDeviceFieldCatalog+Generated.swift (in target 'Forsetti' from project 'Forsetti')
    cd /Volumes/NVME/GitHub/Forsetti-Jamf-Pro


SwiftCompile normal arm64 /Volumes/NVME/GitHub/Forsetti-Jamf-Pro/ForsettiApp/Modules/MobileDeviceSearch/Models/MobileDeviceFieldDataType.swift (in target 'Forsetti' from project 'Forsetti')
    cd /Volumes/NVME/GitHub/Forsetti-Jamf-Pro


SwiftCompile normal arm64 Compiling\ ForsettiApp.swift,\ ForsettiAppIdentity.swift,\ ForsettiFrameworkContainer.swift,\ ForsettiRetailBootstrap.swift,\ CommandStatusFallbackView.swift,\ CommandStatusIndicatorView.swift,\ CommandStatusMetalRenderer.swift,\ ForsettiCommandActivityBar.swift,\ AppleDeviceModelCatalog.swift,\ HardwareBatteryRingView.swift,\ HardwareStorageFallbackBar.swift,\ HardwareStorageGaugeView.swift,\ HardwareStorageMetalRenderer.swift,\ ForsettiButtonStyle.swift,\ ForsettiBrandMark.swift,\ ForsettiColors.swift,\ ForsettiMetalBackgroundView.swift,\ ForsettiRetailSurfaceComponents.swift,\ ForsettiSearchResultTypography.swift,\ ForsettiTheme.swift,\ JamfCredentials.swift,\ JamfFrameworkError.swift /Volumes/NVME/GitHub/Forsetti-Jamf-Pro/ForsettiApp/App/ForsettiApp.swift /Volumes/NVME/GitHub/Forsetti-Jamf-Pro/ForsettiApp/App/ForsettiAppIdentity.swift /Volumes/NVME/GitHub/Forsetti-Jamf-Pro/ForsettiApp/App/ForsettiFrameworkContainer.swift /Volumes/NVME/GitHub/Forsetti-Jamf-Pro/ForsettiApp/App/ForsettiRetailBootstrap.swift /Volumes/NVME/GitHub/Forsetti-Jamf-Pro/ForsettiApp/DesignSystem/Commands/CommandStatusFallbackView.swift /Volumes/NVME/GitHub/Forsetti-Jamf-Pro/ForsettiApp/DesignSystem/Commands/CommandStatusIndicatorView.swift /Volumes/NVME/GitHub/Forsetti-Jamf-Pro/ForsettiApp/DesignSystem/Commands/CommandStatusMetalRenderer.swift /Volumes/NVME/GitHub/Forsetti-Jamf-Pro/ForsettiApp/DesignSystem/Commands/ForsettiCommandActivityBar.swift /Volumes/NVME/GitHub/Forsetti-Jamf-Pro/ForsettiApp/DesignSystem/Hardware/AppleDeviceModelCatalog.swift /Volumes/NVME/GitHub/Forsetti-Jamf-Pro/ForsettiApp/DesignSystem/Hardware/HardwareBatteryRingView.swift /Volumes/NVME/GitHub/Forsetti-Jamf-Pro/ForsettiApp/DesignSystem/Hardware/HardwareStorageFallbackBar.swift /Volumes/NVME/GitHub/Forsetti-Jamf-Pro/ForsettiApp/DesignSystem/Hardware/HardwareStorageGaugeView.swift /Volumes/NVME/GitHub/Forsetti-Jamf-Pro/ForsettiApp/DesignSystem/Hardware/HardwareStorageMetalRenderer.swift /Volumes/NVME/GitHub/Forsetti-Jamf-Pro/ForsettiApp/DesignSystem/ViewModifiers/ForsettiButtonStyle.swift /Volumes/NVME/GitHub/Forsetti-Jamf-Pro/ForsettiApp/DesignSystem/ForsettiBrandMark.swift /Volumes/NVME/GitHub/Forsetti-Jamf-Pro/ForsettiApp/DesignSystem/ForsettiColors.swift /Volumes/NVME/GitHub/Forsetti-Jamf-Pro/ForsettiApp/DesignSystem/ForsettiMetalBackgroundView.swift /Volumes/NVME/GitHub/Forsetti-Jamf-Pro/ForsettiApp/DesignSystem/ForsettiRetailSurfaceComponents.swift /Volumes/NVME/GitHub/Forsetti-Jamf-Pro/ForsettiApp/DesignSystem/ForsettiSearchResultTypography.swift /Volumes/NVME/GitHub/Forsetti-Jamf-Pro/ForsettiApp/DesignSystem/ForsettiTheme.swift /Volumes/NVME/GitHub/Forsetti-Jamf-Pro/ForsettiApp/Framework/Core/JamfCredentials.swift /Volumes/NVME/GitHub/Forsetti-Jamf-Pro/ForsettiApp/Framework/Core/JamfFrameworkError.swift (in target 'Forsetti' from project 'Forsetti')

SwiftCompile normal arm64 /Volumes/NVME/GitHub/Forsetti-Jamf-Pro/ForsettiApp/App/ForsettiApp.swift (in target 'Forsetti' from project 'Forsetti')
    cd /Volumes/NVME/GitHub/Forsetti-Jamf-Pro


SwiftCompile normal arm64 /Volumes/NVME/GitHub/Forsetti-Jamf-Pro/ForsettiApp/App/ForsettiAppIdentity.swift (in target 'Forsetti' from project 'Forsetti')
    cd /Volumes/NVME/GitHub/Forsetti-Jamf-Pro


SwiftCompile normal arm64 /Volumes/NVME/GitHub/Forsetti-Jamf-Pro/ForsettiApp/App/ForsettiFrameworkContainer.swift (in target 'Forsetti' from project 'Forsetti')
    cd /Volumes/NVME/GitHub/Forsetti-Jamf-Pro


SwiftCompile normal arm64 /Volumes/NVME/GitHub/Forsetti-Jamf-Pro/ForsettiApp/App/ForsettiRetailBootstrap.swift (in target 'Forsetti' from project 'Forsetti')
    cd /Volumes/NVME/GitHub/Forsetti-Jamf-Pro


SwiftCompile normal arm64 /Volumes/NVME/GitHub/Forsetti-Jamf-Pro/ForsettiApp/DesignSystem/Commands/CommandStatusFallbackView.swift (in target 'Forsetti' from project 'Forsetti')
    cd /Volumes/NVME/GitHub/Forsetti-Jamf-Pro


SwiftCompile normal arm64 /Volumes/NVME/GitHub/Forsetti-Jamf-Pro/ForsettiApp/DesignSystem/Commands/CommandStatusIndicatorView.swift (in target 'Forsetti' from project 'Forsetti')
    cd /Volumes/NVME/GitHub/Forsetti-Jamf-Pro


SwiftCompile normal arm64 /Volumes/NVME/GitHub/Forsetti-Jamf-Pro/ForsettiApp/DesignSystem/Commands/CommandStatusMetalRenderer.swift (in target 'Forsetti' from project 'Forsetti')
    cd /Volumes/NVME/GitHub/Forsetti-Jamf-Pro


SwiftCompile normal arm64 /Volumes/NVME/GitHub/Forsetti-Jamf-Pro/ForsettiApp/DesignSystem/Commands/ForsettiCommandActivityBar.swift (in target 'Forsetti' from project 'Forsetti')
    cd /Volumes/NVME/GitHub/Forsetti-Jamf-Pro


SwiftCompile normal arm64 /Volumes/NVME/GitHub/Forsetti-Jamf-Pro/ForsettiApp/DesignSystem/Hardware/AppleDeviceModelCatalog.swift (in target 'Forsetti' from project 'Forsetti')
    cd /Volumes/NVME/GitHub/Forsetti-Jamf-Pro


SwiftCompile normal arm64 /Volumes/NVME/GitHub/Forsetti-Jamf-Pro/ForsettiApp/DesignSystem/Hardware/HardwareBatteryRingView.swift (in target 'Forsetti' from project 'Forsetti')
    cd /Volumes/NVME/GitHub/Forsetti-Jamf-Pro


SwiftCompile normal arm64 /Volumes/NVME/GitHub/Forsetti-Jamf-Pro/ForsettiApp/DesignSystem/Hardware/HardwareStorageFallbackBar.swift (in target 'Forsetti' from project 'Forsetti')
    cd /Volumes/NVME/GitHub/Forsetti-Jamf-Pro


SwiftCompile normal arm64 /Volumes/NVME/GitHub/Forsetti-Jamf-Pro/ForsettiApp/DesignSystem/Hardware/HardwareStorageGaugeView.swift (in target 'Forsetti' from project 'Forsetti')
    cd /Volumes/NVME/GitHub/Forsetti-Jamf-Pro


SwiftCompile normal arm64 /Volumes/NVME/GitHub/Forsetti-Jamf-Pro/ForsettiApp/DesignSystem/Hardware/HardwareStorageMetalRenderer.swift (in target 'Forsetti' from project 'Forsetti')
    cd /Volumes/NVME/GitHub/Forsetti-Jamf-Pro


SwiftCompile normal arm64 /Volumes/NVME/GitHub/Forsetti-Jamf-Pro/ForsettiApp/DesignSystem/ViewModifiers/ForsettiButtonStyle.swift (in target 'Forsetti' from project 'Forsetti')
    cd /Volumes/NVME/GitHub/Forsetti-Jamf-Pro


SwiftCompile normal arm64 /Volumes/NVME/GitHub/Forsetti-Jamf-Pro/ForsettiApp/DesignSystem/ForsettiBrandMark.swift (in target 'Forsetti' from project 'Forsetti')
    cd /Volumes/NVME/GitHub/Forsetti-Jamf-Pro


SwiftCompile normal arm64 /Volumes/NVME/GitHub/Forsetti-Jamf-Pro/ForsettiApp/DesignSystem/ForsettiColors.swift (in target 'Forsetti' from project 'Forsetti')
    cd /Volumes/NVME/GitHub/Forsetti-Jamf-Pro


SwiftCompile normal arm64 /Volumes/NVME/GitHub/Forsetti-Jamf-Pro/ForsettiApp/DesignSystem/ForsettiMetalBackgroundView.swift (in target 'Forsetti' from project 'Forsetti')
    cd /Volumes/NVME/GitHub/Forsetti-Jamf-Pro


SwiftCompile normal arm64 /Volumes/NVME/GitHub/Forsetti-Jamf-Pro/ForsettiApp/DesignSystem/ForsettiRetailSurfaceComponents.swift (in target 'Forsetti' from project 'Forsetti')
    cd /Volumes/NVME/GitHub/Forsetti-Jamf-Pro


SwiftCompile normal arm64 /Volumes/NVME/GitHub/Forsetti-Jamf-Pro/ForsettiApp/DesignSystem/ForsettiSearchResultTypography.swift (in target 'Forsetti' from project 'Forsetti')
    cd /Volumes/NVME/GitHub/Forsetti-Jamf-Pro


SwiftCompile normal arm64 /Volumes/NVME/GitHub/Forsetti-Jamf-Pro/ForsettiApp/DesignSystem/ForsettiTheme.swift (in target 'Forsetti' from project 'Forsetti')
    cd /Volumes/NVME/GitHub/Forsetti-Jamf-Pro


SwiftCompile normal arm64 /Volumes/NVME/GitHub/Forsetti-Jamf-Pro/ForsettiApp/Framework/Core/JamfCredentials.swift (in target 'Forsetti' from project 'Forsetti')
    cd /Volumes/NVME/GitHub/Forsetti-Jamf-Pro


SwiftCompile normal arm64 /Volumes/NVME/GitHub/Forsetti-Jamf-Pro/ForsettiApp/Framework/Core/JamfFrameworkError.swift (in target 'Forsetti' from project 'Forsetti')
    cd /Volumes/NVME/GitHub/Forsetti-Jamf-Pro


SwiftCompile normal arm64 Compiling\ JamfFrameworkError+Matching.swift,\ ModuleContracts.swift,\ ModuleRegistry.swift,\ DiagnosticModels.swift,\ DiagnosticsCenter.swift,\ DiagnosticsReporting.swift,\ ModulePackageManager.swift,\ ModulePackageManifest.swift,\ ModulePackageStore.swift,\ JamfAPIGateway.swift,\ JamfAuthenticationService.swift,\ JamfRSQLComposer.swift,\ JamfRSQLFilter.swift,\ JamfURLSessionFactory.swift,\ CodeScannerSheet.swift,\ JamfCredentialsStore.swift,\ KeychainSecureStore.swift,\ AboutView.swift,\ DashboardView.swift,\ DiagnosticsView.swift,\ DiagnosticsViewModel.swift,\ ForsettiWorkspaceShell.swift /Volumes/NVME/GitHub/Forsetti-Jamf-Pro/ForsettiApp/Framework/Core/JamfFrameworkError+Matching.swift /Volumes/NVME/GitHub/Forsetti-Jamf-Pro/ForsettiApp/Framework/Core/ModuleContracts.swift /Volumes/NVME/GitHub/Forsetti-Jamf-Pro/ForsettiApp/Framework/Core/ModuleRegistry.swift /Volumes/NVME/GitHub/Forsetti-Jamf-Pro/ForsettiApp/Framework/Diagnostics/DiagnosticModels.swift /Volumes/NVME/GitHub/Forsetti-Jamf-Pro/ForsettiApp/Framework/Diagnostics/DiagnosticsCenter.swift /Volumes/NVME/GitHub/Forsetti-Jamf-Pro/ForsettiApp/Framework/Diagnostics/DiagnosticsReporting.swift /Volumes/NVME/GitHub/Forsetti-Jamf-Pro/ForsettiApp/Framework/Modules/ModulePackageManager.swift /Volumes/NVME/GitHub/Forsetti-Jamf-Pro/ForsettiApp/Framework/Modules/ModulePackageManifest.swift /Volumes/NVME/GitHub/Forsetti-Jamf-Pro/ForsettiApp/Framework/Modules/ModulePackageStore.swift /Volumes/NVME/GitHub/Forsetti-Jamf-Pro/ForsettiApp/Framework/Networking/JamfAPIGateway.swift /Volumes/NVME/GitHub/Forsetti-Jamf-Pro/ForsettiApp/Framework/Networking/JamfAuthenticationService.swift /Volumes/NVME/GitHub/Forsetti-Jamf-Pro/ForsettiApp/Framework/Networking/JamfRSQLComposer.swift /Volumes/NVME/GitHub/Forsetti-Jamf-Pro/ForsettiApp/Framework/Networking/JamfRSQLFilter.swift /Volumes/NVME/GitHub/Forsetti-Jamf-Pro/ForsettiApp/Framework/Networking/JamfURLSessionFactory.swift /Volumes/NVME/GitHub/Forsetti-Jamf-Pro/ForsettiApp/Framework/Scanning/CodeScannerSheet.swift /Volumes/NVME/GitHub/Forsetti-Jamf-Pro/ForsettiApp/Framework/Security/JamfCredentialsStore.swift /Volumes/NVME/GitHub/Forsetti-Jamf-Pro/ForsettiApp/Framework/Security/KeychainSecureStore.swift /Volumes/NVME/GitHub/Forsetti-Jamf-Pro/ForsettiApp/Framework/UI/AboutView.swift /Volumes/NVME/GitHub/Forsetti-Jamf-Pro/ForsettiApp/Framework/UI/DashboardView.swift /Volumes/NVME/GitHub/Forsetti-Jamf-Pro/ForsettiApp/Framework/UI/DiagnosticsView.swift /Volumes/NVME/GitHub/Forsetti-Jamf-Pro/ForsettiApp/Framework/UI/DiagnosticsViewModel.swift /Volumes/NVME/GitHub/Forsetti-Jamf-Pro/ForsettiApp/Framework/UI/ForsettiWorkspaceShell.swift (in target 'Forsetti' from project 'Forsetti')

SwiftCompile normal arm64 /Volumes/NVME/GitHub/Forsetti-Jamf-Pro/ForsettiApp/Framework/Core/JamfFrameworkError+Matching.swift (in target 'Forsetti' from project 'Forsetti')
    cd /Volumes/NVME/GitHub/Forsetti-Jamf-Pro


SwiftCompile normal arm64 /Volumes/NVME/GitHub/Forsetti-Jamf-Pro/ForsettiApp/Framework/Core/ModuleContracts.swift (in target 'Forsetti' from project 'Forsetti')
    cd /Volumes/NVME/GitHub/Forsetti-Jamf-Pro


SwiftCompile normal arm64 /Volumes/NVME/GitHub/Forsetti-Jamf-Pro/ForsettiApp/Framework/Core/ModuleRegistry.swift (in target 'Forsetti' from project 'Forsetti')
    cd /Volumes/NVME/GitHub/Forsetti-Jamf-Pro


SwiftCompile normal arm64 /Volumes/NVME/GitHub/Forsetti-Jamf-Pro/ForsettiApp/Framework/Diagnostics/DiagnosticModels.swift (in target 'Forsetti' from project 'Forsetti')
    cd /Volumes/NVME/GitHub/Forsetti-Jamf-Pro


SwiftCompile normal arm64 /Volumes/NVME/GitHub/Forsetti-Jamf-Pro/ForsettiApp/Framework/Diagnostics/DiagnosticsCenter.swift (in target 'Forsetti' from project 'Forsetti')
    cd /Volumes/NVME/GitHub/Forsetti-Jamf-Pro


SwiftCompile normal arm64 /Volumes/NVME/GitHub/Forsetti-Jamf-Pro/ForsettiApp/Framework/Diagnostics/DiagnosticsReporting.swift (in target 'Forsetti' from project 'Forsetti')
    cd /Volumes/NVME/GitHub/Forsetti-Jamf-Pro


SwiftCompile normal arm64 /Volumes/NVME/GitHub/Forsetti-Jamf-Pro/ForsettiApp/Framework/Modules/ModulePackageManager.swift (in target 'Forsetti' from project 'Forsetti')
    cd /Volumes/NVME/GitHub/Forsetti-Jamf-Pro


SwiftCompile normal arm64 /Volumes/NVME/GitHub/Forsetti-Jamf-Pro/ForsettiApp/Framework/Modules/ModulePackageManifest.swift (in target 'Forsetti' from project 'Forsetti')
    cd /Volumes/NVME/GitHub/Forsetti-Jamf-Pro


SwiftCompile normal arm64 /Volumes/NVME/GitHub/Forsetti-Jamf-Pro/ForsettiApp/Framework/Modules/ModulePackageStore.swift (in target 'Forsetti' from project 'Forsetti')
    cd /Volumes/NVME/GitHub/Forsetti-Jamf-Pro


SwiftCompile normal arm64 /Volumes/NVME/GitHub/Forsetti-Jamf-Pro/ForsettiApp/Framework/Networking/JamfAPIGateway.swift (in target 'Forsetti' from project 'Forsetti')
    cd /Volumes/NVME/GitHub/Forsetti-Jamf-Pro


SwiftCompile normal arm64 /Volumes/NVME/GitHub/Forsetti-Jamf-Pro/ForsettiApp/Framework/Networking/JamfAuthenticationService.swift (in target 'Forsetti' from project 'Forsetti')
    cd /Volumes/NVME/GitHub/Forsetti-Jamf-Pro


SwiftCompile normal arm64 /Volumes/NVME/GitHub/Forsetti-Jamf-Pro/ForsettiApp/Framework/Networking/JamfRSQLComposer.swift (in target 'Forsetti' from project 'Forsetti')
    cd /Volumes/NVME/GitHub/Forsetti-Jamf-Pro


SwiftCompile normal arm64 /Volumes/NVME/GitHub/Forsetti-Jamf-Pro/ForsettiApp/Framework/Networking/JamfRSQLFilter.swift (in target 'Forsetti' from project 'Forsetti')
    cd /Volumes/NVME/GitHub/Forsetti-Jamf-Pro


SwiftCompile normal arm64 /Volumes/NVME/GitHub/Forsetti-Jamf-Pro/ForsettiApp/Framework/Networking/JamfURLSessionFactory.swift (in target 'Forsetti' from project 'Forsetti')
    cd /Volumes/NVME/GitHub/Forsetti-Jamf-Pro


SwiftCompile normal arm64 /Volumes/NVME/GitHub/Forsetti-Jamf-Pro/ForsettiApp/Framework/Scanning/CodeScannerSheet.swift (in target 'Forsetti' from project 'Forsetti')
    cd /Volumes/NVME/GitHub/Forsetti-Jamf-Pro


SwiftCompile normal arm64 /Volumes/NVME/GitHub/Forsetti-Jamf-Pro/ForsettiApp/Framework/Security/JamfCredentialsStore.swift (in target 'Forsetti' from project 'Forsetti')
    cd /Volumes/NVME/GitHub/Forsetti-Jamf-Pro


SwiftCompile normal arm64 /Volumes/NVME/GitHub/Forsetti-Jamf-Pro/ForsettiApp/Framework/Security/KeychainSecureStore.swift (in target 'Forsetti' from project 'Forsetti')
    cd /Volumes/NVME/GitHub/Forsetti-Jamf-Pro


SwiftCompile normal arm64 /Volumes/NVME/GitHub/Forsetti-Jamf-Pro/ForsettiApp/Framework/UI/AboutView.swift (in target 'Forsetti' from project 'Forsetti')
    cd /Volumes/NVME/GitHub/Forsetti-Jamf-Pro


SwiftCompile normal arm64 /Volumes/NVME/GitHub/Forsetti-Jamf-Pro/ForsettiApp/Framework/UI/DashboardView.swift (in target 'Forsetti' from project 'Forsetti')
    cd /Volumes/NVME/GitHub/Forsetti-Jamf-Pro


SwiftCompile normal arm64 /Volumes/NVME/GitHub/Forsetti-Jamf-Pro/ForsettiApp/Framework/UI/DiagnosticsView.swift (in target 'Forsetti' from project 'Forsetti')
    cd /Volumes/NVME/GitHub/Forsetti-Jamf-Pro


SwiftCompile normal arm64 /Volumes/NVME/GitHub/Forsetti-Jamf-Pro/ForsettiApp/Framework/UI/DiagnosticsViewModel.swift (in target 'Forsetti' from project 'Forsetti')
    cd /Volumes/NVME/GitHub/Forsetti-Jamf-Pro


SwiftCompile normal arm64 /Volumes/NVME/GitHub/Forsetti-Jamf-Pro/ForsettiApp/Framework/UI/ForsettiWorkspaceShell.swift (in target 'Forsetti' from project 'Forsetti')
    cd /Volumes/NVME/GitHub/Forsetti-Jamf-Pro


SwiftCompile normal arm64 Compiling\ MobileDeviceRecord.swift,\ MobileDeviceSearchProfile.swift,\ RSQLOperator.swift,\ SmartFilter.swift,\ MobileDeviceSearchProfileStore.swift,\ SmartFilterStore.swift,\ AdvancedSearchViewModel.swift,\ MobileDeviceSearchViewModel.swift,\ AdvancedFieldPickerView.swift,\ AdvancedSearchView.swift,\ CriterionEditorRow.swift,\ FieldCatalogView.swift,\ HardwareInfoCard.swift,\ MobileDeviceDetailView.swift,\ MobileDeviceResultRow.swift,\ MobileDeviceSearchView.swift,\ SmartFilterListView.swift,\ MobileDeviceSearchModule.swift,\ PrestageDirectorModels.swift,\ PrestageDirectorViewModel.swift,\ PrestageDirectorView.swift /Volumes/NVME/GitHub/Forsetti-Jamf-Pro/ForsettiApp/Modules/MobileDeviceSearch/Models/MobileDeviceRecord.swift /Volumes/NVME/GitHub/Forsetti-Jamf-Pro/ForsettiApp/Modules/MobileDeviceSearch/Models/MobileDeviceSearchProfile.swift /Volumes/NVME/GitHub/Forsetti-Jamf-Pro/ForsettiApp/Modules/MobileDeviceSearch/Models/RSQLOperator.swift /Volumes/NVME/GitHub/Forsetti-Jamf-Pro/ForsettiApp/Modules/MobileDeviceSearch/Models/SmartFilter.swift /Volumes/NVME/GitHub/Forsetti-Jamf-Pro/ForsettiApp/Modules/MobileDeviceSearch/Persistence/MobileDeviceSearchProfileStore.swift /Volumes/NVME/GitHub/Forsetti-Jamf-Pro/ForsettiApp/Modules/MobileDeviceSearch/Persistence/SmartFilterStore.swift /Volumes/NVME/GitHub/Forsetti-Jamf-Pro/ForsettiApp/Modules/MobileDeviceSearch/ViewModels/AdvancedSearchViewModel.swift /Volumes/NVME/GitHub/Forsetti-Jamf-Pro/ForsettiApp/Modules/MobileDeviceSearch/ViewModels/MobileDeviceSearchViewModel.swift /Volumes/NVME/GitHub/Forsetti-Jamf-Pro/ForsettiApp/Modules/MobileDeviceSearch/Views/AdvancedFieldPickerView.swift /Volumes/NVME/GitHub/Forsetti-Jamf-Pro/ForsettiApp/Modules/MobileDeviceSearch/Views/AdvancedSearchView.swift /Volumes/NVME/GitHub/Forsetti-Jamf-Pro/ForsettiApp/Modules/MobileDeviceSearch/Views/CriterionEditorRow.swift /Volumes/NVME/GitHub/Forsetti-Jamf-Pro/ForsettiApp/Modules/MobileDeviceSearch/Views/FieldCatalogView.swift /Volumes/NVME/GitHub/Forsetti-Jamf-Pro/ForsettiApp/Modules/MobileDeviceSearch/Views/HardwareInfoCard.swift /Volumes/NVME/GitHub/Forsetti-Jamf-Pro/ForsettiApp/Modules/MobileDeviceSearch/Views/MobileDeviceDetailView.swift /Volumes/NVME/GitHub/Forsetti-Jamf-Pro/ForsettiApp/Modules/MobileDeviceSearch/Views/MobileDeviceResultRow.swift /Volumes/NVME/GitHub/Forsetti-Jamf-Pro/ForsettiApp/Modules/MobileDeviceSearch/Views/MobileDeviceSearchView.swift /Volumes/NVME/GitHub/Forsetti-Jamf-Pro/ForsettiApp/Modules/MobileDeviceSearch/Views/SmartFilterListView.swift /Volumes/NVME/GitHub/Forsetti-Jamf-Pro/ForsettiApp/Modules/MobileDeviceSearch/MobileDeviceSearchModule.swift /Volumes/NVME/GitHub/Forsetti-Jamf-Pro/ForsettiApp/Modules/PrestageDirector/Models/PrestageDirectorModels.swift /Volumes/NVME/GitHub/Forsetti-Jamf-Pro/ForsettiApp/Modules/PrestageDirector/ViewModels/PrestageDirectorViewModel.swift /Volumes/NVME/GitHub/Forsetti-Jamf-Pro/ForsettiApp/Modules/PrestageDirector/Views/PrestageDirectorView.swift (in target 'Forsetti' from project 'Forsetti')

SwiftCompile normal arm64 /Volumes/NVME/GitHub/Forsetti-Jamf-Pro/ForsettiApp/Modules/MobileDeviceSearch/Models/MobileDeviceRecord.swift (in target 'Forsetti' from project 'Forsetti')
    cd /Volumes/NVME/GitHub/Forsetti-Jamf-Pro


SwiftCompile normal arm64 /Volumes/NVME/GitHub/Forsetti-Jamf-Pro/ForsettiApp/Modules/MobileDeviceSearch/Models/MobileDeviceSearchProfile.swift (in target 'Forsetti' from project 'Forsetti')
    cd /Volumes/NVME/GitHub/Forsetti-Jamf-Pro


SwiftCompile normal arm64 /Volumes/NVME/GitHub/Forsetti-Jamf-Pro/ForsettiApp/Modules/MobileDeviceSearch/Models/RSQLOperator.swift (in target 'Forsetti' from project 'Forsetti')
    cd /Volumes/NVME/GitHub/Forsetti-Jamf-Pro


SwiftCompile normal arm64 /Volumes/NVME/GitHub/Forsetti-Jamf-Pro/ForsettiApp/Modules/MobileDeviceSearch/Models/SmartFilter.swift (in target 'Forsetti' from project 'Forsetti')
    cd /Volumes/NVME/GitHub/Forsetti-Jamf-Pro


SwiftCompile normal arm64 /Volumes/NVME/GitHub/Forsetti-Jamf-Pro/ForsettiApp/Modules/MobileDeviceSearch/Persistence/MobileDeviceSearchProfileStore.swift (in target 'Forsetti' from project 'Forsetti')
    cd /Volumes/NVME/GitHub/Forsetti-Jamf-Pro


SwiftCompile normal arm64 /Volumes/NVME/GitHub/Forsetti-Jamf-Pro/ForsettiApp/Modules/MobileDeviceSearch/Persistence/SmartFilterStore.swift (in target 'Forsetti' from project 'Forsetti')
    cd /Volumes/NVME/GitHub/Forsetti-Jamf-Pro


SwiftCompile normal arm64 /Volumes/NVME/GitHub/Forsetti-Jamf-Pro/ForsettiApp/Modules/MobileDeviceSearch/ViewModels/AdvancedSearchViewModel.swift (in target 'Forsetti' from project 'Forsetti')
    cd /Volumes/NVME/GitHub/Forsetti-Jamf-Pro


SwiftCompile normal arm64 /Volumes/NVME/GitHub/Forsetti-Jamf-Pro/ForsettiApp/Modules/MobileDeviceSearch/ViewModels/MobileDeviceSearchViewModel.swift (in target 'Forsetti' from project 'Forsetti')
    cd /Volumes/NVME/GitHub/Forsetti-Jamf-Pro


SwiftCompile normal arm64 /Volumes/NVME/GitHub/Forsetti-Jamf-Pro/ForsettiApp/Modules/MobileDeviceSearch/Views/AdvancedFieldPickerView.swift (in target 'Forsetti' from project 'Forsetti')
    cd /Volumes/NVME/GitHub/Forsetti-Jamf-Pro


SwiftCompile normal arm64 /Volumes/NVME/GitHub/Forsetti-Jamf-Pro/ForsettiApp/Modules/MobileDeviceSearch/Views/AdvancedSearchView.swift (in target 'Forsetti' from project 'Forsetti')
    cd /Volumes/NVME/GitHub/Forsetti-Jamf-Pro


SwiftCompile normal arm64 /Volumes/NVME/GitHub/Forsetti-Jamf-Pro/ForsettiApp/Modules/MobileDeviceSearch/Views/CriterionEditorRow.swift (in target 'Forsetti' from project 'Forsetti')
    cd /Volumes/NVME/GitHub/Forsetti-Jamf-Pro


SwiftCompile normal arm64 /Volumes/NVME/GitHub/Forsetti-Jamf-Pro/ForsettiApp/Modules/MobileDeviceSearch/Views/FieldCatalogView.swift (in target 'Forsetti' from project 'Forsetti')
    cd /Volumes/NVME/GitHub/Forsetti-Jamf-Pro


SwiftCompile normal arm64 /Volumes/NVME/GitHub/Forsetti-Jamf-Pro/ForsettiApp/Modules/MobileDeviceSearch/Views/HardwareInfoCard.swift (in target 'Forsetti' from project 'Forsetti')
    cd /Volumes/NVME/GitHub/Forsetti-Jamf-Pro


SwiftCompile normal arm64 /Volumes/NVME/GitHub/Forsetti-Jamf-Pro/ForsettiApp/Modules/MobileDeviceSearch/Views/MobileDeviceDetailView.swift (in target 'Forsetti' from project 'Forsetti')
    cd /Volumes/NVME/GitHub/Forsetti-Jamf-Pro


SwiftCompile normal arm64 /Volumes/NVME/GitHub/Forsetti-Jamf-Pro/ForsettiApp/Modules/MobileDeviceSearch/Views/MobileDeviceResultRow.swift (in target 'Forsetti' from project 'Forsetti')
    cd /Volumes/NVME/GitHub/Forsetti-Jamf-Pro


SwiftCompile normal arm64 /Volumes/NVME/GitHub/Forsetti-Jamf-Pro/ForsettiApp/Modules/MobileDeviceSearch/Views/MobileDeviceSearchView.swift (in target 'Forsetti' from project 'Forsetti')
    cd /Volumes/NVME/GitHub/Forsetti-Jamf-Pro


SwiftCompile normal arm64 /Volumes/NVME/GitHub/Forsetti-Jamf-Pro/ForsettiApp/Modules/MobileDeviceSearch/Views/SmartFilterListView.swift (in target 'Forsetti' from project 'Forsetti')
    cd /Volumes/NVME/GitHub/Forsetti-Jamf-Pro


SwiftCompile normal arm64 /Volumes/NVME/GitHub/Forsetti-Jamf-Pro/ForsettiApp/Modules/MobileDeviceSearch/MobileDeviceSearchModule.swift (in target 'Forsetti' from project 'Forsetti')
    cd /Volumes/NVME/GitHub/Forsetti-Jamf-Pro


SwiftCompile normal arm64 /Volumes/NVME/GitHub/Forsetti-Jamf-Pro/ForsettiApp/Modules/PrestageDirector/Models/PrestageDirectorModels.swift (in target 'Forsetti' from project 'Forsetti')
    cd /Volumes/NVME/GitHub/Forsetti-Jamf-Pro


SwiftCompile normal arm64 /Volumes/NVME/GitHub/Forsetti-Jamf-Pro/ForsettiApp/Modules/PrestageDirector/ViewModels/PrestageDirectorViewModel.swift (in target 'Forsetti' from project 'Forsetti')
    cd /Volumes/NVME/GitHub/Forsetti-Jamf-Pro


SwiftCompile normal arm64 /Volumes/NVME/GitHub/Forsetti-Jamf-Pro/ForsettiApp/Modules/PrestageDirector/Views/PrestageDirectorView.swift (in target 'Forsetti' from project 'Forsetti')
    cd /Volumes/NVME/GitHub/Forsetti-Jamf-Pro


SwiftCompile normal arm64 Compiling\ ScanIntoTextFieldButton.swift,\ ScannerInputSanitization.swift,\ ServerCredentialsView.swift,\ SettingsView.swift,\ SwiftUIPlatformCompat.swift,\ ComputerExtensionAttribute.swift,\ ComputerField.swift,\ ComputerRecord.swift,\ ComputerSearchProfile.swift,\ ComputerSearchProfileStore.swift,\ ComputerAdvancedSearchViewModel.swift,\ ComputerSearchViewModel.swift,\ ComputerAdvancedSearchView.swift,\ ComputerDetailView.swift,\ ComputerFieldCatalogView.swift,\ ComputerSearchView.swift,\ ComputerSearchModule.swift,\ DeploymentAppleCatalogService.swift,\ DeploymentAppleDeviceModelCatalog.swift,\ DeploymentHardwareDerivationService.swift,\ DeploymentDemoJamfInventoryPreloadClient.swift,\ DeploymentDemoScenario.swift /Volumes/NVME/GitHub/Forsetti-Jamf-Pro/ForsettiApp/Framework/UI/ScanIntoTextFieldButton.swift /Volumes/NVME/GitHub/Forsetti-Jamf-Pro/ForsettiApp/Framework/UI/ScannerInputSanitization.swift /Volumes/NVME/GitHub/Forsetti-Jamf-Pro/ForsettiApp/Framework/UI/ServerCredentialsView.swift /Volumes/NVME/GitHub/Forsetti-Jamf-Pro/ForsettiApp/Framework/UI/SettingsView.swift /Volumes/NVME/GitHub/Forsetti-Jamf-Pro/ForsettiApp/Framework/UI/SwiftUIPlatformCompat.swift /Volumes/NVME/GitHub/Forsetti-Jamf-Pro/ForsettiApp/Modules/ComputerSearch/Models/ComputerExtensionAttribute.swift /Volumes/NVME/GitHub/Forsetti-Jamf-Pro/ForsettiApp/Modules/ComputerSearch/Models/ComputerField.swift /Volumes/NVME/GitHub/Forsetti-Jamf-Pro/ForsettiApp/Modules/ComputerSearch/Models/ComputerRecord.swift /Volumes/NVME/GitHub/Forsetti-Jamf-Pro/ForsettiApp/Modules/ComputerSearch/Models/ComputerSearchProfile.swift /Volumes/NVME/GitHub/Forsetti-Jamf-Pro/ForsettiApp/Modules/ComputerSearch/Persistence/ComputerSearchProfileStore.swift /Volumes/NVME/GitHub/Forsetti-Jamf-Pro/ForsettiApp/Modules/ComputerSearch/ViewModels/ComputerAdvancedSearchViewModel.swift /Volumes/NVME/GitHub/Forsetti-Jamf-Pro/ForsettiApp/Modules/ComputerSearch/ViewModels/ComputerSearchViewModel.swift /Volumes/NVME/GitHub/Forsetti-Jamf-Pro/ForsettiApp/Modules/ComputerSearch/Views/ComputerAdvancedSearchView.swift /Volumes/NVME/GitHub/Forsetti-Jamf-Pro/ForsettiApp/Modules/ComputerSearch/Views/ComputerDetailView.swift /Volumes/NVME/GitHub/Forsetti-Jamf-Pro/ForsettiApp/Modules/ComputerSearch/Views/ComputerFieldCatalogView.swift /Volumes/NVME/GitHub/Forsetti-Jamf-Pro/ForsettiApp/Modules/ComputerSearch/Views/ComputerSearchView.swift /Volumes/NVME/GitHub/Forsetti-Jamf-Pro/ForsettiApp/Modules/ComputerSearch/ComputerSearchModule.swift /Volumes/NVME/GitHub/Forsetti-Jamf-Pro/ForsettiApp/Modules/DeploymentTracker/AppleCatalog/DeploymentAppleCatalogService.swift /Volumes/NVME/GitHub/Forsetti-Jamf-Pro/ForsettiApp/Modules/DeploymentTracker/AppleCatalog/DeploymentAppleDeviceModelCatalog.swift /Volumes/NVME/GitHub/Forsetti-Jamf-Pro/ForsettiApp/Modules/DeploymentTracker/AppleCatalog/DeploymentHardwareDerivationService.swift /Volumes/NVME/GitHub/Forsetti-Jamf-Pro/ForsettiApp/Modules/DeploymentTracker/Demo/DeploymentDemoJamfInventoryPreloadClient.swift /Volumes/NVME/GitHub/Forsetti-Jamf-Pro/ForsettiApp/Modules/DeploymentTracker/Demo/DeploymentDemoScenario.swift (in target 'Forsetti' from project 'Forsetti')

SwiftCompile normal arm64 /Volumes/NVME/GitHub/Forsetti-Jamf-Pro/ForsettiApp/Framework/UI/ScanIntoTextFieldButton.swift (in target 'Forsetti' from project 'Forsetti')
    cd /Volumes/NVME/GitHub/Forsetti-Jamf-Pro


SwiftCompile normal arm64 /Volumes/NVME/GitHub/Forsetti-Jamf-Pro/ForsettiApp/Framework/UI/ScannerInputSanitization.swift (in target 'Forsetti' from project 'Forsetti')
    cd /Volumes/NVME/GitHub/Forsetti-Jamf-Pro


SwiftCompile normal arm64 /Volumes/NVME/GitHub/Forsetti-Jamf-Pro/ForsettiApp/Framework/UI/ServerCredentialsView.swift (in target 'Forsetti' from project 'Forsetti')
    cd /Volumes/NVME/GitHub/Forsetti-Jamf-Pro


SwiftCompile normal arm64 /Volumes/NVME/GitHub/Forsetti-Jamf-Pro/ForsettiApp/Framework/UI/SettingsView.swift (in target 'Forsetti' from project 'Forsetti')
    cd /Volumes/NVME/GitHub/Forsetti-Jamf-Pro


SwiftCompile normal arm64 /Volumes/NVME/GitHub/Forsetti-Jamf-Pro/ForsettiApp/Framework/UI/SwiftUIPlatformCompat.swift (in target 'Forsetti' from project 'Forsetti')
    cd /Volumes/NVME/GitHub/Forsetti-Jamf-Pro


SwiftCompile normal arm64 /Volumes/NVME/GitHub/Forsetti-Jamf-Pro/ForsettiApp/Modules/ComputerSearch/Models/ComputerExtensionAttribute.swift (in target 'Forsetti' from project 'Forsetti')
    cd /Volumes/NVME/GitHub/Forsetti-Jamf-Pro


SwiftCompile normal arm64 /Volumes/NVME/GitHub/Forsetti-Jamf-Pro/ForsettiApp/Modules/ComputerSearch/Models/ComputerField.swift (in target 'Forsetti' from project 'Forsetti')
    cd /Volumes/NVME/GitHub/Forsetti-Jamf-Pro


SwiftCompile normal arm64 /Volumes/NVME/GitHub/Forsetti-Jamf-Pro/ForsettiApp/Modules/ComputerSearch/Models/ComputerRecord.swift (in target 'Forsetti' from project 'Forsetti')
    cd /Volumes/NVME/GitHub/Forsetti-Jamf-Pro


SwiftCompile normal arm64 /Volumes/NVME/GitHub/Forsetti-Jamf-Pro/ForsettiApp/Modules/ComputerSearch/Models/ComputerSearchProfile.swift (in target 'Forsetti' from project 'Forsetti')
    cd /Volumes/NVME/GitHub/Forsetti-Jamf-Pro


SwiftCompile normal arm64 /Volumes/NVME/GitHub/Forsetti-Jamf-Pro/ForsettiApp/Modules/ComputerSearch/Persistence/ComputerSearchProfileStore.swift (in target 'Forsetti' from project 'Forsetti')
    cd /Volumes/NVME/GitHub/Forsetti-Jamf-Pro


SwiftCompile normal arm64 /Volumes/NVME/GitHub/Forsetti-Jamf-Pro/ForsettiApp/Modules/ComputerSearch/ViewModels/ComputerAdvancedSearchViewModel.swift (in target 'Forsetti' from project 'Forsetti')
    cd /Volumes/NVME/GitHub/Forsetti-Jamf-Pro


SwiftCompile normal arm64 /Volumes/NVME/GitHub/Forsetti-Jamf-Pro/ForsettiApp/Modules/ComputerSearch/ViewModels/ComputerSearchViewModel.swift (in target 'Forsetti' from project 'Forsetti')
    cd /Volumes/NVME/GitHub/Forsetti-Jamf-Pro


SwiftCompile normal arm64 /Volumes/NVME/GitHub/Forsetti-Jamf-Pro/ForsettiApp/Modules/ComputerSearch/Views/ComputerAdvancedSearchView.swift (in target 'Forsetti' from project 'Forsetti')
    cd /Volumes/NVME/GitHub/Forsetti-Jamf-Pro


SwiftCompile normal arm64 /Volumes/NVME/GitHub/Forsetti-Jamf-Pro/ForsettiApp/Modules/ComputerSearch/Views/ComputerDetailView.swift (in target 'Forsetti' from project 'Forsetti')
    cd /Volumes/NVME/GitHub/Forsetti-Jamf-Pro


SwiftCompile normal arm64 /Volumes/NVME/GitHub/Forsetti-Jamf-Pro/ForsettiApp/Modules/ComputerSearch/Views/ComputerFieldCatalogView.swift (in target 'Forsetti' from project 'Forsetti')
    cd /Volumes/NVME/GitHub/Forsetti-Jamf-Pro


SwiftCompile normal arm64 /Volumes/NVME/GitHub/Forsetti-Jamf-Pro/ForsettiApp/Modules/ComputerSearch/Views/ComputerSearchView.swift (in target 'Forsetti' from project 'Forsetti')
    cd /Volumes/NVME/GitHub/Forsetti-Jamf-Pro


SwiftCompile normal arm64 /Volumes/NVME/GitHub/Forsetti-Jamf-Pro/ForsettiApp/Modules/ComputerSearch/ComputerSearchModule.swift (in target 'Forsetti' from project 'Forsetti')
    cd /Volumes/NVME/GitHub/Forsetti-Jamf-Pro


SwiftCompile normal arm64 /Volumes/NVME/GitHub/Forsetti-Jamf-Pro/ForsettiApp/Modules/DeploymentTracker/AppleCatalog/DeploymentAppleCatalogService.swift (in target 'Forsetti' from project 'Forsetti')
    cd /Volumes/NVME/GitHub/Forsetti-Jamf-Pro


SwiftCompile normal arm64 /Volumes/NVME/GitHub/Forsetti-Jamf-Pro/ForsettiApp/Modules/DeploymentTracker/AppleCatalog/DeploymentAppleDeviceModelCatalog.swift (in target 'Forsetti' from project 'Forsetti')
    cd /Volumes/NVME/GitHub/Forsetti-Jamf-Pro


SwiftCompile normal arm64 /Volumes/NVME/GitHub/Forsetti-Jamf-Pro/ForsettiApp/Modules/DeploymentTracker/AppleCatalog/DeploymentHardwareDerivationService.swift (in target 'Forsetti' from project 'Forsetti')
    cd /Volumes/NVME/GitHub/Forsetti-Jamf-Pro


SwiftCompile normal arm64 /Volumes/NVME/GitHub/Forsetti-Jamf-Pro/ForsettiApp/Modules/DeploymentTracker/Demo/DeploymentDemoJamfInventoryPreloadClient.swift (in target 'Forsetti' from project 'Forsetti')
    cd /Volumes/NVME/GitHub/Forsetti-Jamf-Pro


SwiftCompile normal arm64 /Volumes/NVME/GitHub/Forsetti-Jamf-Pro/ForsettiApp/Modules/DeploymentTracker/Demo/DeploymentDemoScenario.swift (in target 'Forsetti' from project 'Forsetti')
    cd /Volumes/NVME/GitHub/Forsetti-Jamf-Pro


SwiftDriverJobDiscovery normal arm64 Emitting module for Forsetti (in target 'Forsetti' from project 'Forsetti')

SwiftDriver\ Compilation\ Requirements Forsetti normal arm64 com.apple.xcode.tools.swift.compiler (in target 'Forsetti' from project 'Forsetti')
    cd /Volumes/NVME/GitHub/Forsetti-Jamf-Pro
    builtin-Swift-Compilation-Requirements -- /Applications/Xcode.app/Contents/Developer/Toolchains/XcodeDefault.xctoolchain/usr/bin/swiftc -module-name Forsetti -Onone @/tmp/Forsetti-Jamf-Pro-DerivedData-324-build/Build/Intermediates.noindex/Forsetti.build/Debug/Forsetti.build/Objects-normal/arm64/Forsetti.SwiftFileList -DDEBUG -default-isolation\=MainActor -enable-bare-slash-regex -enable-upcoming-feature DisableOutwardActorInference -enable-upcoming-feature InferSendableFromCaptures -enable-upcoming-feature GlobalActorIsolatedTypesUsability -enable-upcoming-feature MemberImportVisibility -enable-upcoming-feature InferIsolatedConformances -enable-upcoming-feature NonisolatedNonsendingByDefault -enable-experimental-feature DebugDescriptionMacro -sdk /Applications/Xcode.app/Contents/Developer/Platforms/MacOSX.platform/Developer/SDKs/MacOSX26.5.sdk -target arm64-apple-macos14.0 -g -module-cache-path /tmp/Forsetti-Jamf-Pro-DerivedData-324-build/ModuleCache.noindex -Xfrontend -serialize-debugging-options -profile-coverage-mapping -profile-generate -enable-testing -index-store-path /tmp/Forsetti-Jamf-Pro-DerivedData-324-build/Index.noindex/DataStore -Xcc -D_LIBCPP_HARDENING_MODE\=_LIBCPP_HARDENING_MODE_DEBUG -swift-version 5 -I /tmp/Forsetti-Jamf-Pro-DerivedData-324-build/Build/Products/Debug -F /tmp/Forsetti-Jamf-Pro-DerivedData-324-build/Build/Products/Debug/PackageFrameworks -F /tmp/Forsetti-Jamf-Pro-DerivedData-324-build/Build/Products/Debug/PackageFrameworks -F /tmp/Forsetti-Jamf-Pro-DerivedData-324-build/Build/Products/Debug -emit-localized-strings -emit-localized-strings-path /tmp/Forsetti-Jamf-Pro-DerivedData-324-build/Build/Intermediates.noindex/Forsetti.build/Debug/Forsetti.build/Objects-normal/arm64 -c -j8 -enable-batch-mode -incremental -Xcc -ivfsstatcache -Xcc /tmp/Forsetti-Jamf-Pro-DerivedData-324-build/SDKStatCaches.noindex/macosx26.5-25F70-e082c4a02f00227109f4ed75e425c832.sdkstatcache -output-file-map /tmp/Forsetti-Jamf-Pro-DerivedData-324-build/Build/Intermediates.noindex/Forsetti.build/Debug/Forsetti.build/Objects-normal/arm64/Forsetti-OutputFileMap.json -use-frontend-parseable-output -save-temps -no-color-diagnostics -explicit-module-build -module-cache-path /tmp/Forsetti-Jamf-Pro-DerivedData-324-build/Build/Intermediates.noindex/SwiftExplicitPrecompiledModules -clang-scanner-module-cache-path /tmp/Forsetti-Jamf-Pro-DerivedData-324-build/ModuleCache.noindex -sdk-module-cache-path /tmp/Forsetti-Jamf-Pro-DerivedData-324-build/ModuleCache.noindex -serialize-diagnostics -emit-dependencies -emit-module -emit-module-path /tmp/Forsetti-Jamf-Pro-DerivedData-324-build/Build/Intermediates.noindex/Forsetti.build/Debug/Forsetti.build/Objects-normal/arm64/Forsetti.swiftmodule -validate-clang-modules-once -clang-build-session-file /tmp/Forsetti-Jamf-Pro-DerivedData-324-build/ModuleCache.noindex/Session.modulevalidation -Xcc -I/tmp/Forsetti-Jamf-Pro-DerivedData-324-build/Build/Intermediates.noindex/Forsetti.build/Debug/Forsetti.build/swift-overrides.hmap -emit-const-values -Xfrontend -const-gather-protocols-file -Xfrontend /tmp/Forsetti-Jamf-Pro-DerivedData-324-build/Build/Intermediates.noindex/Forsetti.build/Debug/Forsetti.build/Objects-normal/arm64/Forsetti_const_extract_protocols.json -Xcc -iquote -Xcc /tmp/Forsetti-Jamf-Pro-DerivedData-324-build/Build/Intermediates.noindex/Forsetti.build/Debug/Forsetti.build/Forsetti-generated-files.hmap -Xcc -I/tmp/Forsetti-Jamf-Pro-DerivedData-324-build/Build/Intermediates.noindex/Forsetti.build/Debug/Forsetti.build/Forsetti-own-target-headers.hmap -Xcc -I/tmp/Forsetti-Jamf-Pro-DerivedData-324-build/Build/Intermediates.noindex/Forsetti.build/Debug/Forsetti.build/Forsetti-all-non-framework-target-headers.hmap -Xcc -ivfsoverlay -Xcc /tmp/Forsetti-Jamf-Pro-DerivedData-324-build/Build/Intermediates.noindex/Forsetti.build/Debug/Forsetti-4fb3c4c4284d3dc37d66b05580302470-VFS/all-product-headers.yaml -Xcc -iquote -Xcc /tmp/Forsetti-Jamf-Pro-DerivedData-324-build/Build/Intermediates.noindex/Forsetti.build/Debug/Forsetti.build/Forsetti-project-headers.hmap -Xcc -I/tmp/Forsetti-Jamf-Pro-DerivedData-324-build/Build/Products/Debug/include -Xcc -I/tmp/Forsetti-Jamf-Pro-DerivedData-324-build/Build/Intermediates.noindex/Forsetti.build/Debug/Forsetti.build/DerivedSources-normal/arm64 -Xcc -I/tmp/Forsetti-Jamf-Pro-DerivedData-324-build/Build/Intermediates.noindex/Forsetti.build/Debug/Forsetti.build/DerivedSources/arm64 -Xcc -I/tmp/Forsetti-Jamf-Pro-DerivedData-324-build/Build/Intermediates.noindex/Forsetti.build/Debug/Forsetti.build/DerivedSources -Xcc -DDEBUG\=1 -emit-objc-header -emit-objc-header-path /tmp/Forsetti-Jamf-Pro-DerivedData-324-build/Build/Intermediates.noindex/Forsetti.build/Debug/Forsetti.build/Objects-normal/arm64/Forsetti-Swift.h -working-directory /Volumes/NVME/GitHub/Forsetti-Jamf-Pro -experimental-emit-module-separately -disable-cmo

SwiftDriverJobDiscovery normal arm64 Compiling PrestageDirectorModule.swift, ReportCSVRenderer.swift, ReportDocRenderer.swift, ReportExportCoordinator.swift, ReportExportDocument.swift, ReportExportFilenameBuilder.swift, ReportExportFormat.swift, ReportMarkdownRenderer.swift, ReportPDFRenderer.swift, ReportTextRenderer.swift, ReportAggregate.swift, ReportCoreModels.swift, ReportCriteriaModels.swift, ReportsFieldCatalog.swift, ReportsLocationDirectory.swift, ReportsChartPalette.swift, ReportsDeviceTypeGaugeFallbackView.swift, ReportsDeviceTypeGaugeRenderer.swift, ReportsDeviceTypeGaugeView.swift, ReportsVisualizationSnapshotRenderer.swift, ReportDeviceIdentityResolver.swift (in target 'Forsetti' from project 'Forsetti')

SwiftMergeGeneratedHeaders /tmp/Forsetti-Jamf-Pro-DerivedData-324-build/Build/Intermediates.noindex/Forsetti.build/Debug/Forsetti.build/DerivedSources/Forsetti-Swift.h /tmp/Forsetti-Jamf-Pro-DerivedData-324-build/Build/Intermediates.noindex/Forsetti.build/Debug/Forsetti.build/Objects-normal/arm64/Forsetti-Swift.h (in target 'Forsetti' from project 'Forsetti')
    cd /Volumes/NVME/GitHub/Forsetti-Jamf-Pro
    builtin-swiftHeaderTool -arch arm64 /tmp/Forsetti-Jamf-Pro-DerivedData-324-build/Build/Intermediates.noindex/Forsetti.build/Debug/Forsetti.build/Objects-normal/arm64/Forsetti-Swift.h -o /tmp/Forsetti-Jamf-Pro-DerivedData-324-build/Build/Intermediates.noindex/Forsetti.build/Debug/Forsetti.build/DerivedSources/Forsetti-Swift.h

Copy /tmp/Forsetti-Jamf-Pro-DerivedData-324-build/Build/Products/Debug/Forsetti.swiftmodule/arm64-apple-macos.swiftmodule /tmp/Forsetti-Jamf-Pro-DerivedData-324-build/Build/Intermediates.noindex/Forsetti.build/Debug/Forsetti.build/Objects-normal/arm64/Forsetti.swiftmodule (in target 'Forsetti' from project 'Forsetti')
    cd /Volumes/NVME/GitHub/Forsetti-Jamf-Pro
    builtin-copy -exclude .DS_Store -exclude CVS -exclude .svn -exclude .git -exclude .hg -resolve-src-symlinks -rename /tmp/Forsetti-Jamf-Pro-DerivedData-324-build/Build/Intermediates.noindex/Forsetti.build/Debug/Forsetti.build/Objects-normal/arm64/Forsetti.swiftmodule /tmp/Forsetti-Jamf-Pro-DerivedData-324-build/Build/Products/Debug/Forsetti.swiftmodule/arm64-apple-macos.swiftmodule

SwiftDriverJobDiscovery normal arm64 Compiling ForsettiApp.swift, ForsettiAppIdentity.swift, ForsettiFrameworkContainer.swift, ForsettiRetailBootstrap.swift, CommandStatusFallbackView.swift, CommandStatusIndicatorView.swift, CommandStatusMetalRenderer.swift, ForsettiCommandActivityBar.swift, AppleDeviceModelCatalog.swift, HardwareBatteryRingView.swift, HardwareStorageFallbackBar.swift, HardwareStorageGaugeView.swift, HardwareStorageMetalRenderer.swift, ForsettiButtonStyle.swift, ForsettiBrandMark.swift, ForsettiColors.swift, ForsettiMetalBackgroundView.swift, ForsettiRetailSurfaceComponents.swift, ForsettiSearchResultTypography.swift, ForsettiTheme.swift, JamfCredentials.swift, JamfFrameworkError.swift (in target 'Forsetti' from project 'Forsetti')

Copy /tmp/Forsetti-Jamf-Pro-DerivedData-324-build/Build/Products/Debug/Forsetti.swiftmodule/arm64-apple-macos.swiftdoc /tmp/Forsetti-Jamf-Pro-DerivedData-324-build/Build/Intermediates.noindex/Forsetti.build/Debug/Forsetti.build/Objects-normal/arm64/Forsetti.swiftdoc (in target 'Forsetti' from project 'Forsetti')
    cd /Volumes/NVME/GitHub/Forsetti-Jamf-Pro
    builtin-copy -exclude .DS_Store -exclude CVS -exclude .svn -exclude .git -exclude .hg -resolve-src-symlinks -rename /tmp/Forsetti-Jamf-Pro-DerivedData-324-build/Build/Intermediates.noindex/Forsetti.build/Debug/Forsetti.build/Objects-normal/arm64/Forsetti.swiftdoc /tmp/Forsetti-Jamf-Pro-DerivedData-324-build/Build/Products/Debug/Forsetti.swiftmodule/arm64-apple-macos.swiftdoc

Copy /tmp/Forsetti-Jamf-Pro-DerivedData-324-build/Build/Products/Debug/Forsetti.swiftmodule/arm64-apple-macos.abi.json /tmp/Forsetti-Jamf-Pro-DerivedData-324-build/Build/Intermediates.noindex/Forsetti.build/Debug/Forsetti.build/Objects-normal/arm64/Forsetti.abi.json (in target 'Forsetti' from project 'Forsetti')
    cd /Volumes/NVME/GitHub/Forsetti-Jamf-Pro
    builtin-copy -exclude .DS_Store -exclude CVS -exclude .svn -exclude .git -exclude .hg -resolve-src-symlinks -rename /tmp/Forsetti-Jamf-Pro-DerivedData-324-build/Build/Intermediates.noindex/Forsetti.build/Debug/Forsetti.build/Objects-normal/arm64/Forsetti.abi.json /tmp/Forsetti-Jamf-Pro-DerivedData-324-build/Build/Products/Debug/Forsetti.swiftmodule/arm64-apple-macos.abi.json

Copy /tmp/Forsetti-Jamf-Pro-DerivedData-324-build/Build/Products/Debug/Forsetti.swiftmodule/Project/arm64-apple-macos.swiftsourceinfo /tmp/Forsetti-Jamf-Pro-DerivedData-324-build/Build/Intermediates.noindex/Forsetti.build/Debug/Forsetti.build/Objects-normal/arm64/Forsetti.swiftsourceinfo (in target 'Forsetti' from project 'Forsetti')
    cd /Volumes/NVME/GitHub/Forsetti-Jamf-Pro
    builtin-copy -exclude .DS_Store -exclude CVS -exclude .svn -exclude .git -exclude .hg -resolve-src-symlinks -rename /tmp/Forsetti-Jamf-Pro-DerivedData-324-build/Build/Intermediates.noindex/Forsetti.build/Debug/Forsetti.build/Objects-normal/arm64/Forsetti.swiftsourceinfo /tmp/Forsetti-Jamf-Pro-DerivedData-324-build/Build/Products/Debug/Forsetti.swiftmodule/Project/arm64-apple-macos.swiftsourceinfo

SwiftDriverJobDiscovery normal arm64 Compiling JamfFrameworkError+Matching.swift, ModuleContracts.swift, ModuleRegistry.swift, DiagnosticModels.swift, DiagnosticsCenter.swift, DiagnosticsReporting.swift, ModulePackageManager.swift, ModulePackageManifest.swift, ModulePackageStore.swift, JamfAPIGateway.swift, JamfAuthenticationService.swift, JamfRSQLComposer.swift, JamfRSQLFilter.swift, JamfURLSessionFactory.swift, CodeScannerSheet.swift, JamfCredentialsStore.swift, KeychainSecureStore.swift, AboutView.swift, DashboardView.swift, DiagnosticsView.swift, DiagnosticsViewModel.swift, ForsettiWorkspaceShell.swift (in target 'Forsetti' from project 'Forsetti')

SwiftDriverJobDiscovery normal arm64 Compiling MobileDeviceRecord.swift, MobileDeviceSearchProfile.swift, RSQLOperator.swift, SmartFilter.swift, MobileDeviceSearchProfileStore.swift, SmartFilterStore.swift, AdvancedSearchViewModel.swift, MobileDeviceSearchViewModel.swift, AdvancedFieldPickerView.swift, AdvancedSearchView.swift, CriterionEditorRow.swift, FieldCatalogView.swift, HardwareInfoCard.swift, MobileDeviceDetailView.swift, MobileDeviceResultRow.swift, MobileDeviceSearchView.swift, SmartFilterListView.swift, MobileDeviceSearchModule.swift, PrestageDirectorModels.swift, PrestageDirectorViewModel.swift, PrestageDirectorView.swift (in target 'Forsetti' from project 'Forsetti')

SwiftDriverJobDiscovery normal arm64 Compiling DeploymentTrackerDemoDataFactory.swift, DeploymentTrackerDemoIntegrationSimulator.swift, DeploymentTrackerDemoMode.swift, DeploymentTrackerRuntimeMode.swift, DeploymentVendorImportModels.swift, DeploymentVendorImportParser.swift, AppleBusinessReadOnlyModels.swift, AppleBusinessVerificationService.swift, JamfInventoryPreloadCSVRenderer.swift, JamfInventoryPreloadModels.swift, JamfInventoryPreloadReconciliationService.swift, JamfInventoryPreloadService.swift, JamfInventoryPreloadValidator.swift, SDPlusCSVRenderer.swift, SDPlusExportModels.swift, SDPlusExportService.swift, DeploymentTrackerCoreModels.swift, DeploymentTrackerFieldModels.swift, CoreDataDeploymentTrackerStore.swift, DeploymentTrackerStore.swift, RecordsManagementExportService.swift, RecordsManagementModels.swift (in target 'Forsetti' from project 'Forsetti')

SwiftDriverJobDiscovery normal arm64 Compiling DeploymentKPIRingFallbackView.swift, DeploymentKPIRingRenderer.swift, DeploymentKPIRingView.swift, DeploymentFieldCatalogService.swift, DeploymentKPIProjectionService.swift, DeploymentTrackerSeedData.swift, DeploymentWorkbenchProjectionService.swift, DeploymentDashboardViews.swift, DeploymentDemoRibbonView.swift, DeploymentDemoViews.swift, DeploymentDemoVisualFlareViews.swift, DeploymentTrackerGuideView.swift, DeploymentWorkbenchViews.swift, DeploymentWorkspaceViews.swift, DeploymentWorkbenchModels.swift, DeploymentWorkflowEngine.swift, DeploymentTrackerModule.swift, AdvancedQuery.swift, MobileDeviceExtensionAttribute.swift, MobileDeviceField.swift, MobileDeviceFieldCatalog+Generated.swift, MobileDeviceFieldDataType.swift (in target 'Forsetti' from project 'Forsetti')

SwiftDriverJobDiscovery normal arm64 Compiling ScanIntoTextFieldButton.swift, ScannerInputSanitization.swift, ServerCredentialsView.swift, SettingsView.swift, SwiftUIPlatformCompat.swift, ComputerExtensionAttribute.swift, ComputerField.swift, ComputerRecord.swift, ComputerSearchProfile.swift, ComputerSearchProfileStore.swift, ComputerAdvancedSearchViewModel.swift, ComputerSearchViewModel.swift, ComputerAdvancedSearchView.swift, ComputerDetailView.swift, ComputerFieldCatalogView.swift, ComputerSearchView.swift, ComputerSearchModule.swift, DeploymentAppleCatalogService.swift, DeploymentAppleDeviceModelCatalog.swift, DeploymentHardwareDerivationService.swift, DeploymentDemoJamfInventoryPreloadClient.swift, DeploymentDemoScenario.swift (in target 'Forsetti' from project 'Forsetti')

SwiftDriverJobDiscovery normal arm64 Compiling ReportsAggregator.swift, ReportsInventoryService.swift, ReportsPaginationPolicy.swift, ReportsQueryPlanner.swift, ReportsViewModel.swift, GeneratedReportView.swift, ReportBuilderView.swift, ReportsView.swift, ReportVisualizationViews.swift, ReportsModule.swift, SupportTechnicianDeviceSpecCatalog.swift, SupportTechnicianModels.swift, SupportTechnicianAPIService.swift, SupportTechnicianCache.swift, SupportTechnicianViewModel.swift, CategoryFrame.swift, SupportFrames.swift, SupportTechnicianView.swift, SupportTypedConfirmationSheet.swift, SupportTechnicianModule.swift, GeneratedAssetSymbols.swift (in target 'Forsetti' from project 'Forsetti')

SwiftDriver\ Compilation Forsetti normal arm64 com.apple.xcode.tools.swift.compiler (in target 'Forsetti' from project 'Forsetti')
    cd /Volumes/NVME/GitHub/Forsetti-Jamf-Pro
    builtin-Swift-Compilation -- /Applications/Xcode.app/Contents/Developer/Toolchains/XcodeDefault.xctoolchain/usr/bin/swiftc -module-name Forsetti -Onone @/tmp/Forsetti-Jamf-Pro-DerivedData-324-build/Build/Intermediates.noindex/Forsetti.build/Debug/Forsetti.build/Objects-normal/arm64/Forsetti.SwiftFileList -DDEBUG -default-isolation\=MainActor -enable-bare-slash-regex -enable-upcoming-feature DisableOutwardActorInference -enable-upcoming-feature InferSendableFromCaptures -enable-upcoming-feature GlobalActorIsolatedTypesUsability -enable-upcoming-feature MemberImportVisibility -enable-upcoming-feature InferIsolatedConformances -enable-upcoming-feature NonisolatedNonsendingByDefault -enable-experimental-feature DebugDescriptionMacro -sdk /Applications/Xcode.app/Contents/Developer/Platforms/MacOSX.platform/Developer/SDKs/MacOSX26.5.sdk -target arm64-apple-macos14.0 -g -module-cache-path /tmp/Forsetti-Jamf-Pro-DerivedData-324-build/ModuleCache.noindex -Xfrontend -serialize-debugging-options -profile-coverage-mapping -profile-generate -enable-testing -index-store-path /tmp/Forsetti-Jamf-Pro-DerivedData-324-build/Index.noindex/DataStore -Xcc -D_LIBCPP_HARDENING_MODE\=_LIBCPP_HARDENING_MODE_DEBUG -swift-version 5 -I /tmp/Forsetti-Jamf-Pro-DerivedData-324-build/Build/Products/Debug -F /tmp/Forsetti-Jamf-Pro-DerivedData-324-build/Build/Products/Debug/PackageFrameworks -F /tmp/Forsetti-Jamf-Pro-DerivedData-324-build/Build/Products/Debug/PackageFrameworks -F /tmp/Forsetti-Jamf-Pro-DerivedData-324-build/Build/Products/Debug -emit-localized-strings -emit-localized-strings-path /tmp/Forsetti-Jamf-Pro-DerivedData-324-build/Build/Intermediates.noindex/Forsetti.build/Debug/Forsetti.build/Objects-normal/arm64 -c -j8 -enable-batch-mode -incremental -Xcc -ivfsstatcache -Xcc /tmp/Forsetti-Jamf-Pro-DerivedData-324-build/SDKStatCaches.noindex/macosx26.5-25F70-e082c4a02f00227109f4ed75e425c832.sdkstatcache -output-file-map /tmp/Forsetti-Jamf-Pro-DerivedData-324-build/Build/Intermediates.noindex/Forsetti.build/Debug/Forsetti.build/Objects-normal/arm64/Forsetti-OutputFileMap.json -use-frontend-parseable-output -save-temps -no-color-diagnostics -explicit-module-build -module-cache-path /tmp/Forsetti-Jamf-Pro-DerivedData-324-build/Build/Intermediates.noindex/SwiftExplicitPrecompiledModules -clang-scanner-module-cache-path /tmp/Forsetti-Jamf-Pro-DerivedData-324-build/ModuleCache.noindex -sdk-module-cache-path /tmp/Forsetti-Jamf-Pro-DerivedData-324-build/ModuleCache.noindex -serialize-diagnostics -emit-dependencies -emit-module -emit-module-path /tmp/Forsetti-Jamf-Pro-DerivedData-324-build/Build/Intermediates.noindex/Forsetti.build/Debug/Forsetti.build/Objects-normal/arm64/Forsetti.swiftmodule -validate-clang-modules-once -clang-build-session-file /tmp/Forsetti-Jamf-Pro-DerivedData-324-build/ModuleCache.noindex/Session.modulevalidation -Xcc -I/tmp/Forsetti-Jamf-Pro-DerivedData-324-build/Build/Intermediates.noindex/Forsetti.build/Debug/Forsetti.build/swift-overrides.hmap -emit-const-values -Xfrontend -const-gather-protocols-file -Xfrontend /tmp/Forsetti-Jamf-Pro-DerivedData-324-build/Build/Intermediates.noindex/Forsetti.build/Debug/Forsetti.build/Objects-normal/arm64/Forsetti_const_extract_protocols.json -Xcc -iquote -Xcc /tmp/Forsetti-Jamf-Pro-DerivedData-324-build/Build/Intermediates.noindex/Forsetti.build/Debug/Forsetti.build/Forsetti-generated-files.hmap -Xcc -I/tmp/Forsetti-Jamf-Pro-DerivedData-324-build/Build/Intermediates.noindex/Forsetti.build/Debug/Forsetti.build/Forsetti-own-target-headers.hmap -Xcc -I/tmp/Forsetti-Jamf-Pro-DerivedData-324-build/Build/Intermediates.noindex/Forsetti.build/Debug/Forsetti.build/Forsetti-all-non-framework-target-headers.hmap -Xcc -ivfsoverlay -Xcc /tmp/Forsetti-Jamf-Pro-DerivedData-324-build/Build/Intermediates.noindex/Forsetti.build/Debug/Forsetti-4fb3c4c4284d3dc37d66b05580302470-VFS/all-product-headers.yaml -Xcc -iquote -Xcc /tmp/Forsetti-Jamf-Pro-DerivedData-324-build/Build/Intermediates.noindex/Forsetti.build/Debug/Forsetti.build/Forsetti-project-headers.hmap -Xcc -I/tmp/Forsetti-Jamf-Pro-DerivedData-324-build/Build/Products/Debug/include -Xcc -I/tmp/Forsetti-Jamf-Pro-DerivedData-324-build/Build/Intermediates.noindex/Forsetti.build/Debug/Forsetti.build/DerivedSources-normal/arm64 -Xcc -I/tmp/Forsetti-Jamf-Pro-DerivedData-324-build/Build/Intermediates.noindex/Forsetti.build/Debug/Forsetti.build/DerivedSources/arm64 -Xcc -I/tmp/Forsetti-Jamf-Pro-DerivedData-324-build/Build/Intermediates.noindex/Forsetti.build/Debug/Forsetti.build/DerivedSources -Xcc -DDEBUG\=1 -emit-objc-header -emit-objc-header-path /tmp/Forsetti-Jamf-Pro-DerivedData-324-build/Build/Intermediates.noindex/Forsetti.build/Debug/Forsetti.build/Objects-normal/arm64/Forsetti-Swift.h -working-directory /Volumes/NVME/GitHub/Forsetti-Jamf-Pro -experimental-emit-module-separately -disable-cmo

Ld /tmp/Forsetti-Jamf-Pro-DerivedData-324-build/Build/Products/Debug/Forsetti.app/Contents/MacOS/Forsetti.debug.dylib normal (in target 'Forsetti' from project 'Forsetti')
    cd /Volumes/NVME/GitHub/Forsetti-Jamf-Pro
    /Applications/Xcode.app/Contents/Developer/Toolchains/XcodeDefault.xctoolchain/usr/bin/clang -Xlinker -reproducible -target arm64-apple-macos14.0 -dynamiclib -isysroot /Applications/Xcode.app/Contents/Developer/Platforms/MacOSX.platform/Developer/SDKs/MacOSX26.5.sdk -O0 -L/tmp/Forsetti-Jamf-Pro-DerivedData-324-build/Build/Intermediates.noindex/EagerLinkingTBDs/Debug -L/tmp/Forsetti-Jamf-Pro-DerivedData-324-build/Build/Products/Debug -F/tmp/Forsetti-Jamf-Pro-DerivedData-324-build/Build/Intermediates.noindex/EagerLinkingTBDs/Debug -F/tmp/Forsetti-Jamf-Pro-DerivedData-324-build/Build/Products/Debug/PackageFrameworks -F/tmp/Forsetti-Jamf-Pro-DerivedData-324-build/Build/Products/Debug/PackageFrameworks -F/tmp/Forsetti-Jamf-Pro-DerivedData-324-build/Build/Products/Debug -filelist /tmp/Forsetti-Jamf-Pro-DerivedData-324-build/Build/Intermediates.noindex/Forsetti.build/Debug/Forsetti.build/Objects-normal/arm64/Forsetti.LinkFileList -install_name @rpath/Forsetti.debug.dylib -Xlinker -rpath -Xlinker /usr/lib/swift -Xlinker -rpath -Xlinker /tmp/Forsetti-Jamf-Pro-DerivedData-324-build/Build/Products/Debug/PackageFrameworks -Xlinker -rpath -Xlinker @executable_path/Frameworks -Xlinker -dead_strip -Xlinker -object_path_lto -Xlinker /tmp/Forsetti-Jamf-Pro-DerivedData-324-build/Build/Intermediates.noindex/Forsetti.build/Debug/Forsetti.build/Objects-normal/arm64/Forsetti_lto.o -rdynamic -Xlinker -no_deduplicate -Xlinker -debug_variant -Xlinker -dependency_info -Xlinker /tmp/Forsetti-Jamf-Pro-DerivedData-324-build/Build/Intermediates.noindex/Forsetti.build/Debug/Forsetti.build/Objects-normal/arm64/Forsetti_dependency_info.dat -fobjc-link-runtime -fprofile-instr-generate -L/Applications/Xcode.app/Contents/Developer/Toolchains/XcodeDefault.xctoolchain/usr/lib/swift/macosx -L/usr/lib/swift -Xlinker -add_ast_path -Xlinker /tmp/Forsetti-Jamf-Pro-DerivedData-324-build/Build/Intermediates.noindex/Forsetti.build/Debug/Forsetti.build/Objects-normal/arm64/Forsetti.swiftmodule @/tmp/Forsetti-Jamf-Pro-DerivedData-324-build/Build/Intermediates.noindex/Forsetti.build/Debug/Forsetti.build/Objects-normal/arm64/Forsetti-linker-args.resp -Wl,-no_warn_duplicate_libraries -Wl,-no_warn_duplicate_libraries -Xlinker -alias -Xlinker _main -Xlinker ___debug_main_executable_dylib_entry_point -o /tmp/Forsetti-Jamf-Pro-DerivedData-324-build/Build/Products/Debug/Forsetti.app/Contents/MacOS/Forsetti.debug.dylib -Xlinker -add_ast_path -Xlinker /tmp/Forsetti-Jamf-Pro-DerivedData-324-build/Build/Intermediates.noindex/ForsettiFramework.build/Debug/ForsettiCore.build/Objects-normal/arm64/ForsettiCore.swiftmodule @/tmp/Forsetti-Jamf-Pro-DerivedData-324-build/Build/Intermediates.noindex/ForsettiFramework.build/Debug/ForsettiCore.build/Objects-normal/arm64/ForsettiCore-linker-args.resp -Xlinker -add_ast_path -Xlinker /tmp/Forsetti-Jamf-Pro-DerivedData-324-build/Build/Intermediates.noindex/ForsettiFramework.build/Debug/ForsettiPlatform.build/Objects-normal/arm64/ForsettiPlatform.swiftmodule @/tmp/Forsetti-Jamf-Pro-DerivedData-324-build/Build/Intermediates.noindex/ForsettiFramework.build/Debug/ForsettiPlatform.build/Objects-normal/arm64/ForsettiPlatform-linker-args.resp

ConstructStubExecutorLinkFileList /tmp/Forsetti-Jamf-Pro-DerivedData-324-build/Build/Intermediates.noindex/Forsetti.build/Debug/Forsetti.build/Forsetti-ExecutorLinkFileList-normal-arm64.txt (in target 'Forsetti' from project 'Forsetti')
    cd /Volumes/NVME/GitHub/Forsetti-Jamf-Pro
    construct-stub-executor-link-file-list /tmp/Forsetti-Jamf-Pro-DerivedData-324-build/Build/Products/Debug/Forsetti.app/Contents/MacOS/Forsetti.debug.dylib /Applications/Xcode.app/Contents/Developer/Platforms/MacOSX.platform/Developer/usr/lib/libPreviewsJITStubExecutor_no_swift_entry_point.a /Applications/Xcode.app/Contents/Developer/Platforms/MacOSX.platform/Developer/usr/lib/libPreviewsJITStubExecutor.a --output /tmp/Forsetti-Jamf-Pro-DerivedData-324-build/Build/Intermediates.noindex/Forsetti.build/Debug/Forsetti.build/Forsetti-ExecutorLinkFileList-normal-arm64.txt
note: Using stub executor library with Swift entry point. (in target 'Forsetti' from project 'Forsetti')

Ld /tmp/Forsetti-Jamf-Pro-DerivedData-324-build/Build/Products/Debug/Forsetti.app/Contents/MacOS/Forsetti normal (in target 'Forsetti' from project 'Forsetti')
    cd /Volumes/NVME/GitHub/Forsetti-Jamf-Pro
    /Applications/Xcode.app/Contents/Developer/Toolchains/XcodeDefault.xctoolchain/usr/bin/clang -Xlinker -reproducible -target arm64-apple-macos14.0 -isysroot /Applications/Xcode.app/Contents/Developer/Platforms/MacOSX.platform/Developer/SDKs/MacOSX26.5.sdk -O0 -L/tmp/Forsetti-Jamf-Pro-DerivedData-324-build/Build/Products/Debug -F/tmp/Forsetti-Jamf-Pro-DerivedData-324-build/Build/Products/Debug/PackageFrameworks -F/tmp/Forsetti-Jamf-Pro-DerivedData-324-build/Build/Products/Debug/PackageFrameworks -F/tmp/Forsetti-Jamf-Pro-DerivedData-324-build/Build/Products/Debug -Xlinker -rpath -Xlinker @executable_path -Xlinker -rpath -Xlinker /tmp/Forsetti-Jamf-Pro-DerivedData-324-build/Build/Products/Debug/PackageFrameworks -Xlinker -rpath -Xlinker @executable_path/Frameworks -rdynamic -Xlinker -no_deduplicate -Xlinker -debug_variant -e ___debug_blank_executor_main -Xlinker -sectcreate -Xlinker __TEXT -Xlinker __debug_dylib -Xlinker /tmp/Forsetti-Jamf-Pro-DerivedData-324-build/Build/Intermediates.noindex/Forsetti.build/Debug/Forsetti.build/Forsetti-DebugDylibPath-normal-arm64.txt -Xlinker -sectcreate -Xlinker __TEXT -Xlinker __debug_instlnm -Xlinker /tmp/Forsetti-Jamf-Pro-DerivedData-324-build/Build/Intermediates.noindex/Forsetti.build/Debug/Forsetti.build/Forsetti-DebugDylibInstallName-normal-arm64.txt -Xlinker -filelist -Xlinker /tmp/Forsetti-Jamf-Pro-DerivedData-324-build/Build/Intermediates.noindex/Forsetti.build/Debug/Forsetti.build/Forsetti-ExecutorLinkFileList-normal-arm64.txt /tmp/Forsetti-Jamf-Pro-DerivedData-324-build/Build/Products/Debug/Forsetti.app/Contents/MacOS/Forsetti.debug.dylib -o /tmp/Forsetti-Jamf-Pro-DerivedData-324-build/Build/Products/Debug/Forsetti.app/Contents/MacOS/Forsetti

CopySwiftLibs /tmp/Forsetti-Jamf-Pro-DerivedData-324-build/Build/Products/Debug/Forsetti.app (in target 'Forsetti' from project 'Forsetti')
    cd /Volumes/NVME/GitHub/Forsetti-Jamf-Pro
    builtin-swiftStdLibTool --copy --verbose --scan-executable /tmp/Forsetti-Jamf-Pro-DerivedData-324-build/Build/Products/Debug/Forsetti.app/Contents/MacOS/Forsetti.debug.dylib --scan-folder /tmp/Forsetti-Jamf-Pro-DerivedData-324-build/Build/Products/Debug/Forsetti.app/Contents/Frameworks --scan-folder /tmp/Forsetti-Jamf-Pro-DerivedData-324-build/Build/Products/Debug/Forsetti.app/Contents/PlugIns --scan-folder /tmp/Forsetti-Jamf-Pro-DerivedData-324-build/Build/Products/Debug/Forsetti.app/Contents/Library/SystemExtensions --scan-folder /tmp/Forsetti-Jamf-Pro-DerivedData-324-build/Build/Products/Debug/Forsetti.app/Contents/Extensions --platform macosx --toolchain /Applications/Xcode.app/Contents/Developer/Toolchains/XcodeDefault.xctoolchain --destination /tmp/Forsetti-Jamf-Pro-DerivedData-324-build/Build/Products/Debug/Forsetti.app/Contents/Frameworks --strip-bitcode --strip-bitcode-tool /Applications/Xcode.app/Contents/Developer/Toolchains/XcodeDefault.xctoolchain/usr/bin/bitcode_strip --emit-dependency-info /tmp/Forsetti-Jamf-Pro-DerivedData-324-build/Build/Intermediates.noindex/Forsetti.build/Debug/Forsetti.build/SwiftStdLibToolInputDependencies.dep --filter-for-swift-os --back-deploy-swift-span
Ignoring --strip-bitcode because --sign was not passed

ExtractAppIntentsMetadata (in target 'Forsetti' from project 'Forsetti')
    cd /Volumes/NVME/GitHub/Forsetti-Jamf-Pro
    /Applications/Xcode.app/Contents/Developer/Toolchains/XcodeDefault.xctoolchain/usr/bin/appintentsmetadataprocessor --toolchain-dir /Applications/Xcode.app/Contents/Developer/Toolchains/XcodeDefault.xctoolchain --module-name Forsetti --sdk-root /Applications/Xcode.app/Contents/Developer/Platforms/MacOSX.platform/Developer/SDKs/MacOSX26.5.sdk --xcode-version 17F42 --platform-family macOS --deployment-target 14.0 --bundle-identifier com.ravenforge.forsetti --output /tmp/Forsetti-Jamf-Pro-DerivedData-324-build/Build/Products/Debug/Forsetti.app/Contents/Resources --target-triple arm64-apple-macos14.0 --binary-file /tmp/Forsetti-Jamf-Pro-DerivedData-324-build/Build/Products/Debug/Forsetti.app/Contents/MacOS/Forsetti --dependency-file /tmp/Forsetti-Jamf-Pro-DerivedData-324-build/Build/Intermediates.noindex/Forsetti.build/Debug/Forsetti.build/Objects-normal/arm64/Forsetti_dependency_info.dat --stringsdata-file /tmp/Forsetti-Jamf-Pro-DerivedData-324-build/Build/Intermediates.noindex/Forsetti.build/Debug/Forsetti.build/Objects-normal/arm64/ExtractedAppShortcutsMetadata.stringsdata --source-file-list /tmp/Forsetti-Jamf-Pro-DerivedData-324-build/Build/Intermediates.noindex/Forsetti.build/Debug/Forsetti.build/Objects-normal/arm64/Forsetti.SwiftFileList --metadata-file-list /tmp/Forsetti-Jamf-Pro-DerivedData-324-build/Build/Intermediates.noindex/Forsetti.build/Debug/Forsetti.build/Forsetti.DependencyMetadataFileList --static-metadata-file-list /tmp/Forsetti-Jamf-Pro-DerivedData-324-build/Build/Intermediates.noindex/Forsetti.build/Debug/Forsetti.build/Forsetti.DependencyStaticMetadataFileList --swift-const-vals-list /tmp/Forsetti-Jamf-Pro-DerivedData-324-build/Build/Intermediates.noindex/Forsetti.build/Debug/Forsetti.build/Objects-normal/arm64/Forsetti.SwiftConstValuesFileList --compile-time-extraction --deployment-aware-processing --validate-system-intents --no-app-shortcuts-localization
2026-05-31 11:19:34.642 appintentsmetadataprocessor[16224:7310405] Starting appintentsmetadataprocessor export
2026-05-31 11:19:34.643 appintentsmetadataprocessor[16224:7310405] warning: Metadata extraction skipped. No AppIntents.framework dependency found.

RegisterExecutionPolicyException /tmp/Forsetti-Jamf-Pro-DerivedData-324-build/Build/Products/Debug/Forsetti.app (in target 'Forsetti' from project 'Forsetti')
    cd /Volumes/NVME/GitHub/Forsetti-Jamf-Pro
    builtin-RegisterExecutionPolicyException /tmp/Forsetti-Jamf-Pro-DerivedData-324-build/Build/Products/Debug/Forsetti.app

Validate /tmp/Forsetti-Jamf-Pro-DerivedData-324-build/Build/Products/Debug/Forsetti.app (in target 'Forsetti' from project 'Forsetti')
    cd /Volumes/NVME/GitHub/Forsetti-Jamf-Pro
    builtin-validationUtility /tmp/Forsetti-Jamf-Pro-DerivedData-324-build/Build/Products/Debug/Forsetti.app -no-validate-extension -infoplist-subpath Contents/Info.plist

Touch /tmp/Forsetti-Jamf-Pro-DerivedData-324-build/Build/Products/Debug/Forsetti.app (in target 'Forsetti' from project 'Forsetti')
    cd /Volumes/NVME/GitHub/Forsetti-Jamf-Pro
    /usr/bin/touch -c /tmp/Forsetti-Jamf-Pro-DerivedData-324-build/Build/Products/Debug/Forsetti.app

RegisterWithLaunchServices /tmp/Forsetti-Jamf-Pro-DerivedData-324-build/Build/Products/Debug/Forsetti.app (in target 'Forsetti' from project 'Forsetti')
    cd /Volumes/NVME/GitHub/Forsetti-Jamf-Pro
    /System/Library/Frameworks/CoreServices.framework/Versions/Current/Frameworks/LaunchServices.framework/Versions/Current/Support/lsregister -f -R -trusted /tmp/Forsetti-Jamf-Pro-DerivedData-324-build/Build/Products/Debug/Forsetti.app

** BUILD SUCCEEDED **
