Command line invocation:
    /Applications/Xcode.app/Contents/Developer/usr/bin/xcodebuild -project Forsetti.xcodeproj -scheme Forsetti -configuration Debug -destination platform=macOS,arch=arm64 -derivedDataPath /tmp/Forsetti-Jamf-Pro-DerivedData-324-fulltest CODE_SIGNING_ALLOWED=NO test

Build settings from command line:
    CODE_SIGNING_ALLOWED = NO

Resolve Package Graph

Fetching from https://github.com/flynn33/Forsetti-Framework.git (cached)

Creating working copy of package ‘Forsetti-Framework’

Checking out main (47b7747) of package ‘Forsetti-Framework’


Resolved source packages:
  ForsettiFramework: https://github.com/flynn33/Forsetti-Framework.git @ main (47b7747)

ComputePackagePrebuildTargetDependencyGraph

Prepare packages

CreateBuildRequest

SendProjectDescription

CreateBuildOperation

ComputeTargetDependencyGraph
note: Building targets in dependency order
note: Target dependency graph (6 targets)
    Target 'ForsettiTests' in project 'Forsetti'
        ➜ Explicit dependency on target 'Forsetti' in project 'Forsetti'
    Target 'Forsetti' in project 'Forsetti'
        ➜ Explicit dependency on target 'ForsettiCore' in project 'ForsettiFramework'
        ➜ Explicit dependency on target 'ForsettiPlatform' in project 'ForsettiFramework'
    Target 'ForsettiPlatform' in project 'ForsettiFramework'
        ➜ Explicit dependency on target 'ForsettiPlatform' in project 'ForsettiFramework'
        ➜ Explicit dependency on target 'ForsettiCore' in project 'ForsettiFramework'
    Target 'ForsettiPlatform' in project 'ForsettiFramework'
        ➜ Explicit dependency on target 'ForsettiCore' in project 'ForsettiFramework'
    Target 'ForsettiCore' in project 'ForsettiFramework'
        ➜ Explicit dependency on target 'ForsettiCore' in project 'ForsettiFramework'
    Target 'ForsettiCore' in project 'ForsettiFramework' (no dependencies)

GatherProvisioningInputs

CreateBuildDescription

ExecuteExternalTool /Applications/Xcode.app/Contents/Developer/Toolchains/XcodeDefault.xctoolchain/usr/bin/swiftc --version

ExecuteExternalTool /Applications/Xcode.app/Contents/Developer/Toolchains/XcodeDefault.xctoolchain/usr/bin/clang -v -E -dM -isysroot /Applications/Xcode.app/Contents/Developer/Platforms/MacOSX.platform/Developer/SDKs/MacOSX26.5.sdk -x c -c /dev/null

ExecuteExternalTool /Applications/Xcode.app/Contents/Developer/usr/bin/actool --version --output-format xml1

ExecuteExternalTool /Applications/Xcode.app/Contents/Developer/Toolchains/XcodeDefault.xctoolchain/usr/bin/ld -version_details

Build description signature: b009e1ab439378953425c8beb82bef9a
Build description path: /tmp/Forsetti-Jamf-Pro-DerivedData-324-fulltest/Build/Intermediates.noindex/XCBuildData/b009e1ab439378953425c8beb82bef9a.xcbuilddata
ClangStatCache /Applications/Xcode.app/Contents/Developer/Toolchains/XcodeDefault.xctoolchain/usr/bin/clang-stat-cache /Applications/Xcode.app/Contents/Developer/Platforms/MacOSX.platform/Developer/SDKs/MacOSX26.5.sdk /tmp/Forsetti-Jamf-Pro-DerivedData-324-fulltest/SDKStatCaches.noindex/macosx26.5-25F70-e082c4a02f00227109f4ed75e425c832.sdkstatcache
    cd /Volumes/NVME/GitHub/Forsetti-Jamf-Pro/Forsetti.xcodeproj
    /Applications/Xcode.app/Contents/Developer/Toolchains/XcodeDefault.xctoolchain/usr/bin/clang-stat-cache /Applications/Xcode.app/Contents/Developer/Platforms/MacOSX.platform/Developer/SDKs/MacOSX26.5.sdk -o /tmp/Forsetti-Jamf-Pro-DerivedData-324-fulltest/SDKStatCaches.noindex/macosx26.5-25F70-e082c4a02f00227109f4ed75e425c832.sdkstatcache

CreateBuildDirectory /tmp/Forsetti-Jamf-Pro-DerivedData-324-fulltest/Build/Products
    cd /Volumes/NVME/GitHub/Forsetti-Jamf-Pro/Forsetti.xcodeproj
    builtin-create-build-directory /tmp/Forsetti-Jamf-Pro-DerivedData-324-fulltest/Build/Products

CreateBuildDirectory /tmp/Forsetti-Jamf-Pro-DerivedData-324-fulltest/Build/Intermediates.noindex
    cd /Volumes/NVME/GitHub/Forsetti-Jamf-Pro/Forsetti.xcodeproj
    builtin-create-build-directory /tmp/Forsetti-Jamf-Pro-DerivedData-324-fulltest/Build/Intermediates.noindex

CreateBuildDirectory /tmp/Forsetti-Jamf-Pro-DerivedData-324-fulltest/Build/Products/Debug
    cd /Volumes/NVME/GitHub/Forsetti-Jamf-Pro/Forsetti.xcodeproj
    builtin-create-build-directory /tmp/Forsetti-Jamf-Pro-DerivedData-324-fulltest/Build/Products/Debug

CreateBuildDirectory /tmp/Forsetti-Jamf-Pro-DerivedData-324-fulltest/Build/Intermediates.noindex/EagerLinkingTBDs/Debug
    cd /Volumes/NVME/GitHub/Forsetti-Jamf-Pro/Forsetti.xcodeproj
    builtin-create-build-directory /tmp/Forsetti-Jamf-Pro-DerivedData-324-fulltest/Build/Intermediates.noindex/EagerLinkingTBDs/Debug

CreateBuildDirectory /tmp/Forsetti-Jamf-Pro-DerivedData-324-fulltest/Build/Intermediates.noindex/ExplicitPrecompiledModules
    cd /Volumes/NVME/GitHub/Forsetti-Jamf-Pro/Forsetti.xcodeproj
    builtin-create-build-directory /tmp/Forsetti-Jamf-Pro-DerivedData-324-fulltest/Build/Intermediates.noindex/ExplicitPrecompiledModules

CreateBuildDirectory /tmp/Forsetti-Jamf-Pro-DerivedData-324-fulltest/Build/Intermediates.noindex/SwiftExplicitPrecompiledModules
    cd /Volumes/NVME/GitHub/Forsetti-Jamf-Pro/Forsetti.xcodeproj
    builtin-create-build-directory /tmp/Forsetti-Jamf-Pro-DerivedData-324-fulltest/Build/Intermediates.noindex/SwiftExplicitPrecompiledModules

WriteAuxiliaryFile /tmp/Forsetti-Jamf-Pro-DerivedData-324-fulltest/Build/Intermediates.noindex/Forsetti.build/Debug/Forsetti-4fb3c4c4284d3dc37d66b05580302470-VFS/all-product-headers.yaml
    cd /Volumes/NVME/GitHub/Forsetti-Jamf-Pro/Forsetti.xcodeproj
    write-file /tmp/Forsetti-Jamf-Pro-DerivedData-324-fulltest/Build/Intermediates.noindex/Forsetti.build/Debug/Forsetti-4fb3c4c4284d3dc37d66b05580302470-VFS/all-product-headers.yaml

CreateBuildDirectory /tmp/Forsetti-Jamf-Pro-DerivedData-324-fulltest/Build/Products/Debug/PackageFrameworks
    cd /Volumes/NVME/GitHub/Forsetti-Jamf-Pro/Forsetti.xcodeproj
    builtin-create-build-directory /tmp/Forsetti-Jamf-Pro-DerivedData-324-fulltest/Build/Products/Debug/PackageFrameworks

WriteAuxiliaryFile /tmp/Forsetti-Jamf-Pro-DerivedData-324-fulltest/Build/Intermediates.noindex/Forsetti.build/Debug/Forsetti.build/empty-Forsetti.plist (in target 'Forsetti' from project 'Forsetti')
    cd /Volumes/NVME/GitHub/Forsetti-Jamf-Pro
    write-file /tmp/Forsetti-Jamf-Pro-DerivedData-324-fulltest/Build/Intermediates.noindex/Forsetti.build/Debug/Forsetti.build/empty-Forsetti.plist

WriteAuxiliaryFile /tmp/Forsetti-Jamf-Pro-DerivedData-324-fulltest/Build/Intermediates.noindex/Forsetti.build/Debug/Forsetti.build/Forsetti.hmap (in target 'Forsetti' from project 'Forsetti')
    cd /Volumes/NVME/GitHub/Forsetti-Jamf-Pro
    write-file /tmp/Forsetti-Jamf-Pro-DerivedData-324-fulltest/Build/Intermediates.noindex/Forsetti.build/Debug/Forsetti.build/Forsetti.hmap

WriteAuxiliaryFile /tmp/Forsetti-Jamf-Pro-DerivedData-324-fulltest/Build/Intermediates.noindex/Forsetti.build/Debug/Forsetti.build/Forsetti-project-headers.hmap (in target 'Forsetti' from project 'Forsetti')
    cd /Volumes/NVME/GitHub/Forsetti-Jamf-Pro
    write-file /tmp/Forsetti-Jamf-Pro-DerivedData-324-fulltest/Build/Intermediates.noindex/Forsetti.build/Debug/Forsetti.build/Forsetti-project-headers.hmap

WriteAuxiliaryFile /tmp/Forsetti-Jamf-Pro-DerivedData-324-fulltest/Build/Intermediates.noindex/Forsetti.build/Debug/Forsetti.build/Forsetti-own-target-headers.hmap (in target 'Forsetti' from project 'Forsetti')
    cd /Volumes/NVME/GitHub/Forsetti-Jamf-Pro
    write-file /tmp/Forsetti-Jamf-Pro-DerivedData-324-fulltest/Build/Intermediates.noindex/Forsetti.build/Debug/Forsetti.build/Forsetti-own-target-headers.hmap

WriteAuxiliaryFile /tmp/Forsetti-Jamf-Pro-DerivedData-324-fulltest/Build/Intermediates.noindex/Forsetti.build/Debug/Forsetti.build/Forsetti-generated-files.hmap (in target 'Forsetti' from project 'Forsetti')
    cd /Volumes/NVME/GitHub/Forsetti-Jamf-Pro
    write-file /tmp/Forsetti-Jamf-Pro-DerivedData-324-fulltest/Build/Intermediates.noindex/Forsetti.build/Debug/Forsetti.build/Forsetti-generated-files.hmap

WriteAuxiliaryFile /tmp/Forsetti-Jamf-Pro-DerivedData-324-fulltest/Build/Intermediates.noindex/Forsetti.build/Debug/Forsetti.build/Objects-normal/arm64/Forsetti_const_extract_protocols.json (in target 'Forsetti' from project 'Forsetti')
    cd /Volumes/NVME/GitHub/Forsetti-Jamf-Pro
    write-file /tmp/Forsetti-Jamf-Pro-DerivedData-324-fulltest/Build/Intermediates.noindex/Forsetti.build/Debug/Forsetti.build/Objects-normal/arm64/Forsetti_const_extract_protocols.json

WriteAuxiliaryFile /tmp/Forsetti-Jamf-Pro-DerivedData-324-fulltest/Build/Intermediates.noindex/Forsetti.build/Debug/Forsetti.build/Objects-normal/arm64/Forsetti-OutputFileMap.json (in target 'Forsetti' from project 'Forsetti')
    cd /Volumes/NVME/GitHub/Forsetti-Jamf-Pro
    write-file /tmp/Forsetti-Jamf-Pro-DerivedData-324-fulltest/Build/Intermediates.noindex/Forsetti.build/Debug/Forsetti.build/Objects-normal/arm64/Forsetti-OutputFileMap.json

WriteAuxiliaryFile /tmp/Forsetti-Jamf-Pro-DerivedData-324-fulltest/Build/Intermediates.noindex/Forsetti.build/Debug/ForsettiTests.build/empty-ForsettiTests.plist (in target 'ForsettiTests' from project 'Forsetti')
    cd /Volumes/NVME/GitHub/Forsetti-Jamf-Pro
    write-file /tmp/Forsetti-Jamf-Pro-DerivedData-324-fulltest/Build/Intermediates.noindex/Forsetti.build/Debug/ForsettiTests.build/empty-ForsettiTests.plist

WriteAuxiliaryFile /tmp/Forsetti-Jamf-Pro-DerivedData-324-fulltest/Build/Intermediates.noindex/Forsetti.build/Debug/ForsettiTests.build/Objects-normal/arm64/ForsettiTests.SwiftConstValuesFileList (in target 'ForsettiTests' from project 'Forsetti')
    cd /Volumes/NVME/GitHub/Forsetti-Jamf-Pro
    write-file /tmp/Forsetti-Jamf-Pro-DerivedData-324-fulltest/Build/Intermediates.noindex/Forsetti.build/Debug/ForsettiTests.build/Objects-normal/arm64/ForsettiTests.SwiftConstValuesFileList

WriteAuxiliaryFile /tmp/Forsetti-Jamf-Pro-DerivedData-324-fulltest/Build/Intermediates.noindex/Forsetti.build/Debug/ForsettiTests.build/Objects-normal/arm64/ForsettiTests_const_extract_protocols.json (in target 'ForsettiTests' from project 'Forsetti')
    cd /Volumes/NVME/GitHub/Forsetti-Jamf-Pro
    write-file /tmp/Forsetti-Jamf-Pro-DerivedData-324-fulltest/Build/Intermediates.noindex/Forsetti.build/Debug/ForsettiTests.build/Objects-normal/arm64/ForsettiTests_const_extract_protocols.json

WriteAuxiliaryFile /tmp/Forsetti-Jamf-Pro-DerivedData-324-fulltest/Build/Intermediates.noindex/Forsetti.build/Debug/ForsettiTests.build/Objects-normal/arm64/ForsettiTests.SwiftFileList (in target 'ForsettiTests' from project 'Forsetti')
    cd /Volumes/NVME/GitHub/Forsetti-Jamf-Pro
    write-file /tmp/Forsetti-Jamf-Pro-DerivedData-324-fulltest/Build/Intermediates.noindex/Forsetti.build/Debug/ForsettiTests.build/Objects-normal/arm64/ForsettiTests.SwiftFileList

WriteAuxiliaryFile /tmp/Forsetti-Jamf-Pro-DerivedData-324-fulltest/Build/Intermediates.noindex/Forsetti.build/Debug/ForsettiTests.build/Objects-normal/arm64/ForsettiTests.LinkFileList (in target 'ForsettiTests' from project 'Forsetti')
    cd /Volumes/NVME/GitHub/Forsetti-Jamf-Pro
    write-file /tmp/Forsetti-Jamf-Pro-DerivedData-324-fulltest/Build/Intermediates.noindex/Forsetti.build/Debug/ForsettiTests.build/Objects-normal/arm64/ForsettiTests.LinkFileList

WriteAuxiliaryFile /tmp/Forsetti-Jamf-Pro-DerivedData-324-fulltest/Build/Intermediates.noindex/Forsetti.build/Debug/ForsettiTests.build/Objects-normal/arm64/ForsettiTests-OutputFileMap.json (in target 'ForsettiTests' from project 'Forsetti')
    cd /Volumes/NVME/GitHub/Forsetti-Jamf-Pro
    write-file /tmp/Forsetti-Jamf-Pro-DerivedData-324-fulltest/Build/Intermediates.noindex/Forsetti.build/Debug/ForsettiTests.build/Objects-normal/arm64/ForsettiTests-OutputFileMap.json

WriteAuxiliaryFile /tmp/Forsetti-Jamf-Pro-DerivedData-324-fulltest/Build/Intermediates.noindex/Forsetti.build/Debug/ForsettiTests.build/ForsettiTests.hmap (in target 'ForsettiTests' from project 'Forsetti')
    cd /Volumes/NVME/GitHub/Forsetti-Jamf-Pro
    write-file /tmp/Forsetti-Jamf-Pro-DerivedData-324-fulltest/Build/Intermediates.noindex/Forsetti.build/Debug/ForsettiTests.build/ForsettiTests.hmap

WriteAuxiliaryFile /tmp/Forsetti-Jamf-Pro-DerivedData-324-fulltest/Build/Intermediates.noindex/Forsetti.build/Debug/ForsettiTests.build/ForsettiTests.DependencyStaticMetadataFileList (in target 'ForsettiTests' from project 'Forsetti')
    cd /Volumes/NVME/GitHub/Forsetti-Jamf-Pro
    write-file /tmp/Forsetti-Jamf-Pro-DerivedData-324-fulltest/Build/Intermediates.noindex/Forsetti.build/Debug/ForsettiTests.build/ForsettiTests.DependencyStaticMetadataFileList

WriteAuxiliaryFile /tmp/Forsetti-Jamf-Pro-DerivedData-324-fulltest/Build/Intermediates.noindex/Forsetti.build/Debug/ForsettiTests.build/ForsettiTests.DependencyMetadataFileList (in target 'ForsettiTests' from project 'Forsetti')
    cd /Volumes/NVME/GitHub/Forsetti-Jamf-Pro
    write-file /tmp/Forsetti-Jamf-Pro-DerivedData-324-fulltest/Build/Intermediates.noindex/Forsetti.build/Debug/ForsettiTests.build/ForsettiTests.DependencyMetadataFileList

WriteAuxiliaryFile /tmp/Forsetti-Jamf-Pro-DerivedData-324-fulltest/Build/Intermediates.noindex/Forsetti.build/Debug/ForsettiTests.build/ForsettiTests-project-headers.hmap (in target 'ForsettiTests' from project 'Forsetti')
    cd /Volumes/NVME/GitHub/Forsetti-Jamf-Pro
    write-file /tmp/Forsetti-Jamf-Pro-DerivedData-324-fulltest/Build/Intermediates.noindex/Forsetti.build/Debug/ForsettiTests.build/ForsettiTests-project-headers.hmap

WriteAuxiliaryFile /tmp/Forsetti-Jamf-Pro-DerivedData-324-fulltest/Build/Intermediates.noindex/Forsetti.build/Debug/ForsettiTests.build/ForsettiTests-own-target-headers.hmap (in target 'ForsettiTests' from project 'Forsetti')
    cd /Volumes/NVME/GitHub/Forsetti-Jamf-Pro
    write-file /tmp/Forsetti-Jamf-Pro-DerivedData-324-fulltest/Build/Intermediates.noindex/Forsetti.build/Debug/ForsettiTests.build/ForsettiTests-own-target-headers.hmap

WriteAuxiliaryFile /tmp/Forsetti-Jamf-Pro-DerivedData-324-fulltest/Build/Intermediates.noindex/Forsetti.build/Debug/ForsettiTests.build/ForsettiTests-generated-files.hmap (in target 'ForsettiTests' from project 'Forsetti')
    cd /Volumes/NVME/GitHub/Forsetti-Jamf-Pro
    write-file /tmp/Forsetti-Jamf-Pro-DerivedData-324-fulltest/Build/Intermediates.noindex/Forsetti.build/Debug/ForsettiTests.build/ForsettiTests-generated-files.hmap

WriteAuxiliaryFile /tmp/Forsetti-Jamf-Pro-DerivedData-324-fulltest/Build/Intermediates.noindex/Forsetti.build/Debug/ForsettiTests.build/ForsettiTests-all-target-headers.hmap (in target 'ForsettiTests' from project 'Forsetti')
    cd /Volumes/NVME/GitHub/Forsetti-Jamf-Pro
    write-file /tmp/Forsetti-Jamf-Pro-DerivedData-324-fulltest/Build/Intermediates.noindex/Forsetti.build/Debug/ForsettiTests.build/ForsettiTests-all-target-headers.hmap

WriteAuxiliaryFile /tmp/Forsetti-Jamf-Pro-DerivedData-324-fulltest/Build/Intermediates.noindex/Forsetti.build/Debug/ForsettiTests.build/ForsettiTests-all-non-framework-target-headers.hmap (in target 'ForsettiTests' from project 'Forsetti')
    cd /Volumes/NVME/GitHub/Forsetti-Jamf-Pro
    write-file /tmp/Forsetti-Jamf-Pro-DerivedData-324-fulltest/Build/Intermediates.noindex/Forsetti.build/Debug/ForsettiTests.build/ForsettiTests-all-non-framework-target-headers.hmap

WriteAuxiliaryFile /tmp/Forsetti-Jamf-Pro-DerivedData-324-fulltest/Build/Intermediates.noindex/ForsettiFramework.build/Debug/ForsettiPlatform.build/Objects-normal/arm64/ForsettiPlatform_const_extract_protocols.json (in target 'ForsettiPlatform' from project 'ForsettiFramework')
    cd /tmp/Forsetti-Jamf-Pro-DerivedData-324-fulltest/SourcePackages/checkouts/Forsetti-Framework
    write-file /tmp/Forsetti-Jamf-Pro-DerivedData-324-fulltest/Build/Intermediates.noindex/ForsettiFramework.build/Debug/ForsettiPlatform.build/Objects-normal/arm64/ForsettiPlatform_const_extract_protocols.json

WriteAuxiliaryFile /tmp/Forsetti-Jamf-Pro-DerivedData-324-fulltest/Build/Intermediates.noindex/ForsettiFramework.build/Debug/ForsettiPlatform.build/Objects-normal/arm64/ForsettiPlatform.SwiftFileList (in target 'ForsettiPlatform' from project 'ForsettiFramework')
    cd /tmp/Forsetti-Jamf-Pro-DerivedData-324-fulltest/SourcePackages/checkouts/Forsetti-Framework
    write-file /tmp/Forsetti-Jamf-Pro-DerivedData-324-fulltest/Build/Intermediates.noindex/ForsettiFramework.build/Debug/ForsettiPlatform.build/Objects-normal/arm64/ForsettiPlatform.SwiftFileList

WriteAuxiliaryFile /tmp/Forsetti-Jamf-Pro-DerivedData-324-fulltest/Build/Intermediates.noindex/ForsettiFramework.build/Debug/ForsettiPlatform.build/Objects-normal/arm64/ForsettiPlatform.SwiftConstValuesFileList (in target 'ForsettiPlatform' from project 'ForsettiFramework')
    cd /tmp/Forsetti-Jamf-Pro-DerivedData-324-fulltest/SourcePackages/checkouts/Forsetti-Framework
    write-file /tmp/Forsetti-Jamf-Pro-DerivedData-324-fulltest/Build/Intermediates.noindex/ForsettiFramework.build/Debug/ForsettiPlatform.build/Objects-normal/arm64/ForsettiPlatform.SwiftConstValuesFileList

WriteAuxiliaryFile /tmp/Forsetti-Jamf-Pro-DerivedData-324-fulltest/Build/Intermediates.noindex/ForsettiFramework.build/Debug/ForsettiPlatform.build/Objects-normal/arm64/ForsettiPlatform.LinkFileList (in target 'ForsettiPlatform' from project 'ForsettiFramework')
    cd /tmp/Forsetti-Jamf-Pro-DerivedData-324-fulltest/SourcePackages/checkouts/Forsetti-Framework
    write-file /tmp/Forsetti-Jamf-Pro-DerivedData-324-fulltest/Build/Intermediates.noindex/ForsettiFramework.build/Debug/ForsettiPlatform.build/Objects-normal/arm64/ForsettiPlatform.LinkFileList

WriteAuxiliaryFile /tmp/Forsetti-Jamf-Pro-DerivedData-324-fulltest/Build/Intermediates.noindex/ForsettiFramework.build/Debug/ForsettiPlatform.build/Objects-normal/arm64/ForsettiPlatform-OutputFileMap.json (in target 'ForsettiPlatform' from project 'ForsettiFramework')
    cd /tmp/Forsetti-Jamf-Pro-DerivedData-324-fulltest/SourcePackages/checkouts/Forsetti-Framework
    write-file /tmp/Forsetti-Jamf-Pro-DerivedData-324-fulltest/Build/Intermediates.noindex/ForsettiFramework.build/Debug/ForsettiPlatform.build/Objects-normal/arm64/ForsettiPlatform-OutputFileMap.json

WriteAuxiliaryFile /tmp/Forsetti-Jamf-Pro-DerivedData-324-fulltest/Build/Intermediates.noindex/ForsettiFramework.build/Debug/ForsettiPlatform.build/ForsettiPlatform.modulemap (in target 'ForsettiPlatform' from project 'ForsettiFramework')
    cd /tmp/Forsetti-Jamf-Pro-DerivedData-324-fulltest/SourcePackages/checkouts/Forsetti-Framework
    write-file /tmp/Forsetti-Jamf-Pro-DerivedData-324-fulltest/Build/Intermediates.noindex/ForsettiFramework.build/Debug/ForsettiPlatform.build/ForsettiPlatform.modulemap

WriteAuxiliaryFile /tmp/Forsetti-Jamf-Pro-DerivedData-324-fulltest/Build/Intermediates.noindex/ForsettiFramework.build/Debug/ForsettiPlatform.build/ForsettiPlatform.DependencyStaticMetadataFileList (in target 'ForsettiPlatform' from project 'ForsettiFramework')
    cd /tmp/Forsetti-Jamf-Pro-DerivedData-324-fulltest/SourcePackages/checkouts/Forsetti-Framework
    write-file /tmp/Forsetti-Jamf-Pro-DerivedData-324-fulltest/Build/Intermediates.noindex/ForsettiFramework.build/Debug/ForsettiPlatform.build/ForsettiPlatform.DependencyStaticMetadataFileList

WriteAuxiliaryFile /tmp/Forsetti-Jamf-Pro-DerivedData-324-fulltest/Build/Intermediates.noindex/ForsettiFramework.build/Debug/ForsettiPlatform.build/ForsettiPlatform.DependencyMetadataFileList (in target 'ForsettiPlatform' from project 'ForsettiFramework')
    cd /tmp/Forsetti-Jamf-Pro-DerivedData-324-fulltest/SourcePackages/checkouts/Forsetti-Framework
    write-file /tmp/Forsetti-Jamf-Pro-DerivedData-324-fulltest/Build/Intermediates.noindex/ForsettiFramework.build/Debug/ForsettiPlatform.build/ForsettiPlatform.DependencyMetadataFileList

WriteAuxiliaryFile /tmp/Forsetti-Jamf-Pro-DerivedData-324-fulltest/Build/Intermediates.noindex/ForsettiFramework.build/Debug/ForsettiCore.build/Objects-normal/arm64/ForsettiCore_const_extract_protocols.json (in target 'ForsettiCore' from project 'ForsettiFramework')
    cd /tmp/Forsetti-Jamf-Pro-DerivedData-324-fulltest/SourcePackages/checkouts/Forsetti-Framework
    write-file /tmp/Forsetti-Jamf-Pro-DerivedData-324-fulltest/Build/Intermediates.noindex/ForsettiFramework.build/Debug/ForsettiCore.build/Objects-normal/arm64/ForsettiCore_const_extract_protocols.json

WriteAuxiliaryFile /tmp/Forsetti-Jamf-Pro-DerivedData-324-fulltest/Build/Intermediates.noindex/ForsettiFramework.build/Debug/ForsettiCore.build/Objects-normal/arm64/ForsettiCore.SwiftFileList (in target 'ForsettiCore' from project 'ForsettiFramework')
    cd /tmp/Forsetti-Jamf-Pro-DerivedData-324-fulltest/SourcePackages/checkouts/Forsetti-Framework
    write-file /tmp/Forsetti-Jamf-Pro-DerivedData-324-fulltest/Build/Intermediates.noindex/ForsettiFramework.build/Debug/ForsettiCore.build/Objects-normal/arm64/ForsettiCore.SwiftFileList

WriteAuxiliaryFile /tmp/Forsetti-Jamf-Pro-DerivedData-324-fulltest/Build/Intermediates.noindex/ForsettiFramework.build/Debug/ForsettiCore.build/Objects-normal/arm64/ForsettiCore.SwiftConstValuesFileList (in target 'ForsettiCore' from project 'ForsettiFramework')
    cd /tmp/Forsetti-Jamf-Pro-DerivedData-324-fulltest/SourcePackages/checkouts/Forsetti-Framework
    write-file /tmp/Forsetti-Jamf-Pro-DerivedData-324-fulltest/Build/Intermediates.noindex/ForsettiFramework.build/Debug/ForsettiCore.build/Objects-normal/arm64/ForsettiCore.SwiftConstValuesFileList

WriteAuxiliaryFile /tmp/Forsetti-Jamf-Pro-DerivedData-324-fulltest/Build/Intermediates.noindex/ForsettiFramework.build/Debug/ForsettiCore.build/Objects-normal/arm64/ForsettiCore.LinkFileList (in target 'ForsettiCore' from project 'ForsettiFramework')
    cd /tmp/Forsetti-Jamf-Pro-DerivedData-324-fulltest/SourcePackages/checkouts/Forsetti-Framework
    write-file /tmp/Forsetti-Jamf-Pro-DerivedData-324-fulltest/Build/Intermediates.noindex/ForsettiFramework.build/Debug/ForsettiCore.build/Objects-normal/arm64/ForsettiCore.LinkFileList

WriteAuxiliaryFile /tmp/Forsetti-Jamf-Pro-DerivedData-324-fulltest/Build/Intermediates.noindex/ForsettiFramework.build/Debug/ForsettiCore.build/Objects-normal/arm64/ForsettiCore-OutputFileMap.json (in target 'ForsettiCore' from project 'ForsettiFramework')
    cd /tmp/Forsetti-Jamf-Pro-DerivedData-324-fulltest/SourcePackages/checkouts/Forsetti-Framework
    write-file /tmp/Forsetti-Jamf-Pro-DerivedData-324-fulltest/Build/Intermediates.noindex/ForsettiFramework.build/Debug/ForsettiCore.build/Objects-normal/arm64/ForsettiCore-OutputFileMap.json

WriteAuxiliaryFile /tmp/Forsetti-Jamf-Pro-DerivedData-324-fulltest/Build/Intermediates.noindex/ForsettiFramework.build/Debug/ForsettiCore.build/ForsettiCore.modulemap (in target 'ForsettiCore' from project 'ForsettiFramework')
    cd /tmp/Forsetti-Jamf-Pro-DerivedData-324-fulltest/SourcePackages/checkouts/Forsetti-Framework
    write-file /tmp/Forsetti-Jamf-Pro-DerivedData-324-fulltest/Build/Intermediates.noindex/ForsettiFramework.build/Debug/ForsettiCore.build/ForsettiCore.modulemap

WriteAuxiliaryFile /tmp/Forsetti-Jamf-Pro-DerivedData-324-fulltest/Build/Intermediates.noindex/ForsettiFramework.build/Debug/ForsettiCore.build/ForsettiCore.DependencyStaticMetadataFileList (in target 'ForsettiCore' from project 'ForsettiFramework')
    cd /tmp/Forsetti-Jamf-Pro-DerivedData-324-fulltest/SourcePackages/checkouts/Forsetti-Framework
    write-file /tmp/Forsetti-Jamf-Pro-DerivedData-324-fulltest/Build/Intermediates.noindex/ForsettiFramework.build/Debug/ForsettiCore.build/ForsettiCore.DependencyStaticMetadataFileList

WriteAuxiliaryFile /tmp/Forsetti-Jamf-Pro-DerivedData-324-fulltest/Build/Intermediates.noindex/ForsettiFramework.build/Debug/ForsettiCore.build/ForsettiCore.DependencyMetadataFileList (in target 'ForsettiCore' from project 'ForsettiFramework')
    cd /tmp/Forsetti-Jamf-Pro-DerivedData-324-fulltest/SourcePackages/checkouts/Forsetti-Framework
    write-file /tmp/Forsetti-Jamf-Pro-DerivedData-324-fulltest/Build/Intermediates.noindex/ForsettiFramework.build/Debug/ForsettiCore.build/ForsettiCore.DependencyMetadataFileList

Copy /tmp/Forsetti-Jamf-Pro-DerivedData-324-fulltest/Build/Intermediates.noindex/GeneratedModuleMaps/ForsettiPlatform.modulemap /tmp/Forsetti-Jamf-Pro-DerivedData-324-fulltest/Build/Intermediates.noindex/ForsettiFramework.build/Debug/ForsettiPlatform.build/ForsettiPlatform.modulemap (in target 'ForsettiPlatform' from project 'ForsettiFramework')
    cd /tmp/Forsetti-Jamf-Pro-DerivedData-324-fulltest/SourcePackages/checkouts/Forsetti-Framework
    builtin-copy -exclude .DS_Store -exclude CVS -exclude .svn -exclude .git -exclude .hg -resolve-src-symlinks /tmp/Forsetti-Jamf-Pro-DerivedData-324-fulltest/Build/Intermediates.noindex/ForsettiFramework.build/Debug/ForsettiPlatform.build/ForsettiPlatform.modulemap /tmp/Forsetti-Jamf-Pro-DerivedData-324-fulltest/Build/Intermediates.noindex/GeneratedModuleMaps

WriteAuxiliaryFile /tmp/Forsetti-Jamf-Pro-DerivedData-324-fulltest/Build/Intermediates.noindex/Forsetti.build/Debug/Forsetti.build/Objects-normal/arm64/Forsetti.SwiftFileList (in target 'Forsetti' from project 'Forsetti')
    cd /Volumes/NVME/GitHub/Forsetti-Jamf-Pro
    write-file /tmp/Forsetti-Jamf-Pro-DerivedData-324-fulltest/Build/Intermediates.noindex/Forsetti.build/Debug/Forsetti.build/Objects-normal/arm64/Forsetti.SwiftFileList

WriteAuxiliaryFile /tmp/Forsetti-Jamf-Pro-DerivedData-324-fulltest/Build/Intermediates.noindex/Forsetti.build/Debug/Forsetti.build/Objects-normal/arm64/Forsetti.SwiftConstValuesFileList (in target 'Forsetti' from project 'Forsetti')
    cd /Volumes/NVME/GitHub/Forsetti-Jamf-Pro
    write-file /tmp/Forsetti-Jamf-Pro-DerivedData-324-fulltest/Build/Intermediates.noindex/Forsetti.build/Debug/Forsetti.build/Objects-normal/arm64/Forsetti.SwiftConstValuesFileList

WriteAuxiliaryFile /tmp/Forsetti-Jamf-Pro-DerivedData-324-fulltest/Build/Intermediates.noindex/Forsetti.build/Debug/Forsetti.build/Objects-normal/arm64/Forsetti.LinkFileList (in target 'Forsetti' from project 'Forsetti')
    cd /Volumes/NVME/GitHub/Forsetti-Jamf-Pro
    write-file /tmp/Forsetti-Jamf-Pro-DerivedData-324-fulltest/Build/Intermediates.noindex/Forsetti.build/Debug/Forsetti.build/Objects-normal/arm64/Forsetti.LinkFileList

WriteAuxiliaryFile /tmp/Forsetti-Jamf-Pro-DerivedData-324-fulltest/Build/Intermediates.noindex/Forsetti.build/Debug/Forsetti.build/Forsetti.DependencyStaticMetadataFileList (in target 'Forsetti' from project 'Forsetti')
    cd /Volumes/NVME/GitHub/Forsetti-Jamf-Pro
    write-file /tmp/Forsetti-Jamf-Pro-DerivedData-324-fulltest/Build/Intermediates.noindex/Forsetti.build/Debug/Forsetti.build/Forsetti.DependencyStaticMetadataFileList

WriteAuxiliaryFile /tmp/Forsetti-Jamf-Pro-DerivedData-324-fulltest/Build/Intermediates.noindex/Forsetti.build/Debug/Forsetti.build/Forsetti.DependencyMetadataFileList (in target 'Forsetti' from project 'Forsetti')
    cd /Volumes/NVME/GitHub/Forsetti-Jamf-Pro
    write-file /tmp/Forsetti-Jamf-Pro-DerivedData-324-fulltest/Build/Intermediates.noindex/Forsetti.build/Debug/Forsetti.build/Forsetti.DependencyMetadataFileList

WriteAuxiliaryFile /tmp/Forsetti-Jamf-Pro-DerivedData-324-fulltest/Build/Intermediates.noindex/Forsetti.build/Debug/Forsetti.build/Forsetti-all-target-headers.hmap (in target 'Forsetti' from project 'Forsetti')
    cd /Volumes/NVME/GitHub/Forsetti-Jamf-Pro
    write-file /tmp/Forsetti-Jamf-Pro-DerivedData-324-fulltest/Build/Intermediates.noindex/Forsetti.build/Debug/Forsetti.build/Forsetti-all-target-headers.hmap

Copy /tmp/Forsetti-Jamf-Pro-DerivedData-324-fulltest/Build/Intermediates.noindex/GeneratedModuleMaps/ForsettiCore.modulemap /tmp/Forsetti-Jamf-Pro-DerivedData-324-fulltest/Build/Intermediates.noindex/ForsettiFramework.build/Debug/ForsettiCore.build/ForsettiCore.modulemap (in target 'ForsettiCore' from project 'ForsettiFramework')
    cd /tmp/Forsetti-Jamf-Pro-DerivedData-324-fulltest/SourcePackages/checkouts/Forsetti-Framework
    builtin-copy -exclude .DS_Store -exclude CVS -exclude .svn -exclude .git -exclude .hg -resolve-src-symlinks /tmp/Forsetti-Jamf-Pro-DerivedData-324-fulltest/Build/Intermediates.noindex/ForsettiFramework.build/Debug/ForsettiCore.build/ForsettiCore.modulemap /tmp/Forsetti-Jamf-Pro-DerivedData-324-fulltest/Build/Intermediates.noindex/GeneratedModuleMaps

WriteAuxiliaryFile /tmp/Forsetti-Jamf-Pro-DerivedData-324-fulltest/Build/Intermediates.noindex/Forsetti.build/Debug/Forsetti.build/Forsetti-all-non-framework-target-headers.hmap (in target 'Forsetti' from project 'Forsetti')
    cd /Volumes/NVME/GitHub/Forsetti-Jamf-Pro
    write-file /tmp/Forsetti-Jamf-Pro-DerivedData-324-fulltest/Build/Intermediates.noindex/Forsetti.build/Debug/Forsetti.build/Forsetti-all-non-framework-target-headers.hmap

WriteAuxiliaryFile /tmp/Forsetti-Jamf-Pro-DerivedData-324-fulltest/Build/Intermediates.noindex/Forsetti.build/Debug/Forsetti.build/Forsetti-DebugDylibPath-normal-arm64.txt (in target 'Forsetti' from project 'Forsetti')
    cd /Volumes/NVME/GitHub/Forsetti-Jamf-Pro
    write-file /tmp/Forsetti-Jamf-Pro-DerivedData-324-fulltest/Build/Intermediates.noindex/Forsetti.build/Debug/Forsetti.build/Forsetti-DebugDylibPath-normal-arm64.txt

WriteAuxiliaryFile /tmp/Forsetti-Jamf-Pro-DerivedData-324-fulltest/Build/Intermediates.noindex/Forsetti.build/Debug/Forsetti.build/Forsetti-DebugDylibInstallName-normal-arm64.txt (in target 'Forsetti' from project 'Forsetti')
    cd /Volumes/NVME/GitHub/Forsetti-Jamf-Pro
    write-file /tmp/Forsetti-Jamf-Pro-DerivedData-324-fulltest/Build/Intermediates.noindex/Forsetti.build/Debug/Forsetti.build/Forsetti-DebugDylibInstallName-normal-arm64.txt

MkDir /tmp/Forsetti-Jamf-Pro-DerivedData-324-fulltest/Build/Products/Debug/Forsetti.app/Contents/PlugIns/ForsettiTests.xctest/Contents (in target 'ForsettiTests' from project 'Forsetti')
    cd /Volumes/NVME/GitHub/Forsetti-Jamf-Pro
    /bin/mkdir -p /tmp/Forsetti-Jamf-Pro-DerivedData-324-fulltest/Build/Products/Debug/Forsetti.app/Contents/PlugIns/ForsettiTests.xctest/Contents

MkDir /tmp/Forsetti-Jamf-Pro-DerivedData-324-fulltest/Build/Products/Debug/Forsetti.app/Contents/PlugIns/ForsettiTests.xctest/Contents/MacOS (in target 'ForsettiTests' from project 'Forsetti')
    cd /Volumes/NVME/GitHub/Forsetti-Jamf-Pro
    /bin/mkdir -p /tmp/Forsetti-Jamf-Pro-DerivedData-324-fulltest/Build/Products/Debug/Forsetti.app/Contents/PlugIns/ForsettiTests.xctest/Contents/MacOS

MkDir /tmp/Forsetti-Jamf-Pro-DerivedData-324-fulltest/Build/Products/Debug/Forsetti.app/Contents/PlugIns/ForsettiTests.xctest (in target 'ForsettiTests' from project 'Forsetti')
    cd /Volumes/NVME/GitHub/Forsetti-Jamf-Pro
    /bin/mkdir -p /tmp/Forsetti-Jamf-Pro-DerivedData-324-fulltest/Build/Products/Debug/Forsetti.app/Contents/PlugIns/ForsettiTests.xctest

MkDir /tmp/Forsetti-Jamf-Pro-DerivedData-324-fulltest/Build/Products/Debug/Forsetti.app/Contents/Resources (in target 'Forsetti' from project 'Forsetti')
    cd /Volumes/NVME/GitHub/Forsetti-Jamf-Pro
    /bin/mkdir -p /tmp/Forsetti-Jamf-Pro-DerivedData-324-fulltest/Build/Products/Debug/Forsetti.app/Contents/Resources

MkDir /tmp/Forsetti-Jamf-Pro-DerivedData-324-fulltest/Build/Products/Debug/Forsetti.app/Contents/PlugIns (in target 'Forsetti' from project 'Forsetti')
    cd /Volumes/NVME/GitHub/Forsetti-Jamf-Pro
    /bin/mkdir -p /tmp/Forsetti-Jamf-Pro-DerivedData-324-fulltest/Build/Products/Debug/Forsetti.app/Contents/PlugIns

MkDir /tmp/Forsetti-Jamf-Pro-DerivedData-324-fulltest/Build/Products/Debug/Forsetti.app/Contents/MacOS (in target 'Forsetti' from project 'Forsetti')
    cd /Volumes/NVME/GitHub/Forsetti-Jamf-Pro
    /bin/mkdir -p /tmp/Forsetti-Jamf-Pro-DerivedData-324-fulltest/Build/Products/Debug/Forsetti.app/Contents/MacOS

MkDir /tmp/Forsetti-Jamf-Pro-DerivedData-324-fulltest/Build/Products/Debug/Forsetti.app/Contents/Frameworks (in target 'Forsetti' from project 'Forsetti')
    cd /Volumes/NVME/GitHub/Forsetti-Jamf-Pro
    /bin/mkdir -p /tmp/Forsetti-Jamf-Pro-DerivedData-324-fulltest/Build/Products/Debug/Forsetti.app/Contents/Frameworks

MkDir /tmp/Forsetti-Jamf-Pro-DerivedData-324-fulltest/Build/Products/Debug/Forsetti.app/Contents (in target 'Forsetti' from project 'Forsetti')
    cd /Volumes/NVME/GitHub/Forsetti-Jamf-Pro
    /bin/mkdir -p /tmp/Forsetti-Jamf-Pro-DerivedData-324-fulltest/Build/Products/Debug/Forsetti.app/Contents

MkDir /tmp/Forsetti-Jamf-Pro-DerivedData-324-fulltest/Build/Products/Debug/Forsetti.app (in target 'Forsetti' from project 'Forsetti')
    cd /Volumes/NVME/GitHub/Forsetti-Jamf-Pro
    /bin/mkdir -p /tmp/Forsetti-Jamf-Pro-DerivedData-324-fulltest/Build/Products/Debug/Forsetti.app

SwiftDriver ForsettiCore normal arm64 com.apple.xcode.tools.swift.compiler (in target 'ForsettiCore' from project 'ForsettiFramework')
    cd /Volumes/NVME/GitHub/Forsetti-Jamf-Pro/Forsetti.xcodeproj
    builtin-SwiftDriver -- /Applications/Xcode.app/Contents/Developer/Toolchains/XcodeDefault.xctoolchain/usr/bin/swiftc -module-name ForsettiCore -Onone @/tmp/Forsetti-Jamf-Pro-DerivedData-324-fulltest/Build/Intermediates.noindex/ForsettiFramework.build/Debug/ForsettiCore.build/Objects-normal/arm64/ForsettiCore.SwiftFileList -DSWIFT_PACKAGE -DDEBUG -DSWIFT_MODULE_RESOURCE_BUNDLE_UNAVAILABLE -DXcode -plugin-path /Applications/Xcode.app/Contents/Developer/Toolchains/XcodeDefault.xctoolchain/usr/lib/swift/host/plugins/testing -enable-experimental-feature DebugDescriptionMacro -sdk /Applications/Xcode.app/Contents/Developer/Platforms/MacOSX.platform/Developer/SDKs/MacOSX26.5.sdk -target arm64-apple-macos14.0 -g -module-cache-path /tmp/Forsetti-Jamf-Pro-DerivedData-324-fulltest/ModuleCache.noindex -Xfrontend -serialize-debugging-options -profile-coverage-mapping -profile-generate -enable-testing -suppress-warnings -index-store-path /tmp/Forsetti-Jamf-Pro-DerivedData-324-fulltest/Index.noindex/DataStore -Xcc -D_LIBCPP_HARDENING_MODE\=_LIBCPP_HARDENING_MODE_DEBUG -swift-version 5 -I /tmp/Forsetti-Jamf-Pro-DerivedData-324-fulltest/Build/Products/Debug -Isystem /Applications/Xcode.app/Contents/Developer/Platforms/MacOSX.platform/Developer/usr/lib -F /tmp/Forsetti-Jamf-Pro-DerivedData-324-fulltest/Build/Products/Debug -F /Applications/Xcode.app/Contents/Developer/Platforms/MacOSX.platform/Developer/Library/Frameworks -c -j8 -enable-batch-mode -incremental -Xcc -ivfsstatcache -Xcc /tmp/Forsetti-Jamf-Pro-DerivedData-324-fulltest/SDKStatCaches.noindex/macosx26.5-25F70-e082c4a02f00227109f4ed75e425c832.sdkstatcache -output-file-map /tmp/Forsetti-Jamf-Pro-DerivedData-324-fulltest/Build/Intermediates.noindex/ForsettiFramework.build/Debug/ForsettiCore.build/Objects-normal/arm64/ForsettiCore-OutputFileMap.json -use-frontend-parseable-output -save-temps -no-color-diagnostics -explicit-module-build -module-cache-path /tmp/Forsetti-Jamf-Pro-DerivedData-324-fulltest/Build/Intermediates.noindex/SwiftExplicitPrecompiledModules -clang-scanner-module-cache-path /tmp/Forsetti-Jamf-Pro-DerivedData-324-fulltest/ModuleCache.noindex -sdk-module-cache-path /tmp/Forsetti-Jamf-Pro-DerivedData-324-fulltest/ModuleCache.noindex -serialize-diagnostics -emit-dependencies -emit-module -emit-module-path /tmp/Forsetti-Jamf-Pro-DerivedData-324-fulltest/Build/Intermediates.noindex/ForsettiFramework.build/Debug/ForsettiCore.build/Objects-normal/arm64/ForsettiCore.swiftmodule -validate-clang-modules-once -clang-build-session-file /tmp/Forsetti-Jamf-Pro-DerivedData-324-fulltest/ModuleCache.noindex/Session.modulevalidation -package-name forsetti_framework -Xcc -I/tmp/Forsetti-Jamf-Pro-DerivedData-324-fulltest/Build/Intermediates.noindex/ForsettiFramework.build/Debug/ForsettiCore.build/swift-overrides.hmap -emit-const-values -Xfrontend -const-gather-protocols-file -Xfrontend /tmp/Forsetti-Jamf-Pro-DerivedData-324-fulltest/Build/Intermediates.noindex/ForsettiFramework.build/Debug/ForsettiCore.build/Objects-normal/arm64/ForsettiCore_const_extract_protocols.json -Xcc -I/tmp/Forsetti-Jamf-Pro-DerivedData-324-fulltest/Build/Products/Debug/include -Xcc -I/tmp/Forsetti-Jamf-Pro-DerivedData-324-fulltest/Build/Intermediates.noindex/ForsettiFramework.build/Debug/ForsettiCore.build/DerivedSources-normal/arm64 -Xcc -I/tmp/Forsetti-Jamf-Pro-DerivedData-324-fulltest/Build/Intermediates.noindex/ForsettiFramework.build/Debug/ForsettiCore.build/DerivedSources/arm64 -Xcc -I/tmp/Forsetti-Jamf-Pro-DerivedData-324-fulltest/Build/Intermediates.noindex/ForsettiFramework.build/Debug/ForsettiCore.build/DerivedSources -Xcc -DSWIFT_PACKAGE -Xcc -DDEBUG\=1 -emit-objc-header -emit-objc-header-path /tmp/Forsetti-Jamf-Pro-DerivedData-324-fulltest/Build/Intermediates.noindex/ForsettiFramework.build/Debug/ForsettiCore.build/Objects-normal/arm64/ForsettiCore-Swift.h -working-directory /Volumes/NVME/GitHub/Forsetti-Jamf-Pro/Forsetti.xcodeproj -experimental-emit-module-separately -disable-cmo

SwiftExplicitDependencyGeneratePcm arm64 /tmp/Forsetti-Jamf-Pro-DerivedData-324-fulltest/ModuleCache.noindex/_Builtin_stdarg-9RN63DOHKAT070V1228GXGBV7.pcm

SwiftExplicitDependencyGeneratePcm arm64 /tmp/Forsetti-Jamf-Pro-DerivedData-324-fulltest/ModuleCache.noindex/ptrcheck-38ZABCL89JMR80T44CAZJHMVV.pcm

SwiftExplicitDependencyGeneratePcm arm64 /tmp/Forsetti-Jamf-Pro-DerivedData-324-fulltest/ModuleCache.noindex/_AvailabilityInternal-7KE05XMJW6YWXI210HT13T514.pcm

SwiftExplicitDependencyGeneratePcm arm64 /tmp/Forsetti-Jamf-Pro-DerivedData-324-fulltest/ModuleCache.noindex/_Builtin_float-A16TTJTNBU12AIVJKULECTI1Q.pcm

SwiftExplicitDependencyGeneratePcm arm64 /tmp/Forsetti-Jamf-Pro-DerivedData-324-fulltest/ModuleCache.noindex/_Builtin_stddef-4ABRF4D7EZ2EFNCCPQ5NIODWR.pcm

SwiftExplicitDependencyGeneratePcm arm64 /tmp/Forsetti-Jamf-Pro-DerivedData-324-fulltest/ModuleCache.noindex/_SwiftConcurrencyShims-82DERVEXNT5I9E262CY0NZY4L.pcm

SwiftExplicitDependencyGeneratePcm arm64 /tmp/Forsetti-Jamf-Pro-DerivedData-324-fulltest/ModuleCache.noindex/SwiftShims-23KKMXF64XCEITSQSAGA6Z48V.pcm

SwiftExplicitDependencyGeneratePcm arm64 /tmp/Forsetti-Jamf-Pro-DerivedData-324-fulltest/ModuleCache.noindex/ptrauth-WL3APDTHEP81XRJA32R7BAIA.pcm

SwiftExplicitDependencyGeneratePcm arm64 /tmp/Forsetti-Jamf-Pro-DerivedData-324-fulltest/ModuleCache.noindex/_Builtin_stdbool-9LSPX782NYZMI2ONIJLY9TMVY.pcm

SwiftExplicitDependencyGeneratePcm arm64 /tmp/Forsetti-Jamf-Pro-DerivedData-324-fulltest/ModuleCache.noindex/_DarwinFoundation1-6N75A08S3W3QWRWQOQ2GFUGHO.pcm

SwiftExplicitDependencyGeneratePcm arm64 /tmp/Forsetti-Jamf-Pro-DerivedData-324-fulltest/ModuleCache.noindex/_Builtin_limits-2JYRD9I3KUPT2GN695AZVVCXA.pcm

SwiftExplicitDependencyGeneratePcm arm64 /tmp/Forsetti-Jamf-Pro-DerivedData-324-fulltest/ModuleCache.noindex/_DarwinFoundation2-447H267V7MLP38TO3SN3BX7JG.pcm

SwiftExplicitDependencyGeneratePcm arm64 /tmp/Forsetti-Jamf-Pro-DerivedData-324-fulltest/ModuleCache.noindex/_Builtin_stdint-4WPIXD81079D40Y7COVU12QYX.pcm

SwiftExplicitDependencyGeneratePcm arm64 /tmp/Forsetti-Jamf-Pro-DerivedData-324-fulltest/ModuleCache.noindex/sys_types-6V2JJY2U9Z3PU2MY0HJ74Y1FY.pcm

SwiftExplicitDependencyGeneratePcm arm64 /tmp/Forsetti-Jamf-Pro-DerivedData-324-fulltest/ModuleCache.noindex/_DarwinFoundation3-A3SZMF7CCTDJUM4Z7NCTX405H.pcm

SwiftExplicitDependencyGeneratePcm arm64 /tmp/Forsetti-Jamf-Pro-DerivedData-324-fulltest/ModuleCache.noindex/libDER-ADAH934QAFTWHNO9GTP3Y65KK.pcm

SwiftExplicitDependencyGeneratePcm arm64 /tmp/Forsetti-Jamf-Pro-DerivedData-324-fulltest/ModuleCache.noindex/_Builtin_inttypes-3YMV7HBHXNEYZJS1WNHEZ1SK0.pcm

SwiftExplicitDependencyGeneratePcm arm64 /tmp/Forsetti-Jamf-Pro-DerivedData-324-fulltest/ModuleCache.noindex/Darwin-9IPS7LFVO331M0F36NLDG2CY9.pcm

SwiftExplicitDependencyGeneratePcm arm64 /tmp/Forsetti-Jamf-Pro-DerivedData-324-fulltest/ModuleCache.noindex/libkern-4B17K7E055LWHP1OD8FJA6UC0.pcm

SwiftExplicitDependencyGeneratePcm arm64 /tmp/Forsetti-Jamf-Pro-DerivedData-324-fulltest/ModuleCache.noindex/launch-ES4ZBUCKYCL8SG93P3Q01BYQG.pcm

SwiftExplicitDependencyGeneratePcm arm64 /tmp/Forsetti-Jamf-Pro-DerivedData-324-fulltest/ModuleCache.noindex/MachO-6282CHF41ESH2DGHY8P4DBQ1R.pcm

SwiftExplicitDependencyGeneratePcm arm64 /tmp/Forsetti-Jamf-Pro-DerivedData-324-fulltest/ModuleCache.noindex/ObjectiveC-2M7HPYH7MT8UFLZMOQ72F1PTW.pcm

SwiftExplicitDependencyGeneratePcm arm64 /tmp/Forsetti-Jamf-Pro-DerivedData-324-fulltest/ModuleCache.noindex/os_object-9HTYZ6SWI7I6MF57YCMYHJWPJ.pcm

SwiftExplicitDependencyGeneratePcm arm64 /tmp/Forsetti-Jamf-Pro-DerivedData-324-fulltest/ModuleCache.noindex/os_workgroup-CS9CHME38TEEUAL51YJ4LT1VP.pcm

SwiftExplicitDependencyGeneratePcm arm64 /tmp/Forsetti-Jamf-Pro-DerivedData-324-fulltest/ModuleCache.noindex/Dispatch-664M5W7EV06YNYAH5RGC5UO7E.pcm

SwiftExplicitDependencyGeneratePcm arm64 /tmp/Forsetti-Jamf-Pro-DerivedData-324-fulltest/ModuleCache.noindex/CoreFoundation-7VA2GJ2KIJAKQVZDY5VZFZR9K.pcm

SwiftExplicitDependencyGeneratePcm arm64 /tmp/Forsetti-Jamf-Pro-DerivedData-324-fulltest/ModuleCache.noindex/XPC-9VACLT4H61JS8Z7BLZY6JTEYA.pcm

SwiftExplicitDependencyGeneratePcm arm64 /tmp/Forsetti-Jamf-Pro-DerivedData-324-fulltest/ModuleCache.noindex/CFNetwork-BQ0EOQVSUY60G5ZKIQZNG5W9B.pcm

SwiftExplicitDependencyGeneratePcm arm64 /tmp/Forsetti-Jamf-Pro-DerivedData-324-fulltest/ModuleCache.noindex/Security-8469I78090BH3MBSOVWZMC0XI.pcm

SwiftExplicitDependencyGeneratePcm arm64 /tmp/Forsetti-Jamf-Pro-DerivedData-324-fulltest/ModuleCache.noindex/IOKit-DWI3ITFTTU9K1D7F1ET7A45HV.pcm

SwiftExplicitDependencyGeneratePcm arm64 /tmp/Forsetti-Jamf-Pro-DerivedData-324-fulltest/ModuleCache.noindex/DiskArbitration-4KCRKUQKJS8OCQCC4P59ZQPS5.pcm

SwiftExplicitDependencyGeneratePcm arm64 /tmp/Forsetti-Jamf-Pro-DerivedData-324-fulltest/ModuleCache.noindex/CoreServices-2WD2N0ZJMIFTYXH0VEGZQBXI2.pcm

SwiftExplicitDependencyGeneratePcm arm64 /tmp/Forsetti-Jamf-Pro-DerivedData-324-fulltest/ModuleCache.noindex/Foundation-6UD72IVD5EEB1NEWWXS1SG7ML.pcm

SwiftCompile normal arm64 Compiling\ ForsettiContext.swift,\ ForsettiRuntime.swift /tmp/Forsetti-Jamf-Pro-DerivedData-324-fulltest/SourcePackages/checkouts/Forsetti-Framework/Sources/ForsettiCore/Runtime/ForsettiContext.swift /tmp/Forsetti-Jamf-Pro-DerivedData-324-fulltest/SourcePackages/checkouts/Forsetti-Framework/Sources/ForsettiCore/Runtime/ForsettiRuntime.swift (in target 'ForsettiCore' from project 'ForsettiFramework')

SwiftCompile normal arm64 /tmp/Forsetti-Jamf-Pro-DerivedData-324-fulltest/SourcePackages/checkouts/Forsetti-Framework/Sources/ForsettiCore/Runtime/ForsettiContext.swift (in target 'ForsettiCore' from project 'ForsettiFramework')
    cd /Volumes/NVME/GitHub/Forsetti-Jamf-Pro/Forsetti.xcodeproj


SwiftCompile normal arm64 /tmp/Forsetti-Jamf-Pro-DerivedData-324-fulltest/SourcePackages/checkouts/Forsetti-Framework/Sources/ForsettiCore/Runtime/ForsettiRuntime.swift (in target 'ForsettiCore' from project 'ForsettiFramework')
    cd /Volumes/NVME/GitHub/Forsetti-Jamf-Pro/Forsetti.xcodeproj


SwiftCompile normal arm64 Compiling\ ModuleManager.swift,\ ModuleRegistry.swift /tmp/Forsetti-Jamf-Pro-DerivedData-324-fulltest/SourcePackages/checkouts/Forsetti-Framework/Sources/ForsettiCore/Runtime/ModuleManager.swift /tmp/Forsetti-Jamf-Pro-DerivedData-324-fulltest/SourcePackages/checkouts/Forsetti-Framework/Sources/ForsettiCore/Runtime/ModuleRegistry.swift (in target 'ForsettiCore' from project 'ForsettiFramework')
SwiftCompile normal arm64 /tmp/Forsetti-Jamf-Pro-DerivedData-324-fulltest/SourcePackages/checkouts/Forsetti-Framework/Sources/ForsettiCore/Runtime/ModuleManager.swift (in target 'ForsettiCore' from project 'ForsettiFramework')
    cd /Volumes/NVME/GitHub/Forsetti-Jamf-Pro/Forsetti.xcodeproj


SwiftCompile normal arm64 /tmp/Forsetti-Jamf-Pro-DerivedData-324-fulltest/SourcePackages/checkouts/Forsetti-Framework/Sources/ForsettiCore/Runtime/ModuleRegistry.swift (in target 'ForsettiCore' from project 'ForsettiFramework')
    cd /Volumes/NVME/GitHub/Forsetti-Jamf-Pro/Forsetti.xcodeproj


SwiftCompile normal arm64 Compiling\ CompatibilityChecker.swift,\ EntitlementProviders.swift /tmp/Forsetti-Jamf-Pro-DerivedData-324-fulltest/SourcePackages/checkouts/Forsetti-Framework/Sources/ForsettiCore/Runtime/CompatibilityChecker.swift /tmp/Forsetti-Jamf-Pro-DerivedData-324-fulltest/SourcePackages/checkouts/Forsetti-Framework/Sources/ForsettiCore/Runtime/EntitlementProviders.swift (in target 'ForsettiCore' from project 'ForsettiFramework')

SwiftCompile normal arm64 /tmp/Forsetti-Jamf-Pro-DerivedData-324-fulltest/SourcePackages/checkouts/Forsetti-Framework/Sources/ForsettiCore/Runtime/CompatibilityChecker.swift (in target 'ForsettiCore' from project 'ForsettiFramework')
    cd /Volumes/NVME/GitHub/Forsetti-Jamf-Pro/Forsetti.xcodeproj


SwiftCompile normal arm64 /tmp/Forsetti-Jamf-Pro-DerivedData-324-fulltest/SourcePackages/checkouts/Forsetti-Framework/Sources/ForsettiCore/Runtime/EntitlementProviders.swift (in target 'ForsettiCore' from project 'ForsettiFramework')
    cd /Volumes/NVME/GitHub/Forsetti-Jamf-Pro/Forsetti.xcodeproj


SwiftEmitModule normal arm64 Emitting\ module\ for\ ForsettiCore (in target 'ForsettiCore' from project 'ForsettiFramework')

EmitSwiftModule normal arm64 (in target 'ForsettiCore' from project 'ForsettiFramework')
    cd /Volumes/NVME/GitHub/Forsetti-Jamf-Pro/Forsetti.xcodeproj


SwiftCompile normal arm64 Compiling\ ForsettiProtocols.swift,\ ActivationStore.swift,\ CapabilityPolicy.swift /tmp/Forsetti-Jamf-Pro-DerivedData-324-fulltest/SourcePackages/checkouts/Forsetti-Framework/Sources/ForsettiCore/Protocols/ForsettiProtocols.swift /tmp/Forsetti-Jamf-Pro-DerivedData-324-fulltest/SourcePackages/checkouts/Forsetti-Framework/Sources/ForsettiCore/Runtime/ActivationStore.swift /tmp/Forsetti-Jamf-Pro-DerivedData-324-fulltest/SourcePackages/checkouts/Forsetti-Framework/Sources/ForsettiCore/Runtime/CapabilityPolicy.swift (in target 'ForsettiCore' from project 'ForsettiFramework')
SwiftCompile normal arm64 /tmp/Forsetti-Jamf-Pro-DerivedData-324-fulltest/SourcePackages/checkouts/Forsetti-Framework/Sources/ForsettiCore/Protocols/ForsettiProtocols.swift (in target 'ForsettiCore' from project 'ForsettiFramework')
    cd /Volumes/NVME/GitHub/Forsetti-Jamf-Pro/Forsetti.xcodeproj


SwiftCompile normal arm64 /tmp/Forsetti-Jamf-Pro-DerivedData-324-fulltest/SourcePackages/checkouts/Forsetti-Framework/Sources/ForsettiCore/Runtime/ActivationStore.swift (in target 'ForsettiCore' from project 'ForsettiFramework')
    cd /Volumes/NVME/GitHub/Forsetti-Jamf-Pro/Forsetti.xcodeproj


SwiftCompile normal arm64 /tmp/Forsetti-Jamf-Pro-DerivedData-324-fulltest/SourcePackages/checkouts/Forsetti-Framework/Sources/ForsettiCore/Runtime/CapabilityPolicy.swift (in target 'ForsettiCore' from project 'ForsettiFramework')
    cd /Volumes/NVME/GitHub/Forsetti-Jamf-Pro/Forsetti.xcodeproj


SwiftCompile normal arm64 Compiling\ ForsettiLogger.swift,\ ForsettiEventBus.swift,\ ForsettiVersion.swift /tmp/Forsetti-Jamf-Pro-DerivedData-324-fulltest/SourcePackages/checkouts/Forsetti-Framework/Sources/ForsettiCore/Diagnostics/ForsettiLogger.swift /tmp/Forsetti-Jamf-Pro-DerivedData-324-fulltest/SourcePackages/checkouts/Forsetti-Framework/Sources/ForsettiCore/Eventing/ForsettiEventBus.swift /tmp/Forsetti-Jamf-Pro-DerivedData-324-fulltest/SourcePackages/checkouts/Forsetti-Framework/Sources/ForsettiCore/ForsettiVersion.swift (in target 'ForsettiCore' from project 'ForsettiFramework')

SwiftCompile normal arm64 /tmp/Forsetti-Jamf-Pro-DerivedData-324-fulltest/SourcePackages/checkouts/Forsetti-Framework/Sources/ForsettiCore/Diagnostics/ForsettiLogger.swift (in target 'ForsettiCore' from project 'ForsettiFramework')
    cd /Volumes/NVME/GitHub/Forsetti-Jamf-Pro/Forsetti.xcodeproj


SwiftCompile normal arm64 /tmp/Forsetti-Jamf-Pro-DerivedData-324-fulltest/SourcePackages/checkouts/Forsetti-Framework/Sources/ForsettiCore/Eventing/ForsettiEventBus.swift (in target 'ForsettiCore' from project 'ForsettiFramework')
    cd /Volumes/NVME/GitHub/Forsetti-Jamf-Pro/Forsetti.xcodeproj


SwiftCompile normal arm64 /tmp/Forsetti-Jamf-Pro-DerivedData-324-fulltest/SourcePackages/checkouts/Forsetti-Framework/Sources/ForsettiCore/ForsettiVersion.swift (in target 'ForsettiCore' from project 'ForsettiFramework')
    cd /Volumes/NVME/GitHub/Forsetti-Jamf-Pro/Forsetti.xcodeproj


SwiftCompile normal arm64 Compiling\ ModuleModels.swift,\ SemVer.swift,\ UIModels.swift /tmp/Forsetti-Jamf-Pro-DerivedData-324-fulltest/SourcePackages/checkouts/Forsetti-Framework/Sources/ForsettiCore/Model/ModuleModels.swift /tmp/Forsetti-Jamf-Pro-DerivedData-324-fulltest/SourcePackages/checkouts/Forsetti-Framework/Sources/ForsettiCore/Model/SemVer.swift /tmp/Forsetti-Jamf-Pro-DerivedData-324-fulltest/SourcePackages/checkouts/Forsetti-Framework/Sources/ForsettiCore/Model/UIModels.swift (in target 'ForsettiCore' from project 'ForsettiFramework')

SwiftCompile normal arm64 /tmp/Forsetti-Jamf-Pro-DerivedData-324-fulltest/SourcePackages/checkouts/Forsetti-Framework/Sources/ForsettiCore/Model/ModuleModels.swift (in target 'ForsettiCore' from project 'ForsettiFramework')
    cd /Volumes/NVME/GitHub/Forsetti-Jamf-Pro/Forsetti.xcodeproj


SwiftCompile normal arm64 /tmp/Forsetti-Jamf-Pro-DerivedData-324-fulltest/SourcePackages/checkouts/Forsetti-Framework/Sources/ForsettiCore/Model/SemVer.swift (in target 'ForsettiCore' from project 'ForsettiFramework')
    cd /Volumes/NVME/GitHub/Forsetti-Jamf-Pro/Forsetti.xcodeproj


SwiftCompile normal arm64 /tmp/Forsetti-Jamf-Pro-DerivedData-324-fulltest/SourcePackages/checkouts/Forsetti-Framework/Sources/ForsettiCore/Model/UIModels.swift (in target 'ForsettiCore' from project 'ForsettiFramework')
    cd /Volumes/NVME/GitHub/Forsetti-Jamf-Pro/Forsetti.xcodeproj


SwiftCompile normal arm64 Compiling\ ForsettiStaticModuleRegistry.swift,\ ManifestLoader.swift /tmp/Forsetti-Jamf-Pro-DerivedData-324-fulltest/SourcePackages/checkouts/Forsetti-Framework/Sources/ForsettiCore/Runtime/ForsettiStaticModuleRegistry.swift /tmp/Forsetti-Jamf-Pro-DerivedData-324-fulltest/SourcePackages/checkouts/Forsetti-Framework/Sources/ForsettiCore/Runtime/ManifestLoader.swift (in target 'ForsettiCore' from project 'ForsettiFramework')

SwiftCompile normal arm64 /tmp/Forsetti-Jamf-Pro-DerivedData-324-fulltest/SourcePackages/checkouts/Forsetti-Framework/Sources/ForsettiCore/Runtime/ForsettiStaticModuleRegistry.swift (in target 'ForsettiCore' from project 'ForsettiFramework')
    cd /Volumes/NVME/GitHub/Forsetti-Jamf-Pro/Forsetti.xcodeproj


SwiftCompile normal arm64 /tmp/Forsetti-Jamf-Pro-DerivedData-324-fulltest/SourcePackages/checkouts/Forsetti-Framework/Sources/ForsettiCore/Runtime/ManifestLoader.swift (in target 'ForsettiCore' from project 'ForsettiFramework')
    cd /Volumes/NVME/GitHub/Forsetti-Jamf-Pro/Forsetti.xcodeproj


SwiftCompile normal arm64 Compiling\ ForsettiServices.swift,\ UISurfaceManager.swift /tmp/Forsetti-Jamf-Pro-DerivedData-324-fulltest/SourcePackages/checkouts/Forsetti-Framework/Sources/ForsettiCore/Services/ForsettiServices.swift /tmp/Forsetti-Jamf-Pro-DerivedData-324-fulltest/SourcePackages/checkouts/Forsetti-Framework/Sources/ForsettiCore/UI/UISurfaceManager.swift (in target 'ForsettiCore' from project 'ForsettiFramework')

SwiftCompile normal arm64 /tmp/Forsetti-Jamf-Pro-DerivedData-324-fulltest/SourcePackages/checkouts/Forsetti-Framework/Sources/ForsettiCore/Services/ForsettiServices.swift (in target 'ForsettiCore' from project 'ForsettiFramework')
    cd /Volumes/NVME/GitHub/Forsetti-Jamf-Pro/Forsetti.xcodeproj


SwiftCompile normal arm64 /tmp/Forsetti-Jamf-Pro-DerivedData-324-fulltest/SourcePackages/checkouts/Forsetti-Framework/Sources/ForsettiCore/UI/UISurfaceManager.swift (in target 'ForsettiCore' from project 'ForsettiFramework')
    cd /Volumes/NVME/GitHub/Forsetti-Jamf-Pro/Forsetti.xcodeproj


SwiftDriverJobDiscovery normal arm64 Emitting module for ForsettiCore (in target 'ForsettiCore' from project 'ForsettiFramework')

SwiftDriver\ Compilation\ Requirements ForsettiCore normal arm64 com.apple.xcode.tools.swift.compiler (in target 'ForsettiCore' from project 'ForsettiFramework')
    cd /Volumes/NVME/GitHub/Forsetti-Jamf-Pro/Forsetti.xcodeproj
    builtin-Swift-Compilation-Requirements -- /Applications/Xcode.app/Contents/Developer/Toolchains/XcodeDefault.xctoolchain/usr/bin/swiftc -module-name ForsettiCore -Onone @/tmp/Forsetti-Jamf-Pro-DerivedData-324-fulltest/Build/Intermediates.noindex/ForsettiFramework.build/Debug/ForsettiCore.build/Objects-normal/arm64/ForsettiCore.SwiftFileList -DSWIFT_PACKAGE -DDEBUG -DSWIFT_MODULE_RESOURCE_BUNDLE_UNAVAILABLE -DXcode -plugin-path /Applications/Xcode.app/Contents/Developer/Toolchains/XcodeDefault.xctoolchain/usr/lib/swift/host/plugins/testing -enable-experimental-feature DebugDescriptionMacro -sdk /Applications/Xcode.app/Contents/Developer/Platforms/MacOSX.platform/Developer/SDKs/MacOSX26.5.sdk -target arm64-apple-macos14.0 -g -module-cache-path /tmp/Forsetti-Jamf-Pro-DerivedData-324-fulltest/ModuleCache.noindex -Xfrontend -serialize-debugging-options -profile-coverage-mapping -profile-generate -enable-testing -suppress-warnings -index-store-path /tmp/Forsetti-Jamf-Pro-DerivedData-324-fulltest/Index.noindex/DataStore -Xcc -D_LIBCPP_HARDENING_MODE\=_LIBCPP_HARDENING_MODE_DEBUG -swift-version 5 -I /tmp/Forsetti-Jamf-Pro-DerivedData-324-fulltest/Build/Products/Debug -Isystem /Applications/Xcode.app/Contents/Developer/Platforms/MacOSX.platform/Developer/usr/lib -F /tmp/Forsetti-Jamf-Pro-DerivedData-324-fulltest/Build/Products/Debug -F /Applications/Xcode.app/Contents/Developer/Platforms/MacOSX.platform/Developer/Library/Frameworks -c -j8 -enable-batch-mode -incremental -Xcc -ivfsstatcache -Xcc /tmp/Forsetti-Jamf-Pro-DerivedData-324-fulltest/SDKStatCaches.noindex/macosx26.5-25F70-e082c4a02f00227109f4ed75e425c832.sdkstatcache -output-file-map /tmp/Forsetti-Jamf-Pro-DerivedData-324-fulltest/Build/Intermediates.noindex/ForsettiFramework.build/Debug/ForsettiCore.build/Objects-normal/arm64/ForsettiCore-OutputFileMap.json -use-frontend-parseable-output -save-temps -no-color-diagnostics -explicit-module-build -module-cache-path /tmp/Forsetti-Jamf-Pro-DerivedData-324-fulltest/Build/Intermediates.noindex/SwiftExplicitPrecompiledModules -clang-scanner-module-cache-path /tmp/Forsetti-Jamf-Pro-DerivedData-324-fulltest/ModuleCache.noindex -sdk-module-cache-path /tmp/Forsetti-Jamf-Pro-DerivedData-324-fulltest/ModuleCache.noindex -serialize-diagnostics -emit-dependencies -emit-module -emit-module-path /tmp/Forsetti-Jamf-Pro-DerivedData-324-fulltest/Build/Intermediates.noindex/ForsettiFramework.build/Debug/ForsettiCore.build/Objects-normal/arm64/ForsettiCore.swiftmodule -validate-clang-modules-once -clang-build-session-file /tmp/Forsetti-Jamf-Pro-DerivedData-324-fulltest/ModuleCache.noindex/Session.modulevalidation -package-name forsetti_framework -Xcc -I/tmp/Forsetti-Jamf-Pro-DerivedData-324-fulltest/Build/Intermediates.noindex/ForsettiFramework.build/Debug/ForsettiCore.build/swift-overrides.hmap -emit-const-values -Xfrontend -const-gather-protocols-file -Xfrontend /tmp/Forsetti-Jamf-Pro-DerivedData-324-fulltest/Build/Intermediates.noindex/ForsettiFramework.build/Debug/ForsettiCore.build/Objects-normal/arm64/ForsettiCore_const_extract_protocols.json -Xcc -I/tmp/Forsetti-Jamf-Pro-DerivedData-324-fulltest/Build/Products/Debug/include -Xcc -I/tmp/Forsetti-Jamf-Pro-DerivedData-324-fulltest/Build/Intermediates.noindex/ForsettiFramework.build/Debug/ForsettiCore.build/DerivedSources-normal/arm64 -Xcc -I/tmp/Forsetti-Jamf-Pro-DerivedData-324-fulltest/Build/Intermediates.noindex/ForsettiFramework.build/Debug/ForsettiCore.build/DerivedSources/arm64 -Xcc -I/tmp/Forsetti-Jamf-Pro-DerivedData-324-fulltest/Build/Intermediates.noindex/ForsettiFramework.build/Debug/ForsettiCore.build/DerivedSources -Xcc -DSWIFT_PACKAGE -Xcc -DDEBUG\=1 -emit-objc-header -emit-objc-header-path /tmp/Forsetti-Jamf-Pro-DerivedData-324-fulltest/Build/Intermediates.noindex/ForsettiFramework.build/Debug/ForsettiCore.build/Objects-normal/arm64/ForsettiCore-Swift.h -working-directory /Volumes/NVME/GitHub/Forsetti-Jamf-Pro/Forsetti.xcodeproj -experimental-emit-module-separately -disable-cmo

SwiftDriverJobDiscovery normal arm64 Compiling ModuleModels.swift, SemVer.swift, UIModels.swift (in target 'ForsettiCore' from project 'ForsettiFramework')

SwiftMergeGeneratedHeaders /tmp/Forsetti-Jamf-Pro-DerivedData-324-fulltest/Build/Intermediates.noindex/GeneratedModuleMaps/ForsettiCore-Swift.h /tmp/Forsetti-Jamf-Pro-DerivedData-324-fulltest/Build/Intermediates.noindex/ForsettiFramework.build/Debug/ForsettiCore.build/Objects-normal/arm64/ForsettiCore-Swift.h (in target 'ForsettiCore' from project 'ForsettiFramework')
    cd /tmp/Forsetti-Jamf-Pro-DerivedData-324-fulltest/SourcePackages/checkouts/Forsetti-Framework
    builtin-swiftHeaderTool -arch arm64 /tmp/Forsetti-Jamf-Pro-DerivedData-324-fulltest/Build/Intermediates.noindex/ForsettiFramework.build/Debug/ForsettiCore.build/Objects-normal/arm64/ForsettiCore-Swift.h -o /tmp/Forsetti-Jamf-Pro-DerivedData-324-fulltest/Build/Intermediates.noindex/GeneratedModuleMaps/ForsettiCore-Swift.h

Copy /tmp/Forsetti-Jamf-Pro-DerivedData-324-fulltest/Build/Products/Debug/ForsettiCore.swiftmodule/arm64-apple-macos.swiftmodule /tmp/Forsetti-Jamf-Pro-DerivedData-324-fulltest/Build/Intermediates.noindex/ForsettiFramework.build/Debug/ForsettiCore.build/Objects-normal/arm64/ForsettiCore.swiftmodule (in target 'ForsettiCore' from project 'ForsettiFramework')
    cd /tmp/Forsetti-Jamf-Pro-DerivedData-324-fulltest/SourcePackages/checkouts/Forsetti-Framework
    builtin-copy -exclude .DS_Store -exclude CVS -exclude .svn -exclude .git -exclude .hg -resolve-src-symlinks -rename /tmp/Forsetti-Jamf-Pro-DerivedData-324-fulltest/Build/Intermediates.noindex/ForsettiFramework.build/Debug/ForsettiCore.build/Objects-normal/arm64/ForsettiCore.swiftmodule /tmp/Forsetti-Jamf-Pro-DerivedData-324-fulltest/Build/Products/Debug/ForsettiCore.swiftmodule/arm64-apple-macos.swiftmodule

Copy /tmp/Forsetti-Jamf-Pro-DerivedData-324-fulltest/Build/Products/Debug/ForsettiCore.swiftmodule/arm64-apple-macos.swiftdoc /tmp/Forsetti-Jamf-Pro-DerivedData-324-fulltest/Build/Intermediates.noindex/ForsettiFramework.build/Debug/ForsettiCore.build/Objects-normal/arm64/ForsettiCore.swiftdoc (in target 'ForsettiCore' from project 'ForsettiFramework')
    cd /tmp/Forsetti-Jamf-Pro-DerivedData-324-fulltest/SourcePackages/checkouts/Forsetti-Framework
    builtin-copy -exclude .DS_Store -exclude CVS -exclude .svn -exclude .git -exclude .hg -resolve-src-symlinks -rename /tmp/Forsetti-Jamf-Pro-DerivedData-324-fulltest/Build/Intermediates.noindex/ForsettiFramework.build/Debug/ForsettiCore.build/Objects-normal/arm64/ForsettiCore.swiftdoc /tmp/Forsetti-Jamf-Pro-DerivedData-324-fulltest/Build/Products/Debug/ForsettiCore.swiftmodule/arm64-apple-macos.swiftdoc

Copy /tmp/Forsetti-Jamf-Pro-DerivedData-324-fulltest/Build/Products/Debug/ForsettiCore.swiftmodule/arm64-apple-macos.abi.json /tmp/Forsetti-Jamf-Pro-DerivedData-324-fulltest/Build/Intermediates.noindex/ForsettiFramework.build/Debug/ForsettiCore.build/Objects-normal/arm64/ForsettiCore.abi.json (in target 'ForsettiCore' from project 'ForsettiFramework')
    cd /tmp/Forsetti-Jamf-Pro-DerivedData-324-fulltest/SourcePackages/checkouts/Forsetti-Framework
    builtin-copy -exclude .DS_Store -exclude CVS -exclude .svn -exclude .git -exclude .hg -resolve-src-symlinks -rename /tmp/Forsetti-Jamf-Pro-DerivedData-324-fulltest/Build/Intermediates.noindex/ForsettiFramework.build/Debug/ForsettiCore.build/Objects-normal/arm64/ForsettiCore.abi.json /tmp/Forsetti-Jamf-Pro-DerivedData-324-fulltest/Build/Products/Debug/ForsettiCore.swiftmodule/arm64-apple-macos.abi.json

SwiftDriverJobDiscovery normal arm64 Compiling ForsettiContext.swift, ForsettiRuntime.swift (in target 'ForsettiCore' from project 'ForsettiFramework')

Copy /tmp/Forsetti-Jamf-Pro-DerivedData-324-fulltest/Build/Products/Debug/ForsettiCore.swiftmodule/Project/arm64-apple-macos.swiftsourceinfo /tmp/Forsetti-Jamf-Pro-DerivedData-324-fulltest/Build/Intermediates.noindex/ForsettiFramework.build/Debug/ForsettiCore.build/Objects-normal/arm64/ForsettiCore.swiftsourceinfo (in target 'ForsettiCore' from project 'ForsettiFramework')
    cd /tmp/Forsetti-Jamf-Pro-DerivedData-324-fulltest/SourcePackages/checkouts/Forsetti-Framework
    builtin-copy -exclude .DS_Store -exclude CVS -exclude .svn -exclude .git -exclude .hg -resolve-src-symlinks -rename /tmp/Forsetti-Jamf-Pro-DerivedData-324-fulltest/Build/Intermediates.noindex/ForsettiFramework.build/Debug/ForsettiCore.build/Objects-normal/arm64/ForsettiCore.swiftsourceinfo /tmp/Forsetti-Jamf-Pro-DerivedData-324-fulltest/Build/Products/Debug/ForsettiCore.swiftmodule/Project/arm64-apple-macos.swiftsourceinfo

SwiftDriverJobDiscovery normal arm64 Compiling CompatibilityChecker.swift, EntitlementProviders.swift (in target 'ForsettiCore' from project 'ForsettiFramework')

SwiftDriverJobDiscovery normal arm64 Compiling ModuleManager.swift, ModuleRegistry.swift (in target 'ForsettiCore' from project 'ForsettiFramework')

SwiftDriver ForsettiPlatform normal arm64 com.apple.xcode.tools.swift.compiler (in target 'ForsettiPlatform' from project 'ForsettiFramework')
    cd /Volumes/NVME/GitHub/Forsetti-Jamf-Pro/Forsetti.xcodeproj
    builtin-SwiftDriver -- /Applications/Xcode.app/Contents/Developer/Toolchains/XcodeDefault.xctoolchain/usr/bin/swiftc -module-name ForsettiPlatform -Onone @/tmp/Forsetti-Jamf-Pro-DerivedData-324-fulltest/Build/Intermediates.noindex/ForsettiFramework.build/Debug/ForsettiPlatform.build/Objects-normal/arm64/ForsettiPlatform.SwiftFileList -DSWIFT_PACKAGE -DDEBUG -DSWIFT_MODULE_RESOURCE_BUNDLE_UNAVAILABLE -DXcode -plugin-path /Applications/Xcode.app/Contents/Developer/Toolchains/XcodeDefault.xctoolchain/usr/lib/swift/host/plugins/testing -enable-experimental-feature DebugDescriptionMacro -sdk /Applications/Xcode.app/Contents/Developer/Platforms/MacOSX.platform/Developer/SDKs/MacOSX26.5.sdk -target arm64-apple-macos14.0 -g -module-cache-path /tmp/Forsetti-Jamf-Pro-DerivedData-324-fulltest/ModuleCache.noindex -Xfrontend -serialize-debugging-options -profile-coverage-mapping -profile-generate -enable-testing -suppress-warnings -index-store-path /tmp/Forsetti-Jamf-Pro-DerivedData-324-fulltest/Index.noindex/DataStore -Xcc -D_LIBCPP_HARDENING_MODE\=_LIBCPP_HARDENING_MODE_DEBUG -swift-version 5 -I /tmp/Forsetti-Jamf-Pro-DerivedData-324-fulltest/Build/Products/Debug -Isystem /Applications/Xcode.app/Contents/Developer/Platforms/MacOSX.platform/Developer/usr/lib -F /tmp/Forsetti-Jamf-Pro-DerivedData-324-fulltest/Build/Products/Debug/PackageFrameworks -F /tmp/Forsetti-Jamf-Pro-DerivedData-324-fulltest/Build/Products/Debug -F /Applications/Xcode.app/Contents/Developer/Platforms/MacOSX.platform/Developer/Library/Frameworks -c -j8 -enable-batch-mode -incremental -Xcc -ivfsstatcache -Xcc /tmp/Forsetti-Jamf-Pro-DerivedData-324-fulltest/SDKStatCaches.noindex/macosx26.5-25F70-e082c4a02f00227109f4ed75e425c832.sdkstatcache -output-file-map /tmp/Forsetti-Jamf-Pro-DerivedData-324-fulltest/Build/Intermediates.noindex/ForsettiFramework.build/Debug/ForsettiPlatform.build/Objects-normal/arm64/ForsettiPlatform-OutputFileMap.json -use-frontend-parseable-output -save-temps -no-color-diagnostics -explicit-module-build -module-cache-path /tmp/Forsetti-Jamf-Pro-DerivedData-324-fulltest/Build/Intermediates.noindex/SwiftExplicitPrecompiledModules -clang-scanner-module-cache-path /tmp/Forsetti-Jamf-Pro-DerivedData-324-fulltest/ModuleCache.noindex -sdk-module-cache-path /tmp/Forsetti-Jamf-Pro-DerivedData-324-fulltest/ModuleCache.noindex -serialize-diagnostics -emit-dependencies -emit-module -emit-module-path /tmp/Forsetti-Jamf-Pro-DerivedData-324-fulltest/Build/Intermediates.noindex/ForsettiFramework.build/Debug/ForsettiPlatform.build/Objects-normal/arm64/ForsettiPlatform.swiftmodule -validate-clang-modules-once -clang-build-session-file /tmp/Forsetti-Jamf-Pro-DerivedData-324-fulltest/ModuleCache.noindex/Session.modulevalidation -package-name forsetti_framework -Xcc -I/tmp/Forsetti-Jamf-Pro-DerivedData-324-fulltest/Build/Intermediates.noindex/ForsettiFramework.build/Debug/ForsettiPlatform.build/swift-overrides.hmap -emit-const-values -Xfrontend -const-gather-protocols-file -Xfrontend /tmp/Forsetti-Jamf-Pro-DerivedData-324-fulltest/Build/Intermediates.noindex/ForsettiFramework.build/Debug/ForsettiPlatform.build/Objects-normal/arm64/ForsettiPlatform_const_extract_protocols.json -Xcc -I/tmp/Forsetti-Jamf-Pro-DerivedData-324-fulltest/Build/Products/Debug/include -Xcc -I/tmp/Forsetti-Jamf-Pro-DerivedData-324-fulltest/Build/Intermediates.noindex/ForsettiFramework.build/Debug/ForsettiPlatform.build/DerivedSources-normal/arm64 -Xcc -I/tmp/Forsetti-Jamf-Pro-DerivedData-324-fulltest/Build/Intermediates.noindex/ForsettiFramework.build/Debug/ForsettiPlatform.build/DerivedSources/arm64 -Xcc -I/tmp/Forsetti-Jamf-Pro-DerivedData-324-fulltest/Build/Intermediates.noindex/ForsettiFramework.build/Debug/ForsettiPlatform.build/DerivedSources -Xcc -DSWIFT_PACKAGE -Xcc -DDEBUG\=1 -emit-objc-header -emit-objc-header-path /tmp/Forsetti-Jamf-Pro-DerivedData-324-fulltest/Build/Intermediates.noindex/ForsettiFramework.build/Debug/ForsettiPlatform.build/Objects-normal/arm64/ForsettiPlatform-Swift.h -working-directory /Volumes/NVME/GitHub/Forsetti-Jamf-Pro/Forsetti.xcodeproj -experimental-emit-module-separately -disable-cmo

SwiftDriverJobDiscovery normal arm64 Compiling ForsettiStaticModuleRegistry.swift, ManifestLoader.swift (in target 'ForsettiCore' from project 'ForsettiFramework')

SwiftDriverJobDiscovery normal arm64 Compiling ForsettiLogger.swift, ForsettiEventBus.swift, ForsettiVersion.swift (in target 'ForsettiCore' from project 'ForsettiFramework')

SwiftDriverJobDiscovery normal arm64 Compiling ForsettiServices.swift, UISurfaceManager.swift (in target 'ForsettiCore' from project 'ForsettiFramework')

SwiftDriverJobDiscovery normal arm64 Compiling ForsettiProtocols.swift, ActivationStore.swift, CapabilityPolicy.swift (in target 'ForsettiCore' from project 'ForsettiFramework')

SwiftDriver\ Compilation ForsettiCore normal arm64 com.apple.xcode.tools.swift.compiler (in target 'ForsettiCore' from project 'ForsettiFramework')
    cd /Volumes/NVME/GitHub/Forsetti-Jamf-Pro/Forsetti.xcodeproj
    builtin-Swift-Compilation -- /Applications/Xcode.app/Contents/Developer/Toolchains/XcodeDefault.xctoolchain/usr/bin/swiftc -module-name ForsettiCore -Onone @/tmp/Forsetti-Jamf-Pro-DerivedData-324-fulltest/Build/Intermediates.noindex/ForsettiFramework.build/Debug/ForsettiCore.build/Objects-normal/arm64/ForsettiCore.SwiftFileList -DSWIFT_PACKAGE -DDEBUG -DSWIFT_MODULE_RESOURCE_BUNDLE_UNAVAILABLE -DXcode -plugin-path /Applications/Xcode.app/Contents/Developer/Toolchains/XcodeDefault.xctoolchain/usr/lib/swift/host/plugins/testing -enable-experimental-feature DebugDescriptionMacro -sdk /Applications/Xcode.app/Contents/Developer/Platforms/MacOSX.platform/Developer/SDKs/MacOSX26.5.sdk -target arm64-apple-macos14.0 -g -module-cache-path /tmp/Forsetti-Jamf-Pro-DerivedData-324-fulltest/ModuleCache.noindex -Xfrontend -serialize-debugging-options -profile-coverage-mapping -profile-generate -enable-testing -suppress-warnings -index-store-path /tmp/Forsetti-Jamf-Pro-DerivedData-324-fulltest/Index.noindex/DataStore -Xcc -D_LIBCPP_HARDENING_MODE\=_LIBCPP_HARDENING_MODE_DEBUG -swift-version 5 -I /tmp/Forsetti-Jamf-Pro-DerivedData-324-fulltest/Build/Products/Debug -Isystem /Applications/Xcode.app/Contents/Developer/Platforms/MacOSX.platform/Developer/usr/lib -F /tmp/Forsetti-Jamf-Pro-DerivedData-324-fulltest/Build/Products/Debug -F /Applications/Xcode.app/Contents/Developer/Platforms/MacOSX.platform/Developer/Library/Frameworks -c -j8 -enable-batch-mode -incremental -Xcc -ivfsstatcache -Xcc /tmp/Forsetti-Jamf-Pro-DerivedData-324-fulltest/SDKStatCaches.noindex/macosx26.5-25F70-e082c4a02f00227109f4ed75e425c832.sdkstatcache -output-file-map /tmp/Forsetti-Jamf-Pro-DerivedData-324-fulltest/Build/Intermediates.noindex/ForsettiFramework.build/Debug/ForsettiCore.build/Objects-normal/arm64/ForsettiCore-OutputFileMap.json -use-frontend-parseable-output -save-temps -no-color-diagnostics -explicit-module-build -module-cache-path /tmp/Forsetti-Jamf-Pro-DerivedData-324-fulltest/Build/Intermediates.noindex/SwiftExplicitPrecompiledModules -clang-scanner-module-cache-path /tmp/Forsetti-Jamf-Pro-DerivedData-324-fulltest/ModuleCache.noindex -sdk-module-cache-path /tmp/Forsetti-Jamf-Pro-DerivedData-324-fulltest/ModuleCache.noindex -serialize-diagnostics -emit-dependencies -emit-module -emit-module-path /tmp/Forsetti-Jamf-Pro-DerivedData-324-fulltest/Build/Intermediates.noindex/ForsettiFramework.build/Debug/ForsettiCore.build/Objects-normal/arm64/ForsettiCore.swiftmodule -validate-clang-modules-once -clang-build-session-file /tmp/Forsetti-Jamf-Pro-DerivedData-324-fulltest/ModuleCache.noindex/Session.modulevalidation -package-name forsetti_framework -Xcc -I/tmp/Forsetti-Jamf-Pro-DerivedData-324-fulltest/Build/Intermediates.noindex/ForsettiFramework.build/Debug/ForsettiCore.build/swift-overrides.hmap -emit-const-values -Xfrontend -const-gather-protocols-file -Xfrontend /tmp/Forsetti-Jamf-Pro-DerivedData-324-fulltest/Build/Intermediates.noindex/ForsettiFramework.build/Debug/ForsettiCore.build/Objects-normal/arm64/ForsettiCore_const_extract_protocols.json -Xcc -I/tmp/Forsetti-Jamf-Pro-DerivedData-324-fulltest/Build/Products/Debug/include -Xcc -I/tmp/Forsetti-Jamf-Pro-DerivedData-324-fulltest/Build/Intermediates.noindex/ForsettiFramework.build/Debug/ForsettiCore.build/DerivedSources-normal/arm64 -Xcc -I/tmp/Forsetti-Jamf-Pro-DerivedData-324-fulltest/Build/Intermediates.noindex/ForsettiFramework.build/Debug/ForsettiCore.build/DerivedSources/arm64 -Xcc -I/tmp/Forsetti-Jamf-Pro-DerivedData-324-fulltest/Build/Intermediates.noindex/ForsettiFramework.build/Debug/ForsettiCore.build/DerivedSources -Xcc -DSWIFT_PACKAGE -Xcc -DDEBUG\=1 -emit-objc-header -emit-objc-header-path /tmp/Forsetti-Jamf-Pro-DerivedData-324-fulltest/Build/Intermediates.noindex/ForsettiFramework.build/Debug/ForsettiCore.build/Objects-normal/arm64/ForsettiCore-Swift.h -working-directory /Volumes/NVME/GitHub/Forsetti-Jamf-Pro/Forsetti.xcodeproj -experimental-emit-module-separately -disable-cmo

Ld /tmp/Forsetti-Jamf-Pro-DerivedData-324-fulltest/Build/Products/Debug/ForsettiCore.o normal (in target 'ForsettiCore' from project 'ForsettiFramework')
    cd /tmp/Forsetti-Jamf-Pro-DerivedData-324-fulltest/SourcePackages/checkouts/Forsetti-Framework
    /Applications/Xcode.app/Contents/Developer/Toolchains/XcodeDefault.xctoolchain/usr/bin/clang -Xlinker -reproducible -target arm64-apple-macos14.0 -r -isysroot /Applications/Xcode.app/Contents/Developer/Platforms/MacOSX.platform/Developer/SDKs/MacOSX26.5.sdk -O0 -w -F/tmp/Forsetti-Jamf-Pro-DerivedData-324-fulltest/Build/Intermediates.noindex/EagerLinkingTBDs/Debug -F/tmp/Forsetti-Jamf-Pro-DerivedData-324-fulltest/Build/Products/Debug -iframework /Applications/Xcode.app/Contents/Developer/Platforms/MacOSX.platform/Developer/Library/Frameworks -filelist /tmp/Forsetti-Jamf-Pro-DerivedData-324-fulltest/Build/Intermediates.noindex/ForsettiFramework.build/Debug/ForsettiCore.build/Objects-normal/arm64/ForsettiCore.LinkFileList -nostdlib -Xlinker -object_path_lto -Xlinker /tmp/Forsetti-Jamf-Pro-DerivedData-324-fulltest/Build/Intermediates.noindex/ForsettiFramework.build/Debug/ForsettiCore.build/Objects-normal/arm64/ForsettiCore_lto.o -Xlinker -no_deduplicate -Xlinker -debug_variant -Xlinker -dependency_info -Xlinker /tmp/Forsetti-Jamf-Pro-DerivedData-324-fulltest/Build/Intermediates.noindex/ForsettiFramework.build/Debug/ForsettiCore.build/Objects-normal/arm64/ForsettiCore_dependency_info.dat -fobjc-link-runtime -L/Applications/Xcode.app/Contents/Developer/Toolchains/XcodeDefault.xctoolchain/usr/lib/swift/macosx -L/usr/lib/swift -Xlinker -add_ast_path -Xlinker /tmp/Forsetti-Jamf-Pro-DerivedData-324-fulltest/Build/Intermediates.noindex/ForsettiFramework.build/Debug/ForsettiCore.build/Objects-normal/arm64/ForsettiCore.swiftmodule @/tmp/Forsetti-Jamf-Pro-DerivedData-324-fulltest/Build/Intermediates.noindex/ForsettiFramework.build/Debug/ForsettiCore.build/Objects-normal/arm64/ForsettiCore-linker-args.resp -o /tmp/Forsetti-Jamf-Pro-DerivedData-324-fulltest/Build/Products/Debug/ForsettiCore.o

ExtractAppIntentsMetadata (in target 'ForsettiCore' from project 'ForsettiFramework')
    cd /tmp/Forsetti-Jamf-Pro-DerivedData-324-fulltest/SourcePackages/checkouts/Forsetti-Framework
    /Applications/Xcode.app/Contents/Developer/Toolchains/XcodeDefault.xctoolchain/usr/bin/appintentsmetadataprocessor --toolchain-dir /Applications/Xcode.app/Contents/Developer/Toolchains/XcodeDefault.xctoolchain --module-name ForsettiCore --sdk-root /Applications/Xcode.app/Contents/Developer/Platforms/MacOSX.platform/Developer/SDKs/MacOSX26.5.sdk --xcode-version 17F42 --platform-family macOS --deployment-target 14.0 --bundle-identifier forsetti-framework.ForsettiCore --output /tmp/Forsetti-Jamf-Pro-DerivedData-324-fulltest/Build/Products/Debug/ForsettiCore.appintents --target-triple arm64-apple-macos14.0 --binary-file /tmp/Forsetti-Jamf-Pro-DerivedData-324-fulltest/Build/Products/Debug/ForsettiCore.o --dependency-file /tmp/Forsetti-Jamf-Pro-DerivedData-324-fulltest/Build/Intermediates.noindex/ForsettiFramework.build/Debug/ForsettiCore.build/Objects-normal/arm64/ForsettiCore_dependency_info.dat --stringsdata-file /tmp/Forsetti-Jamf-Pro-DerivedData-324-fulltest/Build/Intermediates.noindex/ForsettiFramework.build/Debug/ForsettiCore.build/Objects-normal/arm64/ExtractedAppShortcutsMetadata.stringsdata --source-file-list /tmp/Forsetti-Jamf-Pro-DerivedData-324-fulltest/Build/Intermediates.noindex/ForsettiFramework.build/Debug/ForsettiCore.build/Objects-normal/arm64/ForsettiCore.SwiftFileList --metadata-file-list /tmp/Forsetti-Jamf-Pro-DerivedData-324-fulltest/Build/Intermediates.noindex/ForsettiFramework.build/Debug/ForsettiCore.build/ForsettiCore.DependencyMetadataFileList --static-metadata-file-list /tmp/Forsetti-Jamf-Pro-DerivedData-324-fulltest/Build/Intermediates.noindex/ForsettiFramework.build/Debug/ForsettiCore.build/ForsettiCore.DependencyStaticMetadataFileList --swift-const-vals-list /tmp/Forsetti-Jamf-Pro-DerivedData-324-fulltest/Build/Intermediates.noindex/ForsettiFramework.build/Debug/ForsettiCore.build/Objects-normal/arm64/ForsettiCore.SwiftConstValuesFileList --force --compile-time-extraction --deployment-aware-processing --validate-system-intents --no-app-shortcuts-localization
2026-05-31 11:18:26.832 appintentsmetadataprocessor[15495:7302214] Starting appintentsmetadataprocessor export
2026-05-31 11:18:26.850 appintentsmetadataprocessor[15495:7302214] Extracted no relevant App Intents symbols, skipping writing output

RegisterExecutionPolicyException /tmp/Forsetti-Jamf-Pro-DerivedData-324-fulltest/Build/Products/Debug/ForsettiCore.o (in target 'ForsettiCore' from project 'ForsettiFramework')
    cd /tmp/Forsetti-Jamf-Pro-DerivedData-324-fulltest/SourcePackages/checkouts/Forsetti-Framework
    builtin-RegisterExecutionPolicyException /tmp/Forsetti-Jamf-Pro-DerivedData-324-fulltest/Build/Products/Debug/ForsettiCore.o

SwiftExplicitDependencyGeneratePcm arm64 /tmp/Forsetti-Jamf-Pro-DerivedData-324-fulltest/ModuleCache.noindex/CoreGraphics-AXUI5NH3XBI629S837BAWRG2X.pcm

SwiftExplicitDependencyGeneratePcm arm64 /tmp/Forsetti-Jamf-Pro-DerivedData-324-fulltest/ModuleCache.noindex/ColorSync-CTL2N9SSQWA4YT3FMOETQCOB9.pcm

SwiftExplicitDependencyGeneratePcm arm64 /tmp/Forsetti-Jamf-Pro-DerivedData-324-fulltest/ModuleCache.noindex/_Builtin_intrinsics-1OPO267TYPK9R2WLEOLL7Z5I1.pcm

SwiftExplicitDependencyGeneratePcm arm64 /tmp/Forsetti-Jamf-Pro-DerivedData-324-fulltest/ModuleCache.noindex/CoreTransferable-1MGYGQ73KTB34W5TF603WA9PG.pcm

SwiftExplicitDependencyGeneratePcm arm64 /tmp/Forsetti-Jamf-Pro-DerivedData-324-fulltest/ModuleCache.noindex/Symbols-A395WUZM9IN69FOMCZQY4W98Q.pcm

SwiftExplicitDependencyGeneratePcm arm64 /tmp/Forsetti-Jamf-Pro-DerivedData-324-fulltest/ModuleCache.noindex/IOSurface-8URUQZO5Y1522O61C1IXKTZNI.pcm

SwiftExplicitDependencyGeneratePcm arm64 /tmp/Forsetti-Jamf-Pro-DerivedData-324-fulltest/ModuleCache.noindex/CoreData-5CW0C030UG85O5GO8KE7LQDNA.pcm

SwiftExplicitDependencyGeneratePcm arm64 /tmp/Forsetti-Jamf-Pro-DerivedData-324-fulltest/ModuleCache.noindex/dnssd-3TKDOJO3F7WSZMY53265471OI.pcm

SwiftExplicitDependencyGeneratePcm arm64 /tmp/Forsetti-Jamf-Pro-DerivedData-324-fulltest/ModuleCache.noindex/_Builtin_tgmath-1FWZ51TG1WAXTJLVUVIW5D5SV.pcm

SwiftExplicitDependencyGeneratePcm arm64 /tmp/Forsetti-Jamf-Pro-DerivedData-324-fulltest/ModuleCache.noindex/_Builtin_stdatomic-7QKPZY5KNLE12V9FXMBMAK229.pcm

SwiftExplicitDependencyGeneratePcm arm64 /tmp/Forsetti-Jamf-Pro-DerivedData-324-fulltest/ModuleCache.noindex/OpenGL-8V6F36DOBV7JYHXU7XE7Q0CGO.pcm

SwiftExplicitDependencyGeneratePcm arm64 /tmp/Forsetti-Jamf-Pro-DerivedData-324-fulltest/ModuleCache.noindex/ExtensionFoundation-ENMQD71VGD1KSDHUJRO32ERHM.pcm

SwiftExplicitDependencyGeneratePcm arm64 /tmp/Forsetti-Jamf-Pro-DerivedData-324-fulltest/ModuleCache.noindex/Metal-3TZQR64I67V47UZD2T9WR4A22.pcm

SwiftExplicitDependencyGeneratePcm arm64 /tmp/Forsetti-Jamf-Pro-DerivedData-324-fulltest/ModuleCache.noindex/Network-5T71NJVZNHI8BHX6LPXGCV6PR.pcm

SwiftExplicitDependencyGeneratePcm arm64 /tmp/Forsetti-Jamf-Pro-DerivedData-324-fulltest/ModuleCache.noindex/LocalAuthentication-6QES2Z9YNNAQX0WRENX8B2UHP.pcm

SwiftExplicitDependencyGeneratePcm arm64 /tmp/Forsetti-Jamf-Pro-DerivedData-324-fulltest/ModuleCache.noindex/CUPS-AJIX9O30ZNZTOT6IO2VMYLI8M.pcm

SwiftExplicitDependencyGeneratePcm arm64 /tmp/Forsetti-Jamf-Pro-DerivedData-324-fulltest/ModuleCache.noindex/ImageIO-EPLK6V8MTA8JVJYO2B9R5ALJA.pcm

SwiftExplicitDependencyGeneratePcm arm64 /tmp/Forsetti-Jamf-Pro-DerivedData-324-fulltest/ModuleCache.noindex/Accessibility-AUEDJZ0014LZ7F6M8D9Q61U3N.pcm

SwiftExplicitDependencyGeneratePcm arm64 /tmp/Forsetti-Jamf-Pro-DerivedData-324-fulltest/ModuleCache.noindex/DeveloperToolsSupport-D0F7V9GUI9K78OGAL55E035V9.pcm

SwiftExplicitDependencyGeneratePcm arm64 /tmp/Forsetti-Jamf-Pro-DerivedData-324-fulltest/ModuleCache.noindex/BackgroundAssets-539U57WY42E4G4M4YFWNYFANL.pcm

SwiftExplicitDependencyGeneratePcm arm64 /tmp/Forsetti-Jamf-Pro-DerivedData-324-fulltest/ModuleCache.noindex/os-EZJB139B7KMIHU7MD53V1E9T1.pcm

SwiftExplicitDependencyGeneratePcm arm64 /tmp/Forsetti-Jamf-Pro-DerivedData-324-fulltest/ModuleCache.noindex/CoreText-4MPN2F5TOXPVQOUM85Z5CY360.pcm

SwiftExplicitDependencyGeneratePcm arm64 /tmp/Forsetti-Jamf-Pro-DerivedData-324-fulltest/ModuleCache.noindex/DataDetection-ER8NVODTOGKCOMFWMOGP67OVR.pcm

SwiftExplicitDependencyGeneratePcm arm64 /tmp/Forsetti-Jamf-Pro-DerivedData-324-fulltest/ModuleCache.noindex/UniformTypeIdentifiers-ALH5P6ILEU2DGFTHFZA5UX827.pcm

SwiftExplicitDependencyGeneratePcm arm64 /tmp/Forsetti-Jamf-Pro-DerivedData-324-fulltest/ModuleCache.noindex/simd-8QWW8L701NE5CITKBA4P0D02V.pcm

SwiftExplicitDependencyGeneratePcm arm64 /tmp/Forsetti-Jamf-Pro-DerivedData-324-fulltest/ModuleCache.noindex/OSLog-6T5VOB6E6Z2IWJ9LY7W41EMIV.pcm

SwiftExplicitDependencyGeneratePcm arm64 /tmp/Forsetti-Jamf-Pro-DerivedData-324-fulltest/ModuleCache.noindex/ApplicationServices-DXGJDPO94UMRR1132017YPQ9G.pcm

SwiftExplicitDependencyGeneratePcm arm64 /tmp/Forsetti-Jamf-Pro-DerivedData-324-fulltest/ModuleCache.noindex/CoreVideo-68V9RD4U9Z67U9PKLR4GX9CYZ.pcm

SwiftExplicitDependencyGeneratePcm arm64 /tmp/Forsetti-Jamf-Pro-DerivedData-324-fulltest/ModuleCache.noindex/CoreImage-5D9OS0K91HJEEY7C9FUMBR5ER.pcm

SwiftExplicitDependencyGeneratePcm arm64 /tmp/Forsetti-Jamf-Pro-DerivedData-324-fulltest/ModuleCache.noindex/QuartzCore-AO6RXPU32KEEOCS7G035HXH1H.pcm

SwiftExplicitDependencyGeneratePcm arm64 /tmp/Forsetti-Jamf-Pro-DerivedData-324-fulltest/ModuleCache.noindex/Spatial-EP343BUVP17XN0LKSPG5APJZ0.pcm

SwiftExplicitDependencyGeneratePcm arm64 /tmp/Forsetti-Jamf-Pro-DerivedData-324-fulltest/ModuleCache.noindex/SwiftUICore-4WH901TB81JRZWXZGGMGJV79G.pcm

SwiftExplicitDependencyGeneratePcm arm64 /tmp/Forsetti-Jamf-Pro-DerivedData-324-fulltest/ModuleCache.noindex/AppKit-4XMRAA2SX0HN4WDUZOC8FE0VI.pcm

SwiftExplicitDependencyGeneratePcm arm64 /tmp/Forsetti-Jamf-Pro-DerivedData-324-fulltest/ModuleCache.noindex/StoreKit-EHJ7CPVAU86ENH9HTFDAA4N0E.pcm

SwiftEmitModule normal arm64 Emitting\ module\ for\ ForsettiPlatform (in target 'ForsettiPlatform' from project 'ForsettiFramework')

EmitSwiftModule normal arm64 (in target 'ForsettiPlatform' from project 'ForsettiFramework')
    cd /Volumes/NVME/GitHub/Forsetti-Jamf-Pro/Forsetti.xcodeproj


SwiftCompile normal arm64 Compiling\ PlatformServices.swift /tmp/Forsetti-Jamf-Pro-DerivedData-324-fulltest/SourcePackages/checkouts/Forsetti-Framework/Sources/ForsettiPlatform/PlatformServices.swift (in target 'ForsettiPlatform' from project 'ForsettiFramework')
SwiftCompile normal arm64 /tmp/Forsetti-Jamf-Pro-DerivedData-324-fulltest/SourcePackages/checkouts/Forsetti-Framework/Sources/ForsettiPlatform/PlatformServices.swift (in target 'ForsettiPlatform' from project 'ForsettiFramework')
    cd /Volumes/NVME/GitHub/Forsetti-Jamf-Pro/Forsetti.xcodeproj


SwiftCompile normal arm64 Compiling\ EntitlementProviders.swift /tmp/Forsetti-Jamf-Pro-DerivedData-324-fulltest/SourcePackages/checkouts/Forsetti-Framework/Sources/ForsettiPlatform/EntitlementProviders.swift (in target 'ForsettiPlatform' from project 'ForsettiFramework')
SwiftCompile normal arm64 /tmp/Forsetti-Jamf-Pro-DerivedData-324-fulltest/SourcePackages/checkouts/Forsetti-Framework/Sources/ForsettiPlatform/EntitlementProviders.swift (in target 'ForsettiPlatform' from project 'ForsettiFramework')
    cd /Volumes/NVME/GitHub/Forsetti-Jamf-Pro/Forsetti.xcodeproj


SwiftDriverJobDiscovery normal arm64 Emitting module for ForsettiPlatform (in target 'ForsettiPlatform' from project 'ForsettiFramework')

SwiftDriver\ Compilation\ Requirements ForsettiPlatform normal arm64 com.apple.xcode.tools.swift.compiler (in target 'ForsettiPlatform' from project 'ForsettiFramework')
    cd /Volumes/NVME/GitHub/Forsetti-Jamf-Pro/Forsetti.xcodeproj
    builtin-Swift-Compilation-Requirements -- /Applications/Xcode.app/Contents/Developer/Toolchains/XcodeDefault.xctoolchain/usr/bin/swiftc -module-name ForsettiPlatform -Onone @/tmp/Forsetti-Jamf-Pro-DerivedData-324-fulltest/Build/Intermediates.noindex/ForsettiFramework.build/Debug/ForsettiPlatform.build/Objects-normal/arm64/ForsettiPlatform.SwiftFileList -DSWIFT_PACKAGE -DDEBUG -DSWIFT_MODULE_RESOURCE_BUNDLE_UNAVAILABLE -DXcode -plugin-path /Applications/Xcode.app/Contents/Developer/Toolchains/XcodeDefault.xctoolchain/usr/lib/swift/host/plugins/testing -enable-experimental-feature DebugDescriptionMacro -sdk /Applications/Xcode.app/Contents/Developer/Platforms/MacOSX.platform/Developer/SDKs/MacOSX26.5.sdk -target arm64-apple-macos14.0 -g -module-cache-path /tmp/Forsetti-Jamf-Pro-DerivedData-324-fulltest/ModuleCache.noindex -Xfrontend -serialize-debugging-options -profile-coverage-mapping -profile-generate -enable-testing -suppress-warnings -index-store-path /tmp/Forsetti-Jamf-Pro-DerivedData-324-fulltest/Index.noindex/DataStore -Xcc -D_LIBCPP_HARDENING_MODE\=_LIBCPP_HARDENING_MODE_DEBUG -swift-version 5 -I /tmp/Forsetti-Jamf-Pro-DerivedData-324-fulltest/Build/Products/Debug -Isystem /Applications/Xcode.app/Contents/Developer/Platforms/MacOSX.platform/Developer/usr/lib -F /tmp/Forsetti-Jamf-Pro-DerivedData-324-fulltest/Build/Products/Debug/PackageFrameworks -F /tmp/Forsetti-Jamf-Pro-DerivedData-324-fulltest/Build/Products/Debug -F /Applications/Xcode.app/Contents/Developer/Platforms/MacOSX.platform/Developer/Library/Frameworks -c -j8 -enable-batch-mode -incremental -Xcc -ivfsstatcache -Xcc /tmp/Forsetti-Jamf-Pro-DerivedData-324-fulltest/SDKStatCaches.noindex/macosx26.5-25F70-e082c4a02f00227109f4ed75e425c832.sdkstatcache -output-file-map /tmp/Forsetti-Jamf-Pro-DerivedData-324-fulltest/Build/Intermediates.noindex/ForsettiFramework.build/Debug/ForsettiPlatform.build/Objects-normal/arm64/ForsettiPlatform-OutputFileMap.json -use-frontend-parseable-output -save-temps -no-color-diagnostics -explicit-module-build -module-cache-path /tmp/Forsetti-Jamf-Pro-DerivedData-324-fulltest/Build/Intermediates.noindex/SwiftExplicitPrecompiledModules -clang-scanner-module-cache-path /tmp/Forsetti-Jamf-Pro-DerivedData-324-fulltest/ModuleCache.noindex -sdk-module-cache-path /tmp/Forsetti-Jamf-Pro-DerivedData-324-fulltest/ModuleCache.noindex -serialize-diagnostics -emit-dependencies -emit-module -emit-module-path /tmp/Forsetti-Jamf-Pro-DerivedData-324-fulltest/Build/Intermediates.noindex/ForsettiFramework.build/Debug/ForsettiPlatform.build/Objects-normal/arm64/ForsettiPlatform.swiftmodule -validate-clang-modules-once -clang-build-session-file /tmp/Forsetti-Jamf-Pro-DerivedData-324-fulltest/ModuleCache.noindex/Session.modulevalidation -package-name forsetti_framework -Xcc -I/tmp/Forsetti-Jamf-Pro-DerivedData-324-fulltest/Build/Intermediates.noindex/ForsettiFramework.build/Debug/ForsettiPlatform.build/swift-overrides.hmap -emit-const-values -Xfrontend -const-gather-protocols-file -Xfrontend /tmp/Forsetti-Jamf-Pro-DerivedData-324-fulltest/Build/Intermediates.noindex/ForsettiFramework.build/Debug/ForsettiPlatform.build/Objects-normal/arm64/ForsettiPlatform_const_extract_protocols.json -Xcc -I/tmp/Forsetti-Jamf-Pro-DerivedData-324-fulltest/Build/Products/Debug/include -Xcc -I/tmp/Forsetti-Jamf-Pro-DerivedData-324-fulltest/Build/Intermediates.noindex/ForsettiFramework.build/Debug/ForsettiPlatform.build/DerivedSources-normal/arm64 -Xcc -I/tmp/Forsetti-Jamf-Pro-DerivedData-324-fulltest/Build/Intermediates.noindex/ForsettiFramework.build/Debug/ForsettiPlatform.build/DerivedSources/arm64 -Xcc -I/tmp/Forsetti-Jamf-Pro-DerivedData-324-fulltest/Build/Intermediates.noindex/ForsettiFramework.build/Debug/ForsettiPlatform.build/DerivedSources -Xcc -DSWIFT_PACKAGE -Xcc -DDEBUG\=1 -emit-objc-header -emit-objc-header-path /tmp/Forsetti-Jamf-Pro-DerivedData-324-fulltest/Build/Intermediates.noindex/ForsettiFramework.build/Debug/ForsettiPlatform.build/Objects-normal/arm64/ForsettiPlatform-Swift.h -working-directory /Volumes/NVME/GitHub/Forsetti-Jamf-Pro/Forsetti.xcodeproj -experimental-emit-module-separately -disable-cmo

SwiftMergeGeneratedHeaders /tmp/Forsetti-Jamf-Pro-DerivedData-324-fulltest/Build/Intermediates.noindex/GeneratedModuleMaps/ForsettiPlatform-Swift.h /tmp/Forsetti-Jamf-Pro-DerivedData-324-fulltest/Build/Intermediates.noindex/ForsettiFramework.build/Debug/ForsettiPlatform.build/Objects-normal/arm64/ForsettiPlatform-Swift.h (in target 'ForsettiPlatform' from project 'ForsettiFramework')
    cd /tmp/Forsetti-Jamf-Pro-DerivedData-324-fulltest/SourcePackages/checkouts/Forsetti-Framework
    builtin-swiftHeaderTool -arch arm64 /tmp/Forsetti-Jamf-Pro-DerivedData-324-fulltest/Build/Intermediates.noindex/ForsettiFramework.build/Debug/ForsettiPlatform.build/Objects-normal/arm64/ForsettiPlatform-Swift.h -o /tmp/Forsetti-Jamf-Pro-DerivedData-324-fulltest/Build/Intermediates.noindex/GeneratedModuleMaps/ForsettiPlatform-Swift.h

Copy /tmp/Forsetti-Jamf-Pro-DerivedData-324-fulltest/Build/Products/Debug/ForsettiPlatform.swiftmodule/arm64-apple-macos.swiftdoc /tmp/Forsetti-Jamf-Pro-DerivedData-324-fulltest/Build/Intermediates.noindex/ForsettiFramework.build/Debug/ForsettiPlatform.build/Objects-normal/arm64/ForsettiPlatform.swiftdoc (in target 'ForsettiPlatform' from project 'ForsettiFramework')
    cd /tmp/Forsetti-Jamf-Pro-DerivedData-324-fulltest/SourcePackages/checkouts/Forsetti-Framework
    builtin-copy -exclude .DS_Store -exclude CVS -exclude .svn -exclude .git -exclude .hg -resolve-src-symlinks -rename /tmp/Forsetti-Jamf-Pro-DerivedData-324-fulltest/Build/Intermediates.noindex/ForsettiFramework.build/Debug/ForsettiPlatform.build/Objects-normal/arm64/ForsettiPlatform.swiftdoc /tmp/Forsetti-Jamf-Pro-DerivedData-324-fulltest/Build/Products/Debug/ForsettiPlatform.swiftmodule/arm64-apple-macos.swiftdoc

Copy /tmp/Forsetti-Jamf-Pro-DerivedData-324-fulltest/Build/Products/Debug/ForsettiPlatform.swiftmodule/arm64-apple-macos.swiftmodule /tmp/Forsetti-Jamf-Pro-DerivedData-324-fulltest/Build/Intermediates.noindex/ForsettiFramework.build/Debug/ForsettiPlatform.build/Objects-normal/arm64/ForsettiPlatform.swiftmodule (in target 'ForsettiPlatform' from project 'ForsettiFramework')
    cd /tmp/Forsetti-Jamf-Pro-DerivedData-324-fulltest/SourcePackages/checkouts/Forsetti-Framework
    builtin-copy -exclude .DS_Store -exclude CVS -exclude .svn -exclude .git -exclude .hg -resolve-src-symlinks -rename /tmp/Forsetti-Jamf-Pro-DerivedData-324-fulltest/Build/Intermediates.noindex/ForsettiFramework.build/Debug/ForsettiPlatform.build/Objects-normal/arm64/ForsettiPlatform.swiftmodule /tmp/Forsetti-Jamf-Pro-DerivedData-324-fulltest/Build/Products/Debug/ForsettiPlatform.swiftmodule/arm64-apple-macos.swiftmodule

Copy /tmp/Forsetti-Jamf-Pro-DerivedData-324-fulltest/Build/Products/Debug/ForsettiPlatform.swiftmodule/arm64-apple-macos.abi.json /tmp/Forsetti-Jamf-Pro-DerivedData-324-fulltest/Build/Intermediates.noindex/ForsettiFramework.build/Debug/ForsettiPlatform.build/Objects-normal/arm64/ForsettiPlatform.abi.json (in target 'ForsettiPlatform' from project 'ForsettiFramework')
    cd /tmp/Forsetti-Jamf-Pro-DerivedData-324-fulltest/SourcePackages/checkouts/Forsetti-Framework
    builtin-copy -exclude .DS_Store -exclude CVS -exclude .svn -exclude .git -exclude .hg -resolve-src-symlinks -rename /tmp/Forsetti-Jamf-Pro-DerivedData-324-fulltest/Build/Intermediates.noindex/ForsettiFramework.build/Debug/ForsettiPlatform.build/Objects-normal/arm64/ForsettiPlatform.abi.json /tmp/Forsetti-Jamf-Pro-DerivedData-324-fulltest/Build/Products/Debug/ForsettiPlatform.swiftmodule/arm64-apple-macos.abi.json

Copy /tmp/Forsetti-Jamf-Pro-DerivedData-324-fulltest/Build/Products/Debug/ForsettiPlatform.swiftmodule/Project/arm64-apple-macos.swiftsourceinfo /tmp/Forsetti-Jamf-Pro-DerivedData-324-fulltest/Build/Intermediates.noindex/ForsettiFramework.build/Debug/ForsettiPlatform.build/Objects-normal/arm64/ForsettiPlatform.swiftsourceinfo (in target 'ForsettiPlatform' from project 'ForsettiFramework')
    cd /tmp/Forsetti-Jamf-Pro-DerivedData-324-fulltest/SourcePackages/checkouts/Forsetti-Framework
    builtin-copy -exclude .DS_Store -exclude CVS -exclude .svn -exclude .git -exclude .hg -resolve-src-symlinks -rename /tmp/Forsetti-Jamf-Pro-DerivedData-324-fulltest/Build/Intermediates.noindex/ForsettiFramework.build/Debug/ForsettiPlatform.build/Objects-normal/arm64/ForsettiPlatform.swiftsourceinfo /tmp/Forsetti-Jamf-Pro-DerivedData-324-fulltest/Build/Products/Debug/ForsettiPlatform.swiftmodule/Project/arm64-apple-macos.swiftsourceinfo

MkDir /tmp/Forsetti-Jamf-Pro-DerivedData-324-fulltest/Build/Intermediates.noindex/Forsetti.build/Debug/Forsetti.build/assetcatalog_output/thinned (in target 'Forsetti' from project 'Forsetti')
    cd /Volumes/NVME/GitHub/Forsetti-Jamf-Pro
    /bin/mkdir -p /tmp/Forsetti-Jamf-Pro-DerivedData-324-fulltest/Build/Intermediates.noindex/Forsetti.build/Debug/Forsetti.build/assetcatalog_output/thinned

MkDir /tmp/Forsetti-Jamf-Pro-DerivedData-324-fulltest/Build/Intermediates.noindex/Forsetti.build/Debug/Forsetti.build/assetcatalog_output/unthinned (in target 'Forsetti' from project 'Forsetti')
    cd /Volumes/NVME/GitHub/Forsetti-Jamf-Pro
    /bin/mkdir -p /tmp/Forsetti-Jamf-Pro-DerivedData-324-fulltest/Build/Intermediates.noindex/Forsetti.build/Debug/Forsetti.build/assetcatalog_output/unthinned

GenerateAssetSymbols /Volumes/NVME/GitHub/Forsetti-Jamf-Pro/ForsettiApp/Assets.xcassets (in target 'Forsetti' from project 'Forsetti')
    cd /Volumes/NVME/GitHub/Forsetti-Jamf-Pro
    /Applications/Xcode.app/Contents/Developer/usr/bin/actool /Volumes/NVME/GitHub/Forsetti-Jamf-Pro/ForsettiApp/Assets.xcassets --compile /tmp/Forsetti-Jamf-Pro-DerivedData-324-fulltest/Build/Products/Debug/Forsetti.app/Contents/Resources --output-format human-readable-text --notices --warnings --export-dependency-info /tmp/Forsetti-Jamf-Pro-DerivedData-324-fulltest/Build/Intermediates.noindex/Forsetti.build/Debug/Forsetti.build/assetcatalog_dependencies --output-partial-info-plist /tmp/Forsetti-Jamf-Pro-DerivedData-324-fulltest/Build/Intermediates.noindex/Forsetti.build/Debug/Forsetti.build/assetcatalog_generated_info.plist --app-icon AppIcon --accent-color AccentColor --enable-on-demand-resources NO --development-region en --target-device mac --minimum-deployment-target 14.0 --platform macosx --bundle-identifier com.ravenforge.forsetti --generate-swift-asset-symbols /tmp/Forsetti-Jamf-Pro-DerivedData-324-fulltest/Build/Intermediates.noindex/Forsetti.build/Debug/Forsetti.build/DerivedSources/GeneratedAssetSymbols.swift --generate-objc-asset-symbols /tmp/Forsetti-Jamf-Pro-DerivedData-324-fulltest/Build/Intermediates.noindex/Forsetti.build/Debug/Forsetti.build/DerivedSources/GeneratedAssetSymbols.h --generate-asset-symbol-index /tmp/Forsetti-Jamf-Pro-DerivedData-324-fulltest/Build/Intermediates.noindex/Forsetti.build/Debug/Forsetti.build/DerivedSources/GeneratedAssetSymbols-Index.plist
/* com.apple.actool.compilation-results */
/tmp/Forsetti-Jamf-Pro-DerivedData-324-fulltest/Build/Intermediates.noindex/Forsetti.build/Debug/Forsetti.build/DerivedSources/GeneratedAssetSymbols-Index.plist
/tmp/Forsetti-Jamf-Pro-DerivedData-324-fulltest/Build/Intermediates.noindex/Forsetti.build/Debug/Forsetti.build/DerivedSources/GeneratedAssetSymbols.h
/tmp/Forsetti-Jamf-Pro-DerivedData-324-fulltest/Build/Intermediates.noindex/Forsetti.build/Debug/Forsetti.build/DerivedSources/GeneratedAssetSymbols.swift


CompileAssetCatalogVariant thinned /tmp/Forsetti-Jamf-Pro-DerivedData-324-fulltest/Build/Products/Debug/Forsetti.app/Contents/Resources /Volumes/NVME/GitHub/Forsetti-Jamf-Pro/ForsettiApp/Assets.xcassets (in target 'Forsetti' from project 'Forsetti')
    cd /Volumes/NVME/GitHub/Forsetti-Jamf-Pro
    /Applications/Xcode.app/Contents/Developer/usr/bin/actool /Volumes/NVME/GitHub/Forsetti-Jamf-Pro/ForsettiApp/Assets.xcassets --compile /tmp/Forsetti-Jamf-Pro-DerivedData-324-fulltest/Build/Intermediates.noindex/Forsetti.build/Debug/Forsetti.build/assetcatalog_output/thinned --output-format human-readable-text --notices --warnings --export-dependency-info /tmp/Forsetti-Jamf-Pro-DerivedData-324-fulltest/Build/Intermediates.noindex/Forsetti.build/Debug/Forsetti.build/assetcatalog_dependencies_thinned --output-partial-info-plist /tmp/Forsetti-Jamf-Pro-DerivedData-324-fulltest/Build/Intermediates.noindex/Forsetti.build/Debug/Forsetti.build/assetcatalog_generated_info.plist_thinned --app-icon AppIcon --accent-color AccentColor --enable-on-demand-resources NO --development-region en --target-device mac --minimum-deployment-target 14.0 --platform macosx
/* com.apple.actool.compilation-results */
/tmp/Forsetti-Jamf-Pro-DerivedData-324-fulltest/Build/Intermediates.noindex/Forsetti.build/Debug/Forsetti.build/assetcatalog_generated_info.plist_thinned
/tmp/Forsetti-Jamf-Pro-DerivedData-324-fulltest/Build/Intermediates.noindex/Forsetti.build/Debug/Forsetti.build/assetcatalog_output/thinned/AppIcon.icns
/tmp/Forsetti-Jamf-Pro-DerivedData-324-fulltest/Build/Intermediates.noindex/Forsetti.build/Debug/Forsetti.build/assetcatalog_output/thinned/Assets.car


SwiftDriver Forsetti normal arm64 com.apple.xcode.tools.swift.compiler (in target 'Forsetti' from project 'Forsetti')
    cd /Volumes/NVME/GitHub/Forsetti-Jamf-Pro
    builtin-SwiftDriver -- /Applications/Xcode.app/Contents/Developer/Toolchains/XcodeDefault.xctoolchain/usr/bin/swiftc -module-name Forsetti -Onone @/tmp/Forsetti-Jamf-Pro-DerivedData-324-fulltest/Build/Intermediates.noindex/Forsetti.build/Debug/Forsetti.build/Objects-normal/arm64/Forsetti.SwiftFileList -DDEBUG -default-isolation\=MainActor -enable-bare-slash-regex -enable-upcoming-feature DisableOutwardActorInference -enable-upcoming-feature InferSendableFromCaptures -enable-upcoming-feature GlobalActorIsolatedTypesUsability -enable-upcoming-feature MemberImportVisibility -enable-upcoming-feature InferIsolatedConformances -enable-upcoming-feature NonisolatedNonsendingByDefault -enable-experimental-feature DebugDescriptionMacro -sdk /Applications/Xcode.app/Contents/Developer/Platforms/MacOSX.platform/Developer/SDKs/MacOSX26.5.sdk -target arm64-apple-macos14.0 -g -module-cache-path /tmp/Forsetti-Jamf-Pro-DerivedData-324-fulltest/ModuleCache.noindex -Xfrontend -serialize-debugging-options -profile-coverage-mapping -profile-generate -enable-testing -index-store-path /tmp/Forsetti-Jamf-Pro-DerivedData-324-fulltest/Index.noindex/DataStore -Xcc -D_LIBCPP_HARDENING_MODE\=_LIBCPP_HARDENING_MODE_DEBUG -swift-version 5 -I /tmp/Forsetti-Jamf-Pro-DerivedData-324-fulltest/Build/Products/Debug -F /tmp/Forsetti-Jamf-Pro-DerivedData-324-fulltest/Build/Products/Debug/PackageFrameworks -F /tmp/Forsetti-Jamf-Pro-DerivedData-324-fulltest/Build/Products/Debug/PackageFrameworks -F /tmp/Forsetti-Jamf-Pro-DerivedData-324-fulltest/Build/Products/Debug -emit-localized-strings -emit-localized-strings-path /tmp/Forsetti-Jamf-Pro-DerivedData-324-fulltest/Build/Intermediates.noindex/Forsetti.build/Debug/Forsetti.build/Objects-normal/arm64 -c -j8 -enable-batch-mode -incremental -Xcc -ivfsstatcache -Xcc /tmp/Forsetti-Jamf-Pro-DerivedData-324-fulltest/SDKStatCaches.noindex/macosx26.5-25F70-e082c4a02f00227109f4ed75e425c832.sdkstatcache -output-file-map /tmp/Forsetti-Jamf-Pro-DerivedData-324-fulltest/Build/Intermediates.noindex/Forsetti.build/Debug/Forsetti.build/Objects-normal/arm64/Forsetti-OutputFileMap.json -use-frontend-parseable-output -save-temps -no-color-diagnostics -explicit-module-build -module-cache-path /tmp/Forsetti-Jamf-Pro-DerivedData-324-fulltest/Build/Intermediates.noindex/SwiftExplicitPrecompiledModules -clang-scanner-module-cache-path /tmp/Forsetti-Jamf-Pro-DerivedData-324-fulltest/ModuleCache.noindex -sdk-module-cache-path /tmp/Forsetti-Jamf-Pro-DerivedData-324-fulltest/ModuleCache.noindex -serialize-diagnostics -emit-dependencies -emit-module -emit-module-path /tmp/Forsetti-Jamf-Pro-DerivedData-324-fulltest/Build/Intermediates.noindex/Forsetti.build/Debug/Forsetti.build/Objects-normal/arm64/Forsetti.swiftmodule -validate-clang-modules-once -clang-build-session-file /tmp/Forsetti-Jamf-Pro-DerivedData-324-fulltest/ModuleCache.noindex/Session.modulevalidation -Xcc -I/tmp/Forsetti-Jamf-Pro-DerivedData-324-fulltest/Build/Intermediates.noindex/Forsetti.build/Debug/Forsetti.build/swift-overrides.hmap -emit-const-values -Xfrontend -const-gather-protocols-file -Xfrontend /tmp/Forsetti-Jamf-Pro-DerivedData-324-fulltest/Build/Intermediates.noindex/Forsetti.build/Debug/Forsetti.build/Objects-normal/arm64/Forsetti_const_extract_protocols.json -Xcc -iquote -Xcc /tmp/Forsetti-Jamf-Pro-DerivedData-324-fulltest/Build/Intermediates.noindex/Forsetti.build/Debug/Forsetti.build/Forsetti-generated-files.hmap -Xcc -I/tmp/Forsetti-Jamf-Pro-DerivedData-324-fulltest/Build/Intermediates.noindex/Forsetti.build/Debug/Forsetti.build/Forsetti-own-target-headers.hmap -Xcc -I/tmp/Forsetti-Jamf-Pro-DerivedData-324-fulltest/Build/Intermediates.noindex/Forsetti.build/Debug/Forsetti.build/Forsetti-all-non-framework-target-headers.hmap -Xcc -ivfsoverlay -Xcc /tmp/Forsetti-Jamf-Pro-DerivedData-324-fulltest/Build/Intermediates.noindex/Forsetti.build/Debug/Forsetti-4fb3c4c4284d3dc37d66b05580302470-VFS/all-product-headers.yaml -Xcc -iquote -Xcc /tmp/Forsetti-Jamf-Pro-DerivedData-324-fulltest/Build/Intermediates.noindex/Forsetti.build/Debug/Forsetti.build/Forsetti-project-headers.hmap -Xcc -I/tmp/Forsetti-Jamf-Pro-DerivedData-324-fulltest/Build/Products/Debug/include -Xcc -I/tmp/Forsetti-Jamf-Pro-DerivedData-324-fulltest/Build/Intermediates.noindex/Forsetti.build/Debug/Forsetti.build/DerivedSources-normal/arm64 -Xcc -I/tmp/Forsetti-Jamf-Pro-DerivedData-324-fulltest/Build/Intermediates.noindex/Forsetti.build/Debug/Forsetti.build/DerivedSources/arm64 -Xcc -I/tmp/Forsetti-Jamf-Pro-DerivedData-324-fulltest/Build/Intermediates.noindex/Forsetti.build/Debug/Forsetti.build/DerivedSources -Xcc -DDEBUG\=1 -emit-objc-header -emit-objc-header-path /tmp/Forsetti-Jamf-Pro-DerivedData-324-fulltest/Build/Intermediates.noindex/Forsetti.build/Debug/Forsetti.build/Objects-normal/arm64/Forsetti-Swift.h -working-directory /Volumes/NVME/GitHub/Forsetti-Jamf-Pro -experimental-emit-module-separately -disable-cmo

SwiftDriverJobDiscovery normal arm64 Compiling PlatformServices.swift (in target 'ForsettiPlatform' from project 'ForsettiFramework')

SwiftExplicitDependencyGeneratePcm arm64 /tmp/Forsetti-Jamf-Pro-DerivedData-324-fulltest/ModuleCache.noindex/ptrauth-23TKTABRI91IG90JDFTBSMBC0.pcm

SwiftExplicitDependencyGeneratePcm arm64 /tmp/Forsetti-Jamf-Pro-DerivedData-324-fulltest/ModuleCache.noindex/_Builtin_stdbool-8RZYR2OQ8LISW0O2AP2AJTT7S.pcm

SwiftExplicitDependencyGeneratePcm arm64 /tmp/Forsetti-Jamf-Pro-DerivedData-324-fulltest/ModuleCache.noindex/_Builtin_stddef-2RPAEGIBXJG4NH7ASB8RFKFXL.pcm

SwiftExplicitDependencyGeneratePcm arm64 /tmp/Forsetti-Jamf-Pro-DerivedData-324-fulltest/ModuleCache.noindex/DeveloperToolsSupport-B5842LKUG2ZL7I8JLM2F8ABW6.pcm

SwiftExplicitDependencyGeneratePcm arm64 /tmp/Forsetti-Jamf-Pro-DerivedData-324-fulltest/ModuleCache.noindex/SwiftShims-BWBNC15550AIMWGG0OF2W3IJZ.pcm

SwiftExplicitDependencyGeneratePcm arm64 /tmp/Forsetti-Jamf-Pro-DerivedData-324-fulltest/ModuleCache.noindex/_AvailabilityInternal-9IH3LL91Z9NO1XKC94BTVV9CR.pcm

SwiftExplicitDependencyGeneratePcm arm64 /tmp/Forsetti-Jamf-Pro-DerivedData-324-fulltest/ModuleCache.noindex/_Builtin_stdarg-29KLNQHS52KTATRSV3EUKOTWY.pcm

SwiftExplicitDependencyGeneratePcm arm64 /tmp/Forsetti-Jamf-Pro-DerivedData-324-fulltest/ModuleCache.noindex/_Builtin_float-8PIXNCBR5F2TY3FJ1JGG5BTR0.pcm

SwiftExplicitDependencyGeneratePcm arm64 /tmp/Forsetti-Jamf-Pro-DerivedData-324-fulltest/ModuleCache.noindex/_SwiftConcurrencyShims-5QJRJRA1C0YXWJUPCHM0RAHVM.pcm

SwiftExplicitDependencyGeneratePcm arm64 /tmp/Forsetti-Jamf-Pro-DerivedData-324-fulltest/ModuleCache.noindex/ptrcheck-A76EMNVANCBQZMC7DP28R5KQA.pcm

SwiftExplicitDependencyGeneratePcm arm64 /tmp/Forsetti-Jamf-Pro-DerivedData-324-fulltest/ModuleCache.noindex/_DarwinFoundation1-E2FR8V97WYRF6973M02AT2EOL.pcm

SwiftExplicitDependencyGeneratePcm arm64 /tmp/Forsetti-Jamf-Pro-DerivedData-324-fulltest/ModuleCache.noindex/ExtensionFoundation-2HKMRYGQXBTZBFPQ2JXBTZC7E.pcm

SwiftExplicitDependencyGeneratePcm arm64 /tmp/Forsetti-Jamf-Pro-DerivedData-324-fulltest/ModuleCache.noindex/_DarwinFoundation2-1QGC9HPJHYP8S4DTQ5R92X42T.pcm

SwiftExplicitDependencyGeneratePcm arm64 /tmp/Forsetti-Jamf-Pro-DerivedData-324-fulltest/ModuleCache.noindex/_Builtin_limits-BQIHXWIE98AFEGHOOSRCU5AAB.pcm

SwiftExplicitDependencyGeneratePcm arm64 /tmp/Forsetti-Jamf-Pro-DerivedData-324-fulltest/ModuleCache.noindex/sys_types-85KOBZRTKTQWK6PQBAI8BLUEK.pcm

SwiftExplicitDependencyGeneratePcm arm64 /tmp/Forsetti-Jamf-Pro-DerivedData-324-fulltest/ModuleCache.noindex/_Builtin_stdint-34N9QYU81DRVQO8ZEER69A1SA.pcm

SwiftExplicitDependencyGeneratePcm arm64 /tmp/Forsetti-Jamf-Pro-DerivedData-324-fulltest/ModuleCache.noindex/_Builtin_tgmath-1CZZD295D5VVD1CUM6EOH6Y6G.pcm

SwiftExplicitDependencyGeneratePcm arm64 /tmp/Forsetti-Jamf-Pro-DerivedData-324-fulltest/ModuleCache.noindex/_Builtin_stdatomic-UO2IOKP0HLLTXCXB1AC4QWAZ.pcm

SwiftExplicitDependencyGeneratePcm arm64 /tmp/Forsetti-Jamf-Pro-DerivedData-324-fulltest/ModuleCache.noindex/libDER-9MYMQAJOQ1ZESADIOHTUIVWXF.pcm

SwiftExplicitDependencyGeneratePcm arm64 /tmp/Forsetti-Jamf-Pro-DerivedData-324-fulltest/ModuleCache.noindex/_Builtin_intrinsics-C82WNFJB19P12SHA2V1NQK3AZ.pcm

SwiftExplicitDependencyGeneratePcm arm64 /tmp/Forsetti-Jamf-Pro-DerivedData-324-fulltest/ModuleCache.noindex/OpenGL-AZ0FC7L91R6297WY67FSK61DH.pcm

SwiftExplicitDependencyGeneratePcm arm64 /tmp/Forsetti-Jamf-Pro-DerivedData-324-fulltest/ModuleCache.noindex/_DarwinFoundation3-UXCV90Z61Z5EY91RTW9NCDG8.pcm

SwiftExplicitDependencyGeneratePcm arm64 /tmp/Forsetti-Jamf-Pro-DerivedData-324-fulltest/ModuleCache.noindex/_Builtin_inttypes-64P9XTWGZ63J4288JNBU4Z49P.pcm

SwiftExplicitDependencyGeneratePcm arm64 /tmp/Forsetti-Jamf-Pro-DerivedData-324-fulltest/ModuleCache.noindex/Darwin-6OX2DYD4WPFLP77VLH104OAC6.pcm

SwiftExplicitDependencyGeneratePcm arm64 /tmp/Forsetti-Jamf-Pro-DerivedData-324-fulltest/ModuleCache.noindex/simd-35CY98RDMFGSWCO0JJ9PV608M.pcm

SwiftDriverJobDiscovery normal arm64 Compiling EntitlementProviders.swift (in target 'ForsettiPlatform' from project 'ForsettiFramework')

SwiftDriver\ Compilation ForsettiPlatform normal arm64 com.apple.xcode.tools.swift.compiler (in target 'ForsettiPlatform' from project 'ForsettiFramework')
    cd /Volumes/NVME/GitHub/Forsetti-Jamf-Pro/Forsetti.xcodeproj
    builtin-Swift-Compilation -- /Applications/Xcode.app/Contents/Developer/Toolchains/XcodeDefault.xctoolchain/usr/bin/swiftc -module-name ForsettiPlatform -Onone @/tmp/Forsetti-Jamf-Pro-DerivedData-324-fulltest/Build/Intermediates.noindex/ForsettiFramework.build/Debug/ForsettiPlatform.build/Objects-normal/arm64/ForsettiPlatform.SwiftFileList -DSWIFT_PACKAGE -DDEBUG -DSWIFT_MODULE_RESOURCE_BUNDLE_UNAVAILABLE -DXcode -plugin-path /Applications/Xcode.app/Contents/Developer/Toolchains/XcodeDefault.xctoolchain/usr/lib/swift/host/plugins/testing -enable-experimental-feature DebugDescriptionMacro -sdk /Applications/Xcode.app/Contents/Developer/Platforms/MacOSX.platform/Developer/SDKs/MacOSX26.5.sdk -target arm64-apple-macos14.0 -g -module-cache-path /tmp/Forsetti-Jamf-Pro-DerivedData-324-fulltest/ModuleCache.noindex -Xfrontend -serialize-debugging-options -profile-coverage-mapping -profile-generate -enable-testing -suppress-warnings -index-store-path /tmp/Forsetti-Jamf-Pro-DerivedData-324-fulltest/Index.noindex/DataStore -Xcc -D_LIBCPP_HARDENING_MODE\=_LIBCPP_HARDENING_MODE_DEBUG -swift-version 5 -I /tmp/Forsetti-Jamf-Pro-DerivedData-324-fulltest/Build/Products/Debug -Isystem /Applications/Xcode.app/Contents/Developer/Platforms/MacOSX.platform/Developer/usr/lib -F /tmp/Forsetti-Jamf-Pro-DerivedData-324-fulltest/Build/Products/Debug/PackageFrameworks -F /tmp/Forsetti-Jamf-Pro-DerivedData-324-fulltest/Build/Products/Debug -F /Applications/Xcode.app/Contents/Developer/Platforms/MacOSX.platform/Developer/Library/Frameworks -c -j8 -enable-batch-mode -incremental -Xcc -ivfsstatcache -Xcc /tmp/Forsetti-Jamf-Pro-DerivedData-324-fulltest/SDKStatCaches.noindex/macosx26.5-25F70-e082c4a02f00227109f4ed75e425c832.sdkstatcache -output-file-map /tmp/Forsetti-Jamf-Pro-DerivedData-324-fulltest/Build/Intermediates.noindex/ForsettiFramework.build/Debug/ForsettiPlatform.build/Objects-normal/arm64/ForsettiPlatform-OutputFileMap.json -use-frontend-parseable-output -save-temps -no-color-diagnostics -explicit-module-build -module-cache-path /tmp/Forsetti-Jamf-Pro-DerivedData-324-fulltest/Build/Intermediates.noindex/SwiftExplicitPrecompiledModules -clang-scanner-module-cache-path /tmp/Forsetti-Jamf-Pro-DerivedData-324-fulltest/ModuleCache.noindex -sdk-module-cache-path /tmp/Forsetti-Jamf-Pro-DerivedData-324-fulltest/ModuleCache.noindex -serialize-diagnostics -emit-dependencies -emit-module -emit-module-path /tmp/Forsetti-Jamf-Pro-DerivedData-324-fulltest/Build/Intermediates.noindex/ForsettiFramework.build/Debug/ForsettiPlatform.build/Objects-normal/arm64/ForsettiPlatform.swiftmodule -validate-clang-modules-once -clang-build-session-file /tmp/Forsetti-Jamf-Pro-DerivedData-324-fulltest/ModuleCache.noindex/Session.modulevalidation -package-name forsetti_framework -Xcc -I/tmp/Forsetti-Jamf-Pro-DerivedData-324-fulltest/Build/Intermediates.noindex/ForsettiFramework.build/Debug/ForsettiPlatform.build/swift-overrides.hmap -emit-const-values -Xfrontend -const-gather-protocols-file -Xfrontend /tmp/Forsetti-Jamf-Pro-DerivedData-324-fulltest/Build/Intermediates.noindex/ForsettiFramework.build/Debug/ForsettiPlatform.build/Objects-normal/arm64/ForsettiPlatform_const_extract_protocols.json -Xcc -I/tmp/Forsetti-Jamf-Pro-DerivedData-324-fulltest/Build/Products/Debug/include -Xcc -I/tmp/Forsetti-Jamf-Pro-DerivedData-324-fulltest/Build/Intermediates.noindex/ForsettiFramework.build/Debug/ForsettiPlatform.build/DerivedSources-normal/arm64 -Xcc -I/tmp/Forsetti-Jamf-Pro-DerivedData-324-fulltest/Build/Intermediates.noindex/ForsettiFramework.build/Debug/ForsettiPlatform.build/DerivedSources/arm64 -Xcc -I/tmp/Forsetti-Jamf-Pro-DerivedData-324-fulltest/Build/Intermediates.noindex/ForsettiFramework.build/Debug/ForsettiPlatform.build/DerivedSources -Xcc -DSWIFT_PACKAGE -Xcc -DDEBUG\=1 -emit-objc-header -emit-objc-header-path /tmp/Forsetti-Jamf-Pro-DerivedData-324-fulltest/Build/Intermediates.noindex/ForsettiFramework.build/Debug/ForsettiPlatform.build/Objects-normal/arm64/ForsettiPlatform-Swift.h -working-directory /Volumes/NVME/GitHub/Forsetti-Jamf-Pro/Forsetti.xcodeproj -experimental-emit-module-separately -disable-cmo

Ld /tmp/Forsetti-Jamf-Pro-DerivedData-324-fulltest/Build/Products/Debug/ForsettiPlatform.o normal (in target 'ForsettiPlatform' from project 'ForsettiFramework')
    cd /tmp/Forsetti-Jamf-Pro-DerivedData-324-fulltest/SourcePackages/checkouts/Forsetti-Framework
    /Applications/Xcode.app/Contents/Developer/Toolchains/XcodeDefault.xctoolchain/usr/bin/clang -Xlinker -reproducible -target arm64-apple-macos14.0 -r -isysroot /Applications/Xcode.app/Contents/Developer/Platforms/MacOSX.platform/Developer/SDKs/MacOSX26.5.sdk -O0 -w -F/tmp/Forsetti-Jamf-Pro-DerivedData-324-fulltest/Build/Intermediates.noindex/EagerLinkingTBDs/Debug -F/tmp/Forsetti-Jamf-Pro-DerivedData-324-fulltest/Build/Products/Debug/PackageFrameworks -F/tmp/Forsetti-Jamf-Pro-DerivedData-324-fulltest/Build/Products/Debug -iframework /Applications/Xcode.app/Contents/Developer/Platforms/MacOSX.platform/Developer/Library/Frameworks -filelist /tmp/Forsetti-Jamf-Pro-DerivedData-324-fulltest/Build/Intermediates.noindex/ForsettiFramework.build/Debug/ForsettiPlatform.build/Objects-normal/arm64/ForsettiPlatform.LinkFileList -nostdlib -Xlinker -object_path_lto -Xlinker /tmp/Forsetti-Jamf-Pro-DerivedData-324-fulltest/Build/Intermediates.noindex/ForsettiFramework.build/Debug/ForsettiPlatform.build/Objects-normal/arm64/ForsettiPlatform_lto.o -Xlinker -no_deduplicate -Xlinker -debug_variant -Xlinker -dependency_info -Xlinker /tmp/Forsetti-Jamf-Pro-DerivedData-324-fulltest/Build/Intermediates.noindex/ForsettiFramework.build/Debug/ForsettiPlatform.build/Objects-normal/arm64/ForsettiPlatform_dependency_info.dat -fobjc-link-runtime -L/Applications/Xcode.app/Contents/Developer/Toolchains/XcodeDefault.xctoolchain/usr/lib/swift/macosx -L/usr/lib/swift -Xlinker -add_ast_path -Xlinker /tmp/Forsetti-Jamf-Pro-DerivedData-324-fulltest/Build/Intermediates.noindex/ForsettiFramework.build/Debug/ForsettiPlatform.build/Objects-normal/arm64/ForsettiPlatform.swiftmodule @/tmp/Forsetti-Jamf-Pro-DerivedData-324-fulltest/Build/Intermediates.noindex/ForsettiFramework.build/Debug/ForsettiPlatform.build/Objects-normal/arm64/ForsettiPlatform-linker-args.resp -o /tmp/Forsetti-Jamf-Pro-DerivedData-324-fulltest/Build/Products/Debug/ForsettiPlatform.o

ExtractAppIntentsMetadata (in target 'ForsettiPlatform' from project 'ForsettiFramework')
    cd /tmp/Forsetti-Jamf-Pro-DerivedData-324-fulltest/SourcePackages/checkouts/Forsetti-Framework
    /Applications/Xcode.app/Contents/Developer/Toolchains/XcodeDefault.xctoolchain/usr/bin/appintentsmetadataprocessor --toolchain-dir /Applications/Xcode.app/Contents/Developer/Toolchains/XcodeDefault.xctoolchain --module-name ForsettiPlatform --sdk-root /Applications/Xcode.app/Contents/Developer/Platforms/MacOSX.platform/Developer/SDKs/MacOSX26.5.sdk --xcode-version 17F42 --platform-family macOS --deployment-target 14.0 --bundle-identifier forsetti-framework.ForsettiPlatform --output /tmp/Forsetti-Jamf-Pro-DerivedData-324-fulltest/Build/Products/Debug/ForsettiPlatform.appintents --target-triple arm64-apple-macos14.0 --binary-file /tmp/Forsetti-Jamf-Pro-DerivedData-324-fulltest/Build/Products/Debug/ForsettiPlatform.o --dependency-file /tmp/Forsetti-Jamf-Pro-DerivedData-324-fulltest/Build/Intermediates.noindex/ForsettiFramework.build/Debug/ForsettiPlatform.build/Objects-normal/arm64/ForsettiPlatform_dependency_info.dat --stringsdata-file /tmp/Forsetti-Jamf-Pro-DerivedData-324-fulltest/Build/Intermediates.noindex/ForsettiFramework.build/Debug/ForsettiPlatform.build/Objects-normal/arm64/ExtractedAppShortcutsMetadata.stringsdata --source-file-list /tmp/Forsetti-Jamf-Pro-DerivedData-324-fulltest/Build/Intermediates.noindex/ForsettiFramework.build/Debug/ForsettiPlatform.build/Objects-normal/arm64/ForsettiPlatform.SwiftFileList --metadata-file-list /tmp/Forsetti-Jamf-Pro-DerivedData-324-fulltest/Build/Intermediates.noindex/ForsettiFramework.build/Debug/ForsettiPlatform.build/ForsettiPlatform.DependencyMetadataFileList --static-metadata-file-list /tmp/Forsetti-Jamf-Pro-DerivedData-324-fulltest/Build/Intermediates.noindex/ForsettiFramework.build/Debug/ForsettiPlatform.build/ForsettiPlatform.DependencyStaticMetadataFileList --swift-const-vals-list /tmp/Forsetti-Jamf-Pro-DerivedData-324-fulltest/Build/Intermediates.noindex/ForsettiFramework.build/Debug/ForsettiPlatform.build/Objects-normal/arm64/ForsettiPlatform.SwiftConstValuesFileList --force --compile-time-extraction --deployment-aware-processing --validate-system-intents --no-app-shortcuts-localization
2026-05-31 11:18:29.535 appintentsmetadataprocessor[15565:7302560] Starting appintentsmetadataprocessor export
2026-05-31 11:18:29.540 appintentsmetadataprocessor[15565:7302560] Extracted no relevant App Intents symbols, skipping writing output

RegisterExecutionPolicyException /tmp/Forsetti-Jamf-Pro-DerivedData-324-fulltest/Build/Products/Debug/ForsettiPlatform.o (in target 'ForsettiPlatform' from project 'ForsettiFramework')
    cd /tmp/Forsetti-Jamf-Pro-DerivedData-324-fulltest/SourcePackages/checkouts/Forsetti-Framework
    builtin-RegisterExecutionPolicyException /tmp/Forsetti-Jamf-Pro-DerivedData-324-fulltest/Build/Products/Debug/ForsettiPlatform.o

CpResource /tmp/Forsetti-Jamf-Pro-DerivedData-324-fulltest/Build/Products/Debug/Forsetti.app/Contents/Resources/SupportTechnicianModernAPIResearch.md /Volumes/NVME/GitHub/Forsetti-Jamf-Pro/ForsettiApp/Modules/SupportTechnician/SupportTechnicianModernAPIResearch.md (in target 'Forsetti' from project 'Forsetti')
    cd /Volumes/NVME/GitHub/Forsetti-Jamf-Pro
    builtin-copy -exclude .DS_Store -exclude CVS -exclude .svn -exclude .git -exclude .hg -resolve-src-symlinks /Volumes/NVME/GitHub/Forsetti-Jamf-Pro/ForsettiApp/Modules/SupportTechnician/SupportTechnicianModernAPIResearch.md /tmp/Forsetti-Jamf-Pro-DerivedData-324-fulltest/Build/Products/Debug/Forsetti.app/Contents/Resources

CpResource /tmp/Forsetti-Jamf-Pro-DerivedData-324-fulltest/Build/Products/Debug/Forsetti.app/Contents/Resources/SupportTechnicianFeatureModule.json /Volumes/NVME/GitHub/Forsetti-Jamf-Pro/ForsettiApp/Resources/ForsettiManifests/SupportTechnicianFeatureModule.json (in target 'Forsetti' from project 'Forsetti')
    cd /Volumes/NVME/GitHub/Forsetti-Jamf-Pro
    builtin-copy -exclude .DS_Store -exclude CVS -exclude .svn -exclude .git -exclude .hg -resolve-src-symlinks /Volumes/NVME/GitHub/Forsetti-Jamf-Pro/ForsettiApp/Resources/ForsettiManifests/SupportTechnicianFeatureModule.json /tmp/Forsetti-Jamf-Pro-DerivedData-324-fulltest/Build/Products/Debug/Forsetti.app/Contents/Resources

CpResource /tmp/Forsetti-Jamf-Pro-DerivedData-324-fulltest/Build/Products/Debug/Forsetti.app/Contents/Resources/ScannerServiceModule.json /Volumes/NVME/GitHub/Forsetti-Jamf-Pro/ForsettiApp/Resources/ForsettiManifests/ScannerServiceModule.json (in target 'Forsetti' from project 'Forsetti')
    cd /Volumes/NVME/GitHub/Forsetti-Jamf-Pro
    builtin-copy -exclude .DS_Store -exclude CVS -exclude .svn -exclude .git -exclude .hg -resolve-src-symlinks /Volumes/NVME/GitHub/Forsetti-Jamf-Pro/ForsettiApp/Resources/ForsettiManifests/ScannerServiceModule.json /tmp/Forsetti-Jamf-Pro-DerivedData-324-fulltest/Build/Products/Debug/Forsetti.app/Contents/Resources

CpResource /tmp/Forsetti-Jamf-Pro-DerivedData-324-fulltest/Build/Products/Debug/Forsetti.app/Contents/Resources/RetailUIModule.json /Volumes/NVME/GitHub/Forsetti-Jamf-Pro/ForsettiApp/Resources/ForsettiManifests/RetailUIModule.json (in target 'Forsetti' from project 'Forsetti')
    cd /Volumes/NVME/GitHub/Forsetti-Jamf-Pro
    builtin-copy -exclude .DS_Store -exclude CVS -exclude .svn -exclude .git -exclude .hg -resolve-src-symlinks /Volumes/NVME/GitHub/Forsetti-Jamf-Pro/ForsettiApp/Resources/ForsettiManifests/RetailUIModule.json /tmp/Forsetti-Jamf-Pro-DerivedData-324-fulltest/Build/Products/Debug/Forsetti.app/Contents/Resources

CpResource /tmp/Forsetti-Jamf-Pro-DerivedData-324-fulltest/Build/Products/Debug/Forsetti.app/Contents/Resources/ReportsFeatureModule.json /Volumes/NVME/GitHub/Forsetti-Jamf-Pro/ForsettiApp/Resources/ForsettiManifests/ReportsFeatureModule.json (in target 'Forsetti' from project 'Forsetti')
    cd /Volumes/NVME/GitHub/Forsetti-Jamf-Pro
    builtin-copy -exclude .DS_Store -exclude CVS -exclude .svn -exclude .git -exclude .hg -resolve-src-symlinks /Volumes/NVME/GitHub/Forsetti-Jamf-Pro/ForsettiApp/Resources/ForsettiManifests/ReportsFeatureModule.json /tmp/Forsetti-Jamf-Pro-DerivedData-324-fulltest/Build/Products/Debug/Forsetti.app/Contents/Resources

Ld /tmp/Forsetti-Jamf-Pro-DerivedData-324-fulltest/Build/Products/Debug/Forsetti.app/Contents/MacOS/__preview.dylib normal (in target 'Forsetti' from project 'Forsetti')
    cd /Volumes/NVME/GitHub/Forsetti-Jamf-Pro
    /Applications/Xcode.app/Contents/Developer/Toolchains/XcodeDefault.xctoolchain/usr/bin/clang -Xlinker -reproducible -target arm64-apple-macos14.0 -dynamiclib -isysroot /Applications/Xcode.app/Contents/Developer/Platforms/MacOSX.platform/Developer/SDKs/MacOSX26.5.sdk -O0 -L/tmp/Forsetti-Jamf-Pro-DerivedData-324-fulltest/Build/Products/Debug -F/tmp/Forsetti-Jamf-Pro-DerivedData-324-fulltest/Build/Products/Debug/PackageFrameworks -F/tmp/Forsetti-Jamf-Pro-DerivedData-324-fulltest/Build/Products/Debug/PackageFrameworks -F/tmp/Forsetti-Jamf-Pro-DerivedData-324-fulltest/Build/Products/Debug -install_name @rpath/Forsetti.debug.dylib -Xlinker -dead_strip -rdynamic -Xlinker -no_deduplicate -Xlinker -debug_variant -Xlinker -dependency_info -Xlinker /tmp/Forsetti-Jamf-Pro-DerivedData-324-fulltest/Build/Intermediates.noindex/Forsetti.build/Debug/Forsetti.build/Objects-normal/arm64/Forsetti_dependency_info.dat -o /tmp/Forsetti-Jamf-Pro-DerivedData-324-fulltest/Build/Products/Debug/Forsetti.app/Contents/MacOS/__preview.dylib

CpResource /tmp/Forsetti-Jamf-Pro-DerivedData-324-fulltest/Build/Products/Debug/Forsetti.app/Contents/Resources/ReportsDiscoveryNotes.md /Volumes/NVME/GitHub/Forsetti-Jamf-Pro/ForsettiApp/Modules/Reports/ReportsDiscoveryNotes.md (in target 'Forsetti' from project 'Forsetti')
    cd /Volumes/NVME/GitHub/Forsetti-Jamf-Pro
    builtin-copy -exclude .DS_Store -exclude CVS -exclude .svn -exclude .git -exclude .hg -resolve-src-symlinks /Volumes/NVME/GitHub/Forsetti-Jamf-Pro/ForsettiApp/Modules/Reports/ReportsDiscoveryNotes.md /tmp/Forsetti-Jamf-Pro-DerivedData-324-fulltest/Build/Products/Debug/Forsetti.app/Contents/Resources

CpResource /tmp/Forsetti-Jamf-Pro-DerivedData-324-fulltest/Build/Products/Debug/Forsetti.app/Contents/Resources/PrestageDirectorFeatureModule.json /Volumes/NVME/GitHub/Forsetti-Jamf-Pro/ForsettiApp/Resources/ForsettiManifests/PrestageDirectorFeatureModule.json (in target 'Forsetti' from project 'Forsetti')
    cd /Volumes/NVME/GitHub/Forsetti-Jamf-Pro
    builtin-copy -exclude .DS_Store -exclude CVS -exclude .svn -exclude .git -exclude .hg -resolve-src-symlinks /Volumes/NVME/GitHub/Forsetti-Jamf-Pro/ForsettiApp/Resources/ForsettiManifests/PrestageDirectorFeatureModule.json /tmp/Forsetti-Jamf-Pro-DerivedData-324-fulltest/Build/Products/Debug/Forsetti.app/Contents/Resources

CpResource /tmp/Forsetti-Jamf-Pro-DerivedData-324-fulltest/Build/Products/Debug/Forsetti.app/Contents/Resources/MobileDeviceSearchFeatureModule.json /Volumes/NVME/GitHub/Forsetti-Jamf-Pro/ForsettiApp/Resources/ForsettiManifests/MobileDeviceSearchFeatureModule.json (in target 'Forsetti' from project 'Forsetti')
    cd /Volumes/NVME/GitHub/Forsetti-Jamf-Pro
    builtin-copy -exclude .DS_Store -exclude CVS -exclude .svn -exclude .git -exclude .hg -resolve-src-symlinks /Volumes/NVME/GitHub/Forsetti-Jamf-Pro/ForsettiApp/Resources/ForsettiManifests/MobileDeviceSearchFeatureModule.json /tmp/Forsetti-Jamf-Pro-DerivedData-324-fulltest/Build/Products/Debug/Forsetti.app/Contents/Resources

CpResource /tmp/Forsetti-Jamf-Pro-DerivedData-324-fulltest/Build/Products/Debug/Forsetti.app/Contents/Resources/JamfServiceModule.json /Volumes/NVME/GitHub/Forsetti-Jamf-Pro/ForsettiApp/Resources/ForsettiManifests/JamfServiceModule.json (in target 'Forsetti' from project 'Forsetti')
    cd /Volumes/NVME/GitHub/Forsetti-Jamf-Pro
    builtin-copy -exclude .DS_Store -exclude CVS -exclude .svn -exclude .git -exclude .hg -resolve-src-symlinks /Volumes/NVME/GitHub/Forsetti-Jamf-Pro/ForsettiApp/Resources/ForsettiManifests/JamfServiceModule.json /tmp/Forsetti-Jamf-Pro-DerivedData-324-fulltest/Build/Products/Debug/Forsetti.app/Contents/Resources

CpResource /tmp/Forsetti-Jamf-Pro-DerivedData-324-fulltest/Build/Products/Debug/Forsetti.app/Contents/Resources/DiagnosticsServiceModule.json /Volumes/NVME/GitHub/Forsetti-Jamf-Pro/ForsettiApp/Resources/ForsettiManifests/DiagnosticsServiceModule.json (in target 'Forsetti' from project 'Forsetti')
    cd /Volumes/NVME/GitHub/Forsetti-Jamf-Pro
    builtin-copy -exclude .DS_Store -exclude CVS -exclude .svn -exclude .git -exclude .hg -resolve-src-symlinks /Volumes/NVME/GitHub/Forsetti-Jamf-Pro/ForsettiApp/Resources/ForsettiManifests/DiagnosticsServiceModule.json /tmp/Forsetti-Jamf-Pro-DerivedData-324-fulltest/Build/Products/Debug/Forsetti.app/Contents/Resources

CpResource /tmp/Forsetti-Jamf-Pro-DerivedData-324-fulltest/Build/Products/Debug/Forsetti.app/Contents/Resources/DeploymentTrackerFeatureModule.json /Volumes/NVME/GitHub/Forsetti-Jamf-Pro/ForsettiApp/Resources/ForsettiManifests/DeploymentTrackerFeatureModule.json (in target 'Forsetti' from project 'Forsetti')
    cd /Volumes/NVME/GitHub/Forsetti-Jamf-Pro
    builtin-copy -exclude .DS_Store -exclude CVS -exclude .svn -exclude .git -exclude .hg -resolve-src-symlinks /Volumes/NVME/GitHub/Forsetti-Jamf-Pro/ForsettiApp/Resources/ForsettiManifests/DeploymentTrackerFeatureModule.json /tmp/Forsetti-Jamf-Pro-DerivedData-324-fulltest/Build/Products/Debug/Forsetti.app/Contents/Resources

CpResource /tmp/Forsetti-Jamf-Pro-DerivedData-324-fulltest/Build/Products/Debug/Forsetti.app/Contents/Resources/ComputerSearchFeatureModule.json /Volumes/NVME/GitHub/Forsetti-Jamf-Pro/ForsettiApp/Resources/ForsettiManifests/ComputerSearchFeatureModule.json (in target 'Forsetti' from project 'Forsetti')
    cd /Volumes/NVME/GitHub/Forsetti-Jamf-Pro
    builtin-copy -exclude .DS_Store -exclude CVS -exclude .svn -exclude .git -exclude .hg -resolve-src-symlinks /Volumes/NVME/GitHub/Forsetti-Jamf-Pro/ForsettiApp/Resources/ForsettiManifests/ComputerSearchFeatureModule.json /tmp/Forsetti-Jamf-Pro-DerivedData-324-fulltest/Build/Products/Debug/Forsetti.app/Contents/Resources

Copy /tmp/Forsetti-Jamf-Pro-DerivedData-324-fulltest/Build/Products/Debug/Forsetti.app/Contents/Frameworks/libXCTestSwiftSupport.dylib /Applications/Xcode.app/Contents/Developer/Platforms/MacOSX.platform/Developer/usr/lib/libXCTestSwiftSupport.dylib (in target 'Forsetti' from project 'Forsetti')
    cd /Volumes/NVME/GitHub/Forsetti-Jamf-Pro
    builtin-copy -exclude .DS_Store -exclude CVS -exclude .svn -exclude .git -exclude .hg -exclude Headers -exclude PrivateHeaders -exclude Modules -exclude \*.tbd -resolve-src-symlinks /Applications/Xcode.app/Contents/Developer/Platforms/MacOSX.platform/Developer/usr/lib/libXCTestSwiftSupport.dylib /tmp/Forsetti-Jamf-Pro-DerivedData-324-fulltest/Build/Products/Debug/Forsetti.app/Contents/Frameworks

Copy /tmp/Forsetti-Jamf-Pro-DerivedData-324-fulltest/Build/Products/Debug/Forsetti.app/Contents/Frameworks/libXCTestBundleInject.dylib /Applications/Xcode.app/Contents/Developer/Platforms/MacOSX.platform/Developer/usr/lib/libXCTestBundleInject.dylib (in target 'Forsetti' from project 'Forsetti')
    cd /Volumes/NVME/GitHub/Forsetti-Jamf-Pro
    builtin-copy -exclude .DS_Store -exclude CVS -exclude .svn -exclude .git -exclude .hg -exclude Headers -exclude PrivateHeaders -exclude Modules -exclude \*.tbd -resolve-src-symlinks /Applications/Xcode.app/Contents/Developer/Platforms/MacOSX.platform/Developer/usr/lib/libXCTestBundleInject.dylib /tmp/Forsetti-Jamf-Pro-DerivedData-324-fulltest/Build/Products/Debug/Forsetti.app/Contents/Frameworks

Copy /tmp/Forsetti-Jamf-Pro-DerivedData-324-fulltest/Build/Products/Debug/Forsetti.app/Contents/Frameworks/XCUnit.framework /Applications/Xcode.app/Contents/Developer/Platforms/MacOSX.platform/Developer/Library/PrivateFrameworks/XCUnit.framework (in target 'Forsetti' from project 'Forsetti')
    cd /Volumes/NVME/GitHub/Forsetti-Jamf-Pro
    builtin-copy -exclude .DS_Store -exclude CVS -exclude .svn -exclude .git -exclude .hg -exclude Headers -exclude PrivateHeaders -exclude Modules -exclude \*.tbd -resolve-src-symlinks /Applications/Xcode.app/Contents/Developer/Platforms/MacOSX.platform/Developer/Library/PrivateFrameworks/XCUnit.framework /tmp/Forsetti-Jamf-Pro-DerivedData-324-fulltest/Build/Products/Debug/Forsetti.app/Contents/Frameworks

Copy /tmp/Forsetti-Jamf-Pro-DerivedData-324-fulltest/Build/Products/Debug/Forsetti.app/Contents/Frameworks/XCUIAutomation.framework /Applications/Xcode.app/Contents/Developer/Platforms/MacOSX.platform/Developer/Library/Frameworks/XCUIAutomation.framework (in target 'Forsetti' from project 'Forsetti')
    cd /Volumes/NVME/GitHub/Forsetti-Jamf-Pro
    builtin-copy -exclude .DS_Store -exclude CVS -exclude .svn -exclude .git -exclude .hg -exclude Headers -exclude PrivateHeaders -exclude Modules -exclude \*.tbd -resolve-src-symlinks /Applications/Xcode.app/Contents/Developer/Platforms/MacOSX.platform/Developer/Library/Frameworks/XCUIAutomation.framework /tmp/Forsetti-Jamf-Pro-DerivedData-324-fulltest/Build/Products/Debug/Forsetti.app/Contents/Frameworks

Copy /tmp/Forsetti-Jamf-Pro-DerivedData-324-fulltest/Build/Products/Debug/Forsetti.app/Contents/Frameworks/XCTestSupport.framework /Applications/Xcode.app/Contents/Developer/Platforms/MacOSX.platform/Developer/Library/PrivateFrameworks/XCTestSupport.framework (in target 'Forsetti' from project 'Forsetti')
    cd /Volumes/NVME/GitHub/Forsetti-Jamf-Pro
    builtin-copy -exclude .DS_Store -exclude CVS -exclude .svn -exclude .git -exclude .hg -exclude Headers -exclude PrivateHeaders -exclude Modules -exclude \*.tbd -resolve-src-symlinks /Applications/Xcode.app/Contents/Developer/Platforms/MacOSX.platform/Developer/Library/PrivateFrameworks/XCTestSupport.framework /tmp/Forsetti-Jamf-Pro-DerivedData-324-fulltest/Build/Products/Debug/Forsetti.app/Contents/Frameworks

Copy /tmp/Forsetti-Jamf-Pro-DerivedData-324-fulltest/Build/Products/Debug/Forsetti.app/Contents/Frameworks/XCTestCore.framework /Applications/Xcode.app/Contents/Developer/Platforms/MacOSX.platform/Developer/Library/PrivateFrameworks/XCTestCore.framework (in target 'Forsetti' from project 'Forsetti')
    cd /Volumes/NVME/GitHub/Forsetti-Jamf-Pro
    builtin-copy -exclude .DS_Store -exclude CVS -exclude .svn -exclude .git -exclude .hg -exclude Headers -exclude PrivateHeaders -exclude Modules -exclude \*.tbd -resolve-src-symlinks /Applications/Xcode.app/Contents/Developer/Platforms/MacOSX.platform/Developer/Library/PrivateFrameworks/XCTestCore.framework /tmp/Forsetti-Jamf-Pro-DerivedData-324-fulltest/Build/Products/Debug/Forsetti.app/Contents/Frameworks

Copy /tmp/Forsetti-Jamf-Pro-DerivedData-324-fulltest/Build/Products/Debug/Forsetti.app/Contents/Frameworks/XCTest.framework /Applications/Xcode.app/Contents/Developer/Platforms/MacOSX.platform/Developer/Library/Frameworks/XCTest.framework (in target 'Forsetti' from project 'Forsetti')
    cd /Volumes/NVME/GitHub/Forsetti-Jamf-Pro
    builtin-copy -exclude .DS_Store -exclude CVS -exclude .svn -exclude .git -exclude .hg -exclude Headers -exclude PrivateHeaders -exclude Modules -exclude \*.tbd -resolve-src-symlinks /Applications/Xcode.app/Contents/Developer/Platforms/MacOSX.platform/Developer/Library/Frameworks/XCTest.framework /tmp/Forsetti-Jamf-Pro-DerivedData-324-fulltest/Build/Products/Debug/Forsetti.app/Contents/Frameworks

Copy /tmp/Forsetti-Jamf-Pro-DerivedData-324-fulltest/Build/Products/Debug/Forsetti.app/Contents/Frameworks/XCTAutomationSupport.framework /Applications/Xcode.app/Contents/Developer/Platforms/MacOSX.platform/Developer/Library/PrivateFrameworks/XCTAutomationSupport.framework (in target 'Forsetti' from project 'Forsetti')
    cd /Volumes/NVME/GitHub/Forsetti-Jamf-Pro
    builtin-copy -exclude .DS_Store -exclude CVS -exclude .svn -exclude .git -exclude .hg -exclude Headers -exclude PrivateHeaders -exclude Modules -exclude \*.tbd -resolve-src-symlinks /Applications/Xcode.app/Contents/Developer/Platforms/MacOSX.platform/Developer/Library/PrivateFrameworks/XCTAutomationSupport.framework /tmp/Forsetti-Jamf-Pro-DerivedData-324-fulltest/Build/Products/Debug/Forsetti.app/Contents/Frameworks

Copy /tmp/Forsetti-Jamf-Pro-DerivedData-324-fulltest/Build/Products/Debug/Forsetti.app/Contents/Frameworks/Testing.framework /Applications/Xcode.app/Contents/Developer/Platforms/MacOSX.platform/Developer/Library/Frameworks/Testing.framework (in target 'Forsetti' from project 'Forsetti')
    cd /Volumes/NVME/GitHub/Forsetti-Jamf-Pro
    builtin-copy -exclude .DS_Store -exclude CVS -exclude .svn -exclude .git -exclude .hg -exclude Headers -exclude PrivateHeaders -exclude Modules -exclude \*.tbd -resolve-src-symlinks /Applications/Xcode.app/Contents/Developer/Platforms/MacOSX.platform/Developer/Library/Frameworks/Testing.framework /tmp/Forsetti-Jamf-Pro-DerivedData-324-fulltest/Build/Products/Debug/Forsetti.app/Contents/Frameworks

SwiftExplicitDependencyGeneratePcm arm64 /tmp/Forsetti-Jamf-Pro-DerivedData-324-fulltest/ModuleCache.noindex/libkern-F0VUNFHFLP07E1TSLAFXTZ5X.pcm

SwiftExplicitDependencyGeneratePcm arm64 /tmp/Forsetti-Jamf-Pro-DerivedData-324-fulltest/ModuleCache.noindex/CUPS-T1FFAG86DFLQG8A51SR0U8CZ.pcm

SwiftExplicitDependencyGeneratePcm arm64 /tmp/Forsetti-Jamf-Pro-DerivedData-324-fulltest/ModuleCache.noindex/MachO-BJEIGXBNU1ZGFEZ7HMZ9P86BU.pcm

SwiftExplicitDependencyGeneratePcm arm64 /tmp/Forsetti-Jamf-Pro-DerivedData-324-fulltest/ModuleCache.noindex/launch-9ESNKGAJ3HUCQZZ0IDG0TX8ZC.pcm

LinkAssetCatalog /Volumes/NVME/GitHub/Forsetti-Jamf-Pro/ForsettiApp/Assets.xcassets (in target 'Forsetti' from project 'Forsetti')
    cd /Volumes/NVME/GitHub/Forsetti-Jamf-Pro
    builtin-linkAssetCatalog --thinned /tmp/Forsetti-Jamf-Pro-DerivedData-324-fulltest/Build/Intermediates.noindex/Forsetti.build/Debug/Forsetti.build/assetcatalog_output/thinned --thinned-dependencies /tmp/Forsetti-Jamf-Pro-DerivedData-324-fulltest/Build/Intermediates.noindex/Forsetti.build/Debug/Forsetti.build/assetcatalog_dependencies_thinned --thinned-info-plist-content /tmp/Forsetti-Jamf-Pro-DerivedData-324-fulltest/Build/Intermediates.noindex/Forsetti.build/Debug/Forsetti.build/assetcatalog_generated_info.plist_thinned --unthinned /tmp/Forsetti-Jamf-Pro-DerivedData-324-fulltest/Build/Intermediates.noindex/Forsetti.build/Debug/Forsetti.build/assetcatalog_output/unthinned --unthinned-dependencies /tmp/Forsetti-Jamf-Pro-DerivedData-324-fulltest/Build/Intermediates.noindex/Forsetti.build/Debug/Forsetti.build/assetcatalog_dependencies_unthinned --unthinned-info-plist-content /tmp/Forsetti-Jamf-Pro-DerivedData-324-fulltest/Build/Intermediates.noindex/Forsetti.build/Debug/Forsetti.build/assetcatalog_generated_info.plist_unthinned --output /tmp/Forsetti-Jamf-Pro-DerivedData-324-fulltest/Build/Products/Debug/Forsetti.app/Contents/Resources --plist-output /tmp/Forsetti-Jamf-Pro-DerivedData-324-fulltest/Build/Intermediates.noindex/Forsetti.build/Debug/Forsetti.build/assetcatalog_generated_info.plist
note: Emplaced /tmp/Forsetti-Jamf-Pro-DerivedData-324-fulltest/Build/Products/Debug/Forsetti.app/Contents/Resources/Assets.car (in target 'Forsetti' from project 'Forsetti')
note: Emplaced /tmp/Forsetti-Jamf-Pro-DerivedData-324-fulltest/Build/Products/Debug/Forsetti.app/Contents/Resources/AppIcon.icns (in target 'Forsetti' from project 'Forsetti')

ProcessInfoPlistFile /tmp/Forsetti-Jamf-Pro-DerivedData-324-fulltest/Build/Products/Debug/Forsetti.app/Contents/Info.plist /tmp/Forsetti-Jamf-Pro-DerivedData-324-fulltest/Build/Intermediates.noindex/Forsetti.build/Debug/Forsetti.build/empty-Forsetti.plist (in target 'Forsetti' from project 'Forsetti')
    cd /Volumes/NVME/GitHub/Forsetti-Jamf-Pro
    builtin-infoPlistUtility /tmp/Forsetti-Jamf-Pro-DerivedData-324-fulltest/Build/Intermediates.noindex/Forsetti.build/Debug/Forsetti.build/empty-Forsetti.plist -producttype com.apple.product-type.application -genpkginfo /tmp/Forsetti-Jamf-Pro-DerivedData-324-fulltest/Build/Products/Debug/Forsetti.app/Contents/PkgInfo -expandbuildsettings -platform macosx -additionalcontentfile /tmp/Forsetti-Jamf-Pro-DerivedData-324-fulltest/Build/Intermediates.noindex/Forsetti.build/Debug/Forsetti.build/assetcatalog_generated_info.plist -o /tmp/Forsetti-Jamf-Pro-DerivedData-324-fulltest/Build/Products/Debug/Forsetti.app/Contents/Info.plist

SwiftExplicitDependencyGeneratePcm arm64 /tmp/Forsetti-Jamf-Pro-DerivedData-324-fulltest/ModuleCache.noindex/Spatial-EIS68WN58SS42DL658VMFMIAW.pcm

SwiftExplicitDependencyGeneratePcm arm64 /tmp/Forsetti-Jamf-Pro-DerivedData-324-fulltest/ModuleCache.noindex/ObjectiveC-DIRRPDNIXJ45F9QCC44IZW7JF.pcm

SwiftExplicitDependencyGeneratePcm arm64 /tmp/Forsetti-Jamf-Pro-DerivedData-324-fulltest/ModuleCache.noindex/os_object-6YCFGI6RIE8HMCE3S47Q0HAVW.pcm

SwiftExplicitDependencyGeneratePcm arm64 /tmp/Forsetti-Jamf-Pro-DerivedData-324-fulltest/ModuleCache.noindex/os_workgroup-A51U1ALJAXWLIOWX0CR5EM7TJ.pcm

SwiftExplicitDependencyGeneratePcm arm64 /tmp/Forsetti-Jamf-Pro-DerivedData-324-fulltest/ModuleCache.noindex/Dispatch-E72XRL63BLLEHUY1IA1PGN99Z.pcm

SwiftExplicitDependencyGeneratePcm arm64 /tmp/Forsetti-Jamf-Pro-DerivedData-324-fulltest/ModuleCache.noindex/XPC-79LI5KKCVZUNIWY8Z2UCN63Q9.pcm

SwiftExplicitDependencyGeneratePcm arm64 /tmp/Forsetti-Jamf-Pro-DerivedData-324-fulltest/ModuleCache.noindex/dnssd-9OVOKEQDAJ7AFG7GY4BNKNCO3.pcm

SwiftExplicitDependencyGeneratePcm arm64 /tmp/Forsetti-Jamf-Pro-DerivedData-324-fulltest/ModuleCache.noindex/CoreFoundation-8EJ4PDF5IVBJIBXX2VJYNKDMR.pcm

SwiftExplicitDependencyGeneratePcm arm64 /tmp/Forsetti-Jamf-Pro-DerivedData-324-fulltest/ModuleCache.noindex/os-DJCD7CN9Y34U2ICL5AU7CIF4F.pcm

SwiftExplicitDependencyGeneratePcm arm64 /tmp/Forsetti-Jamf-Pro-DerivedData-324-fulltest/ModuleCache.noindex/Security-4PUJ15ZGVSVL63OV7C8FOX1Z0.pcm

SwiftExplicitDependencyGeneratePcm arm64 /tmp/Forsetti-Jamf-Pro-DerivedData-324-fulltest/ModuleCache.noindex/CFNetwork-46YSXNTQJNMQKW03PR06IU1FN.pcm

SwiftExplicitDependencyGeneratePcm arm64 /tmp/Forsetti-Jamf-Pro-DerivedData-324-fulltest/ModuleCache.noindex/ColorSync-CB7JMHFQOTE0I2N7UC0XK6HJI.pcm

SwiftExplicitDependencyGeneratePcm arm64 /tmp/Forsetti-Jamf-Pro-DerivedData-324-fulltest/ModuleCache.noindex/IOKit-6UOI3PF6N2X4YCXBW0806T1GA.pcm

SwiftExplicitDependencyGeneratePcm arm64 /tmp/Forsetti-Jamf-Pro-DerivedData-324-fulltest/ModuleCache.noindex/DiskArbitration-AG3HFDOQFOFHXAKXHTVEXOTKS.pcm

SwiftExplicitDependencyGeneratePcm arm64 /tmp/Forsetti-Jamf-Pro-DerivedData-324-fulltest/ModuleCache.noindex/CoreGraphics-XHEV2WAVO7N891EIY29KJZQA.pcm

SwiftExplicitDependencyGeneratePcm arm64 /tmp/Forsetti-Jamf-Pro-DerivedData-324-fulltest/ModuleCache.noindex/CoreServices-CCREU3IP6ANP637M65PK377CC.pcm

SwiftExplicitDependencyGeneratePcm arm64 /tmp/Forsetti-Jamf-Pro-DerivedData-324-fulltest/ModuleCache.noindex/CoreText-AFNFUPVRX9UUR0U09D1RWHGKI.pcm

SwiftExplicitDependencyGeneratePcm arm64 /tmp/Forsetti-Jamf-Pro-DerivedData-324-fulltest/ModuleCache.noindex/ImageIO-B7HP5IPUNS24IORHB76RFU2J4.pcm

SwiftExplicitDependencyGeneratePcm arm64 /tmp/Forsetti-Jamf-Pro-DerivedData-324-fulltest/ModuleCache.noindex/Foundation-BCIP058Y15H28NOSZRGYGISGT.pcm

SwiftExplicitDependencyGeneratePcm arm64 /tmp/Forsetti-Jamf-Pro-DerivedData-324-fulltest/ModuleCache.noindex/Accessibility-BE8ZC71HO14U4LT4H8IZZ64W8.pcm

SwiftExplicitDependencyGeneratePcm arm64 /tmp/Forsetti-Jamf-Pro-DerivedData-324-fulltest/ModuleCache.noindex/OSLog-4LITHSL74J2U3H0QF6IFACAR7.pcm

SwiftExplicitDependencyGeneratePcm arm64 /tmp/Forsetti-Jamf-Pro-DerivedData-324-fulltest/ModuleCache.noindex/Network-CAMP8KZSVQPBSHSOGB7Y5E5VZ.pcm

SwiftExplicitDependencyGeneratePcm arm64 /tmp/Forsetti-Jamf-Pro-DerivedData-324-fulltest/ModuleCache.noindex/ModelIO-8XOLPIHCSED3WB3O3JJE5TN4U.pcm

SwiftExplicitDependencyGeneratePcm arm64 /tmp/Forsetti-Jamf-Pro-DerivedData-324-fulltest/ModuleCache.noindex/UniformTypeIdentifiers-6K7DGG2SSTABBSQIREGT5P313.pcm

SwiftExplicitDependencyGeneratePcm arm64 /tmp/Forsetti-Jamf-Pro-DerivedData-324-fulltest/ModuleCache.noindex/CoreTransferable-1DK2CKCKS3D3ZX0N2HUB9A2UK.pcm

SwiftExplicitDependencyGeneratePcm arm64 /tmp/Forsetti-Jamf-Pro-DerivedData-324-fulltest/ModuleCache.noindex/DataDetection-2NWERAP6FGUI4TJK3IM354P3M.pcm

SwiftExplicitDependencyGeneratePcm arm64 /tmp/Forsetti-Jamf-Pro-DerivedData-324-fulltest/ModuleCache.noindex/BackgroundAssets-AO3FC3V6TUNRCNMZZFFXGTV7E.pcm

SwiftExplicitDependencyGeneratePcm arm64 /tmp/Forsetti-Jamf-Pro-DerivedData-324-fulltest/ModuleCache.noindex/LocalAuthentication-D3C8E73C8C6PLQF9FSOPDFBR1.pcm

SwiftExplicitDependencyGeneratePcm arm64 /tmp/Forsetti-Jamf-Pro-DerivedData-324-fulltest/ModuleCache.noindex/CoreData-A68HRBAN27NUT0FO8EQF0CJRO.pcm

SwiftExplicitDependencyGeneratePcm arm64 /tmp/Forsetti-Jamf-Pro-DerivedData-324-fulltest/ModuleCache.noindex/IOSurface-7WRO5S3BUXLJZGE54WCXCJK0K.pcm

SwiftExplicitDependencyGeneratePcm arm64 /tmp/Forsetti-Jamf-Pro-DerivedData-324-fulltest/ModuleCache.noindex/Symbols-8VMDJ30RBIIAASO7VYWD9CHND.pcm

SwiftExplicitDependencyGeneratePcm arm64 /tmp/Forsetti-Jamf-Pro-DerivedData-324-fulltest/ModuleCache.noindex/ApplicationServices-2NOUVI9MA2N003WVKV4UGDCC6.pcm

SwiftExplicitDependencyGeneratePcm arm64 /tmp/Forsetti-Jamf-Pro-DerivedData-324-fulltest/ModuleCache.noindex/Metal-2VA05IWLTBDHXGE9LG4I1LS61.pcm

SwiftExplicitDependencyGeneratePcm arm64 /tmp/Forsetti-Jamf-Pro-DerivedData-324-fulltest/ModuleCache.noindex/CoreVideo-F00KQLWWBFAMQ7KCQM4PT8LTK.pcm

SwiftExplicitDependencyGeneratePcm arm64 /tmp/Forsetti-Jamf-Pro-DerivedData-324-fulltest/ModuleCache.noindex/QuartzCore-7OW2XUHV0HPZE830RQ30Z03DR.pcm

SwiftExplicitDependencyGeneratePcm arm64 /tmp/Forsetti-Jamf-Pro-DerivedData-324-fulltest/ModuleCache.noindex/CoreImage-XV4KZMBFFPHT6HF1085Z5TRZ.pcm

SwiftExplicitDependencyGeneratePcm arm64 /tmp/Forsetti-Jamf-Pro-DerivedData-324-fulltest/ModuleCache.noindex/SwiftUICore-141JHKQWHT06U5D1MT298NNWJ.pcm

SwiftExplicitDependencyGeneratePcm arm64 /tmp/Forsetti-Jamf-Pro-DerivedData-324-fulltest/ModuleCache.noindex/AppKit-4969S81H2JALHEPWH95YSZGG0.pcm

SwiftExplicitDependencyGeneratePcm arm64 /tmp/Forsetti-Jamf-Pro-DerivedData-324-fulltest/ModuleCache.noindex/SwiftUI-5ZLKKIV666WOQJO1KA446CH64.pcm

SwiftExplicitDependencyGeneratePcm arm64 /tmp/Forsetti-Jamf-Pro-DerivedData-324-fulltest/ModuleCache.noindex/MetalKit-3TC0ME19LR404K6OEBN9D42ET.pcm

SwiftExplicitDependencyGeneratePcm arm64 /tmp/Forsetti-Jamf-Pro-DerivedData-324-fulltest/ModuleCache.noindex/StoreKit-31APPUNSTDYIVL0ZEWNO6HBLX.pcm

SwiftEmitModule normal arm64 Emitting\ module\ for\ Forsetti (in target 'Forsetti' from project 'Forsetti')

EmitSwiftModule normal arm64 (in target 'Forsetti' from project 'Forsetti')
    cd /Volumes/NVME/GitHub/Forsetti-Jamf-Pro


SwiftCompile normal arm64 Compiling\ JamfFrameworkError+Matching.swift,\ ModuleContracts.swift,\ ModuleRegistry.swift,\ DiagnosticModels.swift,\ DiagnosticsCenter.swift,\ DiagnosticsReporting.swift,\ ModulePackageManager.swift,\ ModulePackageManifest.swift,\ ModulePackageStore.swift,\ JamfAPIGateway.swift,\ JamfAuthenticationService.swift,\ JamfRSQLComposer.swift,\ JamfRSQLFilter.swift,\ JamfURLSessionFactory.swift,\ CodeScannerSheet.swift,\ JamfCredentialsStore.swift,\ KeychainSecureStore.swift,\ AboutView.swift,\ DashboardView.swift,\ DiagnosticsView.swift,\ DiagnosticsViewModel.swift,\ ForsettiWorkspaceShell.swift /Volumes/NVME/GitHub/Forsetti-Jamf-Pro/ForsettiApp/Framework/Core/JamfFrameworkError+Matching.swift /Volumes/NVME/GitHub/Forsetti-Jamf-Pro/ForsettiApp/Framework/Core/ModuleContracts.swift /Volumes/NVME/GitHub/Forsetti-Jamf-Pro/ForsettiApp/Framework/Core/ModuleRegistry.swift /Volumes/NVME/GitHub/Forsetti-Jamf-Pro/ForsettiApp/Framework/Diagnostics/DiagnosticModels.swift /Volumes/NVME/GitHub/Forsetti-Jamf-Pro/ForsettiApp/Framework/Diagnostics/DiagnosticsCenter.swift /Volumes/NVME/GitHub/Forsetti-Jamf-Pro/ForsettiApp/Framework/Diagnostics/DiagnosticsReporting.swift /Volumes/NVME/GitHub/Forsetti-Jamf-Pro/ForsettiApp/Framework/Modules/ModulePackageManager.swift /Volumes/NVME/GitHub/Forsetti-Jamf-Pro/ForsettiApp/Framework/Modules/ModulePackageManifest.swift /Volumes/NVME/GitHub/Forsetti-Jamf-Pro/ForsettiApp/Framework/Modules/ModulePackageStore.swift /Volumes/NVME/GitHub/Forsetti-Jamf-Pro/ForsettiApp/Framework/Networking/JamfAPIGateway.swift /Volumes/NVME/GitHub/Forsetti-Jamf-Pro/ForsettiApp/Framework/Networking/JamfAuthenticationService.swift /Volumes/NVME/GitHub/Forsetti-Jamf-Pro/ForsettiApp/Framework/Networking/JamfRSQLComposer.swift /Volumes/NVME/GitHub/Forsetti-Jamf-Pro/ForsettiApp/Framework/Networking/JamfRSQLFilter.swift /Volumes/NVME/GitHub/Forsetti-Jamf-Pro/ForsettiApp/Framework/Networking/JamfURLSessionFactory.swift /Volumes/NVME/GitHub/Forsetti-Jamf-Pro/ForsettiApp/Framework/Scanning/CodeScannerSheet.swift /Volumes/NVME/GitHub/Forsetti-Jamf-Pro/ForsettiApp/Framework/Security/JamfCredentialsStore.swift /Volumes/NVME/GitHub/Forsetti-Jamf-Pro/ForsettiApp/Framework/Security/KeychainSecureStore.swift /Volumes/NVME/GitHub/Forsetti-Jamf-Pro/ForsettiApp/Framework/UI/AboutView.swift /Volumes/NVME/GitHub/Forsetti-Jamf-Pro/ForsettiApp/Framework/UI/DashboardView.swift /Volumes/NVME/GitHub/Forsetti-Jamf-Pro/ForsettiApp/Framework/UI/DiagnosticsView.swift /Volumes/NVME/GitHub/Forsetti-Jamf-Pro/ForsettiApp/Framework/UI/DiagnosticsViewModel.swift /Volumes/NVME/GitHub/Forsetti-Jamf-Pro/ForsettiApp/Framework/UI/ForsettiWorkspaceShell.swift (in target 'Forsetti' from project 'Forsetti')
SwiftCompile normal arm64 /Volumes/NVME/GitHub/Forsetti-Jamf-Pro/ForsettiApp/Framework/Core/JamfFrameworkError+Matching.swift (in target 'Forsetti' from project 'Forsetti')
    cd /Volumes/NVME/GitHub/Forsetti-Jamf-Pro


SwiftCompile normal arm64 /Volumes/NVME/GitHub/Forsetti-Jamf-Pro/ForsettiApp/Framework/Core/ModuleContracts.swift (in target 'Forsetti' from project 'Forsetti')
    cd /Volumes/NVME/GitHub/Forsetti-Jamf-Pro


SwiftCompile normal arm64 /Volumes/NVME/GitHub/Forsetti-Jamf-Pro/ForsettiApp/Framework/Core/ModuleRegistry.swift (in target 'Forsetti' from project 'Forsetti')
    cd /Volumes/NVME/GitHub/Forsetti-Jamf-Pro


SwiftCompile normal arm64 /Volumes/NVME/GitHub/Forsetti-Jamf-Pro/ForsettiApp/Framework/Diagnostics/DiagnosticModels.swift (in target 'Forsetti' from project 'Forsetti')
    cd /Volumes/NVME/GitHub/Forsetti-Jamf-Pro


SwiftCompile normal arm64 /Volumes/NVME/GitHub/Forsetti-Jamf-Pro/ForsettiApp/Framework/Diagnostics/DiagnosticsCenter.swift (in target 'Forsetti' from project 'Forsetti')
    cd /Volumes/NVME/GitHub/Forsetti-Jamf-Pro


SwiftCompile normal arm64 /Volumes/NVME/GitHub/Forsetti-Jamf-Pro/ForsettiApp/Framework/Diagnostics/DiagnosticsReporting.swift (in target 'Forsetti' from project 'Forsetti')
    cd /Volumes/NVME/GitHub/Forsetti-Jamf-Pro


SwiftCompile normal arm64 /Volumes/NVME/GitHub/Forsetti-Jamf-Pro/ForsettiApp/Framework/Modules/ModulePackageManager.swift (in target 'Forsetti' from project 'Forsetti')
    cd /Volumes/NVME/GitHub/Forsetti-Jamf-Pro


SwiftCompile normal arm64 /Volumes/NVME/GitHub/Forsetti-Jamf-Pro/ForsettiApp/Framework/Modules/ModulePackageManifest.swift (in target 'Forsetti' from project 'Forsetti')
    cd /Volumes/NVME/GitHub/Forsetti-Jamf-Pro


SwiftCompile normal arm64 /Volumes/NVME/GitHub/Forsetti-Jamf-Pro/ForsettiApp/Framework/Modules/ModulePackageStore.swift (in target 'Forsetti' from project 'Forsetti')
    cd /Volumes/NVME/GitHub/Forsetti-Jamf-Pro


SwiftCompile normal arm64 /Volumes/NVME/GitHub/Forsetti-Jamf-Pro/ForsettiApp/Framework/Networking/JamfAPIGateway.swift (in target 'Forsetti' from project 'Forsetti')
    cd /Volumes/NVME/GitHub/Forsetti-Jamf-Pro


SwiftCompile normal arm64 /Volumes/NVME/GitHub/Forsetti-Jamf-Pro/ForsettiApp/Framework/Networking/JamfAuthenticationService.swift (in target 'Forsetti' from project 'Forsetti')
    cd /Volumes/NVME/GitHub/Forsetti-Jamf-Pro


SwiftCompile normal arm64 /Volumes/NVME/GitHub/Forsetti-Jamf-Pro/ForsettiApp/Framework/Networking/JamfRSQLComposer.swift (in target 'Forsetti' from project 'Forsetti')
    cd /Volumes/NVME/GitHub/Forsetti-Jamf-Pro


SwiftCompile normal arm64 /Volumes/NVME/GitHub/Forsetti-Jamf-Pro/ForsettiApp/Framework/Networking/JamfRSQLFilter.swift (in target 'Forsetti' from project 'Forsetti')
    cd /Volumes/NVME/GitHub/Forsetti-Jamf-Pro


SwiftCompile normal arm64 /Volumes/NVME/GitHub/Forsetti-Jamf-Pro/ForsettiApp/Framework/Networking/JamfURLSessionFactory.swift (in target 'Forsetti' from project 'Forsetti')
    cd /Volumes/NVME/GitHub/Forsetti-Jamf-Pro


SwiftCompile normal arm64 /Volumes/NVME/GitHub/Forsetti-Jamf-Pro/ForsettiApp/Framework/Scanning/CodeScannerSheet.swift (in target 'Forsetti' from project 'Forsetti')
    cd /Volumes/NVME/GitHub/Forsetti-Jamf-Pro


SwiftCompile normal arm64 /Volumes/NVME/GitHub/Forsetti-Jamf-Pro/ForsettiApp/Framework/Security/JamfCredentialsStore.swift (in target 'Forsetti' from project 'Forsetti')
    cd /Volumes/NVME/GitHub/Forsetti-Jamf-Pro


SwiftCompile normal arm64 /Volumes/NVME/GitHub/Forsetti-Jamf-Pro/ForsettiApp/Framework/Security/KeychainSecureStore.swift (in target 'Forsetti' from project 'Forsetti')
    cd /Volumes/NVME/GitHub/Forsetti-Jamf-Pro


SwiftCompile normal arm64 /Volumes/NVME/GitHub/Forsetti-Jamf-Pro/ForsettiApp/Framework/UI/AboutView.swift (in target 'Forsetti' from project 'Forsetti')
    cd /Volumes/NVME/GitHub/Forsetti-Jamf-Pro


SwiftCompile normal arm64 /Volumes/NVME/GitHub/Forsetti-Jamf-Pro/ForsettiApp/Framework/UI/DashboardView.swift (in target 'Forsetti' from project 'Forsetti')
    cd /Volumes/NVME/GitHub/Forsetti-Jamf-Pro


SwiftCompile normal arm64 /Volumes/NVME/GitHub/Forsetti-Jamf-Pro/ForsettiApp/Framework/UI/DiagnosticsView.swift (in target 'Forsetti' from project 'Forsetti')
    cd /Volumes/NVME/GitHub/Forsetti-Jamf-Pro


SwiftCompile normal arm64 /Volumes/NVME/GitHub/Forsetti-Jamf-Pro/ForsettiApp/Framework/UI/DiagnosticsViewModel.swift (in target 'Forsetti' from project 'Forsetti')
    cd /Volumes/NVME/GitHub/Forsetti-Jamf-Pro


SwiftCompile normal arm64 /Volumes/NVME/GitHub/Forsetti-Jamf-Pro/ForsettiApp/Framework/UI/ForsettiWorkspaceShell.swift (in target 'Forsetti' from project 'Forsetti')
    cd /Volumes/NVME/GitHub/Forsetti-Jamf-Pro


SwiftCompile normal arm64 Compiling\ DeploymentKPIRingFallbackView.swift,\ DeploymentKPIRingRenderer.swift,\ DeploymentKPIRingView.swift,\ DeploymentFieldCatalogService.swift,\ DeploymentKPIProjectionService.swift,\ DeploymentTrackerSeedData.swift,\ DeploymentWorkbenchProjectionService.swift,\ DeploymentDashboardViews.swift,\ DeploymentDemoRibbonView.swift,\ DeploymentDemoViews.swift,\ DeploymentDemoVisualFlareViews.swift,\ DeploymentTrackerGuideView.swift,\ DeploymentWorkbenchViews.swift,\ DeploymentWorkspaceViews.swift,\ DeploymentWorkbenchModels.swift,\ DeploymentWorkflowEngine.swift,\ DeploymentTrackerModule.swift,\ AdvancedQuery.swift,\ MobileDeviceExtensionAttribute.swift,\ MobileDeviceField.swift,\ MobileDeviceFieldCatalog+Generated.swift,\ MobileDeviceFieldDataType.swift /Volumes/NVME/GitHub/Forsetti-Jamf-Pro/ForsettiApp/Modules/DeploymentTracker/Rendering/DeploymentKPIRingFallbackView.swift /Volumes/NVME/GitHub/Forsetti-Jamf-Pro/ForsettiApp/Modules/DeploymentTracker/Rendering/DeploymentKPIRingRenderer.swift /Volumes/NVME/GitHub/Forsetti-Jamf-Pro/ForsettiApp/Modules/DeploymentTracker/Rendering/DeploymentKPIRingView.swift /Volumes/NVME/GitHub/Forsetti-Jamf-Pro/ForsettiApp/Modules/DeploymentTracker/Services/DeploymentFieldCatalogService.swift /Volumes/NVME/GitHub/Forsetti-Jamf-Pro/ForsettiApp/Modules/DeploymentTracker/Services/DeploymentKPIProjectionService.swift /Volumes/NVME/GitHub/Forsetti-Jamf-Pro/ForsettiApp/Modules/DeploymentTracker/Services/DeploymentTrackerSeedData.swift /Volumes/NVME/GitHub/Forsetti-Jamf-Pro/ForsettiApp/Modules/DeploymentTracker/Services/DeploymentWorkbenchProjectionService.swift /Volumes/NVME/GitHub/Forsetti-Jamf-Pro/ForsettiApp/Modules/DeploymentTracker/Views/DeploymentDashboardViews.swift /Volumes/NVME/GitHub/Forsetti-Jamf-Pro/ForsettiApp/Modules/DeploymentTracker/Views/DeploymentDemoRibbonView.swift /Volumes/NVME/GitHub/Forsetti-Jamf-Pro/ForsettiApp/Modules/DeploymentTracker/Views/DeploymentDemoViews.swift /Volumes/NVME/GitHub/Forsetti-Jamf-Pro/ForsettiApp/Modules/DeploymentTracker/Views/DeploymentDemoVisualFlareViews.swift /Volumes/NVME/GitHub/Forsetti-Jamf-Pro/ForsettiApp/Modules/DeploymentTracker/Views/DeploymentTrackerGuideView.swift /Volumes/NVME/GitHub/Forsetti-Jamf-Pro/ForsettiApp/Modules/DeploymentTracker/Views/DeploymentWorkbenchViews.swift /Volumes/NVME/GitHub/Forsetti-Jamf-Pro/ForsettiApp/Modules/DeploymentTracker/Views/DeploymentWorkspaceViews.swift /Volumes/NVME/GitHub/Forsetti-Jamf-Pro/ForsettiApp/Modules/DeploymentTracker/Workbench/DeploymentWorkbenchModels.swift /Volumes/NVME/GitHub/Forsetti-Jamf-Pro/ForsettiApp/Modules/DeploymentTracker/Workflow/DeploymentWorkflowEngine.swift /Volumes/NVME/GitHub/Forsetti-Jamf-Pro/ForsettiApp/Modules/DeploymentTracker/DeploymentTrackerModule.swift /Volumes/NVME/GitHub/Forsetti-Jamf-Pro/ForsettiApp/Modules/MobileDeviceSearch/Models/AdvancedQuery.swift /Volumes/NVME/GitHub/Forsetti-Jamf-Pro/ForsettiApp/Modules/MobileDeviceSearch/Models/MobileDeviceExtensionAttribute.swift /Volumes/NVME/GitHub/Forsetti-Jamf-Pro/ForsettiApp/Modules/MobileDeviceSearch/Models/MobileDeviceField.swift /Volumes/NVME/GitHub/Forsetti-Jamf-Pro/ForsettiApp/Modules/MobileDeviceSearch/Models/MobileDeviceFieldCatalog+Generated.swift /Volumes/NVME/GitHub/Forsetti-Jamf-Pro/ForsettiApp/Modules/MobileDeviceSearch/Models/MobileDeviceFieldDataType.swift (in target 'Forsetti' from project 'Forsetti')
SwiftCompile normal arm64 /Volumes/NVME/GitHub/Forsetti-Jamf-Pro/ForsettiApp/Modules/DeploymentTracker/Rendering/DeploymentKPIRingFallbackView.swift (in target 'Forsetti' from project 'Forsetti')
    cd /Volumes/NVME/GitHub/Forsetti-Jamf-Pro


SwiftCompile normal arm64 /Volumes/NVME/GitHub/Forsetti-Jamf-Pro/ForsettiApp/Modules/DeploymentTracker/Rendering/DeploymentKPIRingRenderer.swift (in target 'Forsetti' from project 'Forsetti')
    cd /Volumes/NVME/GitHub/Forsetti-Jamf-Pro


SwiftCompile normal arm64 /Volumes/NVME/GitHub/Forsetti-Jamf-Pro/ForsettiApp/Modules/DeploymentTracker/Rendering/DeploymentKPIRingView.swift (in target 'Forsetti' from project 'Forsetti')
    cd /Volumes/NVME/GitHub/Forsetti-Jamf-Pro


SwiftCompile normal arm64 /Volumes/NVME/GitHub/Forsetti-Jamf-Pro/ForsettiApp/Modules/DeploymentTracker/Services/DeploymentFieldCatalogService.swift (in target 'Forsetti' from project 'Forsetti')
    cd /Volumes/NVME/GitHub/Forsetti-Jamf-Pro


SwiftCompile normal arm64 /Volumes/NVME/GitHub/Forsetti-Jamf-Pro/ForsettiApp/Modules/DeploymentTracker/Services/DeploymentKPIProjectionService.swift (in target 'Forsetti' from project 'Forsetti')
    cd /Volumes/NVME/GitHub/Forsetti-Jamf-Pro


SwiftCompile normal arm64 /Volumes/NVME/GitHub/Forsetti-Jamf-Pro/ForsettiApp/Modules/DeploymentTracker/Services/DeploymentTrackerSeedData.swift (in target 'Forsetti' from project 'Forsetti')
    cd /Volumes/NVME/GitHub/Forsetti-Jamf-Pro


SwiftCompile normal arm64 /Volumes/NVME/GitHub/Forsetti-Jamf-Pro/ForsettiApp/Modules/DeploymentTracker/Services/DeploymentWorkbenchProjectionService.swift (in target 'Forsetti' from project 'Forsetti')
    cd /Volumes/NVME/GitHub/Forsetti-Jamf-Pro


SwiftCompile normal arm64 /Volumes/NVME/GitHub/Forsetti-Jamf-Pro/ForsettiApp/Modules/DeploymentTracker/Views/DeploymentDashboardViews.swift (in target 'Forsetti' from project 'Forsetti')
    cd /Volumes/NVME/GitHub/Forsetti-Jamf-Pro


SwiftCompile normal arm64 /Volumes/NVME/GitHub/Forsetti-Jamf-Pro/ForsettiApp/Modules/DeploymentTracker/Views/DeploymentDemoRibbonView.swift (in target 'Forsetti' from project 'Forsetti')
    cd /Volumes/NVME/GitHub/Forsetti-Jamf-Pro


SwiftCompile normal arm64 /Volumes/NVME/GitHub/Forsetti-Jamf-Pro/ForsettiApp/Modules/DeploymentTracker/Views/DeploymentDemoViews.swift (in target 'Forsetti' from project 'Forsetti')
    cd /Volumes/NVME/GitHub/Forsetti-Jamf-Pro


SwiftCompile normal arm64 /Volumes/NVME/GitHub/Forsetti-Jamf-Pro/ForsettiApp/Modules/DeploymentTracker/Views/DeploymentDemoVisualFlareViews.swift (in target 'Forsetti' from project 'Forsetti')
    cd /Volumes/NVME/GitHub/Forsetti-Jamf-Pro


SwiftCompile normal arm64 /Volumes/NVME/GitHub/Forsetti-Jamf-Pro/ForsettiApp/Modules/DeploymentTracker/Views/DeploymentTrackerGuideView.swift (in target 'Forsetti' from project 'Forsetti')
    cd /Volumes/NVME/GitHub/Forsetti-Jamf-Pro


SwiftCompile normal arm64 /Volumes/NVME/GitHub/Forsetti-Jamf-Pro/ForsettiApp/Modules/DeploymentTracker/Views/DeploymentWorkbenchViews.swift (in target 'Forsetti' from project 'Forsetti')
    cd /Volumes/NVME/GitHub/Forsetti-Jamf-Pro


SwiftCompile normal arm64 /Volumes/NVME/GitHub/Forsetti-Jamf-Pro/ForsettiApp/Modules/DeploymentTracker/Views/DeploymentWorkspaceViews.swift (in target 'Forsetti' from project 'Forsetti')
    cd /Volumes/NVME/GitHub/Forsetti-Jamf-Pro


SwiftCompile normal arm64 /Volumes/NVME/GitHub/Forsetti-Jamf-Pro/ForsettiApp/Modules/DeploymentTracker/Workbench/DeploymentWorkbenchModels.swift (in target 'Forsetti' from project 'Forsetti')
    cd /Volumes/NVME/GitHub/Forsetti-Jamf-Pro


SwiftCompile normal arm64 /Volumes/NVME/GitHub/Forsetti-Jamf-Pro/ForsettiApp/Modules/DeploymentTracker/Workflow/DeploymentWorkflowEngine.swift (in target 'Forsetti' from project 'Forsetti')
    cd /Volumes/NVME/GitHub/Forsetti-Jamf-Pro


SwiftCompile normal arm64 /Volumes/NVME/GitHub/Forsetti-Jamf-Pro/ForsettiApp/Modules/DeploymentTracker/DeploymentTrackerModule.swift (in target 'Forsetti' from project 'Forsetti')
    cd /Volumes/NVME/GitHub/Forsetti-Jamf-Pro


SwiftCompile normal arm64 /Volumes/NVME/GitHub/Forsetti-Jamf-Pro/ForsettiApp/Modules/MobileDeviceSearch/Models/AdvancedQuery.swift (in target 'Forsetti' from project 'Forsetti')
    cd /Volumes/NVME/GitHub/Forsetti-Jamf-Pro


SwiftCompile normal arm64 /Volumes/NVME/GitHub/Forsetti-Jamf-Pro/ForsettiApp/Modules/MobileDeviceSearch/Models/MobileDeviceExtensionAttribute.swift (in target 'Forsetti' from project 'Forsetti')
    cd /Volumes/NVME/GitHub/Forsetti-Jamf-Pro


SwiftCompile normal arm64 /Volumes/NVME/GitHub/Forsetti-Jamf-Pro/ForsettiApp/Modules/MobileDeviceSearch/Models/MobileDeviceField.swift (in target 'Forsetti' from project 'Forsetti')
    cd /Volumes/NVME/GitHub/Forsetti-Jamf-Pro


SwiftCompile normal arm64 /Volumes/NVME/GitHub/Forsetti-Jamf-Pro/ForsettiApp/Modules/MobileDeviceSearch/Models/MobileDeviceFieldCatalog+Generated.swift (in target 'Forsetti' from project 'Forsetti')
    cd /Volumes/NVME/GitHub/Forsetti-Jamf-Pro


SwiftCompile normal arm64 /Volumes/NVME/GitHub/Forsetti-Jamf-Pro/ForsettiApp/Modules/MobileDeviceSearch/Models/MobileDeviceFieldDataType.swift (in target 'Forsetti' from project 'Forsetti')
    cd /Volumes/NVME/GitHub/Forsetti-Jamf-Pro


SwiftCompile normal arm64 Compiling\ ReportsAggregator.swift,\ ReportsInventoryService.swift,\ ReportsPaginationPolicy.swift,\ ReportsQueryPlanner.swift,\ ReportsViewModel.swift,\ GeneratedReportView.swift,\ ReportBuilderView.swift,\ ReportsView.swift,\ ReportVisualizationViews.swift,\ ReportsModule.swift,\ SupportTechnicianDeviceSpecCatalog.swift,\ SupportTechnicianModels.swift,\ SupportTechnicianAPIService.swift,\ SupportTechnicianCache.swift,\ SupportTechnicianViewModel.swift,\ CategoryFrame.swift,\ SupportFrames.swift,\ SupportTechnicianView.swift,\ SupportTypedConfirmationSheet.swift,\ SupportTechnicianModule.swift,\ GeneratedAssetSymbols.swift /Volumes/NVME/GitHub/Forsetti-Jamf-Pro/ForsettiApp/Modules/Reports/Services/ReportsAggregator.swift /Volumes/NVME/GitHub/Forsetti-Jamf-Pro/ForsettiApp/Modules/Reports/Services/ReportsInventoryService.swift /Volumes/NVME/GitHub/Forsetti-Jamf-Pro/ForsettiApp/Modules/Reports/Services/ReportsPaginationPolicy.swift /Volumes/NVME/GitHub/Forsetti-Jamf-Pro/ForsettiApp/Modules/Reports/Services/ReportsQueryPlanner.swift /Volumes/NVME/GitHub/Forsetti-Jamf-Pro/ForsettiApp/Modules/Reports/ViewModels/ReportsViewModel.swift /Volumes/NVME/GitHub/Forsetti-Jamf-Pro/ForsettiApp/Modules/Reports/Views/GeneratedReportView.swift /Volumes/NVME/GitHub/Forsetti-Jamf-Pro/ForsettiApp/Modules/Reports/Views/ReportBuilderView.swift /Volumes/NVME/GitHub/Forsetti-Jamf-Pro/ForsettiApp/Modules/Reports/Views/ReportsView.swift /Volumes/NVME/GitHub/Forsetti-Jamf-Pro/ForsettiApp/Modules/Reports/Views/ReportVisualizationViews.swift /Volumes/NVME/GitHub/Forsetti-Jamf-Pro/ForsettiApp/Modules/Reports/ReportsModule.swift /Volumes/NVME/GitHub/Forsetti-Jamf-Pro/ForsettiApp/Modules/SupportTechnician/Models/SupportTechnicianDeviceSpecCatalog.swift /Volumes/NVME/GitHub/Forsetti-Jamf-Pro/ForsettiApp/Modules/SupportTechnician/Models/SupportTechnicianModels.swift /Volumes/NVME/GitHub/Forsetti-Jamf-Pro/ForsettiApp/Modules/SupportTechnician/Services/SupportTechnicianAPIService.swift /Volumes/NVME/GitHub/Forsetti-Jamf-Pro/ForsettiApp/Modules/SupportTechnician/Services/SupportTechnicianCache.swift /Volumes/NVME/GitHub/Forsetti-Jamf-Pro/ForsettiApp/Modules/SupportTechnician/ViewModels/SupportTechnicianViewModel.swift /Volumes/NVME/GitHub/Forsetti-Jamf-Pro/ForsettiApp/Modules/SupportTechnician/Views/Frames/CategoryFrame.swift /Volumes/NVME/GitHub/Forsetti-Jamf-Pro/ForsettiApp/Modules/SupportTechnician/Views/Frames/SupportFrames.swift /Volumes/NVME/GitHub/Forsetti-Jamf-Pro/ForsettiApp/Modules/SupportTechnician/Views/SupportTechnicianView.swift /Volumes/NVME/GitHub/Forsetti-Jamf-Pro/ForsettiApp/Modules/SupportTechnician/Views/SupportTypedConfirmationSheet.swift /Volumes/NVME/GitHub/Forsetti-Jamf-Pro/ForsettiApp/Modules/SupportTechnician/SupportTechnicianModule.swift /tmp/Forsetti-Jamf-Pro-DerivedData-324-fulltest/Build/Intermediates.noindex/Forsetti.build/Debug/Forsetti.build/DerivedSources/GeneratedAssetSymbols.swift (in target 'Forsetti' from project 'Forsetti')
SwiftCompile normal arm64 /Volumes/NVME/GitHub/Forsetti-Jamf-Pro/ForsettiApp/Modules/Reports/Services/ReportsAggregator.swift (in target 'Forsetti' from project 'Forsetti')
    cd /Volumes/NVME/GitHub/Forsetti-Jamf-Pro


SwiftCompile normal arm64 /Volumes/NVME/GitHub/Forsetti-Jamf-Pro/ForsettiApp/Modules/Reports/Services/ReportsInventoryService.swift (in target 'Forsetti' from project 'Forsetti')
    cd /Volumes/NVME/GitHub/Forsetti-Jamf-Pro


SwiftCompile normal arm64 /Volumes/NVME/GitHub/Forsetti-Jamf-Pro/ForsettiApp/Modules/Reports/Services/ReportsPaginationPolicy.swift (in target 'Forsetti' from project 'Forsetti')
    cd /Volumes/NVME/GitHub/Forsetti-Jamf-Pro


SwiftCompile normal arm64 /Volumes/NVME/GitHub/Forsetti-Jamf-Pro/ForsettiApp/Modules/Reports/Services/ReportsQueryPlanner.swift (in target 'Forsetti' from project 'Forsetti')
    cd /Volumes/NVME/GitHub/Forsetti-Jamf-Pro


SwiftCompile normal arm64 /Volumes/NVME/GitHub/Forsetti-Jamf-Pro/ForsettiApp/Modules/Reports/ViewModels/ReportsViewModel.swift (in target 'Forsetti' from project 'Forsetti')
    cd /Volumes/NVME/GitHub/Forsetti-Jamf-Pro


SwiftCompile normal arm64 /Volumes/NVME/GitHub/Forsetti-Jamf-Pro/ForsettiApp/Modules/Reports/Views/GeneratedReportView.swift (in target 'Forsetti' from project 'Forsetti')
    cd /Volumes/NVME/GitHub/Forsetti-Jamf-Pro


SwiftCompile normal arm64 /Volumes/NVME/GitHub/Forsetti-Jamf-Pro/ForsettiApp/Modules/Reports/Views/ReportBuilderView.swift (in target 'Forsetti' from project 'Forsetti')
    cd /Volumes/NVME/GitHub/Forsetti-Jamf-Pro


SwiftCompile normal arm64 /Volumes/NVME/GitHub/Forsetti-Jamf-Pro/ForsettiApp/Modules/Reports/Views/ReportsView.swift (in target 'Forsetti' from project 'Forsetti')
    cd /Volumes/NVME/GitHub/Forsetti-Jamf-Pro


SwiftCompile normal arm64 /Volumes/NVME/GitHub/Forsetti-Jamf-Pro/ForsettiApp/Modules/Reports/Views/ReportVisualizationViews.swift (in target 'Forsetti' from project 'Forsetti')
    cd /Volumes/NVME/GitHub/Forsetti-Jamf-Pro


SwiftCompile normal arm64 /Volumes/NVME/GitHub/Forsetti-Jamf-Pro/ForsettiApp/Modules/Reports/ReportsModule.swift (in target 'Forsetti' from project 'Forsetti')
    cd /Volumes/NVME/GitHub/Forsetti-Jamf-Pro


SwiftCompile normal arm64 /Volumes/NVME/GitHub/Forsetti-Jamf-Pro/ForsettiApp/Modules/SupportTechnician/Models/SupportTechnicianDeviceSpecCatalog.swift (in target 'Forsetti' from project 'Forsetti')
    cd /Volumes/NVME/GitHub/Forsetti-Jamf-Pro


SwiftCompile normal arm64 /Volumes/NVME/GitHub/Forsetti-Jamf-Pro/ForsettiApp/Modules/SupportTechnician/Models/SupportTechnicianModels.swift (in target 'Forsetti' from project 'Forsetti')
    cd /Volumes/NVME/GitHub/Forsetti-Jamf-Pro


SwiftCompile normal arm64 /Volumes/NVME/GitHub/Forsetti-Jamf-Pro/ForsettiApp/Modules/SupportTechnician/Services/SupportTechnicianAPIService.swift (in target 'Forsetti' from project 'Forsetti')
    cd /Volumes/NVME/GitHub/Forsetti-Jamf-Pro


SwiftCompile normal arm64 /Volumes/NVME/GitHub/Forsetti-Jamf-Pro/ForsettiApp/Modules/SupportTechnician/Services/SupportTechnicianCache.swift (in target 'Forsetti' from project 'Forsetti')
    cd /Volumes/NVME/GitHub/Forsetti-Jamf-Pro


SwiftCompile normal arm64 /Volumes/NVME/GitHub/Forsetti-Jamf-Pro/ForsettiApp/Modules/SupportTechnician/ViewModels/SupportTechnicianViewModel.swift (in target 'Forsetti' from project 'Forsetti')
    cd /Volumes/NVME/GitHub/Forsetti-Jamf-Pro


SwiftCompile normal arm64 /Volumes/NVME/GitHub/Forsetti-Jamf-Pro/ForsettiApp/Modules/SupportTechnician/Views/Frames/CategoryFrame.swift (in target 'Forsetti' from project 'Forsetti')
    cd /Volumes/NVME/GitHub/Forsetti-Jamf-Pro


SwiftCompile normal arm64 /Volumes/NVME/GitHub/Forsetti-Jamf-Pro/ForsettiApp/Modules/SupportTechnician/Views/Frames/SupportFrames.swift (in target 'Forsetti' from project 'Forsetti')
    cd /Volumes/NVME/GitHub/Forsetti-Jamf-Pro


SwiftCompile normal arm64 /Volumes/NVME/GitHub/Forsetti-Jamf-Pro/ForsettiApp/Modules/SupportTechnician/Views/SupportTechnicianView.swift (in target 'Forsetti' from project 'Forsetti')
    cd /Volumes/NVME/GitHub/Forsetti-Jamf-Pro


SwiftCompile normal arm64 /Volumes/NVME/GitHub/Forsetti-Jamf-Pro/ForsettiApp/Modules/SupportTechnician/Views/SupportTypedConfirmationSheet.swift (in target 'Forsetti' from project 'Forsetti')
    cd /Volumes/NVME/GitHub/Forsetti-Jamf-Pro


SwiftCompile normal arm64 /Volumes/NVME/GitHub/Forsetti-Jamf-Pro/ForsettiApp/Modules/SupportTechnician/SupportTechnicianModule.swift (in target 'Forsetti' from project 'Forsetti')
    cd /Volumes/NVME/GitHub/Forsetti-Jamf-Pro


SwiftCompile normal arm64 /tmp/Forsetti-Jamf-Pro-DerivedData-324-fulltest/Build/Intermediates.noindex/Forsetti.build/Debug/Forsetti.build/DerivedSources/GeneratedAssetSymbols.swift (in target 'Forsetti' from project 'Forsetti')
    cd /Volumes/NVME/GitHub/Forsetti-Jamf-Pro


SwiftCompile normal arm64 Compiling\ ScanIntoTextFieldButton.swift,\ ScannerInputSanitization.swift,\ ServerCredentialsView.swift,\ SettingsView.swift,\ SwiftUIPlatformCompat.swift,\ ComputerExtensionAttribute.swift,\ ComputerField.swift,\ ComputerRecord.swift,\ ComputerSearchProfile.swift,\ ComputerSearchProfileStore.swift,\ ComputerAdvancedSearchViewModel.swift,\ ComputerSearchViewModel.swift,\ ComputerAdvancedSearchView.swift,\ ComputerDetailView.swift,\ ComputerFieldCatalogView.swift,\ ComputerSearchView.swift,\ ComputerSearchModule.swift,\ DeploymentAppleCatalogService.swift,\ DeploymentAppleDeviceModelCatalog.swift,\ DeploymentHardwareDerivationService.swift,\ DeploymentDemoJamfInventoryPreloadClient.swift,\ DeploymentDemoScenario.swift /Volumes/NVME/GitHub/Forsetti-Jamf-Pro/ForsettiApp/Framework/UI/ScanIntoTextFieldButton.swift /Volumes/NVME/GitHub/Forsetti-Jamf-Pro/ForsettiApp/Framework/UI/ScannerInputSanitization.swift /Volumes/NVME/GitHub/Forsetti-Jamf-Pro/ForsettiApp/Framework/UI/ServerCredentialsView.swift /Volumes/NVME/GitHub/Forsetti-Jamf-Pro/ForsettiApp/Framework/UI/SettingsView.swift /Volumes/NVME/GitHub/Forsetti-Jamf-Pro/ForsettiApp/Framework/UI/SwiftUIPlatformCompat.swift /Volumes/NVME/GitHub/Forsetti-Jamf-Pro/ForsettiApp/Modules/ComputerSearch/Models/ComputerExtensionAttribute.swift /Volumes/NVME/GitHub/Forsetti-Jamf-Pro/ForsettiApp/Modules/ComputerSearch/Models/ComputerField.swift /Volumes/NVME/GitHub/Forsetti-Jamf-Pro/ForsettiApp/Modules/ComputerSearch/Models/ComputerRecord.swift /Volumes/NVME/GitHub/Forsetti-Jamf-Pro/ForsettiApp/Modules/ComputerSearch/Models/ComputerSearchProfile.swift /Volumes/NVME/GitHub/Forsetti-Jamf-Pro/ForsettiApp/Modules/ComputerSearch/Persistence/ComputerSearchProfileStore.swift /Volumes/NVME/GitHub/Forsetti-Jamf-Pro/ForsettiApp/Modules/ComputerSearch/ViewModels/ComputerAdvancedSearchViewModel.swift /Volumes/NVME/GitHub/Forsetti-Jamf-Pro/ForsettiApp/Modules/ComputerSearch/ViewModels/ComputerSearchViewModel.swift /Volumes/NVME/GitHub/Forsetti-Jamf-Pro/ForsettiApp/Modules/ComputerSearch/Views/ComputerAdvancedSearchView.swift /Volumes/NVME/GitHub/Forsetti-Jamf-Pro/ForsettiApp/Modules/ComputerSearch/Views/ComputerDetailView.swift /Volumes/NVME/GitHub/Forsetti-Jamf-Pro/ForsettiApp/Modules/ComputerSearch/Views/ComputerFieldCatalogView.swift /Volumes/NVME/GitHub/Forsetti-Jamf-Pro/ForsettiApp/Modules/ComputerSearch/Views/ComputerSearchView.swift /Volumes/NVME/GitHub/Forsetti-Jamf-Pro/ForsettiApp/Modules/ComputerSearch/ComputerSearchModule.swift /Volumes/NVME/GitHub/Forsetti-Jamf-Pro/ForsettiApp/Modules/DeploymentTracker/AppleCatalog/DeploymentAppleCatalogService.swift /Volumes/NVME/GitHub/Forsetti-Jamf-Pro/ForsettiApp/Modules/DeploymentTracker/AppleCatalog/DeploymentAppleDeviceModelCatalog.swift /Volumes/NVME/GitHub/Forsetti-Jamf-Pro/ForsettiApp/Modules/DeploymentTracker/AppleCatalog/DeploymentHardwareDerivationService.swift /Volumes/NVME/GitHub/Forsetti-Jamf-Pro/ForsettiApp/Modules/DeploymentTracker/Demo/DeploymentDemoJamfInventoryPreloadClient.swift /Volumes/NVME/GitHub/Forsetti-Jamf-Pro/ForsettiApp/Modules/DeploymentTracker/Demo/DeploymentDemoScenario.swift (in target 'Forsetti' from project 'Forsetti')

SwiftCompile normal arm64 /Volumes/NVME/GitHub/Forsetti-Jamf-Pro/ForsettiApp/Framework/UI/ScanIntoTextFieldButton.swift (in target 'Forsetti' from project 'Forsetti')
    cd /Volumes/NVME/GitHub/Forsetti-Jamf-Pro


SwiftCompile normal arm64 /Volumes/NVME/GitHub/Forsetti-Jamf-Pro/ForsettiApp/Framework/UI/ScannerInputSanitization.swift (in target 'Forsetti' from project 'Forsetti')
    cd /Volumes/NVME/GitHub/Forsetti-Jamf-Pro


SwiftCompile normal arm64 /Volumes/NVME/GitHub/Forsetti-Jamf-Pro/ForsettiApp/Framework/UI/ServerCredentialsView.swift (in target 'Forsetti' from project 'Forsetti')
    cd /Volumes/NVME/GitHub/Forsetti-Jamf-Pro


SwiftCompile normal arm64 /Volumes/NVME/GitHub/Forsetti-Jamf-Pro/ForsettiApp/Framework/UI/SettingsView.swift (in target 'Forsetti' from project 'Forsetti')
    cd /Volumes/NVME/GitHub/Forsetti-Jamf-Pro


SwiftCompile normal arm64 /Volumes/NVME/GitHub/Forsetti-Jamf-Pro/ForsettiApp/Framework/UI/SwiftUIPlatformCompat.swift (in target 'Forsetti' from project 'Forsetti')
    cd /Volumes/NVME/GitHub/Forsetti-Jamf-Pro


SwiftCompile normal arm64 /Volumes/NVME/GitHub/Forsetti-Jamf-Pro/ForsettiApp/Modules/ComputerSearch/Models/ComputerExtensionAttribute.swift (in target 'Forsetti' from project 'Forsetti')
    cd /Volumes/NVME/GitHub/Forsetti-Jamf-Pro


SwiftCompile normal arm64 /Volumes/NVME/GitHub/Forsetti-Jamf-Pro/ForsettiApp/Modules/ComputerSearch/Models/ComputerField.swift (in target 'Forsetti' from project 'Forsetti')
    cd /Volumes/NVME/GitHub/Forsetti-Jamf-Pro


SwiftCompile normal arm64 /Volumes/NVME/GitHub/Forsetti-Jamf-Pro/ForsettiApp/Modules/ComputerSearch/Models/ComputerRecord.swift (in target 'Forsetti' from project 'Forsetti')
    cd /Volumes/NVME/GitHub/Forsetti-Jamf-Pro


SwiftCompile normal arm64 /Volumes/NVME/GitHub/Forsetti-Jamf-Pro/ForsettiApp/Modules/ComputerSearch/Models/ComputerSearchProfile.swift (in target 'Forsetti' from project 'Forsetti')
    cd /Volumes/NVME/GitHub/Forsetti-Jamf-Pro


SwiftCompile normal arm64 /Volumes/NVME/GitHub/Forsetti-Jamf-Pro/ForsettiApp/Modules/ComputerSearch/Persistence/ComputerSearchProfileStore.swift (in target 'Forsetti' from project 'Forsetti')
    cd /Volumes/NVME/GitHub/Forsetti-Jamf-Pro


SwiftCompile normal arm64 /Volumes/NVME/GitHub/Forsetti-Jamf-Pro/ForsettiApp/Modules/ComputerSearch/ViewModels/ComputerAdvancedSearchViewModel.swift (in target 'Forsetti' from project 'Forsetti')
    cd /Volumes/NVME/GitHub/Forsetti-Jamf-Pro


SwiftCompile normal arm64 /Volumes/NVME/GitHub/Forsetti-Jamf-Pro/ForsettiApp/Modules/ComputerSearch/ViewModels/ComputerSearchViewModel.swift (in target 'Forsetti' from project 'Forsetti')
    cd /Volumes/NVME/GitHub/Forsetti-Jamf-Pro


SwiftCompile normal arm64 /Volumes/NVME/GitHub/Forsetti-Jamf-Pro/ForsettiApp/Modules/ComputerSearch/Views/ComputerAdvancedSearchView.swift (in target 'Forsetti' from project 'Forsetti')
    cd /Volumes/NVME/GitHub/Forsetti-Jamf-Pro


SwiftCompile normal arm64 /Volumes/NVME/GitHub/Forsetti-Jamf-Pro/ForsettiApp/Modules/ComputerSearch/Views/ComputerDetailView.swift (in target 'Forsetti' from project 'Forsetti')
    cd /Volumes/NVME/GitHub/Forsetti-Jamf-Pro


SwiftCompile normal arm64 /Volumes/NVME/GitHub/Forsetti-Jamf-Pro/ForsettiApp/Modules/ComputerSearch/Views/ComputerFieldCatalogView.swift (in target 'Forsetti' from project 'Forsetti')
    cd /Volumes/NVME/GitHub/Forsetti-Jamf-Pro


SwiftCompile normal arm64 /Volumes/NVME/GitHub/Forsetti-Jamf-Pro/ForsettiApp/Modules/ComputerSearch/Views/ComputerSearchView.swift (in target 'Forsetti' from project 'Forsetti')
    cd /Volumes/NVME/GitHub/Forsetti-Jamf-Pro


SwiftCompile normal arm64 /Volumes/NVME/GitHub/Forsetti-Jamf-Pro/ForsettiApp/Modules/ComputerSearch/ComputerSearchModule.swift (in target 'Forsetti' from project 'Forsetti')
    cd /Volumes/NVME/GitHub/Forsetti-Jamf-Pro


SwiftCompile normal arm64 /Volumes/NVME/GitHub/Forsetti-Jamf-Pro/ForsettiApp/Modules/DeploymentTracker/AppleCatalog/DeploymentAppleCatalogService.swift (in target 'Forsetti' from project 'Forsetti')
    cd /Volumes/NVME/GitHub/Forsetti-Jamf-Pro


SwiftCompile normal arm64 /Volumes/NVME/GitHub/Forsetti-Jamf-Pro/ForsettiApp/Modules/DeploymentTracker/AppleCatalog/DeploymentAppleDeviceModelCatalog.swift (in target 'Forsetti' from project 'Forsetti')
    cd /Volumes/NVME/GitHub/Forsetti-Jamf-Pro


SwiftCompile normal arm64 /Volumes/NVME/GitHub/Forsetti-Jamf-Pro/ForsettiApp/Modules/DeploymentTracker/AppleCatalog/DeploymentHardwareDerivationService.swift (in target 'Forsetti' from project 'Forsetti')
    cd /Volumes/NVME/GitHub/Forsetti-Jamf-Pro


SwiftCompile normal arm64 /Volumes/NVME/GitHub/Forsetti-Jamf-Pro/ForsettiApp/Modules/DeploymentTracker/Demo/DeploymentDemoJamfInventoryPreloadClient.swift (in target 'Forsetti' from project 'Forsetti')
    cd /Volumes/NVME/GitHub/Forsetti-Jamf-Pro


SwiftCompile normal arm64 /Volumes/NVME/GitHub/Forsetti-Jamf-Pro/ForsettiApp/Modules/DeploymentTracker/Demo/DeploymentDemoScenario.swift (in target 'Forsetti' from project 'Forsetti')
    cd /Volumes/NVME/GitHub/Forsetti-Jamf-Pro


SwiftCompile normal arm64 Compiling\ PrestageDirectorModule.swift,\ ReportCSVRenderer.swift,\ ReportDocRenderer.swift,\ ReportExportCoordinator.swift,\ ReportExportDocument.swift,\ ReportExportFilenameBuilder.swift,\ ReportExportFormat.swift,\ ReportMarkdownRenderer.swift,\ ReportPDFRenderer.swift,\ ReportTextRenderer.swift,\ ReportAggregate.swift,\ ReportCoreModels.swift,\ ReportCriteriaModels.swift,\ ReportsFieldCatalog.swift,\ ReportsLocationDirectory.swift,\ ReportsChartPalette.swift,\ ReportsDeviceTypeGaugeFallbackView.swift,\ ReportsDeviceTypeGaugeRenderer.swift,\ ReportsDeviceTypeGaugeView.swift,\ ReportsVisualizationSnapshotRenderer.swift,\ ReportDeviceIdentityResolver.swift /Volumes/NVME/GitHub/Forsetti-Jamf-Pro/ForsettiApp/Modules/PrestageDirector/PrestageDirectorModule.swift /Volumes/NVME/GitHub/Forsetti-Jamf-Pro/ForsettiApp/Modules/Reports/Export/ReportCSVRenderer.swift /Volumes/NVME/GitHub/Forsetti-Jamf-Pro/ForsettiApp/Modules/Reports/Export/ReportDocRenderer.swift /Volumes/NVME/GitHub/Forsetti-Jamf-Pro/ForsettiApp/Modules/Reports/Export/ReportExportCoordinator.swift /Volumes/NVME/GitHub/Forsetti-Jamf-Pro/ForsettiApp/Modules/Reports/Export/ReportExportDocument.swift /Volumes/NVME/GitHub/Forsetti-Jamf-Pro/ForsettiApp/Modules/Reports/Export/ReportExportFilenameBuilder.swift /Volumes/NVME/GitHub/Forsetti-Jamf-Pro/ForsettiApp/Modules/Reports/Export/ReportExportFormat.swift /Volumes/NVME/GitHub/Forsetti-Jamf-Pro/ForsettiApp/Modules/Reports/Export/ReportMarkdownRenderer.swift /Volumes/NVME/GitHub/Forsetti-Jamf-Pro/ForsettiApp/Modules/Reports/Export/ReportPDFRenderer.swift /Volumes/NVME/GitHub/Forsetti-Jamf-Pro/ForsettiApp/Modules/Reports/Export/ReportTextRenderer.swift /Volumes/NVME/GitHub/Forsetti-Jamf-Pro/ForsettiApp/Modules/Reports/Models/ReportAggregate.swift /Volumes/NVME/GitHub/Forsetti-Jamf-Pro/ForsettiApp/Modules/Reports/Models/ReportCoreModels.swift /Volumes/NVME/GitHub/Forsetti-Jamf-Pro/ForsettiApp/Modules/Reports/Models/ReportCriteriaModels.swift /Volumes/NVME/GitHub/Forsetti-Jamf-Pro/ForsettiApp/Modules/Reports/Models/ReportsFieldCatalog.swift /Volumes/NVME/GitHub/Forsetti-Jamf-Pro/ForsettiApp/Modules/Reports/Models/ReportsLocationDirectory.swift /Volumes/NVME/GitHub/Forsetti-Jamf-Pro/ForsettiApp/Modules/Reports/Rendering/ReportsChartPalette.swift /Volumes/NVME/GitHub/Forsetti-Jamf-Pro/ForsettiApp/Modules/Reports/Rendering/ReportsDeviceTypeGaugeFallbackView.swift /Volumes/NVME/GitHub/Forsetti-Jamf-Pro/ForsettiApp/Modules/Reports/Rendering/ReportsDeviceTypeGaugeRenderer.swift /Volumes/NVME/GitHub/Forsetti-Jamf-Pro/ForsettiApp/Modules/Reports/Rendering/ReportsDeviceTypeGaugeView.swift /Volumes/NVME/GitHub/Forsetti-Jamf-Pro/ForsettiApp/Modules/Reports/Rendering/ReportsVisualizationSnapshotRenderer.swift /Volumes/NVME/GitHub/Forsetti-Jamf-Pro/ForsettiApp/Modules/Reports/Services/ReportDeviceIdentityResolver.swift (in target 'Forsetti' from project 'Forsetti')

SwiftCompile normal arm64 /Volumes/NVME/GitHub/Forsetti-Jamf-Pro/ForsettiApp/Modules/PrestageDirector/PrestageDirectorModule.swift (in target 'Forsetti' from project 'Forsetti')
    cd /Volumes/NVME/GitHub/Forsetti-Jamf-Pro


SwiftCompile normal arm64 /Volumes/NVME/GitHub/Forsetti-Jamf-Pro/ForsettiApp/Modules/Reports/Export/ReportCSVRenderer.swift (in target 'Forsetti' from project 'Forsetti')
    cd /Volumes/NVME/GitHub/Forsetti-Jamf-Pro


SwiftCompile normal arm64 /Volumes/NVME/GitHub/Forsetti-Jamf-Pro/ForsettiApp/Modules/Reports/Export/ReportDocRenderer.swift (in target 'Forsetti' from project 'Forsetti')
    cd /Volumes/NVME/GitHub/Forsetti-Jamf-Pro


SwiftCompile normal arm64 /Volumes/NVME/GitHub/Forsetti-Jamf-Pro/ForsettiApp/Modules/Reports/Export/ReportExportCoordinator.swift (in target 'Forsetti' from project 'Forsetti')
    cd /Volumes/NVME/GitHub/Forsetti-Jamf-Pro


SwiftCompile normal arm64 /Volumes/NVME/GitHub/Forsetti-Jamf-Pro/ForsettiApp/Modules/Reports/Export/ReportExportDocument.swift (in target 'Forsetti' from project 'Forsetti')
    cd /Volumes/NVME/GitHub/Forsetti-Jamf-Pro


SwiftCompile normal arm64 /Volumes/NVME/GitHub/Forsetti-Jamf-Pro/ForsettiApp/Modules/Reports/Export/ReportExportFilenameBuilder.swift (in target 'Forsetti' from project 'Forsetti')
    cd /Volumes/NVME/GitHub/Forsetti-Jamf-Pro


SwiftCompile normal arm64 /Volumes/NVME/GitHub/Forsetti-Jamf-Pro/ForsettiApp/Modules/Reports/Export/ReportExportFormat.swift (in target 'Forsetti' from project 'Forsetti')
    cd /Volumes/NVME/GitHub/Forsetti-Jamf-Pro


SwiftCompile normal arm64 /Volumes/NVME/GitHub/Forsetti-Jamf-Pro/ForsettiApp/Modules/Reports/Export/ReportMarkdownRenderer.swift (in target 'Forsetti' from project 'Forsetti')
    cd /Volumes/NVME/GitHub/Forsetti-Jamf-Pro


SwiftCompile normal arm64 /Volumes/NVME/GitHub/Forsetti-Jamf-Pro/ForsettiApp/Modules/Reports/Export/ReportPDFRenderer.swift (in target 'Forsetti' from project 'Forsetti')
    cd /Volumes/NVME/GitHub/Forsetti-Jamf-Pro


SwiftCompile normal arm64 /Volumes/NVME/GitHub/Forsetti-Jamf-Pro/ForsettiApp/Modules/Reports/Export/ReportTextRenderer.swift (in target 'Forsetti' from project 'Forsetti')
    cd /Volumes/NVME/GitHub/Forsetti-Jamf-Pro


SwiftCompile normal arm64 /Volumes/NVME/GitHub/Forsetti-Jamf-Pro/ForsettiApp/Modules/Reports/Models/ReportAggregate.swift (in target 'Forsetti' from project 'Forsetti')
    cd /Volumes/NVME/GitHub/Forsetti-Jamf-Pro


SwiftCompile normal arm64 /Volumes/NVME/GitHub/Forsetti-Jamf-Pro/ForsettiApp/Modules/Reports/Models/ReportCoreModels.swift (in target 'Forsetti' from project 'Forsetti')
    cd /Volumes/NVME/GitHub/Forsetti-Jamf-Pro


SwiftCompile normal arm64 /Volumes/NVME/GitHub/Forsetti-Jamf-Pro/ForsettiApp/Modules/Reports/Models/ReportCriteriaModels.swift (in target 'Forsetti' from project 'Forsetti')
    cd /Volumes/NVME/GitHub/Forsetti-Jamf-Pro


SwiftCompile normal arm64 /Volumes/NVME/GitHub/Forsetti-Jamf-Pro/ForsettiApp/Modules/Reports/Models/ReportsFieldCatalog.swift (in target 'Forsetti' from project 'Forsetti')
    cd /Volumes/NVME/GitHub/Forsetti-Jamf-Pro


SwiftCompile normal arm64 /Volumes/NVME/GitHub/Forsetti-Jamf-Pro/ForsettiApp/Modules/Reports/Models/ReportsLocationDirectory.swift (in target 'Forsetti' from project 'Forsetti')
    cd /Volumes/NVME/GitHub/Forsetti-Jamf-Pro


SwiftCompile normal arm64 /Volumes/NVME/GitHub/Forsetti-Jamf-Pro/ForsettiApp/Modules/Reports/Rendering/ReportsChartPalette.swift (in target 'Forsetti' from project 'Forsetti')
    cd /Volumes/NVME/GitHub/Forsetti-Jamf-Pro


SwiftCompile normal arm64 /Volumes/NVME/GitHub/Forsetti-Jamf-Pro/ForsettiApp/Modules/Reports/Rendering/ReportsDeviceTypeGaugeFallbackView.swift (in target 'Forsetti' from project 'Forsetti')
    cd /Volumes/NVME/GitHub/Forsetti-Jamf-Pro


SwiftCompile normal arm64 /Volumes/NVME/GitHub/Forsetti-Jamf-Pro/ForsettiApp/Modules/Reports/Rendering/ReportsDeviceTypeGaugeRenderer.swift (in target 'Forsetti' from project 'Forsetti')
    cd /Volumes/NVME/GitHub/Forsetti-Jamf-Pro


SwiftCompile normal arm64 /Volumes/NVME/GitHub/Forsetti-Jamf-Pro/ForsettiApp/Modules/Reports/Rendering/ReportsDeviceTypeGaugeView.swift (in target 'Forsetti' from project 'Forsetti')
    cd /Volumes/NVME/GitHub/Forsetti-Jamf-Pro


SwiftCompile normal arm64 /Volumes/NVME/GitHub/Forsetti-Jamf-Pro/ForsettiApp/Modules/Reports/Rendering/ReportsVisualizationSnapshotRenderer.swift (in target 'Forsetti' from project 'Forsetti')
    cd /Volumes/NVME/GitHub/Forsetti-Jamf-Pro


SwiftCompile normal arm64 /Volumes/NVME/GitHub/Forsetti-Jamf-Pro/ForsettiApp/Modules/Reports/Services/ReportDeviceIdentityResolver.swift (in target 'Forsetti' from project 'Forsetti')
    cd /Volumes/NVME/GitHub/Forsetti-Jamf-Pro


SwiftCompile normal arm64 Compiling\ MobileDeviceRecord.swift,\ MobileDeviceSearchProfile.swift,\ RSQLOperator.swift,\ SmartFilter.swift,\ MobileDeviceSearchProfileStore.swift,\ SmartFilterStore.swift,\ AdvancedSearchViewModel.swift,\ MobileDeviceSearchViewModel.swift,\ AdvancedFieldPickerView.swift,\ AdvancedSearchView.swift,\ CriterionEditorRow.swift,\ FieldCatalogView.swift,\ HardwareInfoCard.swift,\ MobileDeviceDetailView.swift,\ MobileDeviceResultRow.swift,\ MobileDeviceSearchView.swift,\ SmartFilterListView.swift,\ MobileDeviceSearchModule.swift,\ PrestageDirectorModels.swift,\ PrestageDirectorViewModel.swift,\ PrestageDirectorView.swift /Volumes/NVME/GitHub/Forsetti-Jamf-Pro/ForsettiApp/Modules/MobileDeviceSearch/Models/MobileDeviceRecord.swift /Volumes/NVME/GitHub/Forsetti-Jamf-Pro/ForsettiApp/Modules/MobileDeviceSearch/Models/MobileDeviceSearchProfile.swift /Volumes/NVME/GitHub/Forsetti-Jamf-Pro/ForsettiApp/Modules/MobileDeviceSearch/Models/RSQLOperator.swift /Volumes/NVME/GitHub/Forsetti-Jamf-Pro/ForsettiApp/Modules/MobileDeviceSearch/Models/SmartFilter.swift /Volumes/NVME/GitHub/Forsetti-Jamf-Pro/ForsettiApp/Modules/MobileDeviceSearch/Persistence/MobileDeviceSearchProfileStore.swift /Volumes/NVME/GitHub/Forsetti-Jamf-Pro/ForsettiApp/Modules/MobileDeviceSearch/Persistence/SmartFilterStore.swift /Volumes/NVME/GitHub/Forsetti-Jamf-Pro/ForsettiApp/Modules/MobileDeviceSearch/ViewModels/AdvancedSearchViewModel.swift /Volumes/NVME/GitHub/Forsetti-Jamf-Pro/ForsettiApp/Modules/MobileDeviceSearch/ViewModels/MobileDeviceSearchViewModel.swift /Volumes/NVME/GitHub/Forsetti-Jamf-Pro/ForsettiApp/Modules/MobileDeviceSearch/Views/AdvancedFieldPickerView.swift /Volumes/NVME/GitHub/Forsetti-Jamf-Pro/ForsettiApp/Modules/MobileDeviceSearch/Views/AdvancedSearchView.swift /Volumes/NVME/GitHub/Forsetti-Jamf-Pro/ForsettiApp/Modules/MobileDeviceSearch/Views/CriterionEditorRow.swift /Volumes/NVME/GitHub/Forsetti-Jamf-Pro/ForsettiApp/Modules/MobileDeviceSearch/Views/FieldCatalogView.swift /Volumes/NVME/GitHub/Forsetti-Jamf-Pro/ForsettiApp/Modules/MobileDeviceSearch/Views/HardwareInfoCard.swift /Volumes/NVME/GitHub/Forsetti-Jamf-Pro/ForsettiApp/Modules/MobileDeviceSearch/Views/MobileDeviceDetailView.swift /Volumes/NVME/GitHub/Forsetti-Jamf-Pro/ForsettiApp/Modules/MobileDeviceSearch/Views/MobileDeviceResultRow.swift /Volumes/NVME/GitHub/Forsetti-Jamf-Pro/ForsettiApp/Modules/MobileDeviceSearch/Views/MobileDeviceSearchView.swift /Volumes/NVME/GitHub/Forsetti-Jamf-Pro/ForsettiApp/Modules/MobileDeviceSearch/Views/SmartFilterListView.swift /Volumes/NVME/GitHub/Forsetti-Jamf-Pro/ForsettiApp/Modules/MobileDeviceSearch/MobileDeviceSearchModule.swift /Volumes/NVME/GitHub/Forsetti-Jamf-Pro/ForsettiApp/Modules/PrestageDirector/Models/PrestageDirectorModels.swift /Volumes/NVME/GitHub/Forsetti-Jamf-Pro/ForsettiApp/Modules/PrestageDirector/ViewModels/PrestageDirectorViewModel.swift /Volumes/NVME/GitHub/Forsetti-Jamf-Pro/ForsettiApp/Modules/PrestageDirector/Views/PrestageDirectorView.swift (in target 'Forsetti' from project 'Forsetti')

SwiftCompile normal arm64 /Volumes/NVME/GitHub/Forsetti-Jamf-Pro/ForsettiApp/Modules/MobileDeviceSearch/Models/MobileDeviceRecord.swift (in target 'Forsetti' from project 'Forsetti')
    cd /Volumes/NVME/GitHub/Forsetti-Jamf-Pro


SwiftCompile normal arm64 /Volumes/NVME/GitHub/Forsetti-Jamf-Pro/ForsettiApp/Modules/MobileDeviceSearch/Models/MobileDeviceSearchProfile.swift (in target 'Forsetti' from project 'Forsetti')
    cd /Volumes/NVME/GitHub/Forsetti-Jamf-Pro


SwiftCompile normal arm64 /Volumes/NVME/GitHub/Forsetti-Jamf-Pro/ForsettiApp/Modules/MobileDeviceSearch/Models/RSQLOperator.swift (in target 'Forsetti' from project 'Forsetti')
    cd /Volumes/NVME/GitHub/Forsetti-Jamf-Pro


SwiftCompile normal arm64 /Volumes/NVME/GitHub/Forsetti-Jamf-Pro/ForsettiApp/Modules/MobileDeviceSearch/Models/SmartFilter.swift (in target 'Forsetti' from project 'Forsetti')
    cd /Volumes/NVME/GitHub/Forsetti-Jamf-Pro


SwiftCompile normal arm64 /Volumes/NVME/GitHub/Forsetti-Jamf-Pro/ForsettiApp/Modules/MobileDeviceSearch/Persistence/MobileDeviceSearchProfileStore.swift (in target 'Forsetti' from project 'Forsetti')
    cd /Volumes/NVME/GitHub/Forsetti-Jamf-Pro


SwiftCompile normal arm64 /Volumes/NVME/GitHub/Forsetti-Jamf-Pro/ForsettiApp/Modules/MobileDeviceSearch/Persistence/SmartFilterStore.swift (in target 'Forsetti' from project 'Forsetti')
    cd /Volumes/NVME/GitHub/Forsetti-Jamf-Pro


SwiftCompile normal arm64 /Volumes/NVME/GitHub/Forsetti-Jamf-Pro/ForsettiApp/Modules/MobileDeviceSearch/ViewModels/AdvancedSearchViewModel.swift (in target 'Forsetti' from project 'Forsetti')
    cd /Volumes/NVME/GitHub/Forsetti-Jamf-Pro


SwiftCompile normal arm64 /Volumes/NVME/GitHub/Forsetti-Jamf-Pro/ForsettiApp/Modules/MobileDeviceSearch/ViewModels/MobileDeviceSearchViewModel.swift (in target 'Forsetti' from project 'Forsetti')
    cd /Volumes/NVME/GitHub/Forsetti-Jamf-Pro


SwiftCompile normal arm64 /Volumes/NVME/GitHub/Forsetti-Jamf-Pro/ForsettiApp/Modules/MobileDeviceSearch/Views/AdvancedFieldPickerView.swift (in target 'Forsetti' from project 'Forsetti')
    cd /Volumes/NVME/GitHub/Forsetti-Jamf-Pro


SwiftCompile normal arm64 /Volumes/NVME/GitHub/Forsetti-Jamf-Pro/ForsettiApp/Modules/MobileDeviceSearch/Views/AdvancedSearchView.swift (in target 'Forsetti' from project 'Forsetti')
    cd /Volumes/NVME/GitHub/Forsetti-Jamf-Pro


SwiftCompile normal arm64 /Volumes/NVME/GitHub/Forsetti-Jamf-Pro/ForsettiApp/Modules/MobileDeviceSearch/Views/CriterionEditorRow.swift (in target 'Forsetti' from project 'Forsetti')
    cd /Volumes/NVME/GitHub/Forsetti-Jamf-Pro


SwiftCompile normal arm64 /Volumes/NVME/GitHub/Forsetti-Jamf-Pro/ForsettiApp/Modules/MobileDeviceSearch/Views/FieldCatalogView.swift (in target 'Forsetti' from project 'Forsetti')
    cd /Volumes/NVME/GitHub/Forsetti-Jamf-Pro


SwiftCompile normal arm64 /Volumes/NVME/GitHub/Forsetti-Jamf-Pro/ForsettiApp/Modules/MobileDeviceSearch/Views/HardwareInfoCard.swift (in target 'Forsetti' from project 'Forsetti')
    cd /Volumes/NVME/GitHub/Forsetti-Jamf-Pro


SwiftCompile normal arm64 /Volumes/NVME/GitHub/Forsetti-Jamf-Pro/ForsettiApp/Modules/MobileDeviceSearch/Views/MobileDeviceDetailView.swift (in target 'Forsetti' from project 'Forsetti')
    cd /Volumes/NVME/GitHub/Forsetti-Jamf-Pro


SwiftCompile normal arm64 /Volumes/NVME/GitHub/Forsetti-Jamf-Pro/ForsettiApp/Modules/MobileDeviceSearch/Views/MobileDeviceResultRow.swift (in target 'Forsetti' from project 'Forsetti')
    cd /Volumes/NVME/GitHub/Forsetti-Jamf-Pro


SwiftCompile normal arm64 /Volumes/NVME/GitHub/Forsetti-Jamf-Pro/ForsettiApp/Modules/MobileDeviceSearch/Views/MobileDeviceSearchView.swift (in target 'Forsetti' from project 'Forsetti')
    cd /Volumes/NVME/GitHub/Forsetti-Jamf-Pro


SwiftCompile normal arm64 /Volumes/NVME/GitHub/Forsetti-Jamf-Pro/ForsettiApp/Modules/MobileDeviceSearch/Views/SmartFilterListView.swift (in target 'Forsetti' from project 'Forsetti')
    cd /Volumes/NVME/GitHub/Forsetti-Jamf-Pro


SwiftCompile normal arm64 /Volumes/NVME/GitHub/Forsetti-Jamf-Pro/ForsettiApp/Modules/MobileDeviceSearch/MobileDeviceSearchModule.swift (in target 'Forsetti' from project 'Forsetti')
    cd /Volumes/NVME/GitHub/Forsetti-Jamf-Pro


SwiftCompile normal arm64 /Volumes/NVME/GitHub/Forsetti-Jamf-Pro/ForsettiApp/Modules/PrestageDirector/Models/PrestageDirectorModels.swift (in target 'Forsetti' from project 'Forsetti')
    cd /Volumes/NVME/GitHub/Forsetti-Jamf-Pro


SwiftCompile normal arm64 /Volumes/NVME/GitHub/Forsetti-Jamf-Pro/ForsettiApp/Modules/PrestageDirector/ViewModels/PrestageDirectorViewModel.swift (in target 'Forsetti' from project 'Forsetti')
    cd /Volumes/NVME/GitHub/Forsetti-Jamf-Pro


SwiftCompile normal arm64 /Volumes/NVME/GitHub/Forsetti-Jamf-Pro/ForsettiApp/Modules/PrestageDirector/Views/PrestageDirectorView.swift (in target 'Forsetti' from project 'Forsetti')
    cd /Volumes/NVME/GitHub/Forsetti-Jamf-Pro


SwiftCompile normal arm64 Compiling\ DeploymentTrackerDemoDataFactory.swift,\ DeploymentTrackerDemoIntegrationSimulator.swift,\ DeploymentTrackerDemoMode.swift,\ DeploymentTrackerRuntimeMode.swift,\ DeploymentVendorImportModels.swift,\ DeploymentVendorImportParser.swift,\ AppleBusinessReadOnlyModels.swift,\ AppleBusinessVerificationService.swift,\ JamfInventoryPreloadCSVRenderer.swift,\ JamfInventoryPreloadModels.swift,\ JamfInventoryPreloadReconciliationService.swift,\ JamfInventoryPreloadService.swift,\ JamfInventoryPreloadValidator.swift,\ SDPlusCSVRenderer.swift,\ SDPlusExportModels.swift,\ SDPlusExportService.swift,\ DeploymentTrackerCoreModels.swift,\ DeploymentTrackerFieldModels.swift,\ CoreDataDeploymentTrackerStore.swift,\ DeploymentTrackerStore.swift,\ RecordsManagementExportService.swift,\ RecordsManagementModels.swift /Volumes/NVME/GitHub/Forsetti-Jamf-Pro/ForsettiApp/Modules/DeploymentTracker/Demo/DeploymentTrackerDemoDataFactory.swift /Volumes/NVME/GitHub/Forsetti-Jamf-Pro/ForsettiApp/Modules/DeploymentTracker/Demo/DeploymentTrackerDemoIntegrationSimulator.swift /Volumes/NVME/GitHub/Forsetti-Jamf-Pro/ForsettiApp/Modules/DeploymentTracker/Demo/DeploymentTrackerDemoMode.swift /Volumes/NVME/GitHub/Forsetti-Jamf-Pro/ForsettiApp/Modules/DeploymentTracker/Demo/DeploymentTrackerRuntimeMode.swift /Volumes/NVME/GitHub/Forsetti-Jamf-Pro/ForsettiApp/Modules/DeploymentTracker/Imports/DeploymentVendorImportModels.swift /Volumes/NVME/GitHub/Forsetti-Jamf-Pro/ForsettiApp/Modules/DeploymentTracker/Imports/DeploymentVendorImportParser.swift /Volumes/NVME/GitHub/Forsetti-Jamf-Pro/ForsettiApp/Modules/DeploymentTracker/Integrations/AppleBusiness/AppleBusinessReadOnlyModels.swift /Volumes/NVME/GitHub/Forsetti-Jamf-Pro/ForsettiApp/Modules/DeploymentTracker/Integrations/AppleBusiness/AppleBusinessVerificationService.swift /Volumes/NVME/GitHub/Forsetti-Jamf-Pro/ForsettiApp/Modules/DeploymentTracker/Integrations/Jamf/JamfInventoryPreloadCSVRenderer.swift /Volumes/NVME/GitHub/Forsetti-Jamf-Pro/ForsettiApp/Modules/DeploymentTracker/Integrations/Jamf/JamfInventoryPreloadModels.swift /Volumes/NVME/GitHub/Forsetti-Jamf-Pro/ForsettiApp/Modules/DeploymentTracker/Integrations/Jamf/JamfInventoryPreloadReconciliationService.swift /Volumes/NVME/GitHub/Forsetti-Jamf-Pro/ForsettiApp/Modules/DeploymentTracker/Integrations/Jamf/JamfInventoryPreloadService.swift /Volumes/NVME/GitHub/Forsetti-Jamf-Pro/ForsettiApp/Modules/DeploymentTracker/Integrations/Jamf/JamfInventoryPreloadValidator.swift /Volumes/NVME/GitHub/Forsetti-Jamf-Pro/ForsettiApp/Modules/DeploymentTracker/Integrations/SDPlus/SDPlusCSVRenderer.swift /Volumes/NVME/GitHub/Forsetti-Jamf-Pro/ForsettiApp/Modules/DeploymentTracker/Integrations/SDPlus/SDPlusExportModels.swift /Volumes/NVME/GitHub/Forsetti-Jamf-Pro/ForsettiApp/Modules/DeploymentTracker/Integrations/SDPlus/SDPlusExportService.swift /Volumes/NVME/GitHub/Forsetti-Jamf-Pro/ForsettiApp/Modules/DeploymentTracker/Models/DeploymentTrackerCoreModels.swift /Volumes/NVME/GitHub/Forsetti-Jamf-Pro/ForsettiApp/Modules/DeploymentTracker/Models/DeploymentTrackerFieldModels.swift /Volumes/NVME/GitHub/Forsetti-Jamf-Pro/ForsettiApp/Modules/DeploymentTracker/Persistence/CoreDataDeploymentTrackerStore.swift /Volumes/NVME/GitHub/Forsetti-Jamf-Pro/ForsettiApp/Modules/DeploymentTracker/Persistence/DeploymentTrackerStore.swift /Volumes/NVME/GitHub/Forsetti-Jamf-Pro/ForsettiApp/Modules/DeploymentTracker/Records/RecordsManagementExportService.swift /Volumes/NVME/GitHub/Forsetti-Jamf-Pro/ForsettiApp/Modules/DeploymentTracker/Records/RecordsManagementModels.swift (in target 'Forsetti' from project 'Forsetti')

SwiftCompile normal arm64 /Volumes/NVME/GitHub/Forsetti-Jamf-Pro/ForsettiApp/Modules/DeploymentTracker/Demo/DeploymentTrackerDemoDataFactory.swift (in target 'Forsetti' from project 'Forsetti')
    cd /Volumes/NVME/GitHub/Forsetti-Jamf-Pro


SwiftCompile normal arm64 /Volumes/NVME/GitHub/Forsetti-Jamf-Pro/ForsettiApp/Modules/DeploymentTracker/Demo/DeploymentTrackerDemoIntegrationSimulator.swift (in target 'Forsetti' from project 'Forsetti')
    cd /Volumes/NVME/GitHub/Forsetti-Jamf-Pro


SwiftCompile normal arm64 /Volumes/NVME/GitHub/Forsetti-Jamf-Pro/ForsettiApp/Modules/DeploymentTracker/Demo/DeploymentTrackerDemoMode.swift (in target 'Forsetti' from project 'Forsetti')
    cd /Volumes/NVME/GitHub/Forsetti-Jamf-Pro


SwiftCompile normal arm64 /Volumes/NVME/GitHub/Forsetti-Jamf-Pro/ForsettiApp/Modules/DeploymentTracker/Demo/DeploymentTrackerRuntimeMode.swift (in target 'Forsetti' from project 'Forsetti')
    cd /Volumes/NVME/GitHub/Forsetti-Jamf-Pro


SwiftCompile normal arm64 /Volumes/NVME/GitHub/Forsetti-Jamf-Pro/ForsettiApp/Modules/DeploymentTracker/Imports/DeploymentVendorImportModels.swift (in target 'Forsetti' from project 'Forsetti')
    cd /Volumes/NVME/GitHub/Forsetti-Jamf-Pro


SwiftCompile normal arm64 /Volumes/NVME/GitHub/Forsetti-Jamf-Pro/ForsettiApp/Modules/DeploymentTracker/Imports/DeploymentVendorImportParser.swift (in target 'Forsetti' from project 'Forsetti')
    cd /Volumes/NVME/GitHub/Forsetti-Jamf-Pro


SwiftCompile normal arm64 /Volumes/NVME/GitHub/Forsetti-Jamf-Pro/ForsettiApp/Modules/DeploymentTracker/Integrations/AppleBusiness/AppleBusinessReadOnlyModels.swift (in target 'Forsetti' from project 'Forsetti')
    cd /Volumes/NVME/GitHub/Forsetti-Jamf-Pro


SwiftCompile normal arm64 /Volumes/NVME/GitHub/Forsetti-Jamf-Pro/ForsettiApp/Modules/DeploymentTracker/Integrations/AppleBusiness/AppleBusinessVerificationService.swift (in target 'Forsetti' from project 'Forsetti')
    cd /Volumes/NVME/GitHub/Forsetti-Jamf-Pro


SwiftCompile normal arm64 /Volumes/NVME/GitHub/Forsetti-Jamf-Pro/ForsettiApp/Modules/DeploymentTracker/Integrations/Jamf/JamfInventoryPreloadCSVRenderer.swift (in target 'Forsetti' from project 'Forsetti')
    cd /Volumes/NVME/GitHub/Forsetti-Jamf-Pro


SwiftCompile normal arm64 /Volumes/NVME/GitHub/Forsetti-Jamf-Pro/ForsettiApp/Modules/DeploymentTracker/Integrations/Jamf/JamfInventoryPreloadModels.swift (in target 'Forsetti' from project 'Forsetti')
    cd /Volumes/NVME/GitHub/Forsetti-Jamf-Pro


SwiftCompile normal arm64 /Volumes/NVME/GitHub/Forsetti-Jamf-Pro/ForsettiApp/Modules/DeploymentTracker/Integrations/Jamf/JamfInventoryPreloadReconciliationService.swift (in target 'Forsetti' from project 'Forsetti')
    cd /Volumes/NVME/GitHub/Forsetti-Jamf-Pro


SwiftCompile normal arm64 /Volumes/NVME/GitHub/Forsetti-Jamf-Pro/ForsettiApp/Modules/DeploymentTracker/Integrations/Jamf/JamfInventoryPreloadService.swift (in target 'Forsetti' from project 'Forsetti')
    cd /Volumes/NVME/GitHub/Forsetti-Jamf-Pro


SwiftCompile normal arm64 /Volumes/NVME/GitHub/Forsetti-Jamf-Pro/ForsettiApp/Modules/DeploymentTracker/Integrations/Jamf/JamfInventoryPreloadValidator.swift (in target 'Forsetti' from project 'Forsetti')
    cd /Volumes/NVME/GitHub/Forsetti-Jamf-Pro


SwiftCompile normal arm64 /Volumes/NVME/GitHub/Forsetti-Jamf-Pro/ForsettiApp/Modules/DeploymentTracker/Integrations/SDPlus/SDPlusCSVRenderer.swift (in target 'Forsetti' from project 'Forsetti')
    cd /Volumes/NVME/GitHub/Forsetti-Jamf-Pro


SwiftCompile normal arm64 /Volumes/NVME/GitHub/Forsetti-Jamf-Pro/ForsettiApp/Modules/DeploymentTracker/Integrations/SDPlus/SDPlusExportModels.swift (in target 'Forsetti' from project 'Forsetti')
    cd /Volumes/NVME/GitHub/Forsetti-Jamf-Pro


SwiftCompile normal arm64 /Volumes/NVME/GitHub/Forsetti-Jamf-Pro/ForsettiApp/Modules/DeploymentTracker/Integrations/SDPlus/SDPlusExportService.swift (in target 'Forsetti' from project 'Forsetti')
    cd /Volumes/NVME/GitHub/Forsetti-Jamf-Pro


SwiftCompile normal arm64 /Volumes/NVME/GitHub/Forsetti-Jamf-Pro/ForsettiApp/Modules/DeploymentTracker/Models/DeploymentTrackerCoreModels.swift (in target 'Forsetti' from project 'Forsetti')
    cd /Volumes/NVME/GitHub/Forsetti-Jamf-Pro


SwiftCompile normal arm64 /Volumes/NVME/GitHub/Forsetti-Jamf-Pro/ForsettiApp/Modules/DeploymentTracker/Models/DeploymentTrackerFieldModels.swift (in target 'Forsetti' from project 'Forsetti')
    cd /Volumes/NVME/GitHub/Forsetti-Jamf-Pro


SwiftCompile normal arm64 /Volumes/NVME/GitHub/Forsetti-Jamf-Pro/ForsettiApp/Modules/DeploymentTracker/Persistence/CoreDataDeploymentTrackerStore.swift (in target 'Forsetti' from project 'Forsetti')
    cd /Volumes/NVME/GitHub/Forsetti-Jamf-Pro


SwiftCompile normal arm64 /Volumes/NVME/GitHub/Forsetti-Jamf-Pro/ForsettiApp/Modules/DeploymentTracker/Persistence/DeploymentTrackerStore.swift (in target 'Forsetti' from project 'Forsetti')
    cd /Volumes/NVME/GitHub/Forsetti-Jamf-Pro


SwiftCompile normal arm64 /Volumes/NVME/GitHub/Forsetti-Jamf-Pro/ForsettiApp/Modules/DeploymentTracker/Records/RecordsManagementExportService.swift (in target 'Forsetti' from project 'Forsetti')
    cd /Volumes/NVME/GitHub/Forsetti-Jamf-Pro


SwiftCompile normal arm64 /Volumes/NVME/GitHub/Forsetti-Jamf-Pro/ForsettiApp/Modules/DeploymentTracker/Records/RecordsManagementModels.swift (in target 'Forsetti' from project 'Forsetti')
    cd /Volumes/NVME/GitHub/Forsetti-Jamf-Pro


SwiftCompile normal arm64 Compiling\ ForsettiApp.swift,\ ForsettiAppIdentity.swift,\ ForsettiFrameworkContainer.swift,\ ForsettiRetailBootstrap.swift,\ CommandStatusFallbackView.swift,\ CommandStatusIndicatorView.swift,\ CommandStatusMetalRenderer.swift,\ ForsettiCommandActivityBar.swift,\ AppleDeviceModelCatalog.swift,\ HardwareBatteryRingView.swift,\ HardwareStorageFallbackBar.swift,\ HardwareStorageGaugeView.swift,\ HardwareStorageMetalRenderer.swift,\ ForsettiButtonStyle.swift,\ ForsettiBrandMark.swift,\ ForsettiColors.swift,\ ForsettiMetalBackgroundView.swift,\ ForsettiRetailSurfaceComponents.swift,\ ForsettiSearchResultTypography.swift,\ ForsettiTheme.swift,\ JamfCredentials.swift,\ JamfFrameworkError.swift /Volumes/NVME/GitHub/Forsetti-Jamf-Pro/ForsettiApp/App/ForsettiApp.swift /Volumes/NVME/GitHub/Forsetti-Jamf-Pro/ForsettiApp/App/ForsettiAppIdentity.swift /Volumes/NVME/GitHub/Forsetti-Jamf-Pro/ForsettiApp/App/ForsettiFrameworkContainer.swift /Volumes/NVME/GitHub/Forsetti-Jamf-Pro/ForsettiApp/App/ForsettiRetailBootstrap.swift /Volumes/NVME/GitHub/Forsetti-Jamf-Pro/ForsettiApp/DesignSystem/Commands/CommandStatusFallbackView.swift /Volumes/NVME/GitHub/Forsetti-Jamf-Pro/ForsettiApp/DesignSystem/Commands/CommandStatusIndicatorView.swift /Volumes/NVME/GitHub/Forsetti-Jamf-Pro/ForsettiApp/DesignSystem/Commands/CommandStatusMetalRenderer.swift /Volumes/NVME/GitHub/Forsetti-Jamf-Pro/ForsettiApp/DesignSystem/Commands/ForsettiCommandActivityBar.swift /Volumes/NVME/GitHub/Forsetti-Jamf-Pro/ForsettiApp/DesignSystem/Hardware/AppleDeviceModelCatalog.swift /Volumes/NVME/GitHub/Forsetti-Jamf-Pro/ForsettiApp/DesignSystem/Hardware/HardwareBatteryRingView.swift /Volumes/NVME/GitHub/Forsetti-Jamf-Pro/ForsettiApp/DesignSystem/Hardware/HardwareStorageFallbackBar.swift /Volumes/NVME/GitHub/Forsetti-Jamf-Pro/ForsettiApp/DesignSystem/Hardware/HardwareStorageGaugeView.swift /Volumes/NVME/GitHub/Forsetti-Jamf-Pro/ForsettiApp/DesignSystem/Hardware/HardwareStorageMetalRenderer.swift /Volumes/NVME/GitHub/Forsetti-Jamf-Pro/ForsettiApp/DesignSystem/ViewModifiers/ForsettiButtonStyle.swift /Volumes/NVME/GitHub/Forsetti-Jamf-Pro/ForsettiApp/DesignSystem/ForsettiBrandMark.swift /Volumes/NVME/GitHub/Forsetti-Jamf-Pro/ForsettiApp/DesignSystem/ForsettiColors.swift /Volumes/NVME/GitHub/Forsetti-Jamf-Pro/ForsettiApp/DesignSystem/ForsettiMetalBackgroundView.swift /Volumes/NVME/GitHub/Forsetti-Jamf-Pro/ForsettiApp/DesignSystem/ForsettiRetailSurfaceComponents.swift /Volumes/NVME/GitHub/Forsetti-Jamf-Pro/ForsettiApp/DesignSystem/ForsettiSearchResultTypography.swift /Volumes/NVME/GitHub/Forsetti-Jamf-Pro/ForsettiApp/DesignSystem/ForsettiTheme.swift /Volumes/NVME/GitHub/Forsetti-Jamf-Pro/ForsettiApp/Framework/Core/JamfCredentials.swift /Volumes/NVME/GitHub/Forsetti-Jamf-Pro/ForsettiApp/Framework/Core/JamfFrameworkError.swift (in target 'Forsetti' from project 'Forsetti')

SwiftCompile normal arm64 /Volumes/NVME/GitHub/Forsetti-Jamf-Pro/ForsettiApp/App/ForsettiApp.swift (in target 'Forsetti' from project 'Forsetti')
    cd /Volumes/NVME/GitHub/Forsetti-Jamf-Pro


SwiftCompile normal arm64 /Volumes/NVME/GitHub/Forsetti-Jamf-Pro/ForsettiApp/App/ForsettiAppIdentity.swift (in target 'Forsetti' from project 'Forsetti')
    cd /Volumes/NVME/GitHub/Forsetti-Jamf-Pro


SwiftCompile normal arm64 /Volumes/NVME/GitHub/Forsetti-Jamf-Pro/ForsettiApp/App/ForsettiFrameworkContainer.swift (in target 'Forsetti' from project 'Forsetti')
    cd /Volumes/NVME/GitHub/Forsetti-Jamf-Pro


SwiftCompile normal arm64 /Volumes/NVME/GitHub/Forsetti-Jamf-Pro/ForsettiApp/App/ForsettiRetailBootstrap.swift (in target 'Forsetti' from project 'Forsetti')
    cd /Volumes/NVME/GitHub/Forsetti-Jamf-Pro


SwiftCompile normal arm64 /Volumes/NVME/GitHub/Forsetti-Jamf-Pro/ForsettiApp/DesignSystem/Commands/CommandStatusFallbackView.swift (in target 'Forsetti' from project 'Forsetti')
    cd /Volumes/NVME/GitHub/Forsetti-Jamf-Pro


SwiftCompile normal arm64 /Volumes/NVME/GitHub/Forsetti-Jamf-Pro/ForsettiApp/DesignSystem/Commands/CommandStatusIndicatorView.swift (in target 'Forsetti' from project 'Forsetti')
    cd /Volumes/NVME/GitHub/Forsetti-Jamf-Pro


SwiftCompile normal arm64 /Volumes/NVME/GitHub/Forsetti-Jamf-Pro/ForsettiApp/DesignSystem/Commands/CommandStatusMetalRenderer.swift (in target 'Forsetti' from project 'Forsetti')
    cd /Volumes/NVME/GitHub/Forsetti-Jamf-Pro


SwiftCompile normal arm64 /Volumes/NVME/GitHub/Forsetti-Jamf-Pro/ForsettiApp/DesignSystem/Commands/ForsettiCommandActivityBar.swift (in target 'Forsetti' from project 'Forsetti')
    cd /Volumes/NVME/GitHub/Forsetti-Jamf-Pro


SwiftCompile normal arm64 /Volumes/NVME/GitHub/Forsetti-Jamf-Pro/ForsettiApp/DesignSystem/Hardware/AppleDeviceModelCatalog.swift (in target 'Forsetti' from project 'Forsetti')
    cd /Volumes/NVME/GitHub/Forsetti-Jamf-Pro


SwiftCompile normal arm64 /Volumes/NVME/GitHub/Forsetti-Jamf-Pro/ForsettiApp/DesignSystem/Hardware/HardwareBatteryRingView.swift (in target 'Forsetti' from project 'Forsetti')
    cd /Volumes/NVME/GitHub/Forsetti-Jamf-Pro


SwiftCompile normal arm64 /Volumes/NVME/GitHub/Forsetti-Jamf-Pro/ForsettiApp/DesignSystem/Hardware/HardwareStorageFallbackBar.swift (in target 'Forsetti' from project 'Forsetti')
    cd /Volumes/NVME/GitHub/Forsetti-Jamf-Pro


SwiftCompile normal arm64 /Volumes/NVME/GitHub/Forsetti-Jamf-Pro/ForsettiApp/DesignSystem/Hardware/HardwareStorageGaugeView.swift (in target 'Forsetti' from project 'Forsetti')
    cd /Volumes/NVME/GitHub/Forsetti-Jamf-Pro


SwiftCompile normal arm64 /Volumes/NVME/GitHub/Forsetti-Jamf-Pro/ForsettiApp/DesignSystem/Hardware/HardwareStorageMetalRenderer.swift (in target 'Forsetti' from project 'Forsetti')
    cd /Volumes/NVME/GitHub/Forsetti-Jamf-Pro


SwiftCompile normal arm64 /Volumes/NVME/GitHub/Forsetti-Jamf-Pro/ForsettiApp/DesignSystem/ViewModifiers/ForsettiButtonStyle.swift (in target 'Forsetti' from project 'Forsetti')
    cd /Volumes/NVME/GitHub/Forsetti-Jamf-Pro


SwiftCompile normal arm64 /Volumes/NVME/GitHub/Forsetti-Jamf-Pro/ForsettiApp/DesignSystem/ForsettiBrandMark.swift (in target 'Forsetti' from project 'Forsetti')
    cd /Volumes/NVME/GitHub/Forsetti-Jamf-Pro


SwiftCompile normal arm64 /Volumes/NVME/GitHub/Forsetti-Jamf-Pro/ForsettiApp/DesignSystem/ForsettiColors.swift (in target 'Forsetti' from project 'Forsetti')
    cd /Volumes/NVME/GitHub/Forsetti-Jamf-Pro


SwiftCompile normal arm64 /Volumes/NVME/GitHub/Forsetti-Jamf-Pro/ForsettiApp/DesignSystem/ForsettiMetalBackgroundView.swift (in target 'Forsetti' from project 'Forsetti')
    cd /Volumes/NVME/GitHub/Forsetti-Jamf-Pro


SwiftCompile normal arm64 /Volumes/NVME/GitHub/Forsetti-Jamf-Pro/ForsettiApp/DesignSystem/ForsettiRetailSurfaceComponents.swift (in target 'Forsetti' from project 'Forsetti')
    cd /Volumes/NVME/GitHub/Forsetti-Jamf-Pro


SwiftCompile normal arm64 /Volumes/NVME/GitHub/Forsetti-Jamf-Pro/ForsettiApp/DesignSystem/ForsettiSearchResultTypography.swift (in target 'Forsetti' from project 'Forsetti')
    cd /Volumes/NVME/GitHub/Forsetti-Jamf-Pro


SwiftCompile normal arm64 /Volumes/NVME/GitHub/Forsetti-Jamf-Pro/ForsettiApp/DesignSystem/ForsettiTheme.swift (in target 'Forsetti' from project 'Forsetti')
    cd /Volumes/NVME/GitHub/Forsetti-Jamf-Pro


SwiftCompile normal arm64 /Volumes/NVME/GitHub/Forsetti-Jamf-Pro/ForsettiApp/Framework/Core/JamfCredentials.swift (in target 'Forsetti' from project 'Forsetti')
    cd /Volumes/NVME/GitHub/Forsetti-Jamf-Pro


SwiftCompile normal arm64 /Volumes/NVME/GitHub/Forsetti-Jamf-Pro/ForsettiApp/Framework/Core/JamfFrameworkError.swift (in target 'Forsetti' from project 'Forsetti')
    cd /Volumes/NVME/GitHub/Forsetti-Jamf-Pro


SwiftDriverJobDiscovery normal arm64 Emitting module for Forsetti (in target 'Forsetti' from project 'Forsetti')

SwiftDriver\ Compilation\ Requirements Forsetti normal arm64 com.apple.xcode.tools.swift.compiler (in target 'Forsetti' from project 'Forsetti')
    cd /Volumes/NVME/GitHub/Forsetti-Jamf-Pro
    builtin-Swift-Compilation-Requirements -- /Applications/Xcode.app/Contents/Developer/Toolchains/XcodeDefault.xctoolchain/usr/bin/swiftc -module-name Forsetti -Onone @/tmp/Forsetti-Jamf-Pro-DerivedData-324-fulltest/Build/Intermediates.noindex/Forsetti.build/Debug/Forsetti.build/Objects-normal/arm64/Forsetti.SwiftFileList -DDEBUG -default-isolation\=MainActor -enable-bare-slash-regex -enable-upcoming-feature DisableOutwardActorInference -enable-upcoming-feature InferSendableFromCaptures -enable-upcoming-feature GlobalActorIsolatedTypesUsability -enable-upcoming-feature MemberImportVisibility -enable-upcoming-feature InferIsolatedConformances -enable-upcoming-feature NonisolatedNonsendingByDefault -enable-experimental-feature DebugDescriptionMacro -sdk /Applications/Xcode.app/Contents/Developer/Platforms/MacOSX.platform/Developer/SDKs/MacOSX26.5.sdk -target arm64-apple-macos14.0 -g -module-cache-path /tmp/Forsetti-Jamf-Pro-DerivedData-324-fulltest/ModuleCache.noindex -Xfrontend -serialize-debugging-options -profile-coverage-mapping -profile-generate -enable-testing -index-store-path /tmp/Forsetti-Jamf-Pro-DerivedData-324-fulltest/Index.noindex/DataStore -Xcc -D_LIBCPP_HARDENING_MODE\=_LIBCPP_HARDENING_MODE_DEBUG -swift-version 5 -I /tmp/Forsetti-Jamf-Pro-DerivedData-324-fulltest/Build/Products/Debug -F /tmp/Forsetti-Jamf-Pro-DerivedData-324-fulltest/Build/Products/Debug/PackageFrameworks -F /tmp/Forsetti-Jamf-Pro-DerivedData-324-fulltest/Build/Products/Debug/PackageFrameworks -F /tmp/Forsetti-Jamf-Pro-DerivedData-324-fulltest/Build/Products/Debug -emit-localized-strings -emit-localized-strings-path /tmp/Forsetti-Jamf-Pro-DerivedData-324-fulltest/Build/Intermediates.noindex/Forsetti.build/Debug/Forsetti.build/Objects-normal/arm64 -c -j8 -enable-batch-mode -incremental -Xcc -ivfsstatcache -Xcc /tmp/Forsetti-Jamf-Pro-DerivedData-324-fulltest/SDKStatCaches.noindex/macosx26.5-25F70-e082c4a02f00227109f4ed75e425c832.sdkstatcache -output-file-map /tmp/Forsetti-Jamf-Pro-DerivedData-324-fulltest/Build/Intermediates.noindex/Forsetti.build/Debug/Forsetti.build/Objects-normal/arm64/Forsetti-OutputFileMap.json -use-frontend-parseable-output -save-temps -no-color-diagnostics -explicit-module-build -module-cache-path /tmp/Forsetti-Jamf-Pro-DerivedData-324-fulltest/Build/Intermediates.noindex/SwiftExplicitPrecompiledModules -clang-scanner-module-cache-path /tmp/Forsetti-Jamf-Pro-DerivedData-324-fulltest/ModuleCache.noindex -sdk-module-cache-path /tmp/Forsetti-Jamf-Pro-DerivedData-324-fulltest/ModuleCache.noindex -serialize-diagnostics -emit-dependencies -emit-module -emit-module-path /tmp/Forsetti-Jamf-Pro-DerivedData-324-fulltest/Build/Intermediates.noindex/Forsetti.build/Debug/Forsetti.build/Objects-normal/arm64/Forsetti.swiftmodule -validate-clang-modules-once -clang-build-session-file /tmp/Forsetti-Jamf-Pro-DerivedData-324-fulltest/ModuleCache.noindex/Session.modulevalidation -Xcc -I/tmp/Forsetti-Jamf-Pro-DerivedData-324-fulltest/Build/Intermediates.noindex/Forsetti.build/Debug/Forsetti.build/swift-overrides.hmap -emit-const-values -Xfrontend -const-gather-protocols-file -Xfrontend /tmp/Forsetti-Jamf-Pro-DerivedData-324-fulltest/Build/Intermediates.noindex/Forsetti.build/Debug/Forsetti.build/Objects-normal/arm64/Forsetti_const_extract_protocols.json -Xcc -iquote -Xcc /tmp/Forsetti-Jamf-Pro-DerivedData-324-fulltest/Build/Intermediates.noindex/Forsetti.build/Debug/Forsetti.build/Forsetti-generated-files.hmap -Xcc -I/tmp/Forsetti-Jamf-Pro-DerivedData-324-fulltest/Build/Intermediates.noindex/Forsetti.build/Debug/Forsetti.build/Forsetti-own-target-headers.hmap -Xcc -I/tmp/Forsetti-Jamf-Pro-DerivedData-324-fulltest/Build/Intermediates.noindex/Forsetti.build/Debug/Forsetti.build/Forsetti-all-non-framework-target-headers.hmap -Xcc -ivfsoverlay -Xcc /tmp/Forsetti-Jamf-Pro-DerivedData-324-fulltest/Build/Intermediates.noindex/Forsetti.build/Debug/Forsetti-4fb3c4c4284d3dc37d66b05580302470-VFS/all-product-headers.yaml -Xcc -iquote -Xcc /tmp/Forsetti-Jamf-Pro-DerivedData-324-fulltest/Build/Intermediates.noindex/Forsetti.build/Debug/Forsetti.build/Forsetti-project-headers.hmap -Xcc -I/tmp/Forsetti-Jamf-Pro-DerivedData-324-fulltest/Build/Products/Debug/include -Xcc -I/tmp/Forsetti-Jamf-Pro-DerivedData-324-fulltest/Build/Intermediates.noindex/Forsetti.build/Debug/Forsetti.build/DerivedSources-normal/arm64 -Xcc -I/tmp/Forsetti-Jamf-Pro-DerivedData-324-fulltest/Build/Intermediates.noindex/Forsetti.build/Debug/Forsetti.build/DerivedSources/arm64 -Xcc -I/tmp/Forsetti-Jamf-Pro-DerivedData-324-fulltest/Build/Intermediates.noindex/Forsetti.build/Debug/Forsetti.build/DerivedSources -Xcc -DDEBUG\=1 -emit-objc-header -emit-objc-header-path /tmp/Forsetti-Jamf-Pro-DerivedData-324-fulltest/Build/Intermediates.noindex/Forsetti.build/Debug/Forsetti.build/Objects-normal/arm64/Forsetti-Swift.h -working-directory /Volumes/NVME/GitHub/Forsetti-Jamf-Pro -experimental-emit-module-separately -disable-cmo

SwiftDriverJobDiscovery normal arm64 Compiling PrestageDirectorModule.swift, ReportCSVRenderer.swift, ReportDocRenderer.swift, ReportExportCoordinator.swift, ReportExportDocument.swift, ReportExportFilenameBuilder.swift, ReportExportFormat.swift, ReportMarkdownRenderer.swift, ReportPDFRenderer.swift, ReportTextRenderer.swift, ReportAggregate.swift, ReportCoreModels.swift, ReportCriteriaModels.swift, ReportsFieldCatalog.swift, ReportsLocationDirectory.swift, ReportsChartPalette.swift, ReportsDeviceTypeGaugeFallbackView.swift, ReportsDeviceTypeGaugeRenderer.swift, ReportsDeviceTypeGaugeView.swift, ReportsVisualizationSnapshotRenderer.swift, ReportDeviceIdentityResolver.swift (in target 'Forsetti' from project 'Forsetti')

SwiftMergeGeneratedHeaders /tmp/Forsetti-Jamf-Pro-DerivedData-324-fulltest/Build/Intermediates.noindex/Forsetti.build/Debug/Forsetti.build/DerivedSources/Forsetti-Swift.h /tmp/Forsetti-Jamf-Pro-DerivedData-324-fulltest/Build/Intermediates.noindex/Forsetti.build/Debug/Forsetti.build/Objects-normal/arm64/Forsetti-Swift.h (in target 'Forsetti' from project 'Forsetti')
    cd /Volumes/NVME/GitHub/Forsetti-Jamf-Pro
    builtin-swiftHeaderTool -arch arm64 /tmp/Forsetti-Jamf-Pro-DerivedData-324-fulltest/Build/Intermediates.noindex/Forsetti.build/Debug/Forsetti.build/Objects-normal/arm64/Forsetti-Swift.h -o /tmp/Forsetti-Jamf-Pro-DerivedData-324-fulltest/Build/Intermediates.noindex/Forsetti.build/Debug/Forsetti.build/DerivedSources/Forsetti-Swift.h

Copy /tmp/Forsetti-Jamf-Pro-DerivedData-324-fulltest/Build/Products/Debug/Forsetti.swiftmodule/arm64-apple-macos.swiftmodule /tmp/Forsetti-Jamf-Pro-DerivedData-324-fulltest/Build/Intermediates.noindex/Forsetti.build/Debug/Forsetti.build/Objects-normal/arm64/Forsetti.swiftmodule (in target 'Forsetti' from project 'Forsetti')
    cd /Volumes/NVME/GitHub/Forsetti-Jamf-Pro
    builtin-copy -exclude .DS_Store -exclude CVS -exclude .svn -exclude .git -exclude .hg -resolve-src-symlinks -rename /tmp/Forsetti-Jamf-Pro-DerivedData-324-fulltest/Build/Intermediates.noindex/Forsetti.build/Debug/Forsetti.build/Objects-normal/arm64/Forsetti.swiftmodule /tmp/Forsetti-Jamf-Pro-DerivedData-324-fulltest/Build/Products/Debug/Forsetti.swiftmodule/arm64-apple-macos.swiftmodule

Copy /tmp/Forsetti-Jamf-Pro-DerivedData-324-fulltest/Build/Products/Debug/Forsetti.swiftmodule/arm64-apple-macos.swiftdoc /tmp/Forsetti-Jamf-Pro-DerivedData-324-fulltest/Build/Intermediates.noindex/Forsetti.build/Debug/Forsetti.build/Objects-normal/arm64/Forsetti.swiftdoc (in target 'Forsetti' from project 'Forsetti')
    cd /Volumes/NVME/GitHub/Forsetti-Jamf-Pro
    builtin-copy -exclude .DS_Store -exclude CVS -exclude .svn -exclude .git -exclude .hg -resolve-src-symlinks -rename /tmp/Forsetti-Jamf-Pro-DerivedData-324-fulltest/Build/Intermediates.noindex/Forsetti.build/Debug/Forsetti.build/Objects-normal/arm64/Forsetti.swiftdoc /tmp/Forsetti-Jamf-Pro-DerivedData-324-fulltest/Build/Products/Debug/Forsetti.swiftmodule/arm64-apple-macos.swiftdoc

Copy /tmp/Forsetti-Jamf-Pro-DerivedData-324-fulltest/Build/Products/Debug/Forsetti.swiftmodule/arm64-apple-macos.abi.json /tmp/Forsetti-Jamf-Pro-DerivedData-324-fulltest/Build/Intermediates.noindex/Forsetti.build/Debug/Forsetti.build/Objects-normal/arm64/Forsetti.abi.json (in target 'Forsetti' from project 'Forsetti')
    cd /Volumes/NVME/GitHub/Forsetti-Jamf-Pro
    builtin-copy -exclude .DS_Store -exclude CVS -exclude .svn -exclude .git -exclude .hg -resolve-src-symlinks -rename /tmp/Forsetti-Jamf-Pro-DerivedData-324-fulltest/Build/Intermediates.noindex/Forsetti.build/Debug/Forsetti.build/Objects-normal/arm64/Forsetti.abi.json /tmp/Forsetti-Jamf-Pro-DerivedData-324-fulltest/Build/Products/Debug/Forsetti.swiftmodule/arm64-apple-macos.abi.json

Copy /tmp/Forsetti-Jamf-Pro-DerivedData-324-fulltest/Build/Products/Debug/Forsetti.swiftmodule/Project/arm64-apple-macos.swiftsourceinfo /tmp/Forsetti-Jamf-Pro-DerivedData-324-fulltest/Build/Intermediates.noindex/Forsetti.build/Debug/Forsetti.build/Objects-normal/arm64/Forsetti.swiftsourceinfo (in target 'Forsetti' from project 'Forsetti')
    cd /Volumes/NVME/GitHub/Forsetti-Jamf-Pro
    builtin-copy -exclude .DS_Store -exclude CVS -exclude .svn -exclude .git -exclude .hg -resolve-src-symlinks -rename /tmp/Forsetti-Jamf-Pro-DerivedData-324-fulltest/Build/Intermediates.noindex/Forsetti.build/Debug/Forsetti.build/Objects-normal/arm64/Forsetti.swiftsourceinfo /tmp/Forsetti-Jamf-Pro-DerivedData-324-fulltest/Build/Products/Debug/Forsetti.swiftmodule/Project/arm64-apple-macos.swiftsourceinfo

SwiftDriver ForsettiTests normal arm64 com.apple.xcode.tools.swift.compiler (in target 'ForsettiTests' from project 'Forsetti')
    cd /Volumes/NVME/GitHub/Forsetti-Jamf-Pro
    builtin-SwiftDriver -- /Applications/Xcode.app/Contents/Developer/Toolchains/XcodeDefault.xctoolchain/usr/bin/swiftc -module-name ForsettiTests -Onone @/tmp/Forsetti-Jamf-Pro-DerivedData-324-fulltest/Build/Intermediates.noindex/Forsetti.build/Debug/ForsettiTests.build/Objects-normal/arm64/ForsettiTests.SwiftFileList -DDEBUG -plugin-path /Applications/Xcode.app/Contents/Developer/Toolchains/XcodeDefault.xctoolchain/usr/lib/swift/host/plugins/testing -enable-bare-slash-regex -enable-experimental-feature DebugDescriptionMacro -sdk /Applications/Xcode.app/Contents/Developer/Platforms/MacOSX.platform/Developer/SDKs/MacOSX26.5.sdk -target arm64-apple-macos14.0 -g -module-cache-path /tmp/Forsetti-Jamf-Pro-DerivedData-324-fulltest/ModuleCache.noindex -Xfrontend -serialize-debugging-options -profile-coverage-mapping -profile-generate -enable-testing -index-store-path /tmp/Forsetti-Jamf-Pro-DerivedData-324-fulltest/Index.noindex/DataStore -Xcc -D_LIBCPP_HARDENING_MODE\=_LIBCPP_HARDENING_MODE_DEBUG -swift-version 5 -I /tmp/Forsetti-Jamf-Pro-DerivedData-324-fulltest/Build/Products/Debug -Isystem /Applications/Xcode.app/Contents/Developer/Platforms/MacOSX.platform/Developer/usr/lib -F /tmp/Forsetti-Jamf-Pro-DerivedData-324-fulltest/Build/Products/Debug/PackageFrameworks -F /tmp/Forsetti-Jamf-Pro-DerivedData-324-fulltest/Build/Products/Debug/PackageFrameworks -F /tmp/Forsetti-Jamf-Pro-DerivedData-324-fulltest/Build/Products/Debug -F /Applications/Xcode.app/Contents/Developer/Platforms/MacOSX.platform/Developer/Library/Frameworks -c -j8 -enable-batch-mode -incremental -Xcc -ivfsstatcache -Xcc /tmp/Forsetti-Jamf-Pro-DerivedData-324-fulltest/SDKStatCaches.noindex/macosx26.5-25F70-e082c4a02f00227109f4ed75e425c832.sdkstatcache -output-file-map /tmp/Forsetti-Jamf-Pro-DerivedData-324-fulltest/Build/Intermediates.noindex/Forsetti.build/Debug/ForsettiTests.build/Objects-normal/arm64/ForsettiTests-OutputFileMap.json -use-frontend-parseable-output -save-temps -no-color-diagnostics -explicit-module-build -module-cache-path /tmp/Forsetti-Jamf-Pro-DerivedData-324-fulltest/Build/Intermediates.noindex/SwiftExplicitPrecompiledModules -clang-scanner-module-cache-path /tmp/Forsetti-Jamf-Pro-DerivedData-324-fulltest/ModuleCache.noindex -sdk-module-cache-path /tmp/Forsetti-Jamf-Pro-DerivedData-324-fulltest/ModuleCache.noindex -serialize-diagnostics -emit-dependencies -emit-module -emit-module-path /tmp/Forsetti-Jamf-Pro-DerivedData-324-fulltest/Build/Intermediates.noindex/Forsetti.build/Debug/ForsettiTests.build/Objects-normal/arm64/ForsettiTests.swiftmodule -validate-clang-modules-once -clang-build-session-file /tmp/Forsetti-Jamf-Pro-DerivedData-324-fulltest/ModuleCache.noindex/Session.modulevalidation -Xcc -I/tmp/Forsetti-Jamf-Pro-DerivedData-324-fulltest/Build/Intermediates.noindex/Forsetti.build/Debug/ForsettiTests.build/swift-overrides.hmap -emit-const-values -Xfrontend -const-gather-protocols-file -Xfrontend /tmp/Forsetti-Jamf-Pro-DerivedData-324-fulltest/Build/Intermediates.noindex/Forsetti.build/Debug/ForsettiTests.build/Objects-normal/arm64/ForsettiTests_const_extract_protocols.json -Xcc -iquote -Xcc /tmp/Forsetti-Jamf-Pro-DerivedData-324-fulltest/Build/Intermediates.noindex/Forsetti.build/Debug/ForsettiTests.build/ForsettiTests-generated-files.hmap -Xcc -I/tmp/Forsetti-Jamf-Pro-DerivedData-324-fulltest/Build/Intermediates.noindex/Forsetti.build/Debug/ForsettiTests.build/ForsettiTests-own-target-headers.hmap -Xcc -I/tmp/Forsetti-Jamf-Pro-DerivedData-324-fulltest/Build/Intermediates.noindex/Forsetti.build/Debug/ForsettiTests.build/ForsettiTests-all-non-framework-target-headers.hmap -Xcc -ivfsoverlay -Xcc /tmp/Forsetti-Jamf-Pro-DerivedData-324-fulltest/Build/Intermediates.noindex/Forsetti.build/Debug/Forsetti-4fb3c4c4284d3dc37d66b05580302470-VFS/all-product-headers.yaml -Xcc -iquote -Xcc /tmp/Forsetti-Jamf-Pro-DerivedData-324-fulltest/Build/Intermediates.noindex/Forsetti.build/Debug/ForsettiTests.build/ForsettiTests-project-headers.hmap -Xcc -I/tmp/Forsetti-Jamf-Pro-DerivedData-324-fulltest/Build/Products/Debug/include -Xcc -I/tmp/Forsetti-Jamf-Pro-DerivedData-324-fulltest/Build/Intermediates.noindex/Forsetti.build/Debug/ForsettiTests.build/DerivedSources-normal/arm64 -Xcc -I/tmp/Forsetti-Jamf-Pro-DerivedData-324-fulltest/Build/Intermediates.noindex/Forsetti.build/Debug/ForsettiTests.build/DerivedSources/arm64 -Xcc -I/tmp/Forsetti-Jamf-Pro-DerivedData-324-fulltest/Build/Intermediates.noindex/Forsetti.build/Debug/ForsettiTests.build/DerivedSources -Xcc -DDEBUG\=1 -emit-objc-header -emit-objc-header-path /tmp/Forsetti-Jamf-Pro-DerivedData-324-fulltest/Build/Intermediates.noindex/Forsetti.build/Debug/ForsettiTests.build/Objects-normal/arm64/ForsettiTests-Swift.h -working-directory /Volumes/NVME/GitHub/Forsetti-Jamf-Pro -experimental-emit-module-separately -disable-cmo

SwiftExplicitDependencyGeneratePcm arm64 /tmp/Forsetti-Jamf-Pro-DerivedData-324-fulltest/Build/Intermediates.noindex/SwiftExplicitPrecompiledModules/XCUIAutomation-AYVXTS7W6K3QIGIURZ4ZDW3ND.pcm

SwiftExplicitDependencyCompileModuleFromInterface arm64 /tmp/Forsetti-Jamf-Pro-DerivedData-324-fulltest/Build/Intermediates.noindex/SwiftExplicitPrecompiledModules/XCUIAutomation-2LV7Y9951NKO8.swiftmodule

SwiftExplicitDependencyGeneratePcm arm64 /tmp/Forsetti-Jamf-Pro-DerivedData-324-fulltest/Build/Intermediates.noindex/SwiftExplicitPrecompiledModules/XCTest-95FMS2KBUI7ZXHX8BA4UJ4HBA.pcm

SwiftDriverJobDiscovery normal arm64 Compiling JamfFrameworkError+Matching.swift, ModuleContracts.swift, ModuleRegistry.swift, DiagnosticModels.swift, DiagnosticsCenter.swift, DiagnosticsReporting.swift, ModulePackageManager.swift, ModulePackageManifest.swift, ModulePackageStore.swift, JamfAPIGateway.swift, JamfAuthenticationService.swift, JamfRSQLComposer.swift, JamfRSQLFilter.swift, JamfURLSessionFactory.swift, CodeScannerSheet.swift, JamfCredentialsStore.swift, KeychainSecureStore.swift, AboutView.swift, DashboardView.swift, DiagnosticsView.swift, DiagnosticsViewModel.swift, ForsettiWorkspaceShell.swift (in target 'Forsetti' from project 'Forsetti')

SwiftExplicitDependencyCompileModuleFromInterface arm64 /tmp/Forsetti-Jamf-Pro-DerivedData-324-fulltest/Build/Intermediates.noindex/SwiftExplicitPrecompiledModules/XCTest-YQKSYHJFOBQ0.swiftmodule

SwiftEmitModule normal arm64 Emitting\ module\ for\ ForsettiTests (in target 'ForsettiTests' from project 'Forsetti')

EmitSwiftModule normal arm64 (in target 'ForsettiTests' from project 'Forsetti')
    cd /Volumes/NVME/GitHub/Forsetti-Jamf-Pro


SwiftCompile normal arm64 Compiling\ ComputerSearchParityTests.swift,\ DeploymentDemoScenarioCatalogTests.swift,\ DeploymentTrackerDemoSafetyTests.swift /Volumes/NVME/GitHub/Forsetti-Jamf-Pro/ForsettiTests/ComputerSearchParityTests.swift /Volumes/NVME/GitHub/Forsetti-Jamf-Pro/ForsettiTests/DeploymentDemoScenarioCatalogTests.swift /Volumes/NVME/GitHub/Forsetti-Jamf-Pro/ForsettiTests/DeploymentTrackerDemoSafetyTests.swift (in target 'ForsettiTests' from project 'Forsetti')

SwiftCompile normal arm64 /Volumes/NVME/GitHub/Forsetti-Jamf-Pro/ForsettiTests/ComputerSearchParityTests.swift (in target 'ForsettiTests' from project 'Forsetti')
    cd /Volumes/NVME/GitHub/Forsetti-Jamf-Pro


SwiftCompile normal arm64 /Volumes/NVME/GitHub/Forsetti-Jamf-Pro/ForsettiTests/DeploymentDemoScenarioCatalogTests.swift (in target 'ForsettiTests' from project 'Forsetti')
    cd /Volumes/NVME/GitHub/Forsetti-Jamf-Pro


SwiftCompile normal arm64 /Volumes/NVME/GitHub/Forsetti-Jamf-Pro/ForsettiTests/DeploymentTrackerDemoSafetyTests.swift (in target 'ForsettiTests' from project 'Forsetti')
    cd /Volumes/NVME/GitHub/Forsetti-Jamf-Pro


SwiftCompile normal arm64 Compiling\ SupportManagementActionAvailabilityTests.swift,\ SupportTechnicianCacheTests.swift,\ SupportTechnicianCommandHistoryTests.swift /Volumes/NVME/GitHub/Forsetti-Jamf-Pro/ForsettiTests/SupportManagementActionAvailabilityTests.swift /Volumes/NVME/GitHub/Forsetti-Jamf-Pro/ForsettiTests/SupportTechnicianCacheTests.swift /Volumes/NVME/GitHub/Forsetti-Jamf-Pro/ForsettiTests/SupportTechnicianCommandHistoryTests.swift (in target 'ForsettiTests' from project 'Forsetti')

SwiftCompile normal arm64 /Volumes/NVME/GitHub/Forsetti-Jamf-Pro/ForsettiTests/SupportManagementActionAvailabilityTests.swift (in target 'ForsettiTests' from project 'Forsetti')
    cd /Volumes/NVME/GitHub/Forsetti-Jamf-Pro


SwiftCompile normal arm64 /Volumes/NVME/GitHub/Forsetti-Jamf-Pro/ForsettiTests/SupportTechnicianCacheTests.swift (in target 'ForsettiTests' from project 'Forsetti')
    cd /Volumes/NVME/GitHub/Forsetti-Jamf-Pro

/Volumes/NVME/GitHub/Forsetti-Jamf-Pro/ForsettiTests/SupportTechnicianCacheTests.swift:66:14: warning: result of call to 'withLock' is unused
        lock.withLock {
             ^        ~

SwiftCompile normal arm64 /Volumes/NVME/GitHub/Forsetti-Jamf-Pro/ForsettiTests/SupportTechnicianCommandHistoryTests.swift (in target 'ForsettiTests' from project 'Forsetti')
    cd /Volumes/NVME/GitHub/Forsetti-Jamf-Pro


SwiftDriverJobDiscovery normal arm64 Emitting module for ForsettiTests (in target 'ForsettiTests' from project 'Forsetti')

SwiftDriver\ Compilation\ Requirements ForsettiTests normal arm64 com.apple.xcode.tools.swift.compiler (in target 'ForsettiTests' from project 'Forsetti')
    cd /Volumes/NVME/GitHub/Forsetti-Jamf-Pro
    builtin-Swift-Compilation-Requirements -- /Applications/Xcode.app/Contents/Developer/Toolchains/XcodeDefault.xctoolchain/usr/bin/swiftc -module-name ForsettiTests -Onone @/tmp/Forsetti-Jamf-Pro-DerivedData-324-fulltest/Build/Intermediates.noindex/Forsetti.build/Debug/ForsettiTests.build/Objects-normal/arm64/ForsettiTests.SwiftFileList -DDEBUG -plugin-path /Applications/Xcode.app/Contents/Developer/Toolchains/XcodeDefault.xctoolchain/usr/lib/swift/host/plugins/testing -enable-bare-slash-regex -enable-experimental-feature DebugDescriptionMacro -sdk /Applications/Xcode.app/Contents/Developer/Platforms/MacOSX.platform/Developer/SDKs/MacOSX26.5.sdk -target arm64-apple-macos14.0 -g -module-cache-path /tmp/Forsetti-Jamf-Pro-DerivedData-324-fulltest/ModuleCache.noindex -Xfrontend -serialize-debugging-options -profile-coverage-mapping -profile-generate -enable-testing -index-store-path /tmp/Forsetti-Jamf-Pro-DerivedData-324-fulltest/Index.noindex/DataStore -Xcc -D_LIBCPP_HARDENING_MODE\=_LIBCPP_HARDENING_MODE_DEBUG -swift-version 5 -I /tmp/Forsetti-Jamf-Pro-DerivedData-324-fulltest/Build/Products/Debug -Isystem /Applications/Xcode.app/Contents/Developer/Platforms/MacOSX.platform/Developer/usr/lib -F /tmp/Forsetti-Jamf-Pro-DerivedData-324-fulltest/Build/Products/Debug/PackageFrameworks -F /tmp/Forsetti-Jamf-Pro-DerivedData-324-fulltest/Build/Products/Debug/PackageFrameworks -F /tmp/Forsetti-Jamf-Pro-DerivedData-324-fulltest/Build/Products/Debug -F /Applications/Xcode.app/Contents/Developer/Platforms/MacOSX.platform/Developer/Library/Frameworks -c -j8 -enable-batch-mode -incremental -Xcc -ivfsstatcache -Xcc /tmp/Forsetti-Jamf-Pro-DerivedData-324-fulltest/SDKStatCaches.noindex/macosx26.5-25F70-e082c4a02f00227109f4ed75e425c832.sdkstatcache -output-file-map /tmp/Forsetti-Jamf-Pro-DerivedData-324-fulltest/Build/Intermediates.noindex/Forsetti.build/Debug/ForsettiTests.build/Objects-normal/arm64/ForsettiTests-OutputFileMap.json -use-frontend-parseable-output -save-temps -no-color-diagnostics -explicit-module-build -module-cache-path /tmp/Forsetti-Jamf-Pro-DerivedData-324-fulltest/Build/Intermediates.noindex/SwiftExplicitPrecompiledModules -clang-scanner-module-cache-path /tmp/Forsetti-Jamf-Pro-DerivedData-324-fulltest/ModuleCache.noindex -sdk-module-cache-path /tmp/Forsetti-Jamf-Pro-DerivedData-324-fulltest/ModuleCache.noindex -serialize-diagnostics -emit-dependencies -emit-module -emit-module-path /tmp/Forsetti-Jamf-Pro-DerivedData-324-fulltest/Build/Intermediates.noindex/Forsetti.build/Debug/ForsettiTests.build/Objects-normal/arm64/ForsettiTests.swiftmodule -validate-clang-modules-once -clang-build-session-file /tmp/Forsetti-Jamf-Pro-DerivedData-324-fulltest/ModuleCache.noindex/Session.modulevalidation -Xcc -I/tmp/Forsetti-Jamf-Pro-DerivedData-324-fulltest/Build/Intermediates.noindex/Forsetti.build/Debug/ForsettiTests.build/swift-overrides.hmap -emit-const-values -Xfrontend -const-gather-protocols-file -Xfrontend /tmp/Forsetti-Jamf-Pro-DerivedData-324-fulltest/Build/Intermediates.noindex/Forsetti.build/Debug/ForsettiTests.build/Objects-normal/arm64/ForsettiTests_const_extract_protocols.json -Xcc -iquote -Xcc /tmp/Forsetti-Jamf-Pro-DerivedData-324-fulltest/Build/Intermediates.noindex/Forsetti.build/Debug/ForsettiTests.build/ForsettiTests-generated-files.hmap -Xcc -I/tmp/Forsetti-Jamf-Pro-DerivedData-324-fulltest/Build/Intermediates.noindex/Forsetti.build/Debug/ForsettiTests.build/ForsettiTests-own-target-headers.hmap -Xcc -I/tmp/Forsetti-Jamf-Pro-DerivedData-324-fulltest/Build/Intermediates.noindex/Forsetti.build/Debug/ForsettiTests.build/ForsettiTests-all-non-framework-target-headers.hmap -Xcc -ivfsoverlay -Xcc /tmp/Forsetti-Jamf-Pro-DerivedData-324-fulltest/Build/Intermediates.noindex/Forsetti.build/Debug/Forsetti-4fb3c4c4284d3dc37d66b05580302470-VFS/all-product-headers.yaml -Xcc -iquote -Xcc /tmp/Forsetti-Jamf-Pro-DerivedData-324-fulltest/Build/Intermediates.noindex/Forsetti.build/Debug/ForsettiTests.build/ForsettiTests-project-headers.hmap -Xcc -I/tmp/Forsetti-Jamf-Pro-DerivedData-324-fulltest/Build/Products/Debug/include -Xcc -I/tmp/Forsetti-Jamf-Pro-DerivedData-324-fulltest/Build/Intermediates.noindex/Forsetti.build/Debug/ForsettiTests.build/DerivedSources-normal/arm64 -Xcc -I/tmp/Forsetti-Jamf-Pro-DerivedData-324-fulltest/Build/Intermediates.noindex/Forsetti.build/Debug/ForsettiTests.build/DerivedSources/arm64 -Xcc -I/tmp/Forsetti-Jamf-Pro-DerivedData-324-fulltest/Build/Intermediates.noindex/Forsetti.build/Debug/ForsettiTests.build/DerivedSources -Xcc -DDEBUG\=1 -emit-objc-header -emit-objc-header-path /tmp/Forsetti-Jamf-Pro-DerivedData-324-fulltest/Build/Intermediates.noindex/Forsetti.build/Debug/ForsettiTests.build/Objects-normal/arm64/ForsettiTests-Swift.h -working-directory /Volumes/NVME/GitHub/Forsetti-Jamf-Pro -experimental-emit-module-separately -disable-cmo

SwiftDriverJobDiscovery normal arm64 Compiling ComputerSearchParityTests.swift, DeploymentDemoScenarioCatalogTests.swift, DeploymentTrackerDemoSafetyTests.swift (in target 'ForsettiTests' from project 'Forsetti')

SwiftCompile normal arm64 Compiling\ JamfRSQLFilterTests.swift,\ MobileDeviceFieldCatalogTests.swift,\ ReportsModuleTests.swift /Volumes/NVME/GitHub/Forsetti-Jamf-Pro/ForsettiTests/JamfRSQLFilterTests.swift /Volumes/NVME/GitHub/Forsetti-Jamf-Pro/ForsettiTests/MobileDeviceFieldCatalogTests.swift /Volumes/NVME/GitHub/Forsetti-Jamf-Pro/ForsettiTests/ReportsModuleTests.swift (in target 'ForsettiTests' from project 'Forsetti')

SwiftCompile normal arm64 /Volumes/NVME/GitHub/Forsetti-Jamf-Pro/ForsettiTests/JamfRSQLFilterTests.swift (in target 'ForsettiTests' from project 'Forsetti')
    cd /Volumes/NVME/GitHub/Forsetti-Jamf-Pro


SwiftCompile normal arm64 /Volumes/NVME/GitHub/Forsetti-Jamf-Pro/ForsettiTests/MobileDeviceFieldCatalogTests.swift (in target 'ForsettiTests' from project 'Forsetti')
    cd /Volumes/NVME/GitHub/Forsetti-Jamf-Pro


SwiftCompile normal arm64 /Volumes/NVME/GitHub/Forsetti-Jamf-Pro/ForsettiTests/ReportsModuleTests.swift (in target 'ForsettiTests' from project 'Forsetti')
    cd /Volumes/NVME/GitHub/Forsetti-Jamf-Pro


SwiftMergeGeneratedHeaders /tmp/Forsetti-Jamf-Pro-DerivedData-324-fulltest/Build/Intermediates.noindex/Forsetti.build/Debug/ForsettiTests.build/DerivedSources/ForsettiTests-Swift.h /tmp/Forsetti-Jamf-Pro-DerivedData-324-fulltest/Build/Intermediates.noindex/Forsetti.build/Debug/ForsettiTests.build/Objects-normal/arm64/ForsettiTests-Swift.h (in target 'ForsettiTests' from project 'Forsetti')
    cd /Volumes/NVME/GitHub/Forsetti-Jamf-Pro
    builtin-swiftHeaderTool -arch arm64 /tmp/Forsetti-Jamf-Pro-DerivedData-324-fulltest/Build/Intermediates.noindex/Forsetti.build/Debug/ForsettiTests.build/Objects-normal/arm64/ForsettiTests-Swift.h -o /tmp/Forsetti-Jamf-Pro-DerivedData-324-fulltest/Build/Intermediates.noindex/Forsetti.build/Debug/ForsettiTests.build/DerivedSources/ForsettiTests-Swift.h

SwiftDriverJobDiscovery normal arm64 Compiling SupportManagementActionAvailabilityTests.swift, SupportTechnicianCacheTests.swift, SupportTechnicianCommandHistoryTests.swift (in target 'ForsettiTests' from project 'Forsetti')

Copy /tmp/Forsetti-Jamf-Pro-DerivedData-324-fulltest/Build/Products/Debug/ForsettiTests.swiftmodule/arm64-apple-macos.swiftmodule /tmp/Forsetti-Jamf-Pro-DerivedData-324-fulltest/Build/Intermediates.noindex/Forsetti.build/Debug/ForsettiTests.build/Objects-normal/arm64/ForsettiTests.swiftmodule (in target 'ForsettiTests' from project 'Forsetti')
    cd /Volumes/NVME/GitHub/Forsetti-Jamf-Pro
    builtin-copy -exclude .DS_Store -exclude CVS -exclude .svn -exclude .git -exclude .hg -resolve-src-symlinks -rename /tmp/Forsetti-Jamf-Pro-DerivedData-324-fulltest/Build/Intermediates.noindex/Forsetti.build/Debug/ForsettiTests.build/Objects-normal/arm64/ForsettiTests.swiftmodule /tmp/Forsetti-Jamf-Pro-DerivedData-324-fulltest/Build/Products/Debug/ForsettiTests.swiftmodule/arm64-apple-macos.swiftmodule

Copy /tmp/Forsetti-Jamf-Pro-DerivedData-324-fulltest/Build/Products/Debug/ForsettiTests.swiftmodule/arm64-apple-macos.swiftdoc /tmp/Forsetti-Jamf-Pro-DerivedData-324-fulltest/Build/Intermediates.noindex/Forsetti.build/Debug/ForsettiTests.build/Objects-normal/arm64/ForsettiTests.swiftdoc (in target 'ForsettiTests' from project 'Forsetti')
    cd /Volumes/NVME/GitHub/Forsetti-Jamf-Pro
    builtin-copy -exclude .DS_Store -exclude CVS -exclude .svn -exclude .git -exclude .hg -resolve-src-symlinks -rename /tmp/Forsetti-Jamf-Pro-DerivedData-324-fulltest/Build/Intermediates.noindex/Forsetti.build/Debug/ForsettiTests.build/Objects-normal/arm64/ForsettiTests.swiftdoc /tmp/Forsetti-Jamf-Pro-DerivedData-324-fulltest/Build/Products/Debug/ForsettiTests.swiftmodule/arm64-apple-macos.swiftdoc

Copy /tmp/Forsetti-Jamf-Pro-DerivedData-324-fulltest/Build/Products/Debug/ForsettiTests.swiftmodule/arm64-apple-macos.abi.json /tmp/Forsetti-Jamf-Pro-DerivedData-324-fulltest/Build/Intermediates.noindex/Forsetti.build/Debug/ForsettiTests.build/Objects-normal/arm64/ForsettiTests.abi.json (in target 'ForsettiTests' from project 'Forsetti')
    cd /Volumes/NVME/GitHub/Forsetti-Jamf-Pro
    builtin-copy -exclude .DS_Store -exclude CVS -exclude .svn -exclude .git -exclude .hg -resolve-src-symlinks -rename /tmp/Forsetti-Jamf-Pro-DerivedData-324-fulltest/Build/Intermediates.noindex/Forsetti.build/Debug/ForsettiTests.build/Objects-normal/arm64/ForsettiTests.abi.json /tmp/Forsetti-Jamf-Pro-DerivedData-324-fulltest/Build/Products/Debug/ForsettiTests.swiftmodule/arm64-apple-macos.abi.json

Copy /tmp/Forsetti-Jamf-Pro-DerivedData-324-fulltest/Build/Products/Debug/ForsettiTests.swiftmodule/Project/arm64-apple-macos.swiftsourceinfo /tmp/Forsetti-Jamf-Pro-DerivedData-324-fulltest/Build/Intermediates.noindex/Forsetti.build/Debug/ForsettiTests.build/Objects-normal/arm64/ForsettiTests.swiftsourceinfo (in target 'ForsettiTests' from project 'Forsetti')
    cd /Volumes/NVME/GitHub/Forsetti-Jamf-Pro
    builtin-copy -exclude .DS_Store -exclude CVS -exclude .svn -exclude .git -exclude .hg -resolve-src-symlinks -rename /tmp/Forsetti-Jamf-Pro-DerivedData-324-fulltest/Build/Intermediates.noindex/Forsetti.build/Debug/ForsettiTests.build/Objects-normal/arm64/ForsettiTests.swiftsourceinfo /tmp/Forsetti-Jamf-Pro-DerivedData-324-fulltest/Build/Products/Debug/ForsettiTests.swiftmodule/Project/arm64-apple-macos.swiftsourceinfo

SwiftCompile normal arm64 Compiling\ SupportTechnicianDeviceSpecCatalogTests.swift,\ SupportTechnicianPrestageParserTests.swift /Volumes/NVME/GitHub/Forsetti-Jamf-Pro/ForsettiTests/SupportTechnicianDeviceSpecCatalogTests.swift /Volumes/NVME/GitHub/Forsetti-Jamf-Pro/ForsettiTests/SupportTechnicianPrestageParserTests.swift (in target 'ForsettiTests' from project 'Forsetti')

SwiftCompile normal arm64 /Volumes/NVME/GitHub/Forsetti-Jamf-Pro/ForsettiTests/SupportTechnicianDeviceSpecCatalogTests.swift (in target 'ForsettiTests' from project 'Forsetti')
    cd /Volumes/NVME/GitHub/Forsetti-Jamf-Pro


SwiftCompile normal arm64 /Volumes/NVME/GitHub/Forsetti-Jamf-Pro/ForsettiTests/SupportTechnicianPrestageParserTests.swift (in target 'ForsettiTests' from project 'Forsetti')
    cd /Volumes/NVME/GitHub/Forsetti-Jamf-Pro


SwiftDriverJobDiscovery normal arm64 Compiling SupportTechnicianDeviceSpecCatalogTests.swift, SupportTechnicianPrestageParserTests.swift (in target 'ForsettiTests' from project 'Forsetti')

SwiftCompile normal arm64 Compiling\ JamfCredentialsURLTests.swift,\ JamfFrameworkErrorMatchingTests.swift,\ JamfRSQLComposerTests.swift /Volumes/NVME/GitHub/Forsetti-Jamf-Pro/ForsettiTests/JamfCredentialsURLTests.swift /Volumes/NVME/GitHub/Forsetti-Jamf-Pro/ForsettiTests/JamfFrameworkErrorMatchingTests.swift /Volumes/NVME/GitHub/Forsetti-Jamf-Pro/ForsettiTests/JamfRSQLComposerTests.swift (in target 'ForsettiTests' from project 'Forsetti')

SwiftCompile normal arm64 /Volumes/NVME/GitHub/Forsetti-Jamf-Pro/ForsettiTests/JamfCredentialsURLTests.swift (in target 'ForsettiTests' from project 'Forsetti')
    cd /Volumes/NVME/GitHub/Forsetti-Jamf-Pro


SwiftCompile normal arm64 /Volumes/NVME/GitHub/Forsetti-Jamf-Pro/ForsettiTests/JamfFrameworkErrorMatchingTests.swift (in target 'ForsettiTests' from project 'Forsetti')
    cd /Volumes/NVME/GitHub/Forsetti-Jamf-Pro


SwiftCompile normal arm64 /Volumes/NVME/GitHub/Forsetti-Jamf-Pro/ForsettiTests/JamfRSQLComposerTests.swift (in target 'ForsettiTests' from project 'Forsetti')
    cd /Volumes/NVME/GitHub/Forsetti-Jamf-Pro


SwiftCompile normal arm64 Compiling\ ForsettiRetailIdentityTests.swift,\ ForsettiRetailUIFoundationTests.swift,\ JamfAPIGatewayUploadPaginationTests.swift /Volumes/NVME/GitHub/Forsetti-Jamf-Pro/ForsettiTests/ForsettiRetailIdentityTests.swift /Volumes/NVME/GitHub/Forsetti-Jamf-Pro/ForsettiTests/ForsettiRetailUIFoundationTests.swift /Volumes/NVME/GitHub/Forsetti-Jamf-Pro/ForsettiTests/JamfAPIGatewayUploadPaginationTests.swift (in target 'ForsettiTests' from project 'Forsetti')

SwiftCompile normal arm64 /Volumes/NVME/GitHub/Forsetti-Jamf-Pro/ForsettiTests/ForsettiRetailIdentityTests.swift (in target 'ForsettiTests' from project 'Forsetti')
    cd /Volumes/NVME/GitHub/Forsetti-Jamf-Pro


SwiftCompile normal arm64 /Volumes/NVME/GitHub/Forsetti-Jamf-Pro/ForsettiTests/ForsettiRetailUIFoundationTests.swift (in target 'ForsettiTests' from project 'Forsetti')
    cd /Volumes/NVME/GitHub/Forsetti-Jamf-Pro


SwiftCompile normal arm64 /Volumes/NVME/GitHub/Forsetti-Jamf-Pro/ForsettiTests/JamfAPIGatewayUploadPaginationTests.swift (in target 'ForsettiTests' from project 'Forsetti')
    cd /Volumes/NVME/GitHub/Forsetti-Jamf-Pro


SwiftDriverJobDiscovery normal arm64 Compiling JamfRSQLFilterTests.swift, MobileDeviceFieldCatalogTests.swift, ReportsModuleTests.swift (in target 'ForsettiTests' from project 'Forsetti')

SwiftCompile normal arm64 Compiling\ AppleDeviceModelCatalogTests.swift,\ AsyncSemaphoreTests.swift,\ CommandStatusMetalRendererTests.swift /Volumes/NVME/GitHub/Forsetti-Jamf-Pro/ForsettiTests/AppleDeviceModelCatalogTests.swift /Volumes/NVME/GitHub/Forsetti-Jamf-Pro/ForsettiTests/AsyncSemaphoreTests.swift /Volumes/NVME/GitHub/Forsetti-Jamf-Pro/ForsettiTests/CommandStatusMetalRendererTests.swift (in target 'ForsettiTests' from project 'Forsetti')

SwiftCompile normal arm64 /Volumes/NVME/GitHub/Forsetti-Jamf-Pro/ForsettiTests/AppleDeviceModelCatalogTests.swift (in target 'ForsettiTests' from project 'Forsetti')
    cd /Volumes/NVME/GitHub/Forsetti-Jamf-Pro


SwiftCompile normal arm64 /Volumes/NVME/GitHub/Forsetti-Jamf-Pro/ForsettiTests/AsyncSemaphoreTests.swift (in target 'ForsettiTests' from project 'Forsetti')
    cd /Volumes/NVME/GitHub/Forsetti-Jamf-Pro


SwiftCompile normal arm64 /Volumes/NVME/GitHub/Forsetti-Jamf-Pro/ForsettiTests/CommandStatusMetalRendererTests.swift (in target 'ForsettiTests' from project 'Forsetti')
    cd /Volumes/NVME/GitHub/Forsetti-Jamf-Pro


SwiftDriverJobDiscovery normal arm64 Compiling ScanIntoTextFieldButton.swift, ScannerInputSanitization.swift, ServerCredentialsView.swift, SettingsView.swift, SwiftUIPlatformCompat.swift, ComputerExtensionAttribute.swift, ComputerField.swift, ComputerRecord.swift, ComputerSearchProfile.swift, ComputerSearchProfileStore.swift, ComputerAdvancedSearchViewModel.swift, ComputerSearchViewModel.swift, ComputerAdvancedSearchView.swift, ComputerDetailView.swift, ComputerFieldCatalogView.swift, ComputerSearchView.swift, ComputerSearchModule.swift, DeploymentAppleCatalogService.swift, DeploymentAppleDeviceModelCatalog.swift, DeploymentHardwareDerivationService.swift, DeploymentDemoJamfInventoryPreloadClient.swift, DeploymentDemoScenario.swift (in target 'Forsetti' from project 'Forsetti')

SwiftCompile normal arm64 Compiling\ DeploymentTrackerGuideTests.swift,\ DeploymentTrackerModuleTests.swift,\ DiagnosticsCenterExportTests.swift /Volumes/NVME/GitHub/Forsetti-Jamf-Pro/ForsettiTests/DeploymentTrackerGuideTests.swift /Volumes/NVME/GitHub/Forsetti-Jamf-Pro/ForsettiTests/DeploymentTrackerModuleTests.swift /Volumes/NVME/GitHub/Forsetti-Jamf-Pro/ForsettiTests/DiagnosticsCenterExportTests.swift (in target 'ForsettiTests' from project 'Forsetti')

SwiftCompile normal arm64 /Volumes/NVME/GitHub/Forsetti-Jamf-Pro/ForsettiTests/DeploymentTrackerGuideTests.swift (in target 'ForsettiTests' from project 'Forsetti')
    cd /Volumes/NVME/GitHub/Forsetti-Jamf-Pro


SwiftCompile normal arm64 /Volumes/NVME/GitHub/Forsetti-Jamf-Pro/ForsettiTests/DeploymentTrackerModuleTests.swift (in target 'ForsettiTests' from project 'Forsetti')
    cd /Volumes/NVME/GitHub/Forsetti-Jamf-Pro


SwiftCompile normal arm64 /Volumes/NVME/GitHub/Forsetti-Jamf-Pro/ForsettiTests/DiagnosticsCenterExportTests.swift (in target 'ForsettiTests' from project 'Forsetti')
    cd /Volumes/NVME/GitHub/Forsetti-Jamf-Pro

/Volumes/NVME/GitHub/Forsetti-Jamf-Pro/ForsettiTests/DiagnosticsCenterExportTests.swift:30:38: warning: main actor-isolated property 'source' can not be referenced from a nonisolated autoclosure
        XCTAssertEqual(events.first?.source, "tests.export")
                                     ^
Forsetti.DiagnosticEvent.source:2:25: note: property declared here
@MainActor internal let source: String}
                        ^
/Volumes/NVME/GitHub/Forsetti-Jamf-Pro/ForsettiTests/DiagnosticsCenterExportTests.swift:31:38: warning: main actor-isolated property 'message' can not be referenced from a nonisolated autoclosure
        XCTAssertEqual(events.first?.message, "hello diagnostics")
                                     ^
Forsetti.DiagnosticEvent.message:2:25: note: property declared here
@MainActor internal let message: String}
                        ^
/Volumes/NVME/GitHub/Forsetti-Jamf-Pro/ForsettiTests/DiagnosticsCenterExportTests.swift:32:38: warning: main actor-isolated property 'metadata' can not be referenced from a nonisolated autoclosure
        XCTAssertEqual(events.first?.metadata["k1"], "v1")
                                     ^
Forsetti.DiagnosticEvent.metadata:2:25: note: property declared here
@MainActor internal let metadata: [String : String]}
                        ^
/Volumes/NVME/GitHub/Forsetti-Jamf-Pro/ForsettiTests/DiagnosticsCenterExportTests.swift:17:22: warning: main actor-isolated initializer 'init()' cannot be called from outside of the actor; this is an error in the Swift 6 language mode
        let center = DiagnosticsCenter()
                     ^~~~~~~~~~~~~~~~~~~
                     await
/Volumes/NVME/GitHub/Forsetti-Jamf-Pro/ForsettiTests/DiagnosticsCenterExportTests.swift:38:22: warning: main actor-isolated initializer 'init()' cannot be called from outside of the actor; this is an error in the Swift 6 language mode
        let center = DiagnosticsCenter()
                     ^~~~~~~~~~~~~~~~~~~
                     await
/Volumes/NVME/GitHub/Forsetti-Jamf-Pro/ForsettiTests/DiagnosticsCenterExportTests.swift:70:22: warning: main actor-isolated initializer 'init()' cannot be called from outside of the actor; this is an error in the Swift 6 language mode
        let center = DiagnosticsCenter()
                     ^~~~~~~~~~~~~~~~~~~
                     await
/Volumes/NVME/GitHub/Forsetti-Jamf-Pro/ForsettiTests/DiagnosticsCenterExportTests.swift:113:38: warning: main actor-isolated property 'metadata' can not be referenced from a nonisolated autoclosure
        XCTAssertEqual(events.first?.metadata["management_id"], "<redacted>")
                                     ^
Forsetti.DiagnosticEvent.metadata:2:25: note: property declared here
@MainActor internal let metadata: [String : String]}
                        ^
/Volumes/NVME/GitHub/Forsetti-Jamf-Pro/ForsettiTests/DiagnosticsCenterExportTests.swift:114:38: warning: main actor-isolated property 'metadata' can not be referenced from a nonisolated autoclosure
        XCTAssertEqual(events.first?.metadata["payload_preview"], "<redacted>")
                                     ^
Forsetti.DiagnosticEvent.metadata:2:25: note: property declared here
@MainActor internal let metadata: [String : String]}
                        ^
/Volumes/NVME/GitHub/Forsetti-Jamf-Pro/ForsettiTests/DiagnosticsCenterExportTests.swift:115:38: warning: main actor-isolated property 'metadata' can not be referenced from a nonisolated autoclosure
        XCTAssertEqual(events.first?.metadata["ticket"], "JAMF-456")
                                     ^
Forsetti.DiagnosticEvent.metadata:2:25: note: property declared here
@MainActor internal let metadata: [String : String]}
                        ^
/Volumes/NVME/GitHub/Forsetti-Jamf-Pro/ForsettiTests/DiagnosticsCenterExportTests.swift:97:22: warning: main actor-isolated initializer 'init()' cannot be called from outside of the actor; this is an error in the Swift 6 language mode
        let center = DiagnosticsCenter()
                     ^~~~~~~~~~~~~~~~~~~
                     await
/Volumes/NVME/GitHub/Forsetti-Jamf-Pro/ForsettiTests/DiagnosticsCenterExportTests.swift:142:38: warning: main actor-isolated property 'metadata' can not be referenced from a nonisolated autoclosure
        XCTAssertEqual(events.first?.metadata["endpoint"], "<redacted>")
                                     ^
Forsetti.DiagnosticEvent.metadata:2:25: note: property declared here
@MainActor internal let metadata: [String : String]}
                        ^
/Volumes/NVME/GitHub/Forsetti-Jamf-Pro/ForsettiTests/DiagnosticsCenterExportTests.swift:143:38: warning: main actor-isolated property 'metadata' can not be referenced from a nonisolated autoclosure
        XCTAssertEqual(events.first?.metadata["note"], "<redacted>")
                                     ^
Forsetti.DiagnosticEvent.metadata:2:25: note: property declared here
@MainActor internal let metadata: [String : String]}
                        ^
/Volumes/NVME/GitHub/Forsetti-Jamf-Pro/ForsettiTests/DiagnosticsCenterExportTests.swift:144:38: warning: main actor-isolated property 'metadata' can not be referenced from a nonisolated autoclosure
        XCTAssertEqual(events.first?.metadata["sample"], "<redacted>")
                                     ^
Forsetti.DiagnosticEvent.metadata:2:25: note: property declared here
@MainActor internal let metadata: [String : String]}
                        ^
/Volumes/NVME/GitHub/Forsetti-Jamf-Pro/ForsettiTests/DiagnosticsCenterExportTests.swift:145:38: warning: main actor-isolated property 'metadata' can not be referenced from a nonisolated autoclosure
        XCTAssertEqual(events.first?.metadata["ticket"], "JAMF-789")
                                     ^
Forsetti.DiagnosticEvent.metadata:2:25: note: property declared here
@MainActor internal let metadata: [String : String]}
                        ^
/Volumes/NVME/GitHub/Forsetti-Jamf-Pro/ForsettiTests/DiagnosticsCenterExportTests.swift:125:22: warning: main actor-isolated initializer 'init()' cannot be called from outside of the actor; this is an error in the Swift 6 language mode
        let center = DiagnosticsCenter()
                     ^~~~~~~~~~~~~~~~~~~
                     await
/Volumes/NVME/GitHub/Forsetti-Jamf-Pro/ForsettiTests/DiagnosticsCenterExportTests.swift:158:22: warning: main actor-isolated initializer 'init()' cannot be called from outside of the actor; this is an error in the Swift 6 language mode
        let center = DiagnosticsCenter()
                     ^~~~~~~~~~~~~~~~~~~
                     await
/Volumes/NVME/GitHub/Forsetti-Jamf-Pro/ForsettiTests/DiagnosticsCenterExportTests.swift:174:22: warning: main actor-isolated initializer 'init()' cannot be called from outside of the actor; this is an error in the Swift 6 language mode
        let center = DiagnosticsCenter()
                     ^~~~~~~~~~~~~~~~~~~
                     await
/Volumes/NVME/GitHub/Forsetti-Jamf-Pro/ForsettiTests/DiagnosticsCenterExportTests.swift:219:72: warning: main actor-isolated property 'metadata' can not be referenced from a nonisolated context
        let byCase = Dictionary(uniqueKeysWithValues: events.map { ($0.metadata["case"] ?? "", $0) })
                                                                       ^
Forsetti.DiagnosticEvent.metadata:2:25: note: property declared here
@MainActor internal let metadata: [String : String]}
                        ^
/Volumes/NVME/GitHub/Forsetti-Jamf-Pro/ForsettiTests/DiagnosticsCenterExportTests.swift:220:37: warning: main actor-isolated property 'message' can not be referenced from a nonisolated autoclosure
        XCTAssertEqual(byCase["1"]?.message, "must survive quit")
                                    ^
Forsetti.DiagnosticEvent.message:2:25: note: property declared here
@MainActor internal let message: String}
                        ^
/Volumes/NVME/GitHub/Forsetti-Jamf-Pro/ForsettiTests/DiagnosticsCenterExportTests.swift:221:37: warning: main actor-isolated property 'severity' can not be referenced from a nonisolated autoclosure
        XCTAssertEqual(byCase["1"]?.severity, .error)
                                    ^
Forsetti.DiagnosticEvent.severity:2:25: note: property declared here
@MainActor internal let severity: Forsetti.DiagnosticSeverity}
                        ^
/Volumes/NVME/GitHub/Forsetti-Jamf-Pro/ForsettiTests/DiagnosticsCenterExportTests.swift:222:37: warning: main actor-isolated property 'message' can not be referenced from a nonisolated autoclosure
        XCTAssertEqual(byCase["2"]?.message, "second event")
                                    ^
Forsetti.DiagnosticEvent.message:2:25: note: property declared here
@MainActor internal let message: String}
                        ^
/Volumes/NVME/GitHub/Forsetti-Jamf-Pro/ForsettiTests/DiagnosticsCenterExportTests.swift:223:37: warning: main actor-isolated property 'severity' can not be referenced from a nonisolated autoclosure
        XCTAssertEqual(byCase["2"]?.severity, .warning)
                                    ^
Forsetti.DiagnosticEvent.severity:2:25: note: property declared here
@MainActor internal let severity: Forsetti.DiagnosticSeverity}
                        ^
/Volumes/NVME/GitHub/Forsetti-Jamf-Pro/ForsettiTests/DiagnosticsCenterExportTests.swift:192:27: warning: main actor-isolated initializer 'init()' cannot be called from outside of the actor; this is an error in the Swift 6 language mode
        let firstCenter = DiagnosticsCenter()
                          ^~~~~~~~~~~~~~~~~~~
                          await
/Volumes/NVME/GitHub/Forsetti-Jamf-Pro/ForsettiTests/DiagnosticsCenterExportTests.swift:213:28: warning: main actor-isolated initializer 'init()' cannot be called from outside of the actor; this is an error in the Swift 6 language mode
        let secondCenter = DiagnosticsCenter()
                           ^~~~~~~~~~~~~~~~~~~
                           await
/Volumes/NVME/GitHub/Forsetti-Jamf-Pro/ForsettiTests/DiagnosticsCenterExportTests.swift:229:27: warning: main actor-isolated initializer 'init()' cannot be called from outside of the actor; this is an error in the Swift 6 language mode
        let firstCenter = DiagnosticsCenter()
                          ^~~~~~~~~~~~~~~~~~~
                          await
/Volumes/NVME/GitHub/Forsetti-Jamf-Pro/ForsettiTests/DiagnosticsCenterExportTests.swift:234:28: warning: main actor-isolated initializer 'init()' cannot be called from outside of the actor; this is an error in the Swift 6 language mode
        let secondCenter = DiagnosticsCenter()
                           ^~~~~~~~~~~~~~~~~~~
                           await
/Volumes/NVME/GitHub/Forsetti-Jamf-Pro/ForsettiTests/DiagnosticsCenterExportTests.swift:244:22: warning: main actor-isolated initializer 'init()' cannot be called from outside of the actor; this is an error in the Swift 6 language mode
        let center = DiagnosticsCenter()
                     ^~~~~~~~~~~~~~~~~~~
                     await

SwiftDriverJobDiscovery normal arm64 Compiling MobileDeviceRecord.swift, MobileDeviceSearchProfile.swift, RSQLOperator.swift, SmartFilter.swift, MobileDeviceSearchProfileStore.swift, SmartFilterStore.swift, AdvancedSearchViewModel.swift, MobileDeviceSearchViewModel.swift, AdvancedFieldPickerView.swift, AdvancedSearchView.swift, CriterionEditorRow.swift, FieldCatalogView.swift, HardwareInfoCard.swift, MobileDeviceDetailView.swift, MobileDeviceResultRow.swift, MobileDeviceSearchView.swift, SmartFilterListView.swift, MobileDeviceSearchModule.swift, PrestageDirectorModels.swift, PrestageDirectorViewModel.swift, PrestageDirectorView.swift (in target 'Forsetti' from project 'Forsetti')

SwiftDriverJobDiscovery normal arm64 Compiling JamfCredentialsURLTests.swift, JamfFrameworkErrorMatchingTests.swift, JamfRSQLComposerTests.swift (in target 'ForsettiTests' from project 'Forsetti')

SwiftDriverJobDiscovery normal arm64 Compiling AppleDeviceModelCatalogTests.swift, AsyncSemaphoreTests.swift, CommandStatusMetalRendererTests.swift (in target 'ForsettiTests' from project 'Forsetti')

SwiftDriverJobDiscovery normal arm64 Compiling ForsettiRetailIdentityTests.swift, ForsettiRetailUIFoundationTests.swift, JamfAPIGatewayUploadPaginationTests.swift (in target 'ForsettiTests' from project 'Forsetti')

SwiftDriverJobDiscovery normal arm64 Compiling DeploymentTrackerDemoDataFactory.swift, DeploymentTrackerDemoIntegrationSimulator.swift, DeploymentTrackerDemoMode.swift, DeploymentTrackerRuntimeMode.swift, DeploymentVendorImportModels.swift, DeploymentVendorImportParser.swift, AppleBusinessReadOnlyModels.swift, AppleBusinessVerificationService.swift, JamfInventoryPreloadCSVRenderer.swift, JamfInventoryPreloadModels.swift, JamfInventoryPreloadReconciliationService.swift, JamfInventoryPreloadService.swift, JamfInventoryPreloadValidator.swift, SDPlusCSVRenderer.swift, SDPlusExportModels.swift, SDPlusExportService.swift, DeploymentTrackerCoreModels.swift, DeploymentTrackerFieldModels.swift, CoreDataDeploymentTrackerStore.swift, DeploymentTrackerStore.swift, RecordsManagementExportService.swift, RecordsManagementModels.swift (in target 'Forsetti' from project 'Forsetti')

SwiftDriverJobDiscovery normal arm64 Compiling ForsettiApp.swift, ForsettiAppIdentity.swift, ForsettiFrameworkContainer.swift, ForsettiRetailBootstrap.swift, CommandStatusFallbackView.swift, CommandStatusIndicatorView.swift, CommandStatusMetalRenderer.swift, ForsettiCommandActivityBar.swift, AppleDeviceModelCatalog.swift, HardwareBatteryRingView.swift, HardwareStorageFallbackBar.swift, HardwareStorageGaugeView.swift, HardwareStorageMetalRenderer.swift, ForsettiButtonStyle.swift, ForsettiBrandMark.swift, ForsettiColors.swift, ForsettiMetalBackgroundView.swift, ForsettiRetailSurfaceComponents.swift, ForsettiSearchResultTypography.swift, ForsettiTheme.swift, JamfCredentials.swift, JamfFrameworkError.swift (in target 'Forsetti' from project 'Forsetti')

SwiftDriverJobDiscovery normal arm64 Compiling DeploymentTrackerGuideTests.swift, DeploymentTrackerModuleTests.swift, DiagnosticsCenterExportTests.swift (in target 'ForsettiTests' from project 'Forsetti')

SwiftDriver\ Compilation ForsettiTests normal arm64 com.apple.xcode.tools.swift.compiler (in target 'ForsettiTests' from project 'Forsetti')
    cd /Volumes/NVME/GitHub/Forsetti-Jamf-Pro
    builtin-Swift-Compilation -- /Applications/Xcode.app/Contents/Developer/Toolchains/XcodeDefault.xctoolchain/usr/bin/swiftc -module-name ForsettiTests -Onone @/tmp/Forsetti-Jamf-Pro-DerivedData-324-fulltest/Build/Intermediates.noindex/Forsetti.build/Debug/ForsettiTests.build/Objects-normal/arm64/ForsettiTests.SwiftFileList -DDEBUG -plugin-path /Applications/Xcode.app/Contents/Developer/Toolchains/XcodeDefault.xctoolchain/usr/lib/swift/host/plugins/testing -enable-bare-slash-regex -enable-experimental-feature DebugDescriptionMacro -sdk /Applications/Xcode.app/Contents/Developer/Platforms/MacOSX.platform/Developer/SDKs/MacOSX26.5.sdk -target arm64-apple-macos14.0 -g -module-cache-path /tmp/Forsetti-Jamf-Pro-DerivedData-324-fulltest/ModuleCache.noindex -Xfrontend -serialize-debugging-options -profile-coverage-mapping -profile-generate -enable-testing -index-store-path /tmp/Forsetti-Jamf-Pro-DerivedData-324-fulltest/Index.noindex/DataStore -Xcc -D_LIBCPP_HARDENING_MODE\=_LIBCPP_HARDENING_MODE_DEBUG -swift-version 5 -I /tmp/Forsetti-Jamf-Pro-DerivedData-324-fulltest/Build/Products/Debug -Isystem /Applications/Xcode.app/Contents/Developer/Platforms/MacOSX.platform/Developer/usr/lib -F /tmp/Forsetti-Jamf-Pro-DerivedData-324-fulltest/Build/Products/Debug/PackageFrameworks -F /tmp/Forsetti-Jamf-Pro-DerivedData-324-fulltest/Build/Products/Debug/PackageFrameworks -F /tmp/Forsetti-Jamf-Pro-DerivedData-324-fulltest/Build/Products/Debug -F /Applications/Xcode.app/Contents/Developer/Platforms/MacOSX.platform/Developer/Library/Frameworks -c -j8 -enable-batch-mode -incremental -Xcc -ivfsstatcache -Xcc /tmp/Forsetti-Jamf-Pro-DerivedData-324-fulltest/SDKStatCaches.noindex/macosx26.5-25F70-e082c4a02f00227109f4ed75e425c832.sdkstatcache -output-file-map /tmp/Forsetti-Jamf-Pro-DerivedData-324-fulltest/Build/Intermediates.noindex/Forsetti.build/Debug/ForsettiTests.build/Objects-normal/arm64/ForsettiTests-OutputFileMap.json -use-frontend-parseable-output -save-temps -no-color-diagnostics -explicit-module-build -module-cache-path /tmp/Forsetti-Jamf-Pro-DerivedData-324-fulltest/Build/Intermediates.noindex/SwiftExplicitPrecompiledModules -clang-scanner-module-cache-path /tmp/Forsetti-Jamf-Pro-DerivedData-324-fulltest/ModuleCache.noindex -sdk-module-cache-path /tmp/Forsetti-Jamf-Pro-DerivedData-324-fulltest/ModuleCache.noindex -serialize-diagnostics -emit-dependencies -emit-module -emit-module-path /tmp/Forsetti-Jamf-Pro-DerivedData-324-fulltest/Build/Intermediates.noindex/Forsetti.build/Debug/ForsettiTests.build/Objects-normal/arm64/ForsettiTests.swiftmodule -validate-clang-modules-once -clang-build-session-file /tmp/Forsetti-Jamf-Pro-DerivedData-324-fulltest/ModuleCache.noindex/Session.modulevalidation -Xcc -I/tmp/Forsetti-Jamf-Pro-DerivedData-324-fulltest/Build/Intermediates.noindex/Forsetti.build/Debug/ForsettiTests.build/swift-overrides.hmap -emit-const-values -Xfrontend -const-gather-protocols-file -Xfrontend /tmp/Forsetti-Jamf-Pro-DerivedData-324-fulltest/Build/Intermediates.noindex/Forsetti.build/Debug/ForsettiTests.build/Objects-normal/arm64/ForsettiTests_const_extract_protocols.json -Xcc -iquote -Xcc /tmp/Forsetti-Jamf-Pro-DerivedData-324-fulltest/Build/Intermediates.noindex/Forsetti.build/Debug/ForsettiTests.build/ForsettiTests-generated-files.hmap -Xcc -I/tmp/Forsetti-Jamf-Pro-DerivedData-324-fulltest/Build/Intermediates.noindex/Forsetti.build/Debug/ForsettiTests.build/ForsettiTests-own-target-headers.hmap -Xcc -I/tmp/Forsetti-Jamf-Pro-DerivedData-324-fulltest/Build/Intermediates.noindex/Forsetti.build/Debug/ForsettiTests.build/ForsettiTests-all-non-framework-target-headers.hmap -Xcc -ivfsoverlay -Xcc /tmp/Forsetti-Jamf-Pro-DerivedData-324-fulltest/Build/Intermediates.noindex/Forsetti.build/Debug/Forsetti-4fb3c4c4284d3dc37d66b05580302470-VFS/all-product-headers.yaml -Xcc -iquote -Xcc /tmp/Forsetti-Jamf-Pro-DerivedData-324-fulltest/Build/Intermediates.noindex/Forsetti.build/Debug/ForsettiTests.build/ForsettiTests-project-headers.hmap -Xcc -I/tmp/Forsetti-Jamf-Pro-DerivedData-324-fulltest/Build/Products/Debug/include -Xcc -I/tmp/Forsetti-Jamf-Pro-DerivedData-324-fulltest/Build/Intermediates.noindex/Forsetti.build/Debug/ForsettiTests.build/DerivedSources-normal/arm64 -Xcc -I/tmp/Forsetti-Jamf-Pro-DerivedData-324-fulltest/Build/Intermediates.noindex/Forsetti.build/Debug/ForsettiTests.build/DerivedSources/arm64 -Xcc -I/tmp/Forsetti-Jamf-Pro-DerivedData-324-fulltest/Build/Intermediates.noindex/Forsetti.build/Debug/ForsettiTests.build/DerivedSources -Xcc -DDEBUG\=1 -emit-objc-header -emit-objc-header-path /tmp/Forsetti-Jamf-Pro-DerivedData-324-fulltest/Build/Intermediates.noindex/Forsetti.build/Debug/ForsettiTests.build/Objects-normal/arm64/ForsettiTests-Swift.h -working-directory /Volumes/NVME/GitHub/Forsetti-Jamf-Pro -experimental-emit-module-separately -disable-cmo

SwiftDriverJobDiscovery normal arm64 Compiling DeploymentKPIRingFallbackView.swift, DeploymentKPIRingRenderer.swift, DeploymentKPIRingView.swift, DeploymentFieldCatalogService.swift, DeploymentKPIProjectionService.swift, DeploymentTrackerSeedData.swift, DeploymentWorkbenchProjectionService.swift, DeploymentDashboardViews.swift, DeploymentDemoRibbonView.swift, DeploymentDemoViews.swift, DeploymentDemoVisualFlareViews.swift, DeploymentTrackerGuideView.swift, DeploymentWorkbenchViews.swift, DeploymentWorkspaceViews.swift, DeploymentWorkbenchModels.swift, DeploymentWorkflowEngine.swift, DeploymentTrackerModule.swift, AdvancedQuery.swift, MobileDeviceExtensionAttribute.swift, MobileDeviceField.swift, MobileDeviceFieldCatalog+Generated.swift, MobileDeviceFieldDataType.swift (in target 'Forsetti' from project 'Forsetti')

SwiftDriverJobDiscovery normal arm64 Compiling ReportsAggregator.swift, ReportsInventoryService.swift, ReportsPaginationPolicy.swift, ReportsQueryPlanner.swift, ReportsViewModel.swift, GeneratedReportView.swift, ReportBuilderView.swift, ReportsView.swift, ReportVisualizationViews.swift, ReportsModule.swift, SupportTechnicianDeviceSpecCatalog.swift, SupportTechnicianModels.swift, SupportTechnicianAPIService.swift, SupportTechnicianCache.swift, SupportTechnicianViewModel.swift, CategoryFrame.swift, SupportFrames.swift, SupportTechnicianView.swift, SupportTypedConfirmationSheet.swift, SupportTechnicianModule.swift, GeneratedAssetSymbols.swift (in target 'Forsetti' from project 'Forsetti')

SwiftDriver\ Compilation Forsetti normal arm64 com.apple.xcode.tools.swift.compiler (in target 'Forsetti' from project 'Forsetti')
    cd /Volumes/NVME/GitHub/Forsetti-Jamf-Pro
    builtin-Swift-Compilation -- /Applications/Xcode.app/Contents/Developer/Toolchains/XcodeDefault.xctoolchain/usr/bin/swiftc -module-name Forsetti -Onone @/tmp/Forsetti-Jamf-Pro-DerivedData-324-fulltest/Build/Intermediates.noindex/Forsetti.build/Debug/Forsetti.build/Objects-normal/arm64/Forsetti.SwiftFileList -DDEBUG -default-isolation\=MainActor -enable-bare-slash-regex -enable-upcoming-feature DisableOutwardActorInference -enable-upcoming-feature InferSendableFromCaptures -enable-upcoming-feature GlobalActorIsolatedTypesUsability -enable-upcoming-feature MemberImportVisibility -enable-upcoming-feature InferIsolatedConformances -enable-upcoming-feature NonisolatedNonsendingByDefault -enable-experimental-feature DebugDescriptionMacro -sdk /Applications/Xcode.app/Contents/Developer/Platforms/MacOSX.platform/Developer/SDKs/MacOSX26.5.sdk -target arm64-apple-macos14.0 -g -module-cache-path /tmp/Forsetti-Jamf-Pro-DerivedData-324-fulltest/ModuleCache.noindex -Xfrontend -serialize-debugging-options -profile-coverage-mapping -profile-generate -enable-testing -index-store-path /tmp/Forsetti-Jamf-Pro-DerivedData-324-fulltest/Index.noindex/DataStore -Xcc -D_LIBCPP_HARDENING_MODE\=_LIBCPP_HARDENING_MODE_DEBUG -swift-version 5 -I /tmp/Forsetti-Jamf-Pro-DerivedData-324-fulltest/Build/Products/Debug -F /tmp/Forsetti-Jamf-Pro-DerivedData-324-fulltest/Build/Products/Debug/PackageFrameworks -F /tmp/Forsetti-Jamf-Pro-DerivedData-324-fulltest/Build/Products/Debug/PackageFrameworks -F /tmp/Forsetti-Jamf-Pro-DerivedData-324-fulltest/Build/Products/Debug -emit-localized-strings -emit-localized-strings-path /tmp/Forsetti-Jamf-Pro-DerivedData-324-fulltest/Build/Intermediates.noindex/Forsetti.build/Debug/Forsetti.build/Objects-normal/arm64 -c -j8 -enable-batch-mode -incremental -Xcc -ivfsstatcache -Xcc /tmp/Forsetti-Jamf-Pro-DerivedData-324-fulltest/SDKStatCaches.noindex/macosx26.5-25F70-e082c4a02f00227109f4ed75e425c832.sdkstatcache -output-file-map /tmp/Forsetti-Jamf-Pro-DerivedData-324-fulltest/Build/Intermediates.noindex/Forsetti.build/Debug/Forsetti.build/Objects-normal/arm64/Forsetti-OutputFileMap.json -use-frontend-parseable-output -save-temps -no-color-diagnostics -explicit-module-build -module-cache-path /tmp/Forsetti-Jamf-Pro-DerivedData-324-fulltest/Build/Intermediates.noindex/SwiftExplicitPrecompiledModules -clang-scanner-module-cache-path /tmp/Forsetti-Jamf-Pro-DerivedData-324-fulltest/ModuleCache.noindex -sdk-module-cache-path /tmp/Forsetti-Jamf-Pro-DerivedData-324-fulltest/ModuleCache.noindex -serialize-diagnostics -emit-dependencies -emit-module -emit-module-path /tmp/Forsetti-Jamf-Pro-DerivedData-324-fulltest/Build/Intermediates.noindex/Forsetti.build/Debug/Forsetti.build/Objects-normal/arm64/Forsetti.swiftmodule -validate-clang-modules-once -clang-build-session-file /tmp/Forsetti-Jamf-Pro-DerivedData-324-fulltest/ModuleCache.noindex/Session.modulevalidation -Xcc -I/tmp/Forsetti-Jamf-Pro-DerivedData-324-fulltest/Build/Intermediates.noindex/Forsetti.build/Debug/Forsetti.build/swift-overrides.hmap -emit-const-values -Xfrontend -const-gather-protocols-file -Xfrontend /tmp/Forsetti-Jamf-Pro-DerivedData-324-fulltest/Build/Intermediates.noindex/Forsetti.build/Debug/Forsetti.build/Objects-normal/arm64/Forsetti_const_extract_protocols.json -Xcc -iquote -Xcc /tmp/Forsetti-Jamf-Pro-DerivedData-324-fulltest/Build/Intermediates.noindex/Forsetti.build/Debug/Forsetti.build/Forsetti-generated-files.hmap -Xcc -I/tmp/Forsetti-Jamf-Pro-DerivedData-324-fulltest/Build/Intermediates.noindex/Forsetti.build/Debug/Forsetti.build/Forsetti-own-target-headers.hmap -Xcc -I/tmp/Forsetti-Jamf-Pro-DerivedData-324-fulltest/Build/Intermediates.noindex/Forsetti.build/Debug/Forsetti.build/Forsetti-all-non-framework-target-headers.hmap -Xcc -ivfsoverlay -Xcc /tmp/Forsetti-Jamf-Pro-DerivedData-324-fulltest/Build/Intermediates.noindex/Forsetti.build/Debug/Forsetti-4fb3c4c4284d3dc37d66b05580302470-VFS/all-product-headers.yaml -Xcc -iquote -Xcc /tmp/Forsetti-Jamf-Pro-DerivedData-324-fulltest/Build/Intermediates.noindex/Forsetti.build/Debug/Forsetti.build/Forsetti-project-headers.hmap -Xcc -I/tmp/Forsetti-Jamf-Pro-DerivedData-324-fulltest/Build/Products/Debug/include -Xcc -I/tmp/Forsetti-Jamf-Pro-DerivedData-324-fulltest/Build/Intermediates.noindex/Forsetti.build/Debug/Forsetti.build/DerivedSources-normal/arm64 -Xcc -I/tmp/Forsetti-Jamf-Pro-DerivedData-324-fulltest/Build/Intermediates.noindex/Forsetti.build/Debug/Forsetti.build/DerivedSources/arm64 -Xcc -I/tmp/Forsetti-Jamf-Pro-DerivedData-324-fulltest/Build/Intermediates.noindex/Forsetti.build/Debug/Forsetti.build/DerivedSources -Xcc -DDEBUG\=1 -emit-objc-header -emit-objc-header-path /tmp/Forsetti-Jamf-Pro-DerivedData-324-fulltest/Build/Intermediates.noindex/Forsetti.build/Debug/Forsetti.build/Objects-normal/arm64/Forsetti-Swift.h -working-directory /Volumes/NVME/GitHub/Forsetti-Jamf-Pro -experimental-emit-module-separately -disable-cmo

Ld /tmp/Forsetti-Jamf-Pro-DerivedData-324-fulltest/Build/Products/Debug/Forsetti.app/Contents/MacOS/Forsetti.debug.dylib normal (in target 'Forsetti' from project 'Forsetti')
    cd /Volumes/NVME/GitHub/Forsetti-Jamf-Pro
    /Applications/Xcode.app/Contents/Developer/Toolchains/XcodeDefault.xctoolchain/usr/bin/clang -Xlinker -reproducible -target arm64-apple-macos14.0 -dynamiclib -isysroot /Applications/Xcode.app/Contents/Developer/Platforms/MacOSX.platform/Developer/SDKs/MacOSX26.5.sdk -O0 -L/tmp/Forsetti-Jamf-Pro-DerivedData-324-fulltest/Build/Intermediates.noindex/EagerLinkingTBDs/Debug -L/tmp/Forsetti-Jamf-Pro-DerivedData-324-fulltest/Build/Products/Debug -F/tmp/Forsetti-Jamf-Pro-DerivedData-324-fulltest/Build/Intermediates.noindex/EagerLinkingTBDs/Debug -F/tmp/Forsetti-Jamf-Pro-DerivedData-324-fulltest/Build/Products/Debug/PackageFrameworks -F/tmp/Forsetti-Jamf-Pro-DerivedData-324-fulltest/Build/Products/Debug/PackageFrameworks -F/tmp/Forsetti-Jamf-Pro-DerivedData-324-fulltest/Build/Products/Debug -filelist /tmp/Forsetti-Jamf-Pro-DerivedData-324-fulltest/Build/Intermediates.noindex/Forsetti.build/Debug/Forsetti.build/Objects-normal/arm64/Forsetti.LinkFileList -install_name @rpath/Forsetti.debug.dylib -Xlinker -rpath -Xlinker /usr/lib/swift -Xlinker -rpath -Xlinker /tmp/Forsetti-Jamf-Pro-DerivedData-324-fulltest/Build/Products/Debug/PackageFrameworks -Xlinker -rpath -Xlinker @executable_path/Frameworks -Xlinker -dead_strip -Xlinker -object_path_lto -Xlinker /tmp/Forsetti-Jamf-Pro-DerivedData-324-fulltest/Build/Intermediates.noindex/Forsetti.build/Debug/Forsetti.build/Objects-normal/arm64/Forsetti_lto.o -rdynamic -Xlinker -no_deduplicate -Xlinker -debug_variant -Xlinker -dependency_info -Xlinker /tmp/Forsetti-Jamf-Pro-DerivedData-324-fulltest/Build/Intermediates.noindex/Forsetti.build/Debug/Forsetti.build/Objects-normal/arm64/Forsetti_dependency_info.dat -fobjc-link-runtime -fprofile-instr-generate -L/Applications/Xcode.app/Contents/Developer/Toolchains/XcodeDefault.xctoolchain/usr/lib/swift/macosx -L/usr/lib/swift -Xlinker -add_ast_path -Xlinker /tmp/Forsetti-Jamf-Pro-DerivedData-324-fulltest/Build/Intermediates.noindex/Forsetti.build/Debug/Forsetti.build/Objects-normal/arm64/Forsetti.swiftmodule @/tmp/Forsetti-Jamf-Pro-DerivedData-324-fulltest/Build/Intermediates.noindex/Forsetti.build/Debug/Forsetti.build/Objects-normal/arm64/Forsetti-linker-args.resp -Wl,-no_warn_duplicate_libraries -Wl,-no_warn_duplicate_libraries -Xlinker -alias -Xlinker _main -Xlinker ___debug_main_executable_dylib_entry_point -o /tmp/Forsetti-Jamf-Pro-DerivedData-324-fulltest/Build/Products/Debug/Forsetti.app/Contents/MacOS/Forsetti.debug.dylib -Xlinker -add_ast_path -Xlinker /tmp/Forsetti-Jamf-Pro-DerivedData-324-fulltest/Build/Intermediates.noindex/ForsettiFramework.build/Debug/ForsettiCore.build/Objects-normal/arm64/ForsettiCore.swiftmodule @/tmp/Forsetti-Jamf-Pro-DerivedData-324-fulltest/Build/Intermediates.noindex/ForsettiFramework.build/Debug/ForsettiCore.build/Objects-normal/arm64/ForsettiCore-linker-args.resp -Xlinker -add_ast_path -Xlinker /tmp/Forsetti-Jamf-Pro-DerivedData-324-fulltest/Build/Intermediates.noindex/ForsettiFramework.build/Debug/ForsettiPlatform.build/Objects-normal/arm64/ForsettiPlatform.swiftmodule @/tmp/Forsetti-Jamf-Pro-DerivedData-324-fulltest/Build/Intermediates.noindex/ForsettiFramework.build/Debug/ForsettiPlatform.build/Objects-normal/arm64/ForsettiPlatform-linker-args.resp

ConstructStubExecutorLinkFileList /tmp/Forsetti-Jamf-Pro-DerivedData-324-fulltest/Build/Intermediates.noindex/Forsetti.build/Debug/Forsetti.build/Forsetti-ExecutorLinkFileList-normal-arm64.txt (in target 'Forsetti' from project 'Forsetti')
    cd /Volumes/NVME/GitHub/Forsetti-Jamf-Pro
    construct-stub-executor-link-file-list /tmp/Forsetti-Jamf-Pro-DerivedData-324-fulltest/Build/Products/Debug/Forsetti.app/Contents/MacOS/Forsetti.debug.dylib /Applications/Xcode.app/Contents/Developer/Platforms/MacOSX.platform/Developer/usr/lib/libPreviewsJITStubExecutor_no_swift_entry_point.a /Applications/Xcode.app/Contents/Developer/Platforms/MacOSX.platform/Developer/usr/lib/libPreviewsJITStubExecutor.a --output /tmp/Forsetti-Jamf-Pro-DerivedData-324-fulltest/Build/Intermediates.noindex/Forsetti.build/Debug/Forsetti.build/Forsetti-ExecutorLinkFileList-normal-arm64.txt
note: Using stub executor library with Swift entry point. (in target 'Forsetti' from project 'Forsetti')

Ld /tmp/Forsetti-Jamf-Pro-DerivedData-324-fulltest/Build/Products/Debug/Forsetti.app/Contents/MacOS/Forsetti normal (in target 'Forsetti' from project 'Forsetti')
    cd /Volumes/NVME/GitHub/Forsetti-Jamf-Pro
    /Applications/Xcode.app/Contents/Developer/Toolchains/XcodeDefault.xctoolchain/usr/bin/clang -Xlinker -reproducible -target arm64-apple-macos14.0 -isysroot /Applications/Xcode.app/Contents/Developer/Platforms/MacOSX.platform/Developer/SDKs/MacOSX26.5.sdk -O0 -L/tmp/Forsetti-Jamf-Pro-DerivedData-324-fulltest/Build/Products/Debug -F/tmp/Forsetti-Jamf-Pro-DerivedData-324-fulltest/Build/Products/Debug/PackageFrameworks -F/tmp/Forsetti-Jamf-Pro-DerivedData-324-fulltest/Build/Products/Debug/PackageFrameworks -F/tmp/Forsetti-Jamf-Pro-DerivedData-324-fulltest/Build/Products/Debug -Xlinker -rpath -Xlinker @executable_path -Xlinker -rpath -Xlinker /tmp/Forsetti-Jamf-Pro-DerivedData-324-fulltest/Build/Products/Debug/PackageFrameworks -Xlinker -rpath -Xlinker @executable_path/Frameworks -rdynamic -Xlinker -no_deduplicate -Xlinker -debug_variant -e ___debug_blank_executor_main -Xlinker -sectcreate -Xlinker __TEXT -Xlinker __debug_dylib -Xlinker /tmp/Forsetti-Jamf-Pro-DerivedData-324-fulltest/Build/Intermediates.noindex/Forsetti.build/Debug/Forsetti.build/Forsetti-DebugDylibPath-normal-arm64.txt -Xlinker -sectcreate -Xlinker __TEXT -Xlinker __debug_instlnm -Xlinker /tmp/Forsetti-Jamf-Pro-DerivedData-324-fulltest/Build/Intermediates.noindex/Forsetti.build/Debug/Forsetti.build/Forsetti-DebugDylibInstallName-normal-arm64.txt -Xlinker -filelist -Xlinker /tmp/Forsetti-Jamf-Pro-DerivedData-324-fulltest/Build/Intermediates.noindex/Forsetti.build/Debug/Forsetti.build/Forsetti-ExecutorLinkFileList-normal-arm64.txt /tmp/Forsetti-Jamf-Pro-DerivedData-324-fulltest/Build/Products/Debug/Forsetti.app/Contents/MacOS/Forsetti.debug.dylib -o /tmp/Forsetti-Jamf-Pro-DerivedData-324-fulltest/Build/Products/Debug/Forsetti.app/Contents/MacOS/Forsetti

ExtractAppIntentsMetadata (in target 'Forsetti' from project 'Forsetti')
    cd /Volumes/NVME/GitHub/Forsetti-Jamf-Pro
    /Applications/Xcode.app/Contents/Developer/Toolchains/XcodeDefault.xctoolchain/usr/bin/appintentsmetadataprocessor --toolchain-dir /Applications/Xcode.app/Contents/Developer/Toolchains/XcodeDefault.xctoolchain --module-name Forsetti --sdk-root /Applications/Xcode.app/Contents/Developer/Platforms/MacOSX.platform/Developer/SDKs/MacOSX26.5.sdk --xcode-version 17F42 --platform-family macOS --deployment-target 14.0 --bundle-identifier com.ravenforge.forsetti --output /tmp/Forsetti-Jamf-Pro-DerivedData-324-fulltest/Build/Products/Debug/Forsetti.app/Contents/Resources --target-triple arm64-apple-macos14.0 --binary-file /tmp/Forsetti-Jamf-Pro-DerivedData-324-fulltest/Build/Products/Debug/Forsetti.app/Contents/MacOS/Forsetti --dependency-file /tmp/Forsetti-Jamf-Pro-DerivedData-324-fulltest/Build/Intermediates.noindex/Forsetti.build/Debug/Forsetti.build/Objects-normal/arm64/Forsetti_dependency_info.dat --stringsdata-file /tmp/Forsetti-Jamf-Pro-DerivedData-324-fulltest/Build/Intermediates.noindex/Forsetti.build/Debug/Forsetti.build/Objects-normal/arm64/ExtractedAppShortcutsMetadata.stringsdata --source-file-list /tmp/Forsetti-Jamf-Pro-DerivedData-324-fulltest/Build/Intermediates.noindex/Forsetti.build/Debug/Forsetti.build/Objects-normal/arm64/Forsetti.SwiftFileList --metadata-file-list /tmp/Forsetti-Jamf-Pro-DerivedData-324-fulltest/Build/Intermediates.noindex/Forsetti.build/Debug/Forsetti.build/Forsetti.DependencyMetadataFileList --static-metadata-file-list /tmp/Forsetti-Jamf-Pro-DerivedData-324-fulltest/Build/Intermediates.noindex/Forsetti.build/Debug/Forsetti.build/Forsetti.DependencyStaticMetadataFileList --swift-const-vals-list /tmp/Forsetti-Jamf-Pro-DerivedData-324-fulltest/Build/Intermediates.noindex/Forsetti.build/Debug/Forsetti.build/Objects-normal/arm64/Forsetti.SwiftConstValuesFileList --compile-time-extraction --deployment-aware-processing --validate-system-intents --no-app-shortcuts-localization
2026-05-31 11:18:44.576 appintentsmetadataprocessor[15679:7303397] Starting appintentsmetadataprocessor export
2026-05-31 11:18:44.578 appintentsmetadataprocessor[15679:7303397] warning: Metadata extraction skipped. No AppIntents.framework dependency found.

CopySwiftLibs /tmp/Forsetti-Jamf-Pro-DerivedData-324-fulltest/Build/Products/Debug/Forsetti.app (in target 'Forsetti' from project 'Forsetti')
    cd /Volumes/NVME/GitHub/Forsetti-Jamf-Pro
    builtin-swiftStdLibTool --copy --verbose --scan-executable /tmp/Forsetti-Jamf-Pro-DerivedData-324-fulltest/Build/Products/Debug/Forsetti.app/Contents/MacOS/Forsetti.debug.dylib --scan-folder /tmp/Forsetti-Jamf-Pro-DerivedData-324-fulltest/Build/Products/Debug/Forsetti.app/Contents/Frameworks --scan-folder /tmp/Forsetti-Jamf-Pro-DerivedData-324-fulltest/Build/Products/Debug/Forsetti.app/Contents/PlugIns --scan-folder /tmp/Forsetti-Jamf-Pro-DerivedData-324-fulltest/Build/Products/Debug/Forsetti.app/Contents/Library/SystemExtensions --scan-folder /tmp/Forsetti-Jamf-Pro-DerivedData-324-fulltest/Build/Products/Debug/Forsetti.app/Contents/Extensions --platform macosx --toolchain /Applications/Xcode.app/Contents/Developer/Toolchains/XcodeDefault.xctoolchain --destination /tmp/Forsetti-Jamf-Pro-DerivedData-324-fulltest/Build/Products/Debug/Forsetti.app/Contents/Frameworks --strip-bitcode --strip-bitcode-tool /Applications/Xcode.app/Contents/Developer/Toolchains/XcodeDefault.xctoolchain/usr/bin/bitcode_strip --emit-dependency-info /tmp/Forsetti-Jamf-Pro-DerivedData-324-fulltest/Build/Intermediates.noindex/Forsetti.build/Debug/Forsetti.build/SwiftStdLibToolInputDependencies.dep --filter-for-swift-os --back-deploy-swift-span
Ignoring --strip-bitcode because --sign was not passed

Ld /tmp/Forsetti-Jamf-Pro-DerivedData-324-fulltest/Build/Products/Debug/Forsetti.app/Contents/PlugIns/ForsettiTests.xctest/Contents/MacOS/ForsettiTests normal (in target 'ForsettiTests' from project 'Forsetti')
    cd /Volumes/NVME/GitHub/Forsetti-Jamf-Pro
    /Applications/Xcode.app/Contents/Developer/Toolchains/XcodeDefault.xctoolchain/usr/bin/clang -Xlinker -reproducible -target arm64-apple-macos14.0 -bundle -isysroot /Applications/Xcode.app/Contents/Developer/Platforms/MacOSX.platform/Developer/SDKs/MacOSX26.5.sdk -O0 -L/tmp/Forsetti-Jamf-Pro-DerivedData-324-fulltest/Build/Intermediates.noindex/EagerLinkingTBDs/Debug -L/tmp/Forsetti-Jamf-Pro-DerivedData-324-fulltest/Build/Products/Debug -L/Applications/Xcode.app/Contents/Developer/Platforms/MacOSX.platform/Developer/usr/lib -F/tmp/Forsetti-Jamf-Pro-DerivedData-324-fulltest/Build/Intermediates.noindex/EagerLinkingTBDs/Debug -F/tmp/Forsetti-Jamf-Pro-DerivedData-324-fulltest/Build/Products/Debug/PackageFrameworks -F/tmp/Forsetti-Jamf-Pro-DerivedData-324-fulltest/Build/Products/Debug/PackageFrameworks -F/tmp/Forsetti-Jamf-Pro-DerivedData-324-fulltest/Build/Products/Debug -iframework /Applications/Xcode.app/Contents/Developer/Platforms/MacOSX.platform/Developer/Library/Frameworks -filelist /tmp/Forsetti-Jamf-Pro-DerivedData-324-fulltest/Build/Intermediates.noindex/Forsetti.build/Debug/ForsettiTests.build/Objects-normal/arm64/ForsettiTests.LinkFileList -Xlinker -rpath -Xlinker /usr/lib/swift -Xlinker -rpath -Xlinker /tmp/Forsetti-Jamf-Pro-DerivedData-324-fulltest/Build/Products/Debug/PackageFrameworks -Xlinker -rpath -Xlinker @loader_path/../Frameworks -Xlinker -rpath -Xlinker @executable_path/../Frameworks -Xlinker -dead_strip -bundle_loader /tmp/Forsetti-Jamf-Pro-DerivedData-324-fulltest/Build/Products/Debug/Forsetti.app/Contents/MacOS/Forsetti -Xlinker -object_path_lto -Xlinker /tmp/Forsetti-Jamf-Pro-DerivedData-324-fulltest/Build/Intermediates.noindex/Forsetti.build/Debug/ForsettiTests.build/Objects-normal/arm64/ForsettiTests_lto.o -rdynamic -Xlinker -no_deduplicate -Xlinker -debug_variant -Xlinker -dependency_info -Xlinker /tmp/Forsetti-Jamf-Pro-DerivedData-324-fulltest/Build/Intermediates.noindex/Forsetti.build/Debug/ForsettiTests.build/Objects-normal/arm64/ForsettiTests_dependency_info.dat -fobjc-link-runtime -fprofile-instr-generate -L/Applications/Xcode.app/Contents/Developer/Toolchains/XcodeDefault.xctoolchain/usr/lib/swift/macosx -L/usr/lib/swift -Xlinker -add_ast_path -Xlinker /tmp/Forsetti-Jamf-Pro-DerivedData-324-fulltest/Build/Intermediates.noindex/Forsetti.build/Debug/ForsettiTests.build/Objects-normal/arm64/ForsettiTests.swiftmodule @/tmp/Forsetti-Jamf-Pro-DerivedData-324-fulltest/Build/Intermediates.noindex/Forsetti.build/Debug/ForsettiTests.build/Objects-normal/arm64/ForsettiTests-linker-args.resp -Wl,-no_warn_duplicate_libraries -Wl,-no_warn_duplicate_libraries -Xlinker -needed_framework -Xlinker XCTest -framework XCTest -Xlinker -needed-lXCTestSwiftSupport -lXCTestSwiftSupport /tmp/Forsetti-Jamf-Pro-DerivedData-324-fulltest/Build/Products/Debug/Forsetti.app/Contents/MacOS/Forsetti.debug.dylib -o /tmp/Forsetti-Jamf-Pro-DerivedData-324-fulltest/Build/Products/Debug/Forsetti.app/Contents/PlugIns/ForsettiTests.xctest/Contents/MacOS/ForsettiTests

ProcessInfoPlistFile /tmp/Forsetti-Jamf-Pro-DerivedData-324-fulltest/Build/Products/Debug/Forsetti.app/Contents/PlugIns/ForsettiTests.xctest/Contents/Info.plist /tmp/Forsetti-Jamf-Pro-DerivedData-324-fulltest/Build/Intermediates.noindex/Forsetti.build/Debug/ForsettiTests.build/empty-ForsettiTests.plist (in target 'ForsettiTests' from project 'Forsetti')
    cd /Volumes/NVME/GitHub/Forsetti-Jamf-Pro
    builtin-infoPlistUtility /tmp/Forsetti-Jamf-Pro-DerivedData-324-fulltest/Build/Intermediates.noindex/Forsetti.build/Debug/ForsettiTests.build/empty-ForsettiTests.plist -producttype com.apple.product-type.bundle.unit-test -expandbuildsettings -platform macosx -o /tmp/Forsetti-Jamf-Pro-DerivedData-324-fulltest/Build/Products/Debug/Forsetti.app/Contents/PlugIns/ForsettiTests.xctest/Contents/Info.plist

CopySwiftLibs /tmp/Forsetti-Jamf-Pro-DerivedData-324-fulltest/Build/Products/Debug/Forsetti.app/Contents/PlugIns/ForsettiTests.xctest (in target 'ForsettiTests' from project 'Forsetti')
    cd /Volumes/NVME/GitHub/Forsetti-Jamf-Pro
    builtin-swiftStdLibTool --copy --verbose --scan-executable /tmp/Forsetti-Jamf-Pro-DerivedData-324-fulltest/Build/Products/Debug/Forsetti.app/Contents/PlugIns/ForsettiTests.xctest/Contents/MacOS/ForsettiTests --scan-folder /tmp/Forsetti-Jamf-Pro-DerivedData-324-fulltest/Build/Products/Debug/Forsetti.app/Contents/PlugIns/ForsettiTests.xctest/Contents/Frameworks --scan-folder /tmp/Forsetti-Jamf-Pro-DerivedData-324-fulltest/Build/Products/Debug/Forsetti.app/Contents/PlugIns/ForsettiTests.xctest/Contents/PlugIns --scan-folder /tmp/Forsetti-Jamf-Pro-DerivedData-324-fulltest/Build/Products/Debug/Forsetti.app/Contents/PlugIns/ForsettiTests.xctest/Contents/Library/SystemExtensions --scan-folder /tmp/Forsetti-Jamf-Pro-DerivedData-324-fulltest/Build/Products/Debug/Forsetti.app/Contents/PlugIns/ForsettiTests.xctest/Contents/Extensions --platform macosx --toolchain /Applications/Xcode.app/Contents/Developer/Toolchains/XcodeDefault.xctoolchain --destination /tmp/Forsetti-Jamf-Pro-DerivedData-324-fulltest/Build/Products/Debug/Forsetti.app/Contents/PlugIns/ForsettiTests.xctest/Contents/Frameworks --strip-bitcode --scan-executable /Applications/Xcode.app/Contents/Developer/Platforms/MacOSX.platform/Developer/usr/lib/libXCTestSwiftSupport.dylib --strip-bitcode-tool /Applications/Xcode.app/Contents/Developer/Toolchains/XcodeDefault.xctoolchain/usr/bin/bitcode_strip --emit-dependency-info /tmp/Forsetti-Jamf-Pro-DerivedData-324-fulltest/Build/Intermediates.noindex/Forsetti.build/Debug/ForsettiTests.build/SwiftStdLibToolInputDependencies.dep --filter-for-swift-os --back-deploy-swift-span
Ignoring --strip-bitcode because --sign was not passed

ExtractAppIntentsMetadata (in target 'ForsettiTests' from project 'Forsetti')
    cd /Volumes/NVME/GitHub/Forsetti-Jamf-Pro
    /Applications/Xcode.app/Contents/Developer/Toolchains/XcodeDefault.xctoolchain/usr/bin/appintentsmetadataprocessor --toolchain-dir /Applications/Xcode.app/Contents/Developer/Toolchains/XcodeDefault.xctoolchain --module-name ForsettiTests --sdk-root /Applications/Xcode.app/Contents/Developer/Platforms/MacOSX.platform/Developer/SDKs/MacOSX26.5.sdk --xcode-version 17F42 --platform-family macOS --deployment-target 14.0 --bundle-identifier com.ravenforge.forsetti.tests --output /tmp/Forsetti-Jamf-Pro-DerivedData-324-fulltest/Build/Products/Debug/Forsetti.app/Contents/PlugIns/ForsettiTests.xctest/Contents/Resources --target-triple arm64-apple-macos14.0 --binary-file /tmp/Forsetti-Jamf-Pro-DerivedData-324-fulltest/Build/Products/Debug/Forsetti.app/Contents/PlugIns/ForsettiTests.xctest/Contents/MacOS/ForsettiTests --dependency-file /tmp/Forsetti-Jamf-Pro-DerivedData-324-fulltest/Build/Intermediates.noindex/Forsetti.build/Debug/ForsettiTests.build/Objects-normal/arm64/ForsettiTests_dependency_info.dat --stringsdata-file /tmp/Forsetti-Jamf-Pro-DerivedData-324-fulltest/Build/Intermediates.noindex/Forsetti.build/Debug/ForsettiTests.build/Objects-normal/arm64/ExtractedAppShortcutsMetadata.stringsdata --source-file-list /tmp/Forsetti-Jamf-Pro-DerivedData-324-fulltest/Build/Intermediates.noindex/Forsetti.build/Debug/ForsettiTests.build/Objects-normal/arm64/ForsettiTests.SwiftFileList --metadata-file-list /tmp/Forsetti-Jamf-Pro-DerivedData-324-fulltest/Build/Intermediates.noindex/Forsetti.build/Debug/ForsettiTests.build/ForsettiTests.DependencyMetadataFileList --static-metadata-file-list /tmp/Forsetti-Jamf-Pro-DerivedData-324-fulltest/Build/Intermediates.noindex/Forsetti.build/Debug/ForsettiTests.build/ForsettiTests.DependencyStaticMetadataFileList --swift-const-vals-list /tmp/Forsetti-Jamf-Pro-DerivedData-324-fulltest/Build/Intermediates.noindex/Forsetti.build/Debug/ForsettiTests.build/Objects-normal/arm64/ForsettiTests.SwiftConstValuesFileList --compile-time-extraction --deployment-aware-processing --validate-system-intents --no-app-shortcuts-localization
2026-05-31 11:18:44.825 appintentsmetadataprocessor[15682:7303411] Starting appintentsmetadataprocessor export
2026-05-31 11:18:44.826 appintentsmetadataprocessor[15682:7303411] warning: Metadata extraction skipped. No AppIntents.framework dependency found.

RegisterExecutionPolicyException /tmp/Forsetti-Jamf-Pro-DerivedData-324-fulltest/Build/Products/Debug/Forsetti.app/Contents/PlugIns/ForsettiTests.xctest (in target 'ForsettiTests' from project 'Forsetti')
    cd /Volumes/NVME/GitHub/Forsetti-Jamf-Pro
    builtin-RegisterExecutionPolicyException /tmp/Forsetti-Jamf-Pro-DerivedData-324-fulltest/Build/Products/Debug/Forsetti.app/Contents/PlugIns/ForsettiTests.xctest

Touch /tmp/Forsetti-Jamf-Pro-DerivedData-324-fulltest/Build/Products/Debug/Forsetti.app/Contents/PlugIns/ForsettiTests.xctest (in target 'ForsettiTests' from project 'Forsetti')
    cd /Volumes/NVME/GitHub/Forsetti-Jamf-Pro
    /usr/bin/touch -c /tmp/Forsetti-Jamf-Pro-DerivedData-324-fulltest/Build/Products/Debug/Forsetti.app/Contents/PlugIns/ForsettiTests.xctest

RegisterExecutionPolicyException /tmp/Forsetti-Jamf-Pro-DerivedData-324-fulltest/Build/Products/Debug/Forsetti.app (in target 'Forsetti' from project 'Forsetti')
    cd /Volumes/NVME/GitHub/Forsetti-Jamf-Pro
    builtin-RegisterExecutionPolicyException /tmp/Forsetti-Jamf-Pro-DerivedData-324-fulltest/Build/Products/Debug/Forsetti.app

Validate /tmp/Forsetti-Jamf-Pro-DerivedData-324-fulltest/Build/Products/Debug/Forsetti.app (in target 'Forsetti' from project 'Forsetti')
    cd /Volumes/NVME/GitHub/Forsetti-Jamf-Pro
    builtin-validationUtility /tmp/Forsetti-Jamf-Pro-DerivedData-324-fulltest/Build/Products/Debug/Forsetti.app -no-validate-extension -infoplist-subpath Contents/Info.plist

Touch /tmp/Forsetti-Jamf-Pro-DerivedData-324-fulltest/Build/Products/Debug/Forsetti.app (in target 'Forsetti' from project 'Forsetti')
    cd /Volumes/NVME/GitHub/Forsetti-Jamf-Pro
    /usr/bin/touch -c /tmp/Forsetti-Jamf-Pro-DerivedData-324-fulltest/Build/Products/Debug/Forsetti.app

RegisterWithLaunchServices /tmp/Forsetti-Jamf-Pro-DerivedData-324-fulltest/Build/Products/Debug/Forsetti.app (in target 'Forsetti' from project 'Forsetti')
    cd /Volumes/NVME/GitHub/Forsetti-Jamf-Pro
    /System/Library/Frameworks/CoreServices.framework/Versions/Current/Frameworks/LaunchServices.framework/Versions/Current/Support/lsregister -f -R -trusted /tmp/Forsetti-Jamf-Pro-DerivedData-324-fulltest/Build/Products/Debug/Forsetti.app

2026-05-31 11:18:45.669968-0500 Forsetti[15687:7303511] [Connection] Unable to get synchronousRemoteObjectProxy, error: Error Domain=NSCocoaErrorDomain Code=4097 "connection to service named com.apple.linkd.autoShortcut" UserInfo={NSDebugDescription=connection to service named com.apple.linkd.autoShortcut}
2026-05-31 11:18:45.670109-0500 Forsetti[15687:7303511] [Application] Error registering app with intents framework: Error Domain=NSCocoaErrorDomain Code=4097 "connection to service named com.apple.linkd.autoShortcut" UserInfo={NSDebugDescription=connection to service named com.apple.linkd.autoShortcut}
2026-05-31 11:18:45.670331-0500 Forsetti[15687:7303507] [Connection] Unable to get synchronousRemoteObjectProxy, error: Error Domain=NSCocoaErrorDomain Code=4097 "connection to service named com.apple.linkd.autoShortcut" UserInfo={NSDebugDescription=connection to service named com.apple.linkd.autoShortcut}
2026-05-31 11:18:45.670343-0500 Forsetti[15687:7303507] [Connection] Unable to re-register with Process Instance Registry, error: Error Domain=NSCocoaErrorDomain Code=4097 "connection to service named com.apple.linkd.autoShortcut" UserInfo={NSDebugDescription=connection to service named com.apple.linkd.autoShortcut}
2026-05-31 11:18:45.670667-0500 Forsetti[15687:7303506] [Connection] Unable to get synchronousRemoteObjectProxy, error: Error Domain=NSCocoaErrorDomain Code=4097 "connection to service named com.apple.linkd.autoShortcut" UserInfo={NSDebugDescription=connection to service named com.apple.linkd.autoShortcut}
2026-05-31 11:18:45.670677-0500 Forsetti[15687:7303506] [Connection] Unable to re-register with Process Instance Registry, error: Error Domain=NSCocoaErrorDomain Code=4097 "connection to service named com.apple.linkd.autoShortcut" UserInfo={NSDebugDescription=connection to service named com.apple.linkd.autoShortcut}
2026-05-31 11:18:45.670948-0500 Forsetti[15687:7303511] [Connection] Unable to get synchronousRemoteObjectProxy, error: Error Domain=NSCocoaErrorDomain Code=4097 "connection to service named com.apple.linkd.autoShortcut" UserInfo={NSDebugDescription=connection to service named com.apple.linkd.autoShortcut}
2026-05-31 11:18:45.671221-0500 Forsetti[15687:7303515] [Connection] Unable to get synchronousRemoteObjectProxy, error: Error Domain=NSCocoaErrorDomain Code=4097 "connection to service named com.apple.linkd.autoShortcut" UserInfo={NSDebugDescription=connection to service named com.apple.linkd.autoShortcut}
2026-05-31 11:18:45.671616-0500 Forsetti[15687:7303511] [Connection] Unable to re-register with Process Instance Registry, error: Error Domain=NSCocoaErrorDomain Code=4097 "connection to service named com.apple.linkd.autoShortcut" UserInfo={NSDebugDescription=connection to service named com.apple.linkd.autoShortcut}
2026-05-31 11:18:45.671505-0500 Forsetti[15687:7303517] [Connection] Unable to get synchronousRemoteObjectProxy, error: Error Domain=NSCocoaErrorDomain Code=4097 "connection to service named com.apple.linkd.autoShortcut" UserInfo={NSDebugDescription=connection to service named com.apple.linkd.autoShortcut}
2026-05-31 11:18:45.671624-0500 Forsetti[15687:7303515] [Connection] Unable to re-register with Process Instance Registry, error: Error Domain=NSCocoaErrorDomain Code=4097 "connection to service named com.apple.linkd.autoShortcut" UserInfo={NSDebugDescription=connection to service named com.apple.linkd.autoShortcut}
2026-05-31 11:18:45.671782-0500 Forsetti[15687:7303506] [Connection] Will NOT re-try to establish the connection
2026-05-31 11:18:45.672488-0500 Forsetti[15687:7303517] [Connection] Unable to re-register with Process Instance Registry, error: Error Domain=NSCocoaErrorDomain Code=4097 "connection to service named com.apple.linkd.autoShortcut" UserInfo={NSDebugDescription=connection to service named com.apple.linkd.autoShortcut}
2026-05-31 11:18:45.672501-0500 Forsetti[15687:7303518] [Connection] Unable to get synchronousRemoteObjectProxy, error: Error Domain=NSCocoaErrorDomain Code=4097 "connection to service named com.apple.linkd.autoShortcut" UserInfo={NSDebugDescription=connection to service named com.apple.linkd.autoShortcut}
2026-05-31 11:18:45.674134-0500 Forsetti[15687:7303518] [Connection] Unable to re-register with Process Instance Registry, error: Error Domain=NSCocoaErrorDomain Code=4097 "connection to service named com.apple.linkd.autoShortcut" UserInfo={NSDebugDescription=connection to service named com.apple.linkd.autoShortcut}
2026-05-31 11:18:45.722025-0500 Forsetti[15687:7303460] ApplePersistenceIgnoreState: Existing state will not be touched. New state will be written to /var/folders/nd/fhx3h0_53_v3s5q9wzyw710c0000gn/T/com.ravenforge.forsetti.savedState
2026-05-31 11:18:46.010220-0500 Forsetti[15687:7303507] [modules] framework.module-packages — Module package bootstrap completed. [package_count=6]
Test Suite 'All tests' started at 2026-05-31 11:18:46.087.
Test Suite 'ForsettiTests.xctest' started at 2026-05-31 11:18:46.087.
Test Suite 'AppleDeviceModelCatalogTests' started at 2026-05-31 11:18:46.087.
Test Case '-[ForsettiTests.AppleDeviceModelCatalogTests test_emptyIdentifierReturnsNil]' started.
Test Case '-[ForsettiTests.AppleDeviceModelCatalogTests test_emptyIdentifierReturnsNil]' passed (0.001 seconds).
Test Case '-[ForsettiTests.AppleDeviceModelCatalogTests test_everyEntryHasNonEmptyMarketingAndChipNames]' started.
Test Case '-[ForsettiTests.AppleDeviceModelCatalogTests test_everyEntryHasNonEmptyMarketingAndChipNames]' passed (0.001 seconds).
Test Case '-[ForsettiTests.AppleDeviceModelCatalogTests test_fixedRamModelsIgnoreCapacity]' started.
Test Case '-[ForsettiTests.AppleDeviceModelCatalogTests test_fixedRamModelsIgnoreCapacity]' passed (0.000 seconds).
Test Case '-[ForsettiTests.AppleDeviceModelCatalogTests test_identifierIsTrimmedBeforeLookup]' started.
Test Case '-[ForsettiTests.AppleDeviceModelCatalogTests test_identifierIsTrimmedBeforeLookup]' passed (0.001 seconds).
Test Case '-[ForsettiTests.AppleDeviceModelCatalogTests test_knownIdentifierResolves]' started.
Test Case '-[ForsettiTests.AppleDeviceModelCatalogTests test_knownIdentifierResolves]' passed (0.000 seconds).
Test Case '-[ForsettiTests.AppleDeviceModelCatalogTests test_m4IPadPro11Has16GBOnTerabytePlus]' started.
Test Case '-[ForsettiTests.AppleDeviceModelCatalogTests test_m4IPadPro11Has16GBOnTerabytePlus]' passed (0.000 seconds).
Test Case '-[ForsettiTests.AppleDeviceModelCatalogTests test_m4IPadPro11Has8GBOnSubTerabyte]' started.
Test Case '-[ForsettiTests.AppleDeviceModelCatalogTests test_m4IPadPro11Has8GBOnSubTerabyte]' passed (0.000 seconds).
Test Case '-[ForsettiTests.AppleDeviceModelCatalogTests test_m4IPadPro13Has16GBOnTerabytePlus]' started.
Test Case '-[ForsettiTests.AppleDeviceModelCatalogTests test_m4IPadPro13Has16GBOnTerabytePlus]' passed (0.000 seconds).
Test Case '-[ForsettiTests.AppleDeviceModelCatalogTests test_m4IPadPro13Has8GBOnSubTerabyte]' started.
Test Case '-[ForsettiTests.AppleDeviceModelCatalogTests test_m4IPadPro13Has8GBOnSubTerabyte]' passed (0.000 seconds).
Test Case '-[ForsettiTests.AppleDeviceModelCatalogTests test_splitTierWithoutCapacityReturnsNil]' started.
Test Case '-[ForsettiTests.AppleDeviceModelCatalogTests test_splitTierWithoutCapacityReturnsNil]' passed (0.000 seconds).
Test Case '-[ForsettiTests.AppleDeviceModelCatalogTests test_unknownIdentifierReturnsNil]' started.
Test Case '-[ForsettiTests.AppleDeviceModelCatalogTests test_unknownIdentifierReturnsNil]' passed (0.000 seconds).
Test Suite 'AppleDeviceModelCatalogTests' passed at 2026-05-31 11:18:46.096.
	 Executed 11 tests, with 0 failures (0 unexpected) in 0.005 (0.009) seconds
Test Suite 'AsyncSemaphoreTests' started at 2026-05-31 11:18:46.100.
Test Case '-[ForsettiTests.AsyncSemaphoreTests test_acquire_withFreePermit_doesNotBlock]' started.
Test Case '-[ForsettiTests.AsyncSemaphoreTests test_acquire_withFreePermit_doesNotBlock]' passed (0.001 seconds).
Test Case '-[ForsettiTests.AsyncSemaphoreTests test_concurrentAcquires_unblockAsPermitsRelease]' started.
Test Case '-[ForsettiTests.AsyncSemaphoreTests test_concurrentAcquires_unblockAsPermitsRelease]' passed (0.011 seconds).
Test Case '-[ForsettiTests.AsyncSemaphoreTests test_multipleAcquireRelease_reusesPermitsCleanly]' started.
Test Case '-[ForsettiTests.AsyncSemaphoreTests test_multipleAcquireRelease_reusesPermitsCleanly]' passed (0.001 seconds).
Test Case '-[ForsettiTests.AsyncSemaphoreTests test_withPermitStandIn_doesNotLeakOnThrow]' started.
Test Case '-[ForsettiTests.AsyncSemaphoreTests test_withPermitStandIn_doesNotLeakOnThrow]' passed (0.061 seconds).
Test Suite 'AsyncSemaphoreTests' passed at 2026-05-31 11:18:46.174.
	 Executed 4 tests, with 0 failures (0 unexpected) in 0.074 (0.075) seconds
Test Suite 'CommandStatusMetalRendererTests' started at 2026-05-31 11:18:46.174.
Test Case '-[ForsettiTests.CommandStatusMetalRendererTests test_commandStatusMetalRendererPipelineCompiles]' started.
Test Case '-[ForsettiTests.CommandStatusMetalRendererTests test_commandStatusMetalRendererPipelineCompiles]' passed (0.019 seconds).
Test Case '-[ForsettiTests.CommandStatusMetalRendererTests test_commandStatusRenderPayloadUsesObsidianDataStreamStatusVectors]' started.
Test Case '-[ForsettiTests.CommandStatusMetalRendererTests test_commandStatusRenderPayloadUsesObsidianDataStreamStatusVectors]' passed (0.001 seconds).
Test Suite 'CommandStatusMetalRendererTests' passed at 2026-05-31 11:18:46.195.
	 Executed 2 tests, with 0 failures (0 unexpected) in 0.020 (0.020) seconds
Test Suite 'ComputerSearchParityTests' started at 2026-05-31 11:18:46.195.
Test Case '-[ForsettiTests.ComputerSearchParityTests testComputerAdvancedSearchViewModelComposesComputerFields]' started.
Test Case '-[ForsettiTests.ComputerSearchParityTests testComputerAdvancedSearchViewModelComposesComputerFields]' passed (0.003 seconds).
Test Case '-[ForsettiTests.ComputerSearchParityTests testComputerExtensionAttributeMetadataBuildsClientFilterField]' started.
Test Case '-[ForsettiTests.ComputerSearchParityTests testComputerExtensionAttributeMetadataBuildsClientFilterField]' passed (0.000 seconds).
Test Case '-[ForsettiTests.ComputerSearchParityTests testComputerFieldCatalogCarriesTypedSearchMetadata]' started.
Test Case '-[ForsettiTests.ComputerSearchParityTests testComputerFieldCatalogCarriesTypedSearchMetadata]' passed (0.000 seconds).
Test Case '-[ForsettiTests.ComputerSearchParityTests testComputerRecordExposesDynamicValuesAndExtensionAttributes]' started.
Test Case '-[ForsettiTests.ComputerSearchParityTests testComputerRecordExposesDynamicValuesAndExtensionAttributes]' passed (0.002 seconds).
Test Case '-[ForsettiTests.ComputerSearchParityTests testComputerRSQLComposerRoutesExtensionAttributesToClientCriteria]' started.
Test Case '-[ForsettiTests.ComputerSearchParityTests testComputerRSQLComposerRoutesExtensionAttributesToClientCriteria]' passed (0.000 seconds).
Test Case '-[ForsettiTests.ComputerSearchParityTests testComputerRSQLComposerUsesComputerFieldSections]' started.
Test Case '-[ForsettiTests.ComputerSearchParityTests testComputerRSQLComposerUsesComputerFieldSections]' passed (0.000 seconds).
Test Suite 'ComputerSearchParityTests' passed at 2026-05-31 11:18:46.202.
	 Executed 6 tests, with 0 failures (0 unexpected) in 0.006 (0.007) seconds
Test Suite 'DeploymentDemoScenarioCatalogTests' started at 2026-05-31 11:18:46.202.
Test Case '-[ForsettiTests.DeploymentDemoScenarioCatalogTests test_demoScenarioCatalogContainsAllPass2RequiredScenarioIDs]' started.
Test Case '-[ForsettiTests.DeploymentDemoScenarioCatalogTests test_demoScenarioCatalogContainsAllPass2RequiredScenarioIDs]' passed (0.001 seconds).
Test Case '-[ForsettiTests.DeploymentDemoScenarioCatalogTests test_demoScenarioCatalogContainsAtLeastTwelveScenarios]' started.
Test Case '-[ForsettiTests.DeploymentDemoScenarioCatalogTests test_demoScenarioCatalogContainsAtLeastTwelveScenarios]' passed (0.000 seconds).
Test Case '-[ForsettiTests.DeploymentDemoScenarioCatalogTests test_demoScenarioCatalogCoversRequiredWorkspaces]' started.
Test Case '-[ForsettiTests.DeploymentDemoScenarioCatalogTests test_demoScenarioCatalogCoversRequiredWorkspaces]' passed (0.000 seconds).
Test Case '-[ForsettiTests.DeploymentDemoScenarioCatalogTests test_demoScenarioIDsAreUnique]' started.
Test Case '-[ForsettiTests.DeploymentDemoScenarioCatalogTests test_demoScenarioIDsAreUnique]' passed (0.000 seconds).
Test Case '-[ForsettiTests.DeploymentDemoScenarioCatalogTests test_demoScenariosHaveStepsHighlightTargetsActionsExpectedResultsAndGuideTopics]' started.
Test Case '-[ForsettiTests.DeploymentDemoScenarioCatalogTests test_demoScenariosHaveStepsHighlightTargetsActionsExpectedResultsAndGuideTopics]' passed (0.000 seconds).
Test Case '-[ForsettiTests.DeploymentDemoScenarioCatalogTests test_legacyScenarioLookupAliasesRemainGuideCompatible]' started.
Test Case '-[ForsettiTests.DeploymentDemoScenarioCatalogTests test_legacyScenarioLookupAliasesRemainGuideCompatible]' passed (0.000 seconds).
Test Case '-[ForsettiTests.DeploymentDemoScenarioCatalogTests test_scenarioLookupReturnsRequiredScenariosByID]' started.
Test Case '-[ForsettiTests.DeploymentDemoScenarioCatalogTests test_scenarioLookupReturnsRequiredScenariosByID]' passed (0.000 seconds).
Test Suite 'DeploymentDemoScenarioCatalogTests' passed at 2026-05-31 11:18:46.206.
	 Executed 7 tests, with 0 failures (0 unexpected) in 0.003 (0.004) seconds
Test Suite 'DeploymentTrackerDemoSafetyTests' started at 2026-05-31 11:18:46.206.
Test Case '-[ForsettiTests.DeploymentTrackerDemoSafetyTests test_demoIntegrationSimulatorRejectsLiveActionsWhenSafetyFlagsAreDisabled]' started.
Test Case '-[ForsettiTests.DeploymentTrackerDemoSafetyTests test_demoIntegrationSimulatorRejectsLiveActionsWhenSafetyFlagsAreDisabled]' passed (0.000 seconds).
Test Case '-[ForsettiTests.DeploymentTrackerDemoSafetyTests test_demoIntegrationSimulatorReturnsNoExternalDataChangedForEverySupportedSystem]' started.
Test Case '-[ForsettiTests.DeploymentTrackerDemoSafetyTests test_demoIntegrationSimulatorReturnsNoExternalDataChangedForEverySupportedSystem]' passed (0.000 seconds).
Test Case '-[ForsettiTests.DeploymentTrackerDemoSafetyTests test_demoModeWarningCopyUsesDummyDataAndNoLiveJamfActions]' started.
Test Case '-[ForsettiTests.DeploymentTrackerDemoSafetyTests test_demoModeWarningCopyUsesDummyDataAndNoLiveJamfActions]' passed (0.000 seconds).
Test Case '-[ForsettiTests.DeploymentTrackerDemoSafetyTests test_installedDemoConfigurationDisablesAllLiveAndExternalActions]' started.
Test Case '-[ForsettiTests.DeploymentTrackerDemoSafetyTests test_installedDemoConfigurationDisablesAllLiveAndExternalActions]' passed (0.000 seconds).
Test Case '-[ForsettiTests.DeploymentTrackerDemoSafetyTests test_installedDemoConfigurationSeedsAndResetsDummyDataOnLaunch]' started.
Test Case '-[ForsettiTests.DeploymentTrackerDemoSafetyTests test_installedDemoConfigurationSeedsAndResetsDummyDataOnLaunch]' passed (0.000 seconds).
Test Case '-[ForsettiTests.DeploymentTrackerDemoSafetyTests test_runtimeModeCodableRoundTripsDemoAndProductionDisabled]' started.
Test Case '-[ForsettiTests.DeploymentTrackerDemoSafetyTests test_runtimeModeCodableRoundTripsDemoAndProductionDisabled]' passed (0.000 seconds).
Test Case '-[ForsettiTests.DeploymentTrackerDemoSafetyTests test_runtimeModeDemoPropertiesResolveInstalledDemoMode]' started.
Test Case '-[ForsettiTests.DeploymentTrackerDemoSafetyTests test_runtimeModeDemoPropertiesResolveInstalledDemoMode]' passed (0.000 seconds).
Test Suite 'DeploymentTrackerDemoSafetyTests' passed at 2026-05-31 11:18:46.212.
	 Executed 7 tests, with 0 failures (0 unexpected) in 0.003 (0.006) seconds
Test Suite 'DeploymentTrackerGuideTests' started at 2026-05-31 11:18:46.212.
Test Case '-[ForsettiTests.DeploymentTrackerGuideTests test_guideIncludesEveryRequiredTopic]' started.
Test Case '-[ForsettiTests.DeploymentTrackerGuideTests test_guideIncludesEveryRequiredTopic]' passed (0.001 seconds).
Test Case '-[ForsettiTests.DeploymentTrackerGuideTests test_guideSearchFindsJamfPermissionsTopic]' started.
Test Case '-[ForsettiTests.DeploymentTrackerGuideTests test_guideSearchFindsJamfPermissionsTopic]' passed (0.001 seconds).
Test Case '-[ForsettiTests.DeploymentTrackerGuideTests test_requiredGuideTopicsHaveStepsAndExpectedResults]' started.
Test Case '-[ForsettiTests.DeploymentTrackerGuideTests test_requiredGuideTopicsHaveStepsAndExpectedResults]' passed (0.000 seconds).
Test Case '-[ForsettiTests.DeploymentTrackerGuideTests test_structuredErrorCarriesRelatedGuideTopicInDiagnosticsMetadata]' started.
Test Case '-[ForsettiTests.DeploymentTrackerGuideTests test_structuredErrorCarriesRelatedGuideTopicInDiagnosticsMetadata]' passed (0.000 seconds).
Test Case '-[ForsettiTests.DeploymentTrackerGuideTests test_workspacesMapToContextualGuideTopics]' started.
Test Case '-[ForsettiTests.DeploymentTrackerGuideTests test_workspacesMapToContextualGuideTopics]' passed (0.001 seconds).
Test Suite 'DeploymentTrackerGuideTests' passed at 2026-05-31 11:18:46.216.
	 Executed 5 tests, with 0 failures (0 unexpected) in 0.003 (0.004) seconds
Test Suite 'DeploymentTrackerModuleTests' started at 2026-05-31 11:18:46.216.
Test Case '-[ForsettiTests.DeploymentTrackerModuleTests test_demoGuideIncludesRequiredTopics]' started.
Test Case '-[ForsettiTests.DeploymentTrackerModuleTests test_demoGuideIncludesRequiredTopics]' passed (0.000 seconds).
Test Case '-[ForsettiTests.DeploymentTrackerModuleTests test_demoPreloadClientIsDeterministicAndNonNetworked]' started.
Test Case '-[ForsettiTests.DeploymentTrackerModuleTests test_demoPreloadClientIsDeterministicAndNonNetworked]' passed (0.013 seconds).
Test Case '-[ForsettiTests.DeploymentTrackerModuleTests test_demoSeedMatchesHandoffCountsAndSafePatterns]' started.
Test Case '-[ForsettiTests.DeploymentTrackerModuleTests test_demoSeedMatchesHandoffCountsAndSafePatterns]' passed (0.003 seconds).
Test Case '-[ForsettiTests.DeploymentTrackerModuleTests test_deploymentTrackerIsBundledByDefault]' started.
Test Case '-[ForsettiTests.DeploymentTrackerModuleTests test_deploymentTrackerIsBundledByDefault]' passed (0.001 seconds).
Test Case '-[ForsettiTests.DeploymentTrackerModuleTests test_duplicateDeploymentTrackerPackageIDsAreRejected]' started.
Test Case '-[ForsettiTests.DeploymentTrackerModuleTests test_duplicateDeploymentTrackerPackageIDsAreRejected]' passed (0.013 seconds).
Test Case '-[ForsettiTests.DeploymentTrackerModuleTests test_importFailureRecordsDiagnostics]' started.
Test Case '-[ForsettiTests.DeploymentTrackerModuleTests test_importFailureRecordsDiagnostics]' passed (0.017 seconds).
Test Case '-[ForsettiTests.DeploymentTrackerModuleTests test_importingDeploymentTrackerManifestAddsModuleToRegistry]' started.
Test Case '-[ForsettiTests.DeploymentTrackerModuleTests test_importingDeploymentTrackerManifestAddsModuleToRegistry]' passed (0.002 seconds).
Test Case '-[ForsettiTests.DeploymentTrackerModuleTests test_moduleExposesAllRequiredRemediationWorkspaces]' started.
Test Case '-[ForsettiTests.DeploymentTrackerModuleTests test_moduleExposesAllRequiredRemediationWorkspaces]' passed (0.000 seconds).
Test Case '-[ForsettiTests.DeploymentTrackerModuleTests test_modulePackageTemplateCanBeImportedByFrameworkParser]' started.
Test Case '-[ForsettiTests.DeploymentTrackerModuleTests test_modulePackageTemplateCanBeImportedByFrameworkParser]' passed (0.000 seconds).
Test Case '-[ForsettiTests.DeploymentTrackerModuleTests test_modulePackageTypeDefaultsMatchHandoffMetadata]' started.
Test Case '-[ForsettiTests.DeploymentTrackerModuleTests test_modulePackageTypeDefaultsMatchHandoffMetadata]' passed (0.000 seconds).
Test Case '-[ForsettiTests.DeploymentTrackerModuleTests test_unsupportedModuleTypesFailGracefully]' started.
Test Case '-[ForsettiTests.DeploymentTrackerModuleTests test_unsupportedModuleTypesFailGracefully]' passed (0.000 seconds).
Test Suite 'DeploymentTrackerModuleTests' passed at 2026-05-31 11:18:46.268.
	 Executed 11 tests, with 0 failures (0 unexpected) in 0.050 (0.052) seconds
Test Suite 'DiagnosticsCenterExportTests' started at 2026-05-31 11:18:46.268.
Test Case '-[ForsettiTests.DiagnosticsCenterExportTests test_clear_deletesOnDiskLog]' started.
2026-05-31 11:18:46.269388-0500 Forsetti[15687:7303518] [b] a — should vanish
Test Case '-[ForsettiTests.DiagnosticsCenterExportTests test_clear_deletesOnDiskLog]' passed (0.002 seconds).
Test Case '-[ForsettiTests.DiagnosticsCenterExportTests test_clear_drainsInMemoryBuffer]' started.
2026-05-31 11:18:46.270617-0500 Forsetti[15687:7303517] [b] a — x
2026-05-31 11:18:46.270721-0500 Forsetti[15687:7303517] [b] a — y
Test Case '-[ForsettiTests.DiagnosticsCenterExportTests test_clear_drainsInMemoryBuffer]' passed (0.001 seconds).
Test Case '-[ForsettiTests.DiagnosticsCenterExportTests test_persistentLogFileURL_returnsAPathThatExistsAfterReport]' started.
2026-05-31 11:18:46.271688-0500 Forsetti[15687:7303511] [b] a — write me
Test Case '-[ForsettiTests.DiagnosticsCenterExportTests test_persistentLogFileURL_returnsAPathThatExistsAfterReport]' passed (0.001 seconds).
Test Case '-[ForsettiTests.DiagnosticsCenterExportTests test_renderJSONReportData_containsReportedEvents]' started.
2026-05-31 11:18:46.272761-0500 Forsetti[15687:7303517] [json] tests.export — a payload to round-trip [ticket=JAMF-123]
Test Case '-[ForsettiTests.DiagnosticsCenterExportTests test_renderJSONReportData_containsReportedEvents]' passed (0.001 seconds).
Test Case '-[ForsettiTests.DiagnosticsCenterExportTests test_renderMarkdownReportData_mentionsReportedEvent]' started.
2026-05-31 11:18:46.273796-0500 Forsetti[15687:7303511] [rendering] tests.markdown — boom — something broke [code=E42]
Test Case '-[ForsettiTests.DiagnosticsCenterExportTests test_renderMarkdownReportData_mentionsReportedEvent]' passed (0.001 seconds).
Test Case '-[ForsettiTests.DiagnosticsCenterExportTests test_reportedEvents_persistAcrossFreshActorInstance]' started.
2026-05-31 11:18:46.275409-0500 Forsetti[15687:7303517] [relaunch] tests.persistence — must survive quit [case=1]
2026-05-31 11:18:46.275573-0500 Forsetti[15687:7303517] [relaunch] tests.persistence — second event [case=2]
Test Case '-[ForsettiTests.DiagnosticsCenterExportTests test_reportedEvents_persistAcrossFreshActorInstance]' passed (0.001 seconds).
Test Case '-[ForsettiTests.DiagnosticsCenterExportTests test_reportRedactsSensitiveMetadataBeforeExport]' started.
2026-05-31 11:18:46.276862-0500 Forsetti[15687:7303518] [security] tests.redaction — queued command [management_id=<redacted> payload_preview=<redacted> ticket=JAMF-456]
Test Case '-[ForsettiTests.DiagnosticsCenterExportTests test_reportRedactsSensitiveMetadataBeforeExport]' passed (0.001 seconds).
Test Case '-[ForsettiTests.DiagnosticsCenterExportTests test_reportRedactsSensitiveMetadataValuesBeforeExport]' started.
2026-05-31 11:18:46.277976-0500 Forsetti[15687:7303517] [security] tests.redaction — queued command [endpoint=<redacted> note=<redacted> sample=<redacted> ticket=JAMF-789]
Test Case '-[ForsettiTests.DiagnosticsCenterExportTests test_reportRedactsSensitiveMetadataValuesBeforeExport]' passed (0.001 seconds).
Test Case '-[ForsettiTests.DiagnosticsCenterExportTests test_reportThenCurrentEvents_returnsReportedEvent]' started.
2026-05-31 11:18:46.279021-0500 Forsetti[15687:7303507] [smoke] tests.export — hello diagnostics [k1=v1]
Test Case '-[ForsettiTests.DiagnosticsCenterExportTests test_reportThenCurrentEvents_returnsReportedEvent]' passed (0.001 seconds).
Test Case '-[ForsettiTests.DiagnosticsCenterExportTests test_suggestedExportFileName_hasCorrectPatternAndExtension]' started.
Test Case '-[ForsettiTests.DiagnosticsCenterExportTests test_suggestedExportFileName_hasCorrectPatternAndExtension]' passed (0.001 seconds).
Test Suite 'DiagnosticsCenterExportTests' passed at 2026-05-31 11:18:46.280.
	 Executed 10 tests, with 0 failures (0 unexpected) in 0.011 (0.012) seconds
Test Suite 'ForsettiRetailIdentityTests' started at 2026-05-31 11:18:46.280.
Test Case '-[ForsettiTests.ForsettiRetailIdentityTests testBundledForsettiManifestFilesMatchBootstrapSpecs]' started.
Test Case '-[ForsettiTests.ForsettiRetailIdentityTests testBundledForsettiManifestFilesMatchBootstrapSpecs]' passed (2.985 seconds).
Test Case '-[ForsettiTests.ForsettiRetailIdentityTests testBundledForsettiManifestSpecsContainOneRetailUIModule]' started.
Test Case '-[ForsettiTests.ForsettiRetailIdentityTests testBundledForsettiManifestSpecsContainOneRetailUIModule]' passed (0.001 seconds).
Test Case '-[ForsettiTests.ForsettiRetailIdentityTests testRetailBootstrapBootsBundledManifestsWhenRequested]' started.
[Forsetti][INFO] Discovered 10 module manifests
[Forsetti][INFO] [module=forsetti.service.jamf] Service module activated
[Forsetti][INFO] [module=forsetti.service.jamf] Activated module
[Forsetti][INFO] [module=forsetti.service.diagnostics] Service module activated
[Forsetti][INFO] [module=forsetti.service.diagnostics] Activated module
[Forsetti][INFO] [module=forsetti.service.scanner] Service module activated
[Forsetti][INFO] [module=forsetti.service.scanner] Activated module
[Forsetti][INFO] [module=forsetti.feature.computer-search] Service module activated
[Forsetti][INFO] [module=forsetti.feature.computer-search] Activated module
[Forsetti][INFO] [module=forsetti.feature.mobile-device-search] Service module activated
[Forsetti][INFO] [module=forsetti.feature.mobile-device-search] Activated module
[Forsetti][INFO] [module=forsetti.feature.support-technician] Service module activated
[Forsetti][INFO] [module=forsetti.feature.support-technician] Activated module
[Forsetti][INFO] [module=forsetti.feature.prestage-director] Service module activated
[Forsetti][INFO] [module=forsetti.feature.prestage-director] Activated module
[Forsetti][INFO] [module=forsetti.feature.reports] Service module activated
[Forsetti][INFO] [module=forsetti.feature.reports] Activated module
[Forsetti][INFO] [module=forsetti.feature.deployment-tracker] Service module activated
[Forsetti][INFO] [module=forsetti.feature.deployment-tracker] Activated module
[Forsetti][INFO] [module=forsetti.retail.ui] Retail UI module activated
[Forsetti][INFO] [module=forsetti.retail.ui] Activated module
Test Case '-[ForsettiTests.ForsettiRetailIdentityTests testRetailBootstrapBootsBundledManifestsWhenRequested]' passed (0.030 seconds).
Test Case '-[ForsettiTests.ForsettiRetailIdentityTests testRetailIdentityValuesAreCentralizedAndSanitized]' started.
Test Case '-[ForsettiTests.ForsettiRetailIdentityTests testRetailIdentityValuesAreCentralizedAndSanitized]' passed (0.001 seconds).
Test Suite 'ForsettiRetailIdentityTests' passed at 2026-05-31 11:18:49.299.
	 Executed 4 tests, with 0 failures (0 unexpected) in 3.017 (3.018) seconds
Test Suite 'ForsettiRetailUIFoundationTests' started at 2026-05-31 11:18:49.299.
Test Case '-[ForsettiTests.ForsettiRetailUIFoundationTests testActivityStateCoversObsidianCommandPhases]' started.
Test Case '-[ForsettiTests.ForsettiRetailUIFoundationTests testActivityStateCoversObsidianCommandPhases]' passed (0.001 seconds).
Test Case '-[ForsettiTests.ForsettiRetailUIFoundationTests testActivityStateProgressClampingAndAccessibilityText]' started.
Test Case '-[ForsettiTests.ForsettiRetailUIFoundationTests testActivityStateProgressClampingAndAccessibilityText]' passed (0.000 seconds).
Test Case '-[ForsettiTests.ForsettiRetailUIFoundationTests testDashboardSummaryPreservesDeploymentTrackerDemoMetadata]' started.
Test Case '-[ForsettiTests.ForsettiRetailUIFoundationTests testDashboardSummaryPreservesDeploymentTrackerDemoMetadata]' passed (0.001 seconds).
Test Case '-[ForsettiTests.ForsettiRetailUIFoundationTests testDiagnosticsDrawerConstructible]' started.
Test Case '-[ForsettiTests.ForsettiRetailUIFoundationTests testDiagnosticsDrawerConstructible]' passed (0.000 seconds).
Test Case '-[ForsettiTests.ForsettiRetailUIFoundationTests testStatusBadgeSemanticCoverage]' started.
Test Case '-[ForsettiTests.ForsettiRetailUIFoundationTests testStatusBadgeSemanticCoverage]' passed (0.001 seconds).
Test Case '-[ForsettiTests.ForsettiRetailUIFoundationTests testThemeDefinesObsidianDataStreamTokens]' started.
Test Case '-[ForsettiTests.ForsettiRetailUIFoundationTests testThemeDefinesObsidianDataStreamTokens]' passed (0.001 seconds).
Test Case '-[ForsettiTests.ForsettiRetailUIFoundationTests testThemeDefinesRetailWorkspaceTokens]' started.
Test Case '-[ForsettiTests.ForsettiRetailUIFoundationTests testThemeDefinesRetailWorkspaceTokens]' passed (0.001 seconds).
Test Case '-[ForsettiTests.ForsettiRetailUIFoundationTests testWorkspaceShellAndGlassCardAreConstructible]' started.
2026-05-31 11:18:49.304981-0500 Forsetti[15687:7303460] [SwiftUI] Accessing Environment<Bool>'s value outside of being installed on a View. This will always read the default value and will not update.
2026-05-31 11:18:49.305124-0500 Forsetti[15687:7303460] [SwiftUI] Accessing Environment<Bool>'s value outside of being installed on a View. This will always read the default value and will not update.
2026-05-31 11:18:49.305186-0500 Forsetti[15687:7303460] [SwiftUI] Accessing Environment<Bool>'s value outside of being installed on a View. This will always read the default value and will not update.
2026-05-31 11:18:49.305223-0500 Forsetti[15687:7303460] [SwiftUI] Accessing Environment<Bool>'s value outside of being installed on a View. This will always read the default value and will not update.
Test Case '-[ForsettiTests.ForsettiRetailUIFoundationTests testWorkspaceShellAndGlassCardAreConstructible]' passed (0.106 seconds).
Test Suite 'ForsettiRetailUIFoundationTests' passed at 2026-05-31 11:18:49.410.
	 Executed 8 tests, with 0 failures (0 unexpected) in 0.110 (0.111) seconds
Test Suite 'JamfAPIGatewayUploadPaginationTests' started at 2026-05-31 11:18:49.410.
Test Case '-[ForsettiTests.JamfAPIGatewayUploadPaginationTests test_decodePagedCollection_acceptsTopLevelArray]' started.
Test Case '-[ForsettiTests.JamfAPIGatewayUploadPaginationTests test_decodePagedCollection_acceptsTopLevelArray]' passed (0.001 seconds).
Test Case '-[ForsettiTests.JamfAPIGatewayUploadPaginationTests test_decodePagedCollection_readsResultsEnvelopeAndTotalCount]' started.
Test Case '-[ForsettiTests.JamfAPIGatewayUploadPaginationTests test_decodePagedCollection_readsResultsEnvelopeAndTotalCount]' passed (0.001 seconds).
Test Case '-[ForsettiTests.JamfAPIGatewayUploadPaginationTests test_makeMultipartBody_rejectsUnsafePartName]' started.
Test Case '-[ForsettiTests.JamfAPIGatewayUploadPaginationTests test_makeMultipartBody_rejectsUnsafePartName]' passed (0.001 seconds).
Test Case '-[ForsettiTests.JamfAPIGatewayUploadPaginationTests test_makeMultipartBody_rendersFilePartWithBoundaryAndHeaders]' started.
Test Case '-[ForsettiTests.JamfAPIGatewayUploadPaginationTests test_makeMultipartBody_rendersFilePartWithBoundaryAndHeaders]' passed (0.001 seconds).
Test Case '-[ForsettiTests.JamfAPIGatewayUploadPaginationTests test_paginationPolicyStopsForEmptyShortTotalAndSafetyLimit]' started.
Test Case '-[ForsettiTests.JamfAPIGatewayUploadPaginationTests test_paginationPolicyStopsForEmptyShortTotalAndSafetyLimit]' passed (0.001 seconds).
Test Suite 'JamfAPIGatewayUploadPaginationTests' passed at 2026-05-31 11:18:49.415.
	 Executed 5 tests, with 0 failures (0 unexpected) in 0.004 (0.005) seconds
Test Suite 'JamfCredentialsURLTests' started at 2026-05-31 11:18:49.415.
Test Case '-[ForsettiTests.JamfCredentialsURLTests test_normalizedServerURL_addsHTTPSWhenSchemeMissing]' started.
Test Case '-[ForsettiTests.JamfCredentialsURLTests test_normalizedServerURL_addsHTTPSWhenSchemeMissing]' passed (0.001 seconds).
Test Case '-[ForsettiTests.JamfCredentialsURLTests test_normalizedServerURL_emptyString_returnsNil]' started.
Test Case '-[ForsettiTests.JamfCredentialsURLTests test_normalizedServerURL_emptyString_returnsNil]' passed (0.000 seconds).
Test Case '-[ForsettiTests.JamfCredentialsURLTests test_normalizedServerURL_fileScheme_returnsNil]' started.
Test Case '-[ForsettiTests.JamfCredentialsURLTests test_normalizedServerURL_fileScheme_returnsNil]' passed (0.002 seconds).
Test Case '-[ForsettiTests.JamfCredentialsURLTests test_normalizedServerURL_ftpScheme_returnsNil]' started.
Test Case '-[ForsettiTests.JamfCredentialsURLTests test_normalizedServerURL_ftpScheme_returnsNil]' passed (0.000 seconds).
Test Case '-[ForsettiTests.JamfCredentialsURLTests test_normalizedServerURL_keepsSchemeHostAndPort]' started.
Test Case '-[ForsettiTests.JamfCredentialsURLTests test_normalizedServerURL_keepsSchemeHostAndPort]' passed (0.001 seconds).
Test Case '-[ForsettiTests.JamfCredentialsURLTests test_normalizedServerURL_preservesExplicitPort]' started.
Test Case '-[ForsettiTests.JamfCredentialsURLTests test_normalizedServerURL_preservesExplicitPort]' passed (0.000 seconds).
Test Case '-[ForsettiTests.JamfCredentialsURLTests test_normalizedServerURL_schemeOnlyNoHost_returnsNil]' started.
Test Case '-[ForsettiTests.JamfCredentialsURLTests test_normalizedServerURL_schemeOnlyNoHost_returnsNil]' passed (0.000 seconds).
Test Case '-[ForsettiTests.JamfCredentialsURLTests test_normalizedServerURL_stripsDeepPathSegment]' started.
Test Case '-[ForsettiTests.JamfCredentialsURLTests test_normalizedServerURL_stripsDeepPathSegment]' passed (0.001 seconds).
Test Case '-[ForsettiTests.JamfCredentialsURLTests test_normalizedServerURL_stripsFragment]' started.
Test Case '-[ForsettiTests.JamfCredentialsURLTests test_normalizedServerURL_stripsFragment]' passed (0.000 seconds).
Test Case '-[ForsettiTests.JamfCredentialsURLTests test_normalizedServerURL_stripsPathSegment]' started.
Test Case '-[ForsettiTests.JamfCredentialsURLTests test_normalizedServerURL_stripsPathSegment]' passed (0.000 seconds).
Test Case '-[ForsettiTests.JamfCredentialsURLTests test_normalizedServerURL_stripsQueryString]' started.
Test Case '-[ForsettiTests.JamfCredentialsURLTests test_normalizedServerURL_stripsQueryString]' passed (0.001 seconds).
Test Case '-[ForsettiTests.JamfCredentialsURLTests test_normalizedServerURL_stripsTrailingSlash]' started.
Test Case '-[ForsettiTests.JamfCredentialsURLTests test_normalizedServerURL_stripsTrailingSlash]' passed (0.000 seconds).
Test Case '-[ForsettiTests.JamfCredentialsURLTests test_normalizedServerURL_trimsLeadingAndTrailingWhitespace]' started.
Test Case '-[ForsettiTests.JamfCredentialsURLTests test_normalizedServerURL_trimsLeadingAndTrailingWhitespace]' passed (0.001 seconds).
Test Case '-[ForsettiTests.JamfCredentialsURLTests test_normalizedServerURL_whitespaceOnly_returnsNil]' started.
Test Case '-[ForsettiTests.JamfCredentialsURLTests test_normalizedServerURL_whitespaceOnly_returnsNil]' passed (0.000 seconds).
Test Suite 'JamfCredentialsURLTests' passed at 2026-05-31 11:18:49.430.
	 Executed 14 tests, with 0 failures (0 unexpected) in 0.008 (0.015) seconds
Test Suite 'JamfFrameworkErrorMatchingTests' started at 2026-05-31 11:18:49.430.
Test Case '-[ForsettiTests.JamfFrameworkErrorMatchingTests test_matches_multipleCodes_anyMatchReturnsTrue]' started.
Test Case '-[ForsettiTests.JamfFrameworkErrorMatchingTests test_matches_multipleCodes_anyMatchReturnsTrue]' passed (0.001 seconds).
Test Case '-[ForsettiTests.JamfFrameworkErrorMatchingTests test_matches_multipleCodes_nonMatchReturnsFalse]' started.
Test Case '-[ForsettiTests.JamfFrameworkErrorMatchingTests test_matches_multipleCodes_nonMatchReturnsFalse]' passed (0.001 seconds).
Test Case '-[ForsettiTests.JamfFrameworkErrorMatchingTests test_matches_networkFailure403_matchesInvalidPrivilege]' started.
Test Case '-[ForsettiTests.JamfFrameworkErrorMatchingTests test_matches_networkFailure403_matchesInvalidPrivilege]' passed (0.000 seconds).
Test Case '-[ForsettiTests.JamfFrameworkErrorMatchingTests test_matches_networkFailure404_matchesEndpointUnavailable]' started.
Test Case '-[ForsettiTests.JamfFrameworkErrorMatchingTests test_matches_networkFailure404_matchesEndpointUnavailable]' passed (0.000 seconds).
Test Case '-[ForsettiTests.JamfFrameworkErrorMatchingTests test_matches_networkFailure409_matchesConflict]' started.
Test Case '-[ForsettiTests.JamfFrameworkErrorMatchingTests test_matches_networkFailure409_matchesConflict]' passed (0.000 seconds).
Test Case '-[ForsettiTests.JamfFrameworkErrorMatchingTests test_matches_networkFailure429_matchesRateLimited]' started.
Test Case '-[ForsettiTests.JamfFrameworkErrorMatchingTests test_matches_networkFailure429_matchesRateLimited]' passed (0.000 seconds).
Test Case '-[ForsettiTests.JamfFrameworkErrorMatchingTests test_matches_nonJamfError_returnsFalse]' started.
Test Case '-[ForsettiTests.JamfFrameworkErrorMatchingTests test_matches_nonJamfError_returnsFalse]' passed (0.000 seconds).
Test Case '-[ForsettiTests.JamfFrameworkErrorMatchingTests test_matches_typedConflict_matches409]' started.
Test Case '-[ForsettiTests.JamfFrameworkErrorMatchingTests test_matches_typedConflict_matches409]' passed (0.000 seconds).
Test Case '-[ForsettiTests.JamfFrameworkErrorMatchingTests test_matches_typedForbidden_matches403]' started.
Test Case '-[ForsettiTests.JamfFrameworkErrorMatchingTests test_matches_typedForbidden_matches403]' passed (0.001 seconds).
Test Case '-[ForsettiTests.JamfFrameworkErrorMatchingTests test_matches_typedNotFound_matches404]' started.
Test Case '-[ForsettiTests.JamfFrameworkErrorMatchingTests test_matches_typedNotFound_matches404]' passed (0.000 seconds).
Test Case '-[ForsettiTests.JamfFrameworkErrorMatchingTests test_matches_typedRateLimited_matches429]' started.
Test Case '-[ForsettiTests.JamfFrameworkErrorMatchingTests test_matches_typedRateLimited_matches429]' passed (0.000 seconds).
Test Case '-[ForsettiTests.JamfFrameworkErrorMatchingTests test_matches_typedServerError_matches500]' started.
Test Case '-[ForsettiTests.JamfFrameworkErrorMatchingTests test_matches_typedServerError_matches500]' passed (0.000 seconds).
Test Case '-[ForsettiTests.JamfFrameworkErrorMatchingTests test_typedStatusCode_mapping]' started.
Test Case '-[ForsettiTests.JamfFrameworkErrorMatchingTests test_typedStatusCode_mapping]' passed (0.000 seconds).
Test Suite 'JamfFrameworkErrorMatchingTests' passed at 2026-05-31 11:18:49.443.
	 Executed 13 tests, with 0 failures (0 unexpected) in 0.006 (0.013) seconds
Test Suite 'JamfRSQLComposerTests' started at 2026-05-31 11:18:49.443.
Test Case '-[ForsettiTests.JamfRSQLComposerTests test_andOfTwoCriteriaJoinsWithSemicolon]' started.
Test Case '-[ForsettiTests.JamfRSQLComposerTests test_andOfTwoCriteriaJoinsWithSemicolon]' passed (0.001 seconds).
Test Case '-[ForsettiTests.JamfRSQLComposerTests test_backslashInValueGetsDoubled]' started.
Test Case '-[ForsettiTests.JamfRSQLComposerTests test_backslashInValueGetsDoubled]' passed (0.000 seconds).
Test Case '-[ForsettiTests.JamfRSQLComposerTests test_containsWrapsWildcardsBothSides]' started.
Test Case '-[ForsettiTests.JamfRSQLComposerTests test_containsWrapsWildcardsBothSides]' passed (0.000 seconds).
Test Case '-[ForsettiTests.JamfRSQLComposerTests test_emptyQueryReturnsNilFilter]' started.
Test Case '-[ForsettiTests.JamfRSQLComposerTests test_emptyQueryReturnsNilFilter]' passed (0.000 seconds).
Test Case '-[ForsettiTests.JamfRSQLComposerTests test_emptyStringValueIsSkipped]' started.
Test Case '-[ForsettiTests.JamfRSQLComposerTests test_emptyStringValueIsSkipped]' passed (0.000 seconds).
Test Case '-[ForsettiTests.JamfRSQLComposerTests test_endsWithUsesLeadingWildcardOnly]' started.
Test Case '-[ForsettiTests.JamfRSQLComposerTests test_endsWithUsesLeadingWildcardOnly]' passed (0.000 seconds).
Test Case '-[ForsettiTests.JamfRSQLComposerTests test_isTrueEmitsLiteralBool]' started.
Test Case '-[ForsettiTests.JamfRSQLComposerTests test_isTrueEmitsLiteralBool]' passed (0.000 seconds).
Test Case '-[ForsettiTests.JamfRSQLComposerTests test_lessThanEmitsRelationalOperator]' started.
Test Case '-[ForsettiTests.JamfRSQLComposerTests test_lessThanEmitsRelationalOperator]' passed (0.000 seconds).
Test Case '-[ForsettiTests.JamfRSQLComposerTests test_mixedAndOfOrGroupsParenthesizesOuterPrecedence]' started.
Test Case '-[ForsettiTests.JamfRSQLComposerTests test_mixedAndOfOrGroupsParenthesizesOuterPrecedence]' passed (0.003 seconds).
Test Case '-[ForsettiTests.JamfRSQLComposerTests test_mixedFilterableAndClientCriteriaSplitCorrectly]' started.
Test Case '-[ForsettiTests.JamfRSQLComposerTests test_mixedFilterableAndClientCriteriaSplitCorrectly]' passed (0.000 seconds).
Test Case '-[ForsettiTests.JamfRSQLComposerTests test_notEqualsEmitsBangEquals]' started.
Test Case '-[ForsettiTests.JamfRSQLComposerTests test_notEqualsEmitsBangEquals]' passed (0.000 seconds).
Test Case '-[ForsettiTests.JamfRSQLComposerTests test_orOfTwoCriteriaJoinsWithComma]' started.
Test Case '-[ForsettiTests.JamfRSQLComposerTests test_orOfTwoCriteriaJoinsWithComma]' passed (0.000 seconds).
Test Case '-[ForsettiTests.JamfRSQLComposerTests test_prestageProfileCriterionGoesToClientCriteria]' started.
Test Case '-[ForsettiTests.JamfRSQLComposerTests test_prestageProfileCriterionGoesToClientCriteria]' passed (0.000 seconds).
Test Case '-[ForsettiTests.JamfRSQLComposerTests test_referencedSectionsIncludeGeneralAndAnyTouched]' started.
Test Case '-[ForsettiTests.JamfRSQLComposerTests test_referencedSectionsIncludeGeneralAndAnyTouched]' passed (0.000 seconds).
Test Case '-[ForsettiTests.JamfRSQLComposerTests test_singleEqualsString_emitsParenthesizedFragment]' started.
Test Case '-[ForsettiTests.JamfRSQLComposerTests test_singleEqualsString_emitsParenthesizedFragment]' passed (0.000 seconds).
Test Case '-[ForsettiTests.JamfRSQLComposerTests test_singleQuoteInValueGetsEscaped]' started.
Test Case '-[ForsettiTests.JamfRSQLComposerTests test_singleQuoteInValueGetsEscaped]' passed (0.000 seconds).
Test Case '-[ForsettiTests.JamfRSQLComposerTests test_startsWithUsesTrailingWildcardOnly]' started.
Test Case '-[ForsettiTests.JamfRSQLComposerTests test_startsWithUsesTrailingWildcardOnly]' passed (0.000 seconds).
Test Case '-[ForsettiTests.JamfRSQLComposerTests test_unknownFieldKeyIsSilentlyDropped]' started.
Test Case '-[ForsettiTests.JamfRSQLComposerTests test_unknownFieldKeyIsSilentlyDropped]' passed (0.002 seconds).
Test Suite 'JamfRSQLComposerTests' passed at 2026-05-31 11:18:49.459.
	 Executed 18 tests, with 0 failures (0 unexpected) in 0.011 (0.016) seconds
Test Suite 'JamfRSQLFilterTests' started at 2026-05-31 11:18:49.459.
Test Case '-[ForsettiTests.JamfRSQLFilterTests test_escapeSingleQuoted_escapesBackslashesFirstThenQuotes]' started.
Test Case '-[ForsettiTests.JamfRSQLFilterTests test_escapeSingleQuoted_escapesBackslashesFirstThenQuotes]' passed (0.000 seconds).
Test Case '-[ForsettiTests.JamfRSQLFilterTests test_serialOrUsername_emptyQuery_returnsNil]' started.
Test Case '-[ForsettiTests.JamfRSQLFilterTests test_serialOrUsername_emptyQuery_returnsNil]' passed (0.000 seconds).
Test Case '-[ForsettiTests.JamfRSQLFilterTests test_serialOrUsername_escapesBackslashesInsideValue]' started.
Test Case '-[ForsettiTests.JamfRSQLFilterTests test_serialOrUsername_escapesBackslashesInsideValue]' passed (0.000 seconds).
Test Case '-[ForsettiTests.JamfRSQLFilterTests test_serialOrUsername_escapesQuotesInsideValue]' started.
Test Case '-[ForsettiTests.JamfRSQLFilterTests test_serialOrUsername_escapesQuotesInsideValue]' passed (0.000 seconds).
Test Case '-[ForsettiTests.JamfRSQLFilterTests test_serialOrUsername_neverEmitsLiteralOrKeyword]' started.
Test Case '-[ForsettiTests.JamfRSQLFilterTests test_serialOrUsername_neverEmitsLiteralOrKeyword]' passed (0.000 seconds).
Test Case '-[ForsettiTests.JamfRSQLFilterTests test_serialOrUsername_respectsCustomFieldNames]' started.
Test Case '-[ForsettiTests.JamfRSQLFilterTests test_serialOrUsername_respectsCustomFieldNames]' passed (0.000 seconds).
Test Case '-[ForsettiTests.JamfRSQLFilterTests test_serialOrUsername_trimsLeadingAndTrailingWhitespace]' started.
Test Case '-[ForsettiTests.JamfRSQLFilterTests test_serialOrUsername_trimsLeadingAndTrailingWhitespace]' passed (0.000 seconds).
Test Case '-[ForsettiTests.JamfRSQLFilterTests test_serialOrUsername_usesCommaForLogicalOR]' started.
Test Case '-[ForsettiTests.JamfRSQLFilterTests test_serialOrUsername_usesCommaForLogicalOR]' passed (0.000 seconds).
Test Case '-[ForsettiTests.JamfRSQLFilterTests test_serialOrUsername_whitespaceOnly_returnsNil]' started.
Test Case '-[ForsettiTests.JamfRSQLFilterTests test_serialOrUsername_whitespaceOnly_returnsNil]' passed (0.000 seconds).
Test Case '-[ForsettiTests.JamfRSQLFilterTests test_serialOrUsername_withoutWildcard_producesExactMatch]' started.
Test Case '-[ForsettiTests.JamfRSQLFilterTests test_serialOrUsername_withoutWildcard_producesExactMatch]' passed (0.000 seconds).
Test Case '-[ForsettiTests.JamfRSQLFilterTests test_serialOrUsername_withWildcard_wrapsValueInAsterisks]' started.
Test Case '-[ForsettiTests.JamfRSQLFilterTests test_serialOrUsername_withWildcard_wrapsValueInAsterisks]' passed (0.000 seconds).
Test Suite 'JamfRSQLFilterTests' passed at 2026-05-31 11:18:49.468.
	 Executed 11 tests, with 0 failures (0 unexpected) in 0.004 (0.009) seconds
Test Suite 'MobileDeviceFieldCatalogTests' started at 2026-05-31 11:18:49.468.
Test Case '-[ForsettiTests.MobileDeviceFieldCatalogTests test_capacityMbFieldIsIntegerType]' started.
Test Case '-[ForsettiTests.MobileDeviceFieldCatalogTests test_capacityMbFieldIsIntegerType]' passed (0.000 seconds).
Test Case '-[ForsettiTests.MobileDeviceFieldCatalogTests test_catalogContainsAllCuratedKeys]' started.
Test Case '-[ForsettiTests.MobileDeviceFieldCatalogTests test_catalogContainsAllCuratedKeys]' passed (0.003 seconds).
Test Case '-[ForsettiTests.MobileDeviceFieldCatalogTests test_catalogHasNoDuplicateKeys]' started.
Test Case '-[ForsettiTests.MobileDeviceFieldCatalogTests test_catalogHasNoDuplicateKeys]' passed (0.000 seconds).
Test Case '-[ForsettiTests.MobileDeviceFieldCatalogTests test_catalogIncludesHardwareFieldsForVisualization]' started.
Test Case '-[ForsettiTests.MobileDeviceFieldCatalogTests test_catalogIncludesHardwareFieldsForVisualization]' passed (0.001 seconds).
Test Case '-[ForsettiTests.MobileDeviceFieldCatalogTests test_everyEntryHasNonEmptyResponsePaths]' started.
Test Case '-[ForsettiTests.MobileDeviceFieldCatalogTests test_everyEntryHasNonEmptyResponsePaths]' passed (0.000 seconds).
Test Case '-[ForsettiTests.MobileDeviceFieldCatalogTests test_lastInventoryUpdateFieldIsDateType]' started.
Test Case '-[ForsettiTests.MobileDeviceFieldCatalogTests test_lastInventoryUpdateFieldIsDateType]' passed (0.000 seconds).
Test Case '-[ForsettiTests.MobileDeviceFieldCatalogTests test_prestageProfileFieldIsClientOnly]' started.
Test Case '-[ForsettiTests.MobileDeviceFieldCatalogTests test_prestageProfileFieldIsClientOnly]' passed (0.000 seconds).
Test Case '-[ForsettiTests.MobileDeviceFieldCatalogTests test_supervisedFieldIsBooleanType]' started.
Test Case '-[ForsettiTests.MobileDeviceFieldCatalogTests test_supervisedFieldIsBooleanType]' passed (0.000 seconds).
Test Suite 'MobileDeviceFieldCatalogTests' passed at 2026-05-31 11:18:49.476.
	 Executed 8 tests, with 0 failures (0 unexpected) in 0.006 (0.007) seconds
Test Suite 'ReportsModuleTests' started at 2026-05-31 11:18:49.476.
Test Case '-[ForsettiTests.ReportsModuleTests test_aggregatorCountsDeviceTypesAndInferredRecords]' started.
Test Case '-[ForsettiTests.ReportsModuleTests test_aggregatorCountsDeviceTypesAndInferredRecords]' passed (0.001 seconds).
Test Case '-[ForsettiTests.ReportsModuleTests test_csvEscaping]' started.
Test Case '-[ForsettiTests.ReportsModuleTests test_csvEscaping]' passed (0.000 seconds).
Test Case '-[ForsettiTests.ReportsModuleTests test_deviceTypeClassificationUsesDomainAndModelIdentifier]' started.
Test Case '-[ForsettiTests.ReportsModuleTests test_deviceTypeClassificationUsesDomainAndModelIdentifier]' passed (0.003 seconds).
Test Case '-[ForsettiTests.ReportsModuleTests test_exportTemplatesContainNoForbiddenAuthorshipWording]' started.
Test Case '-[ForsettiTests.ReportsModuleTests test_exportTemplatesContainNoForbiddenAuthorshipWording]' passed (0.020 seconds).
Test Case '-[ForsettiTests.ReportsModuleTests test_filenameSanitation]' started.
Test Case '-[ForsettiTests.ReportsModuleTests test_filenameSanitation]' passed (0.001 seconds).
Test Case '-[ForsettiTests.ReportsModuleTests test_identityResolverMarksCatalogResolvedValues]' started.
Test Case '-[ForsettiTests.ReportsModuleTests test_identityResolverMarksCatalogResolvedValues]' passed (0.000 seconds).
Test Case '-[ForsettiTests.ReportsModuleTests test_locationDirectoryResolvesNames]' started.
Test Case '-[ForsettiTests.ReportsModuleTests test_locationDirectoryResolvesNames]' passed (0.000 seconds).
Test Case '-[ForsettiTests.ReportsModuleTests test_paginationStopConditions]' started.
Test Case '-[ForsettiTests.ReportsModuleTests test_paginationStopConditions]' passed (0.000 seconds).
Test Case '-[ForsettiTests.ReportsModuleTests test_queryPlannerSelectsSectionsAndServerFilter]' started.
Test Case '-[ForsettiTests.ReportsModuleTests test_queryPlannerSelectsSectionsAndServerFilter]' passed (0.000 seconds).
Test Case '-[ForsettiTests.ReportsModuleTests test_textMarkdownDocAndPDFRenderersProduceSmokeOutput]' started.
Test Case '-[ForsettiTests.ReportsModuleTests test_textMarkdownDocAndPDFRenderersProduceSmokeOutput]' passed (0.014 seconds).
Test Suite 'ReportsModuleTests' passed at 2026-05-31 11:18:49.517.
	 Executed 10 tests, with 0 failures (0 unexpected) in 0.040 (0.041) seconds
Test Suite 'SupportManagementActionAvailabilityTests' started at 2026-05-31 11:18:49.517.
Test Case '-[ForsettiTests.SupportManagementActionAvailabilityTests test_blankPush_blockedWithoutManagementID]' started.
Test Case '-[ForsettiTests.SupportManagementActionAvailabilityTests test_blankPush_blockedWithoutManagementID]' passed (0.000 seconds).
Test Case '-[ForsettiTests.SupportManagementActionAvailabilityTests test_lapsPassword_blockedWithoutClientOrManagementID]' started.
Test Case '-[ForsettiTests.SupportManagementActionAvailabilityTests test_lapsPassword_blockedWithoutClientOrManagementID]' passed (0.000 seconds).
Test Case '-[ForsettiTests.SupportManagementActionAvailabilityTests test_lostMode_unsupportedForComputer]' started.
Test Case '-[ForsettiTests.SupportManagementActionAvailabilityTests test_lostMode_unsupportedForComputer]' passed (0.000 seconds).
Test Case '-[ForsettiTests.SupportManagementActionAvailabilityTests test_remoteDesktop_unsupportedForMobileDevice]' started.
Test Case '-[ForsettiTests.SupportManagementActionAvailabilityTests test_remoteDesktop_unsupportedForMobileDevice]' passed (0.000 seconds).
Test Case '-[ForsettiTests.SupportManagementActionAvailabilityTests test_updateInventory_availableForComputerWithoutManagementID]' started.
Test Case '-[ForsettiTests.SupportManagementActionAvailabilityTests test_updateInventory_availableForComputerWithoutManagementID]' passed (0.000 seconds).
Test Case '-[ForsettiTests.SupportManagementActionAvailabilityTests test_updateInventory_availableForMobileDeviceWithoutManagementID]' started.
Test Case '-[ForsettiTests.SupportManagementActionAvailabilityTests test_updateInventory_availableForMobileDeviceWithoutManagementID]' passed (0.000 seconds).
Test Suite 'SupportManagementActionAvailabilityTests' passed at 2026-05-31 11:18:49.520.
	 Executed 6 tests, with 0 failures (0 unexpected) in 0.002 (0.003) seconds
Test Suite 'SupportTechnicianCacheTests' started at 2026-05-31 11:18:49.520.
Test Case '-[ForsettiTests.SupportTechnicianCacheTests testExtensionAttributeCatalogCacheEncryptsBytesOnDiskAndReturnsOriginalData]' started.
Test Case '-[ForsettiTests.SupportTechnicianCacheTests testExtensionAttributeCatalogCacheEncryptsBytesOnDiskAndReturnsOriginalData]' passed (0.001 seconds).
Test Case '-[ForsettiTests.SupportTechnicianCacheTests testPoliciesCacheEncryptsBytesOnDiskAndReturnsOriginalData]' started.
Test Case '-[ForsettiTests.SupportTechnicianCacheTests testPoliciesCacheEncryptsBytesOnDiskAndReturnsOriginalData]' passed (0.001 seconds).
Test Suite 'SupportTechnicianCacheTests' passed at 2026-05-31 11:18:49.523.
	 Executed 2 tests, with 0 failures (0 unexpected) in 0.002 (0.003) seconds
Test Suite 'SupportTechnicianCommandHistoryTests' started at 2026-05-31 11:18:49.523.
Test Case '-[ForsettiTests.SupportTechnicianCommandHistoryTests test_bucketMatchesJamfStatusVariants]' started.
Test Case '-[ForsettiTests.SupportTechnicianCommandHistoryTests test_bucketMatchesJamfStatusVariants]' passed (0.000 seconds).
Test Case '-[ForsettiTests.SupportTechnicianCommandHistoryTests test_classicCommandHistoryParsesBuckets]' started.
Test Case '-[ForsettiTests.SupportTechnicianCommandHistoryTests test_classicCommandHistoryParsesBuckets]' passed (0.000 seconds).
Test Case '-[ForsettiTests.SupportTechnicianCommandHistoryTests test_commandHistoryFilterQuotesAndEscapesClientManagementID]' started.
Test Case '-[ForsettiTests.SupportTechnicianCommandHistoryTests test_commandHistoryFilterQuotesAndEscapesClientManagementID]' passed (0.000 seconds).
Test Case '-[ForsettiTests.SupportTechnicianCommandHistoryTests test_commandHistoryShapeSummaryReportsBucketsAndNesting]' started.
Test Case '-[ForsettiTests.SupportTechnicianCommandHistoryTests test_commandHistoryShapeSummaryReportsBucketsAndNesting]' passed (0.000 seconds).
Test Case '-[ForsettiTests.SupportTechnicianCommandHistoryTests test_modernCommandHistoryParsesDocumentedV2NestedShape]' started.
Test Case '-[ForsettiTests.SupportTechnicianCommandHistoryTests test_modernCommandHistoryParsesDocumentedV2NestedShape]' passed (0.000 seconds).
Test Case '-[ForsettiTests.SupportTechnicianCommandHistoryTests test_modernCommandHistoryParsesNestedCommandAndErrors]' started.
Test Case '-[ForsettiTests.SupportTechnicianCommandHistoryTests test_modernCommandHistoryParsesNestedCommandAndErrors]' passed (0.000 seconds).
Test Case '-[ForsettiTests.SupportTechnicianCommandHistoryTests test_modernCommandHistoryParsesTopLevelArrayShape]' started.
Test Case '-[ForsettiTests.SupportTechnicianCommandHistoryTests test_modernCommandHistoryParsesTopLevelArrayShape]' passed (0.000 seconds).
Test Suite 'SupportTechnicianCommandHistoryTests' passed at 2026-05-31 11:18:49.527.
	 Executed 7 tests, with 0 failures (0 unexpected) in 0.003 (0.003) seconds
Test Suite 'SupportTechnicianDeviceSpecCatalogTests' started at 2026-05-31 11:18:49.528.
Test Case '-[ForsettiTests.SupportTechnicianDeviceSpecCatalogTests test_macCatalogFillsMissingM1MaxSpecs]' started.
Test Case '-[ForsettiTests.SupportTechnicianDeviceSpecCatalogTests test_macCatalogFillsMissingM1MaxSpecs]' passed (0.000 seconds).
Test Case '-[ForsettiTests.SupportTechnicianDeviceSpecCatalogTests test_mobileCatalogDerivesM4IPadRamFromCapacity]' started.
Test Case '-[ForsettiTests.SupportTechnicianDeviceSpecCatalogTests test_mobileCatalogDerivesM4IPadRamFromCapacity]' passed (0.000 seconds).
Test Case '-[ForsettiTests.SupportTechnicianDeviceSpecCatalogTests test_unknownIdentifierReturnsNil]' started.
Test Case '-[ForsettiTests.SupportTechnicianDeviceSpecCatalogTests test_unknownIdentifierReturnsNil]' passed (0.000 seconds).
Test Suite 'SupportTechnicianDeviceSpecCatalogTests' passed at 2026-05-31 11:18:49.530.
	 Executed 3 tests, with 0 failures (0 unexpected) in 0.001 (0.002) seconds
Test Suite 'SupportTechnicianPrestageParserTests' started at 2026-05-31 11:18:49.530.
Test Case '-[ForsettiTests.SupportTechnicianPrestageParserTests test_computerEnrollmentMethodObjectResolvesPrestageName]' started.
Test Case '-[ForsettiTests.SupportTechnicianPrestageParserTests test_computerEnrollmentMethodObjectResolvesPrestageName]' passed (0.002 seconds).
Test Case '-[ForsettiTests.SupportTechnicianPrestageParserTests test_computerNonPrestageEnrollmentMethodIsNotTreatedAsPrestage]' started.
Test Case '-[ForsettiTests.SupportTechnicianPrestageParserTests test_computerNonPrestageEnrollmentMethodIsNotTreatedAsPrestage]' passed (0.000 seconds).
Test Case '-[ForsettiTests.SupportTechnicianPrestageParserTests test_generalManagedAloneDoesNotBecomePrestageEnrollment]' started.
Test Case '-[ForsettiTests.SupportTechnicianPrestageParserTests test_generalManagedAloneDoesNotBecomePrestageEnrollment]' passed (0.000 seconds).
Test Case '-[ForsettiTests.SupportTechnicianPrestageParserTests test_mobileEnrollmentMethodPrestageBuildsDisplayValue]' started.
Test Case '-[ForsettiTests.SupportTechnicianPrestageParserTests test_mobileEnrollmentMethodPrestageBuildsDisplayValue]' passed (0.000 seconds).
Test Case '-[ForsettiTests.SupportTechnicianPrestageParserTests test_mobileEnrollmentMethodStringResolvesPrestageName]' started.
Test Case '-[ForsettiTests.SupportTechnicianPrestageParserTests test_mobileEnrollmentMethodStringResolvesPrestageName]' passed (0.000 seconds).
Test Case '-[ForsettiTests.SupportTechnicianPrestageParserTests test_mobileEnrollmentMethodStringToleratesPrestageInTheName]' started.
Test Case '-[ForsettiTests.SupportTechnicianPrestageParserTests test_mobileEnrollmentMethodStringToleratesPrestageInTheName]' passed (0.000 seconds).
Test Case '-[ForsettiTests.SupportTechnicianPrestageParserTests test_mobileFlatPrestageFieldsBuildDisplayValue]' started.
Test Case '-[ForsettiTests.SupportTechnicianPrestageParserTests test_mobileFlatPrestageFieldsBuildDisplayValue]' passed (0.000 seconds).
Test Case '-[ForsettiTests.SupportTechnicianPrestageParserTests test_mobileNonPrestageEnrollmentMethodStringReturnsNil]' started.
Test Case '-[ForsettiTests.SupportTechnicianPrestageParserTests test_mobileNonPrestageEnrollmentMethodStringReturnsNil]' passed (0.000 seconds).
Test Case '-[ForsettiTests.SupportTechnicianPrestageParserTests test_mobilePrestageNamesFallsBackToAlternateKeysAndIDs]' started.
Test Case '-[ForsettiTests.SupportTechnicianPrestageParserTests test_mobilePrestageNamesFallsBackToAlternateKeysAndIDs]' passed (0.002 seconds).
Test Case '-[ForsettiTests.SupportTechnicianPrestageParserTests test_mobilePrestageNamesParsesResultsEnvelope]' started.
Test Case '-[ForsettiTests.SupportTechnicianPrestageParserTests test_mobilePrestageNamesParsesResultsEnvelope]' passed (0.000 seconds).
Test Case '-[ForsettiTests.SupportTechnicianPrestageParserTests test_mobilePrestageScopeSerialsFuzzyMatchesUnknownSerialKey]' started.
Test Case '-[ForsettiTests.SupportTechnicianPrestageParserTests test_mobilePrestageScopeSerialsFuzzyMatchesUnknownSerialKey]' passed (0.000 seconds).
Test Case '-[ForsettiTests.SupportTechnicianPrestageParserTests test_mobilePrestageScopeSerialsParsesAssignmentObjects]' started.
Test Case '-[ForsettiTests.SupportTechnicianPrestageParserTests test_mobilePrestageScopeSerialsParsesAssignmentObjects]' passed (0.000 seconds).
Test Case '-[ForsettiTests.SupportTechnicianPrestageParserTests test_mobilePrestageScopeSerialsParsesAssignmentsDictWithSerialNumbers]' started.
Test Case '-[ForsettiTests.SupportTechnicianPrestageParserTests test_mobilePrestageScopeSerialsParsesAssignmentsDictWithSerialNumbers]' passed (0.000 seconds).
Test Case '-[ForsettiTests.SupportTechnicianPrestageParserTests test_mobilePrestageScopeSerialsParsesFlatSerialNumberArray]' started.
Test Case '-[ForsettiTests.SupportTechnicianPrestageParserTests test_mobilePrestageScopeSerialsParsesFlatSerialNumberArray]' passed (0.003 seconds).
Test Case '-[ForsettiTests.SupportTechnicianPrestageParserTests test_mobilePrestageScopeSerialsParsesNestedDeviceObjects]' started.
Test Case '-[ForsettiTests.SupportTechnicianPrestageParserTests test_mobilePrestageScopeSerialsParsesNestedDeviceObjects]' passed (0.000 seconds).
Test Case '-[ForsettiTests.SupportTechnicianPrestageParserTests test_mobilePrestageScopeSerialsParsesTopLevelArrayOfAssignments]' started.
Test Case '-[ForsettiTests.SupportTechnicianPrestageParserTests test_mobilePrestageScopeSerialsParsesTopLevelArrayOfAssignments]' passed (0.000 seconds).
Test Case '-[ForsettiTests.SupportTechnicianPrestageParserTests test_mobilePrestageScopeSerialsParsesTopLevelFlatStringArray]' started.
Test Case '-[ForsettiTests.SupportTechnicianPrestageParserTests test_mobilePrestageScopeSerialsParsesTopLevelFlatStringArray]' passed (0.000 seconds).
Test Case '-[ForsettiTests.SupportTechnicianPrestageParserTests test_normalizeSerialUppercasesTrimsAndRejectsEmpty]' started.
Test Case '-[ForsettiTests.SupportTechnicianPrestageParserTests test_normalizeSerialUppercasesTrimsAndRejectsEmpty]' passed (0.002 seconds).
Test Suite 'SupportTechnicianPrestageParserTests' passed at 2026-05-31 11:18:49.547.
	 Executed 18 tests, with 0 failures (0 unexpected) in 0.014 (0.017) seconds
Test Suite 'ForsettiTests.xctest' passed at 2026-05-31 11:18:49.547.
	 Executed 190 tests, with 0 failures (0 unexpected) in 3.401 (3.460) seconds
Test Suite 'All tests' passed at 2026-05-31 11:18:49.547.
	 Executed 190 tests, with 0 failures (0 unexpected) in 3.401 (3.460) seconds
2026-05-31 11:18:57.792 xcodebuild[15304:7301643] [MT] IDETestOperationsObserverDebug: 12.840 elapsed -- Testing started completed.
2026-05-31 11:18:57.792 xcodebuild[15304:7301643] [MT] IDETestOperationsObserverDebug: 0.000 sec, +0.000 sec -- start
2026-05-31 11:18:57.792 xcodebuild[15304:7301643] [MT] IDETestOperationsObserverDebug: 12.840 sec, +12.840 sec -- end

Test session results, code coverage, and logs:
	/tmp/Forsetti-Jamf-Pro-DerivedData-324-fulltest/Logs/Test/Test-Forsetti-2026.05.31_11-18-20--0500.xcresult

** TEST SUCCEEDED **

Testing started
